     1                                  ;;;;;;;;;;;;;;;;;;;;;;;;;;;;;;;;;;;;;;;;;;;;;;;;;;;;;;;;;;;;;;;;;;;;;;;;;;;;;
     2                                  ; 11h_12h.asm -- handle the trivial BIOS calls
     3                                  ;;;;;;;;;;;;;;;;;;;;;;;;;;;;;;;;;;;;;;;;;;;;;;;;;;;;;;;;;;;;;;;;;;;;;;;;;;;;;
     4                                  ;
     5                                  ; Copyright (C) 2018 John R. Coffman.  All rights reserved.
     6                                  ; Provided for hobbyist use on the RetroBrew SBC-386EX board.
     7                                  ;
     8                                  ; This program is free software: you can redistribute it and/or modify
     9                                  ; it under the terms of the GNU General Public License as published by
    10                                  ; the Free Software Foundation, either version 3 of the License, or
    11                                  ; (at your option) any later version.
    12                                  ;
    13                                  ; This program is distributed in the hope that it will be useful,
    14                                  ; but WITHOUT ANY WARRANTY; without even the implied warranty of
    15                                  ; MERCHANTABILITY or FITNESS FOR A PARTICULAR PURPOSE.  See the
    16                                  ; GNU General Public License for more details.
    17                                  ;
    18                                  ; You should have received a copy of the GNU General Public License
    19                                  ; along with this program in the file COPYING in the topmost source
    20                                  ; directory.  If not, see <http://www.gnu.org/licenses/>.
    21                                  ;
    22                                  ;
    23                                  ; SBC-386 board revisions:
    24                                  ;       SBC386-0   prototype / concept testing
    25                                  ;	SBC-386EX 2.0	production / January 2018
    26                                  ;
    27                                  ; Assembly by NASM 2.08 is preferred
    28                                  ;;;;;;;;;;;;;;;;;;;;;;;;;;;;;;;;;;;;;;;;;;;;;;;;;;;;;;;;;;;;;;;;;;;;;;;;;;;;;
    29                                  
    30                                  %include "seg_def.inc"
    31                              <1> ; SEG_DEF.inc
    32                              <1> ;
    33                              <1> %ifndef SEG_DEF
    34                              <1> %define SEG_DEF 1
    35                              <1> 
    36                              <1> segment CODE	use16	align=16	class=CODE	public
    37                              <1> segment _TEXT	use16 	align=16	class=CODE	public
    38                              <1> 
    39                              <1> segment CONST		align=16	class=DATA	public
    40                              <1> segment CONST2		align=2		class=DATA	public
    41                              <1> segment _DATA		align=16	class=DATA	public
    42                              <1> segment _BSS		align=16	class=DATA	public
    43                              <1> ;group DGROUP CONST2 CONST _DATA _BSS
    44                              <1> 
    45                              <1> group DGROUP CODE _TEXT CONST2 CONST _DATA _BSS
    46                              <1> 
    47                              <1> 
    48                              <1> segment BOOT at 0xFFFF	align=16	class=BOOT	use16
    49                              <1> 
    50                              <1> %define XXX
    51                              <1> %endif
    52                              <1> ;
    53                              <1> ; end SEG_DEF.inc
    54                                  %include "i386ex.inc"
    55                              <1> ;/*;;;;;;;;;;;;;;;;;;;;;;;;;;;;;;;;;;;;;;;;;;;;;;;;;;;;;;;;;;;;;;;;;;;;;;
    56                              <1> ; i386EX.inc  --  register definitions for the Intel 80386EX processor
    57                              <1> ;;;;;;;;;;;;;;;;;;;;;;;;;;;;;;;;;;;;;;;;;;;;;;;;;;;;;;;;;;;;;;;;;;;;;;;;;
    58                              <1> ;
    59                              <1> ; Copyright (C) 2018 John R. Coffman.  All rights reserved.
    60                              <1> ; Provided for hobbyist use on the RetroBrew SBC-386 board.
    61                              <1> ;
    62                              <1> ; This program is free software: you can redistribute it and/or modify
    63                              <1> ; it under the terms of the GNU General Public License as published by
    64                              <1> ; the Free Software Foundation, either version 3 of the License, or
    65                              <1> ; (at your option) any later version.
    66                              <1> ;
    67                              <1> ; This program is distributed in the hope that it will be useful,
    68                              <1> ; but WITHOUT ANY WARRANTY; without even the implied warranty of
    69                              <1> ; MERCHANTABILITY or FITNESS FOR A PARTICULAR PURPOSE.  See the
    70                              <1> ; GNU General Public License for more details.
    71                              <1> ;
    72                              <1> ; You should have received a copy of the GNU General Public License
    73                              <1> ; along with this program in the file COPYING in the topmost source
    74                              <1> ; directory.  If not, see <http://www.gnu.org/licenses/>.
    75                              <1> ;
    76                              <1> ;
    77                              <1> ; SBC-386 board revisions:
    78                              <1> ;       SBC386-0   prototype / concept testing
    79                              <1> ;	SBC386EX 2.0 production board (Jan 2018, not 2017 as labeled)
    80                              <1> ;
    81                              <1> ; Assembly by NASM 2.08 is preferred
    82                              <1> ;;;;;;;;;;;;;;;;;;;;;;;;;;;;;;;;;;;;;;;;;;;;;;;;;;;;;;;;;;;;;;;;;;;;;;;;*/
    83                              <1> 
    84                              <1> ;/* i386EX.inc  --  register definitions for the Intel 80386EX processor
    85                              <1> ;
    86                              <1> %define defb
    87                              <1> %define defw
    88                              <1> %define defd
    89                              <1> ;*/
    90                              <1> 
    91                              <1> ;/* The Address Configuration register
    92                              <1> ;*/
    93                              <1> defb REMAPCFGH  equ     0x0023
    94                              <1> defb REMAPCFGL  equ     0x0022
    95                              <1> defw REMAPCFG   equ     0x0022
    96                              <1> 
    97                              <1> ;/* The A20gate and fast CPU Reset
    98                              <1> ;*/
    99                              <1> defb PORT92     equ     0xF092
   100                              <1> defb PORT92_AT  equ     0x0092
   101                              <1> 
   102                              <1> ; 
   103                              <1> ;/* The DMA Controller and Bus Arbiter
   104                              <1> ;*/
   105                              <1> defb DMA0TAR    equ     0xF000
   106                              <1> defb DMA0TAR_AT equ     0x0000
   107                              <1> defb DMA0BYC    equ     0xF001
   108                              <1> defb DMA0BYC_AT equ     0x0001
   109                              <1> defb DMA1TAR    equ     0xF002
   110                              <1> defb DMA1TAR_AT equ     0x0002
   111                              <1> defb DMA1BYC    equ     0xF003
   112                              <1> defb DMA1BYC_AT equ     0x0003
   113                              <1> defb DMACMD1    equ     0xF008
   114                              <1> defb DMACMD1_AT equ     0x0008
   115                              <1> defb DMASTS     equ     0xF008
   116                              <1> defb DMASTS_AT  equ     0x0008
   117                              <1> defb DMASRR     equ     0xF009
   118                              <1> defb DMASRR_AT  equ     0x0009
   119                              <1> defb DMAMSK     equ     0xF00A
   120                              <1> defb DMAMSK_AT  equ     0x000A
   121                              <1> defb DMAMOD1    equ     0xF00B
   122                              <1> defb DMAMOD1_AT equ     0x000B
   123                              <1> defb DMACLRBP   equ     0xF00C
   124                              <1> defb DMACLRBP_AT equ    0x000C
   125                              <1> defb DMACLR     equ     0xF00D
   126                              <1> defb DMACLR_AT  equ     0x000D
   127                              <1> defb DMACLRMSK  equ     0xF00E
   128                              <1> defb DMACLRMSK_AT equ   0x000E
   129                              <1> defb DMAGRPMSK  equ     0xF00F
   130                              <1> defb DMAGRPMSK_AT equ   0x000F
   131                              <1> defb DMA0REQ0_1 equ     0xF010
   132                              <1> defb DMA0REQ2_3 equ     0xF011
   133                              <1> defb DMA1REQ0_1 equ     0xF012
   134                              <1> defb DMA1REQ2_3 equ     0xF013
   135                              <1> defb DMABSR     equ     0xF018
   136                              <1> defb DMACHR     equ     0xF019
   137                              <1> defb DMAIS      equ     0xF019
   138                              <1> defb DMACMD2    equ     0xF01A
   139                              <1> defb DMAMOD2    equ     0xF01B
   140                              <1> defb DMAIEN     equ     0xF01C
   141                              <1> defb DMAOVFE    equ     0xF01D
   142                              <1> defb DMACLRTC   equ     0xF01E
   143                              <1> ;
   144                              <1> ;/* The DMA Page Registers
   145                              <1> ;*/
   146                              <1> defb DMA1TAR2    equ    0xF083
   147                              <1> defb DMA1TAR2_AT equ    0x0083
   148                              <1> defb DMA1TAR3    equ    0xF085
   149                              <1> defb DMA1TAR3_AT equ    0x0085
   150                              <1> defb DMA0TAR3    equ    0xF086
   151                              <1> defb DMA0TAR3_AT equ    0x0086
   152                              <1> defb DMA0TAR2    equ    0xF087
   153                              <1> defb DMA0TAR2_AT equ    0x0087
   154                              <1> ;
   155                              <1> defb DMA0BYC2   equ     0xF098
   156                              <1> defb DMA1BYC2   equ     0xF099
   157                              <1> 
   158                              <1> ;
   159                              <1> ;/* The Master Interrupt Controller
   160                              <1> ;*/
   161                              <1> defb ICW1M_AT   equ     0x0020
   162                              <1> defb ICW2M_AT   equ     0x0021
   163                              <1> defb ICW3M_AT   equ     0x0021
   164                              <1> defb ICW4M_AT   equ     0x0021
   165                              <1> defb OCW1M_AT   equ     0x0021
   166                              <1> defb OCW2M_AT   equ     0x0020
   167                              <1> defb OCW3M_AT   equ     0x0020
   168                              <1> 
   169                              <1> defb ICW1M      equ     0xF020
   170                              <1> defb ICW2M      equ     0xF021
   171                              <1> defb ICW3M      equ     0xF021
   172                              <1> defb ICW4M      equ     0xF021
   173                              <1> defb OCW1M      equ     0xF021
   174                              <1> defb OCW2M      equ     0xF020
   175                              <1> defb OCW3M      equ     0xF020
   176                              <1> defb IRR_M	equ	0xF020
   177                              <1> 
   178                              <1> ;
   179                              <1> ;/* The Slave Interrupt Controller
   180                              <1> ;*/
   181                              <1> defb ICW1S_AT   equ     0x00A0
   182                              <1> defb ICW2S_AT   equ     0x00A1
   183                              <1> defb ICW3S_AT   equ     0x00A1
   184                              <1> defb ICW4S_AT   equ     0x00A1
   185                              <1> defb OCW1S_AT   equ     0x00A1
   186                              <1> defb OCW2S_AT   equ     0x00A0
   187                              <1> defb OCW3S_AT   equ     0x00A0
   188                              <1> defb IRR_M_AT	equ	0x00A0
   189                              <1> 
   190                              <1> defb ICW1S      equ     0xF0A0
   191                              <1> defb ICW2S      equ     0xF0A1
   192                              <1> defb ICW3S      equ     0xF0A1
   193                              <1> defb ICW4S      equ     0xF0A1
   194                              <1> defb OCW1S      equ     0xF0A1
   195                              <1> defb OCW2S      equ     0xF0A0
   196                              <1> defb OCW3S      equ     0xF0A0
   197                              <1> 
   198                              <1> ;
   199                              <1> ;/* The Timer/Counter Unit
   200                              <1> ;*/
   201                              <1> defb    TMR0    equ     0xF040
   202                              <1> defb    TMR0_AT equ     0x0040
   203                              <1> defb    TMR1    equ     0xF041
   204                              <1> defb    TMR1_AT equ     0x0041
   205                              <1> defb    TMR2    equ     0xF042
   206                              <1> defb    TMR2_AT equ     0x0042
   207                              <1> defb    TMRCON  equ     0xF043
   208                              <1> defb    TMRCON_AT  equ  0x0043
   209                              <1> 
   210                              <1> ;
   211                              <1> ;/* The Chip Select Unit
   212                              <1> ;*/
   213                              <1> defw    CS0ADL  equ     0xF400
   214                              <1> defw    CS0ADH  equ     0xF402
   215                              <1> defw    CS0MSKL equ     0xF404
   216                              <1> defw    CS0MSKH equ     0xF406
   217                              <1> defw    CS1ADL  equ     0xF408
   218                              <1> defw    CS1ADH  equ     0xF40A
   219                              <1> defw    CS1MSKL equ     0xF40C
   220                              <1> defw    CS1MSKH equ     0xF40E
   221                              <1> defw    CS2ADL  equ     0xF410
   222                              <1> defw    CS2ADH  equ     0xF412
   223                              <1> defw    CS2MSKL equ     0xF414
   224                              <1> defw    CS2MSKH equ     0xF416
   225                              <1> defw    CS3ADL  equ     0xF418
   226                              <1> defw    CS3ADH  equ     0xF41A
   227                              <1> defw    CS3MSKL equ     0xF41C
   228                              <1> defw    CS3MSKH equ     0xF41E
   229                              <1> defw    CS4ADL  equ     0xF420
   230                              <1> defw    CS4ADH  equ     0xF422
   231                              <1> defw    CS4MSKL equ     0xF424
   232                              <1> defw    CS4MSKH equ     0xF426
   233                              <1> defw    CS5ADL  equ     0xF428
   234                              <1> defw    CS5ADH  equ     0xF42A
   235                              <1> defw    CS5MSKL equ     0xF42C
   236                              <1> defw    CS5MSKH equ     0xF42E
   237                              <1> defw    CS6ADL  equ     0xF430
   238                              <1> defw    CS6ADH  equ     0xF432
   239                              <1> defw    CS6MSKL equ     0xF434
   240                              <1> defw    CS6MSKH equ     0xF436
   241                              <1> defw    UCSADL  equ     0xF438
   242                              <1> defw    UCSADH  equ     0xF43A
   243                              <1> defw    UCSMSKL equ     0xF43C
   244                              <1> defw    UCSMSKH equ     0xF43E
   245                              <1> 
   246                              <1> ;
   247                              <1> ;/* The Synchronous Serial I/O Unit
   248                              <1> ;*/
   249                              <1> defw    SSIOTBUF equ    0xF480
   250                              <1> defw    SSIORBUF equ    0xF482
   251                              <1> defw    SSIOBAUD equ    0xF484
   252                              <1> defw    SSIOCON1 equ    0xF486
   253                              <1> defw    SSIOCON2 equ    0xF488
   254                              <1> defw    SSIOCTR  equ    0xF48A
   255                              <1> 
   256                              <1> ;
   257                              <1> ;/* The Refresh Control Unit
   258                              <1> ;*/
   259                              <1> defw    RFSBAD  equ     0xF4A0
   260                              <1> defw    RFSCIR  equ     0xF4A2
   261                              <1> defw    RFSCON  equ     0xF4A4
   262                              <1> defw    RFSADD  equ     0xF4A6
   263                              <1> 
   264                              <1> ;
   265                              <1> ;/* The Watchdog Timer Unit
   266                              <1> ;*/
   267                              <1> defw    WDTRLDH equ     0xF4C0
   268                              <1> defw    WDTRLDL equ     0xF4C2
   269                              <1> defw    WDTCNTH equ     0xF4C4
   270                              <1> defw    WDTCNTL equ     0xF4C6
   271                              <1> defw    WDTCLR  equ     0xF4C8
   272                              <1> defb    WDTSTATUS  equ  0xF4CA
   273                              <1> 
   274                              <1> ;
   275                              <1> ;/* Clock Generation and Power Management
   276                              <1> ;*/
   277                              <1> defb    PWRCON  equ     0xF800
   278                              <1> defw    CLKPRS  equ     0xF804
   279                              <1> 
   280                              <1> ;
   281                              <1> ;/* Device Configuration Registers
   282                              <1> ;*/
   283                              <1> defb    P1CFG   equ     0xF820
   284                              <1> defb    P2CFG   equ     0xF822
   285                              <1> defb    P3CFG   equ     0xF824
   286                              <1> defb    PINCFG  equ     0xF826
   287                              <1> defb    DMACFG  equ     0xF830
   288                              <1> defb    INTCFG  equ     0xF832
   289                              <1> defb    TMRCFG  equ     0xF834
   290                              <1> defb    SIOCFG  equ     0xF836
   291                              <1> 
   292                              <1> ;
   293                              <1> ;/* Parallel I/O Ports
   294                              <1> ;*/
   295                              <1> defb    P1PIN   equ     0xF860
   296                              <1> defb    P1LTC   equ     0xF862
   297                              <1> defb    P1DIR   equ     0xF864
   298                              <1> defb    P2PIN   equ     0xF868
   299                              <1> defb    P2LTC   equ     0xF86A
   300                              <1> defb    P2DIR   equ     0xF86C
   301                              <1> defb    P3PIN   equ     0xF870
   302                              <1> defb    P3LTC   equ     0xF872
   303                              <1> defb    P3DIR   equ     0xF874
   304                              <1> 
   305                              <1> 
   306                              <1> ; bits.inc
   307                              <1> ;
   308                              <1> ; assembly language bit definitions
   309                              <1> ;
   310                              <1> defb    BIT0    equ     0x01
   311                              <1> defb    BIT1    equ     0x02
   312                              <1> defb    BIT2    equ     0x04
   313                              <1> defb    BIT3    equ     0x08
   314                              <1> defb    BIT4    equ     0x10
   315                              <1> defb    BIT5    equ     0x20
   316                              <1> defb    BIT6    equ     0x40
   317                              <1> defb    BIT7    equ     0x80
   318                              <1> 
   319                              <1> defw    BIT8    equ     0x0100
   320                              <1> defw    BIT9    equ     0x0200
   321                              <1> defw    BIT10   equ     0x0400
   322                              <1> defw    BIT11   equ     0x0800
   323                              <1> defw    BIT12   equ     0x1000
   324                              <1> defw    BIT13   equ     0x2000
   325                              <1> defw    BIT14   equ     0x4000
   326                              <1> defw    BIT15   equ     0x8000
   327                              <1> 
   328                              <1> defd    BIT16   equ     0x00010000
   329                              <1> defd    BIT31   equ     0x80000000
   330                              <1> 
   331                              <1> defb    ZBIT0    equ     0
   332                              <1> defb    ZBIT1    equ     0
   333                              <1> defb    ZBIT2    equ     0
   334                              <1> defb    ZBIT3    equ     0
   335                              <1> defb    ZBIT4    equ     0
   336                              <1> defb    ZBIT5    equ     0
   337                              <1> defb    ZBIT6    equ     0
   338                              <1> defb    ZBIT7    equ     0
   339                              <1> 
   340                              <1> defw    ZBIT8    equ     0
   341                              <1> defw    ZBIT9    equ     0
   342                              <1> defw    ZBIT10   equ     0
   343                              <1> defw    ZBIT11   equ     0
   344                              <1> defw    ZBIT12   equ     0
   345                              <1> defw    ZBIT13   equ     0
   346                              <1> defw    ZBIT14   equ     0
   347                              <1> defw    ZBIT15   equ     0
   348                              <1> 
   349                              <1> 
   350                              <1> ;
   351                              <1> ;/* Asynchronout Serial I/O channel 0  (COM1)
   352                              <1> ;*/
   353                              <1> defb    RBR0_F4 equ     0xF4F8
   354                              <1> defb    TBR0_F4 equ     0xF4F8
   355                              <1> defb    DLL0_F4 equ     0xF4F8
   356                              <1> defb    DLH0_F4 equ     0xF4F9
   357                              <1> defb    IER0_F4 equ     0xF4F9
   358                              <1> defb    IIR0_F4 equ     0xF4FA
   359                              <1> defb    LCR0_F4 equ     0xF4FB
   360                              <1> defb    MCR0_F4 equ     0xF4FC
   361                              <1> defb    LSR0_F4 equ     0xF4FD
   362                              <1> defb    MSR0_F4 equ     0xF4FE
   363                              <1> defb    SCR0_F4 equ     0xF4FF
   364                              <1> 
   365                              <1> defb    RBR0    equ     0x03F8
   366                              <1> defb    TBR0    equ     0x03F8
   367                              <1> defb    DLL0    equ     0x03F8
   368                              <1> defb    DLH0    equ     0x03F9
   369                              <1> defb    IER0    equ     0x03F9
   370                              <1> defb    IIR0    equ     0x03FA
   371                              <1> defb    LCR0    equ     0x03FB
   372                              <1> defb    MCR0    equ     0x03FC
   373                              <1> defb    LSR0    equ     0x03FD
   374                              <1> defb    MSR0    equ     0x03FE
   375                              <1> defb    SCR0    equ     0x03FF
   376                              <1> 
   377                              <1> ;
   378                              <1> ;/* Asynchronout Serial I/O channel 1  (COM2)
   379                              <1> ;*/
   380                              <1> defb    RBR1_F8 equ     0xF8F8
   381                              <1> defb    TBR1_F8 equ     0xF8F8
   382                              <1> defb    DLL1_F8 equ     0xF8F8
   383                              <1> defb    DLH1_F8 equ     0xF8F9
   384                              <1> defb    IER1_F8 equ     0xF8F9
   385                              <1> defb    IIR1_F8 equ     0xF8FA
   386                              <1> defb    LCR1_F8 equ     0xF8FB
   387                              <1> defb    MCR1_F8 equ     0xF8FC
   388                              <1> defb    LSR1_F8 equ     0xF8FD
   389                              <1> defb    MSR1_F8 equ     0xF8FE
   390                              <1> defb    SCR1_F8 equ     0xF8FF
   391                              <1> 
   392                              <1> defb    RBR1    equ     0x02F8
   393                              <1> defb    TBR1    equ     0x02F8
   394                              <1> defb    DLL1    equ     0x02F8
   395                              <1> defb    DLH1    equ     0x02F9
   396                              <1> defb    IER1    equ     0x02F9
   397                              <1> defb    IIR1    equ     0x02FA
   398                              <1> defb    LCR1    equ     0x02FB
   399                              <1> defb    MCR1    equ     0x02FC
   400                              <1> defb    LSR1    equ     0x02FD
   401                              <1> defb    MSR1    equ     0x02FE
   402                              <1> defb    SCR1    equ     0x02FF
   403                              <1> 
   404                              <1> ;/* LSRx bits
   405                              <1> ;*/
   406                              <1> defb    LSR_TE  equ     BIT6
   407                              <1> defb    LSR_TBE equ     BIT5
   408                              <1> defb    LSR_BI  equ     BIT4
   409                              <1> defb    LSR_FE  equ     BIT3
   410                              <1> defb    LSR_PE  equ     BIT2
   411                              <1> defb    LSR_OE  equ     BIT1
   412                              <1> defb    LSR_RBF equ     BIT0
   413                              <1> 
   414                              <1> ;/* Bits in CR0
   415                              <1> ;*/
   416                              <1> defb    CR0_PE  equ     BIT0
   417                              <1> defb    CR0_MP  equ     BIT1
   418                              <1> defb    CR0_EM  equ     BIT2
   419                              <1> defb    CR0_TS  equ     BIT3
   420                              <1> defd    CR0_WP  equ     BIT16
   421                              <1> defd    CR0_PG  equ     BIT31
   422                              <1> 
   423                              <1> ;/* Some ASCII character codes
   424                              <1> ;*/
   425                              <1> defb    ASCII_NUL       equ     0x00
   426                              <1> defb    ASCII_BS        equ     0x08
   427                              <1> defb    ASCII_HT        equ     0x09
   428                              <1> defb    ASCII_LF        equ     0x0A
   429                              <1> defb    ASCII_NL        equ     0x0A
   430                              <1> defb    ASCII_FF        equ     0x0C
   431                              <1> defb    ASCII_CR        equ     0x0D
   432                              <1> defb	ASCII_ESC	equ	0x1B
   433                              <1> defb    ASCII_SP        equ     0x20
   434                              <1> defb    ASCII_DEL       equ     0x7F
   435                              <1> defb	ASCII_RUB	equ	0xFF
   436                              <1> 
   437                              <1> 
   438                              <1> ;/* End of i386EX.inc */
   439                                  %include "bda.inc"
   440                              <1> XXX
   441                              <1> ; bda.h -- definitions of the BIOS Data Area at 0040:0000 (0x400)  */
   442                              <1> %define BDA_segment 0x40
   443                              <1> struc _BDA
   444                              <1> ; first items at 0x40:0	*/
   445 00000000 <res 00000008>      <1> serial_dev	resw	4	; serial port device codes */
   446 00000008 <res 00000008>      <1> parallel_dev	resw	4	; printer port device codes */
   447 00000010 <res 00000002>      <1> equip_flag	resw	1		; int 12h equipment flags */
   448 00000012 <res 00000001>      <1> mfg_test	resb	1		; initialization flags */
   449 00000013 <res 00000002>      <1> memory_size	resw	1	; base memory size in Kilowords (1024) */
   450 00000015 <res 00000001>      <1> mfg_err_flag	resb	1
   451 00000016 <res 00000001>      <1> mfg_err_flag2	resb	1
   452                              <1> ; */
   453                              <1> ; first Keyboard data area */
   454 00000017 <res 00000001>      <1> kbd_flag	resb	1	; shift status &c. */
   455 00000018 <res 00000001>      <1> kbd_flag1	resb	1	;  more  */
   456 00000019 <res 00000001>      <1> alt_input	resb	1	; save alternate kbd entry code */
   457 0000001A <res 00000002>      <1> buffer_head	resw	1
   458 0000001C <res 00000002>      <1> buffer_tail	resw	1
   459                              <1> ; */
   460 0000001E <res 00000020>      <1> kbd_buffer	resw	16	; buffer empty when  head==tail */
   461                              <1> ; */
   462                              <1> ; Diskette data area */
   463 0000003E <res 00000001>      <1> seek_status	resb	1	; drive recalibration status */
   464                              <1> ; bits 3..0 drive must recalibrate before next seek */
   465 0000003F <res 00000001>      <1> motor_status	resb	1	; bits 3..0 motor running */
   466                              <1> ; bit 7 current op is write */
   467 00000040 <res 00000001>      <1> motor_count	resb	1	; timeout counter for motor turn-off */
   468 00000041 <res 00000001>      <1> fd_status	resb	1	; return code status byte */
   469 00000042 <res 00000007>      <1> fd_ctrl_stat	resb	7	; controller return bytes */
   470                              <1> ; */
   471                              <1> ; Video Display data area -- also used for video emulation */
   472 00000049 <res 00000001>      <1> vid_mode	resb	1	; current display mode */
   473 0000004A <res 00000002>      <1> vid_columns	resw	1	; no. of columns on the screen */
   474 0000004C <res 00000002>      <1> vid_buf_len	resw	1	; length of video buffer in bytes */
   475 0000004E <res 00000002>      <1> vid_start	resw	1	; start address of screen regeneration (in vid buf) */
   476 00000050 <res 00000010>      <1> vid_cursor	resw	8	; cursor postition on up to 8 screens */
   477 00000060 <res 00000002>      <1> vid_cursor_mode	resw	1
   478 00000062 <res 00000001>      <1> vid_active_page	resb	1
   479 00000063 <res 00000002>      <1> vid_addr_chip	resw	1	; I/O address for the video chip (6845,EGA,VGA) */
   480 00000065 <res 00000001>      <1> vid_crt_mode	resb	1	; current setting of the 3x8 register ???? */
   481 00000066 <res 00000001>      <1> vid_palette	resb	1	; current color setting / palette  */
   482                              <1> ; */
   483                              <1> ; POST and ROM data */
   484 00000067 <res 00000004>      <1> io_rom_addr	resd	1	; far word to ROM initialization routine */
   485                              <1> %define io_rom_addr_low io_rom_addr
   486                              <1> %define io_rom_addr_seg (io_rom_addr+2)
   487 0000006B <res 00000001>      <1> interrupt_flag	resb	1	; indicates an interrupt occurred */
   488                              <1> ; */
   489                              <1> ; Timer data area  18.206602 hz  = ~54.925 ms  */
   490 0000006C <res 00000002>      <1> timer_count_low	resw	1	; low word of timer count */
   491 0000006E <res 00000002>      <1> timer_count_high	resw	1
   492                              <1> %define timer_count timer_count_low
   493                              <1> ; use timer_count as the double word timer counter */
   494 00000070 <res 00000001>      <1> timer_overflow	resb	1	; timer has rolled over since last read */
   495                              <1> ; */
   496                              <1> ; System & Keboard data area */
   497 00000071 <res 00000001>      <1> kbd_break_flag	resb	1	; bit 7 set if Break key is pressed */
   498 00000072 <res 00000002>      <1> reset_flag	resw	1	; word=0x1234 if Reset is underway (80286) */
   499                              <1> ; */
   500                              <1> ; Fixed (Hard) disk data area */
   501 00000074 <res 00000001>      <1> hd_status	resb	1	; status info for hard disk */
   502                              <1> %define disk_status1 hd_status
   503 00000075 <res 00000001>      <1> hd_number	resb	1	; number of hard disks (for int 13h, fn 8h) */
   504 00000076 <res 00000001>      <1> control_byte	resb	1	; head control ???? */
   505 00000077 <res 00000001>      <1> port_offset	resb	1	; obsolete, maybe ???? */
   506                              <1> ; */
   507                              <1> ; Timeout counters *;
   508 00000078 <res 00000004>      <1> printer_timeout	resb	4
   509 0000007C <res 00000004>      <1> serial_timeout	resb	4	; one byte for each interface */
   510                              <1> ; */
   511                              <1> ; Keyboard additional data area -- buffer location within segment 40h */
   512 00000080 <res 00000002>      <1> buffer_start	resw	1	; offset of keyboard buffer start */
   513 00000082 <res 00000002>      <1> buffer_end	resw	1		; offset of end of kbd buffer */
   514                              <1> ; */
   515                              <1> ; EGA/PGA? data work area (graphic mode?  probably available) */
   516 00000084 <res 00000001>      <1> ega_rows	resb	1		; rows on the active screen (less 1) */
   517 00000085 <res 00000002>      <1> ega_points	resw	1		; bytes per character	*/
   518 00000087 <res 00000001>      <1> ega_info	resb	1		; mode options ???? */
   519 00000088 <res 00000001>      <1> ega_info_3	resb	1		; switch settings */
   520 00000089 <res 00000002>      <1> ega_rsvd	resb	2	; reserved for adapter mfgrs */
   521                              <1> ; */
   522                              <1> ; Disk / Diskette media data */
   523 0000008B <res 00000001>      <1> fd_last_data_rate	resb	1	; last data rate selected */
   524 0000008C <res 00000001>      <1> hd_status_reg	resb	1		; hard disk status register */
   525 0000008D <res 00000001>      <1> hd_error_reg	resb	1		; hard disk error register */
   526 0000008E <res 00000001>      <1> hd_int_flag	resb	1	; HD interrupt flag */
   527 0000008F <res 00000001>      <1> hd_cntrl	resb	1		; HD/FD combo controller bit flag */
   528 00000090 <res 00000002>      <1> hd_media	resb	2	; media state */
   529 00000092 <res 00000002>      <1> hd_op_start	resb	2	; operation start state */
   530 00000094 <res 00000002>      <1> hd_track	resb	2	; HD present cylinder number */
   531                              <1> ; */
   532                              <1> ; Additional Keyboard flags */
   533 00000096 <res 00000001>      <1> kbd_flag3	resb	1	; mode state & type flags */
   534 00000097 <res 00000001>      <1> kbd_flag2	resb	1	; kbd LED flags */
   535                              <1> ; */
   536                              <1> ; Real Time Clock data area */
   537 00000098 <res 00000004>      <1> rtc_user_flag_addr	resd	1	; far address of user's wait flag */
   538 0000009C <res 00000004>      <1> rtc_user_wait_flag	resd	1	; user wait flag */
   539 000000A0 <res 00000001>      <1> rtc_wait_active	resb	1	; 01=busy, 80=posted, 00=post acknowledge */
   540                              <1> ; */
   541                              <1> ; Miscellaneous */
   542 000000A1 <res 00000007>      <1> rsvd_network	resb	7	; reserved for network adapters */
   543 000000A8 <res 00000004>      <1> ptr_ega_save	resd	1		; far pointer to EGA parameter control block */
   544                              <1> ; */
   545                              <1> ;	byte	rsvd_unused[84];	; reserved for 386EX usage */
   546 000000AC <res 00000002>      <1> extended_memory	resw	1	; size of Extended Memory in Kilobytes */
   547                              <1> ; this size is stored in CMOS on the PC/AT */
   548 000000AE <res 00000048>      <1> rsvd_unused	resb	72	; reserved for 386EX usage */
   549 000000F6 <res 00000008>      <1> disk_tab	resb	8  		; hard disk driver table */
   550 000000FE <res 00000002>      <1> floppy_tab	resb	2		; floppy disk driver table */
   551                              <1> ; */
   552 00000100 <res 00000001>      <1> AT_status_byte	resb	1	; at 40:100h, 00500h, Print Screen Status byte */
   553                              <1> ; 00=ready/ok  01=busy  0FF=error	*/
   554                              <1> ; */
   555                              <1> ; Extentsion to BDA during BIOS startup */
   556 00000101 <res 00000001>      <1> SRAM_size	resb	1	; size of SRAM in Kilobytes */
   557 00000102 <res 0000001F>      <1> nvram_info	resb	31	; 31 bytes of NVRAM information (this may move) */
   558 00000121 <res 00000002>      <1> CPU_freq	resw	1	; CPU frequency in kilohertz */
   559                              <1> ; */
   560                              <1> endstruc
   561                                  %include "macro.inc"
   562                              <1> ;;;;;;;;;;;;;;;;;;;;;;;;;;;;;;;;;;;;;;;;;;;;;;;;;;;;;;;;;;;;;;;;;;;;;;;;;
   563                              <1> ;
   564                              <1> ; some useful macros:
   565                              <1> ;
   566                              <1> ;;;;;;;;;;;;;;;;;;;;;;;;;;;;;;;;;;;;;;;;;;;;;;;;;;;;;;;;;;;;;;;;;;;;;;;;;
   567                              <1> ;
   568                              <1> ;
   569                              <1> ; format of the BYTE initialization table:  address, byte
   570                              <1> ;
   571                              <1> %imacro  binit 2
   572                              <1>         dw      %1
   573                              <1>         db      %2
   574                              <1> %endmacro
   575                              <1> ; end with DW -1
   576                              <1> 
   577                              <1> ;
   578                              <1> ; format of the WORD initialization table:  address, word
   579                              <1> ;
   580                              <1> %imacro  winit 2
   581                              <1>         dw      %1
   582                              <1>         dw      %2
   583                              <1> %endmacro
   584                              <1> ; end with DW -1
   585                              <1> 
   586                              <1> 
   587                              <1> ; get the BIOS Data Area segment pointer to a [segment] register
   588                              <1> %imacro get_bda	1.nolist
   589                              <1> 	push	0x0040
   590                              <1> 	pop	%1
   591                              <1> %endm
   592                              <1> 
   593                              <1> 
   594                              <1> ; get the Location 0 (Interrupt Descriptor Table) pointer to a register
   595                              <1> %imacro	get_loc0 1.nolist
   596                              <1> 	push	0x0000
   597                              <1> 	pop	%1
   598                              <1> %endm
   599                              <1> 
   600                              <1> 
   601                              <1> 
   602                              <1> %imacro setloc  1.nolist
   603                              <1>  times   (%1-($-$$)) db 0FFh
   604                              <1> %endm
   605                              <1> 
   606                              <1> %imacro db_lo   1
   607                              <1>  db (%1)&255
   608                              <1> %endm
   609                              <1> 
   610                              <1> %imacro cnop    0.nolist
   611                              <1> %ifdef SOFT_DEBUG
   612                              <1> %if SOFT_DEBUG
   613                              <1>         nop
   614                              <1> %endif
   615                              <1> %endif
   616                              <1> %endm
   617                              <1> 
   618                              <1> %imacro popm 1-*.nolist
   619                              <1> %rep %0
   620                              <1> %ifidni %1,ALL
   621                              <1>  popa
   622                              <1> %elifidni %1,F
   623                              <1>  popf
   624                              <1> %else
   625                              <1>  pop %1
   626                              <1> %ifidni %1,DS
   627                              <1>  cnop
   628                              <1> %elifidni %1,ES
   629                              <1>  cnop
   630                              <1> %endif
   631                              <1> %endif
   632                              <1> %rotate 1
   633                              <1> %endrep
   634                              <1> %endm
   635                              <1> 
   636                              <1> %imacro pushm 1-*.nolist
   637                              <1> %rep %0
   638                              <1> %rotate -1
   639                              <1> %ifidni %1,ALL
   640                              <1>  pusha
   641                              <1> %elifidni %1,F
   642                              <1>  pushf
   643                              <1> %else
   644                              <1>  push %1
   645                              <1> %endif
   646                              <1> %endrep
   647                              <1> %endm
   648                              <1> 
   649                              <1> %imacro descr_linear_data 2-3.nolist	; address, size [, E]  E!=0 means expand down
   650                              <1> %assign __size__ (%2-1)	| 0xFF
   651                              <1> %if (__size__ <= 0xFFFF)
   652                              <1> %assign __gran__ 0
   653                              <1> %else
   654                              <1> %assign __gran__ 0xC0			; G B 0 0
   655                              <1> %endif
   656                              <1> %assign __expand__ 0
   657                              <1> %if %0==3
   658                              <1> %if %3
   659                              <1> %assign __expand__ 4
   660                              <1> %endif
   661                              <1> %endif
   662                              <1> dd (((%1)&0xFFFF)<<16)|(__size__&0xFFFF)
   663                              <1> dd (((%1)>>24)&0xFF)|((__gran__|(__size__>>16)&0x0F)<<16)|((0x93|__expand__)<<8)|(((%1)>>16)&0xFF)
   664                              <1> %endm
   665                              <1> 
   666                              <1> %imacro descr_linear_code 2-3.nolist	; address, size [,C]  C!=0 means conforming
   667                              <1> %assign __size__ (%2-1)	| 0xFF
   668                              <1> %if (__size__ <= 0xFFFF)
   669                              <1> %assign __gran__ 0
   670                              <1> %else
   671                              <1> %assign __gran__ 0xC0			; G D 0 0
   672                              <1> %endif
   673                              <1> %assign __conform__ 0
   674                              <1> %if %0==3
   675                              <1> %if %3
   676                              <1> %assign __conform__ 4
   677                              <1> %endif
   678                              <1> %endif
   679                              <1> dd (((%1)&0xFFFF)<<16)|(__size__&0xFFFF)
   680                              <1> dd (((%1)>>24)&0xFF)|((__gran__|(__size__>>16)&0x0F)<<16)|((0x9B|__conform__)<<8)|(((%1)>>16)&0xFF)
   681                              <1> %endm
   682                              <1> 
   683                              <1> ;/* End of macro.inc */
   684                                  
   685                                  	global	int_11h
   686                                  	global	int_12h
   687                                  segment CODE
   688                                  ;;;;;;;;;;;;;;;;;;;;;;;;;;;;;;;;;;;;;;;;;;;;;;;;;;;;;;;;;;;;;;;;;;;;;;;;;;;;;
   689                                  ; int_11h	Get Equipment Configuration word
   690                                  ;
   691                                  ;    Enter with:
   692                                  ;	nothing
   693                                  ;
   694                                  ;    Exit with:
   695                                  ;	AX	equipment configuration word; viz.,
   696                                  ;
   697                                  ;			bits 15 14	number of printers
   698                                  ;			bit  13		used on PC,XT,PCjr only
   699                                  ;			bit  12		1=game adapter present
   700                                  ;			bits 11 10 9	number of RS-232 ports
   701                                  ;			bit  8		reserved
   702                                  ;			bits 7 6	no. of floppy drives - 1, if bit0 set
   703                                  ;			bits 5 4	initial video mode
   704                                  ;						00 - reserved
   705                                  ;						01 - 40x25 color text
   706                                  ;						10 - 80x25 color text
   707                                  ;						11 - 80x25 monochrome
   708                                  ;			bit  3		no longer used (was on PC)
   709                                  ;			bit  2		has pointing device (PS/2)
   710                                  ;			bit  1		math coprocessor (FPU) installed
   711                                  ;			bit  0		has floppy disk(s) (see bits 7 6)
   712                                  ;;;;;;;;;;;;;;;;;;;;;;;;;;;;;;;;;;;;;;;;;;;;;;;;;;;;;;;;;;;;;;;;;;;;;;;;;;;;;
   713                                  
   714                                  int_11h:
   715 00000000 FB                      	sti
   716 00000001 1E                      	push	DS	;save seg. reg.
   717 00000002 6A401F                  	get_bda	DS
   718 00000005 A11000                  	mov	ax,[equip_flag]
   719 00000008 1F                      	pop	DS
   720                                  	cnop
   721 00000009 CF                      	iret
   722                                  
   723                                  
   724                                  
   725                                  
   726                                  ;;;;;;;;;;;;;;;;;;;;;;;;;;;;;;;;;;;;;;;;;;;;;;;;;;;;;;;;;;;;;;;;;;;;;;;;;;;;;
   727                                  ; int_12h	Get Conventional Memory size in K-words
   728                                  ;
   729                                  ;    Enter with:
   730                                  ;	nothing
   731                                  ;
   732                                  ;    Exit with:
   733                                  ;	AX	number of 1K blocks below 1Mb (up to 640)
   734                                  ;;;;;;;;;;;;;;;;;;;;;;;;;;;;;;;;;;;;;;;;;;;;;;;;;;;;;;;;;;;;;;;;;;;;;;;;;;;;;
   735                                  
   736                                  int_12h:
   737 0000000A FB                      	sti
   738 0000000B 1E                      	push	DS	;save seg. reg.
   739 0000000C 6A401F                  	get_bda	DS
   740 0000000F A11300                  	mov	ax,[memory_size]
   741 00000012 1F                      	pop	DS
   742                                  	cnop
   743 00000013 CF                      	iret
   744                                  
   745                                  
