     1                                  ;;;;;;;;;;;;;;;;;;;;;;;;;;;;;;;;;;;;;;;;;;;;;;;;;;;;;;;;;;;;;;;;;;;;;;;;;;;;;
     2                                  ; 14h_sio0.asm -- Int 14 serial I/O on SIO0
     3                                  ;;;;;;;;;;;;;;;;;;;;;;;;;;;;;;;;;;;;;;;;;;;;;;;;;;;;;;;;;;;;;;;;;;;;;;;;;;;;;
     4                                  ;
     5                                  ; Copyright (C) 2018 John R. Coffman.  All rights reserved.
     6                                  ; Provided for hobbyist use on the RetroBrew SBC-386EX board.
     7                                  ;
     8                                  ; This program is free software: you can redistribute it and/or modify
     9                                  ; it under the terms of the GNU General Public License as published by
    10                                  ; the Free Software Foundation, either version 3 of the License, or
    11                                  ; (at your option) any later version.
    12                                  ;
    13                                  ; This program is distributed in the hope that it will be useful,
    14                                  ; but WITHOUT ANY WARRANTY; without even the implied warranty of
    15                                  ; MERCHANTABILITY or FITNESS FOR A PARTICULAR PURPOSE.  See the
    16                                  ; GNU General Public License for more details.
    17                                  ;
    18                                  ; You should have received a copy of the GNU General Public License
    19                                  ; along with this program in the file COPYING in the topmost source
    20                                  ; directory.  If not, see <http://www.gnu.org/licenses/>.
    21                                  ;
    22                                  ;
    23                                  ; SBC-386 board revisions:
    24                                  ;       SBC386-0   prototype / concept testing
    25                                  ;	SBC-386EX 2.0	production / January 2018
    26                                  ;
    27                                  ; Assembly by NASM 2.08 is preferred
    28                                  ;;;;;;;;;;;;;;;;;;;;;;;;;;;;;;;;;;;;;;;;;;;;;;;;;;;;;;;;;;;;;;;;;;;;;;;;;;;;;
    29                                  ;
    30                                  ;  N.B.  only the PC/XT calls are included at this time
    31                                  ;
    32                                  ;;;;;;;;;;;;;;;;;;;;;;;;;;;;;;;;;;;;;;;;;;;;;;;;;;;;;;;;;;;;;;;;;;;;;;;;;;;;;
    33                                  %include "seg_def.inc"
    34                              <1> ; SEG_DEF.inc
    35                              <1> ;
    36                              <1> %ifndef SEG_DEF
    37                              <1> %define SEG_DEF 1
    38                              <1> 
    39                              <1> segment CODE	use16	align=16	class=CODE	public
    40                              <1> segment _TEXT	use16 	align=16	class=CODE	public
    41                              <1> 
    42                              <1> segment CONST		align=16	class=DATA	public
    43                              <1> segment CONST2		align=2		class=DATA	public
    44                              <1> segment _DATA		align=16	class=DATA	public
    45                              <1> segment _BSS		align=16	class=DATA	public
    46                              <1> ;group DGROUP CONST2 CONST _DATA _BSS
    47                              <1> 
    48                              <1> group DGROUP CODE _TEXT CONST2 CONST _DATA _BSS
    49                              <1> 
    50                              <1> 
    51                              <1> segment BOOT at 0xFFFF	align=16	class=BOOT	use16
    52                              <1> 
    53                              <1> %define XXX
    54                              <1> %endif
    55                              <1> ;
    56                              <1> ; end SEG_DEF.inc
    57                                  %include "i386ex.inc"
    58                              <1> ;/*;;;;;;;;;;;;;;;;;;;;;;;;;;;;;;;;;;;;;;;;;;;;;;;;;;;;;;;;;;;;;;;;;;;;;;
    59                              <1> ; i386EX.inc  --  register definitions for the Intel 80386EX processor
    60                              <1> ;;;;;;;;;;;;;;;;;;;;;;;;;;;;;;;;;;;;;;;;;;;;;;;;;;;;;;;;;;;;;;;;;;;;;;;;;
    61                              <1> ;
    62                              <1> ; Copyright (C) 2018 John R. Coffman.  All rights reserved.
    63                              <1> ; Provided for hobbyist use on the RetroBrew SBC-386 board.
    64                              <1> ;
    65                              <1> ; This program is free software: you can redistribute it and/or modify
    66                              <1> ; it under the terms of the GNU General Public License as published by
    67                              <1> ; the Free Software Foundation, either version 3 of the License, or
    68                              <1> ; (at your option) any later version.
    69                              <1> ;
    70                              <1> ; This program is distributed in the hope that it will be useful,
    71                              <1> ; but WITHOUT ANY WARRANTY; without even the implied warranty of
    72                              <1> ; MERCHANTABILITY or FITNESS FOR A PARTICULAR PURPOSE.  See the
    73                              <1> ; GNU General Public License for more details.
    74                              <1> ;
    75                              <1> ; You should have received a copy of the GNU General Public License
    76                              <1> ; along with this program in the file COPYING in the topmost source
    77                              <1> ; directory.  If not, see <http://www.gnu.org/licenses/>.
    78                              <1> ;
    79                              <1> ;
    80                              <1> ; SBC-386 board revisions:
    81                              <1> ;       SBC386-0   prototype / concept testing
    82                              <1> ;	SBC386EX 2.0 production board (Jan 2018, not 2017 as labeled)
    83                              <1> ;
    84                              <1> ; Assembly by NASM 2.08 is preferred
    85                              <1> ;;;;;;;;;;;;;;;;;;;;;;;;;;;;;;;;;;;;;;;;;;;;;;;;;;;;;;;;;;;;;;;;;;;;;;;;*/
    86                              <1> 
    87                              <1> ;/* i386EX.inc  --  register definitions for the Intel 80386EX processor
    88                              <1> ;
    89                              <1> %define defb
    90                              <1> %define defw
    91                              <1> %define defd
    92                              <1> ;*/
    93                              <1> 
    94                              <1> ;/* The Address Configuration register
    95                              <1> ;*/
    96                              <1> defb REMAPCFGH  equ     0x0023
    97                              <1> defb REMAPCFGL  equ     0x0022
    98                              <1> defw REMAPCFG   equ     0x0022
    99                              <1> 
   100                              <1> ;/* The A20gate and fast CPU Reset
   101                              <1> ;*/
   102                              <1> defb PORT92     equ     0xF092
   103                              <1> defb PORT92_AT  equ     0x0092
   104                              <1> 
   105                              <1> ; 
   106                              <1> ;/* The DMA Controller and Bus Arbiter
   107                              <1> ;*/
   108                              <1> defb DMA0TAR    equ     0xF000
   109                              <1> defb DMA0TAR_AT equ     0x0000
   110                              <1> defb DMA0BYC    equ     0xF001
   111                              <1> defb DMA0BYC_AT equ     0x0001
   112                              <1> defb DMA1TAR    equ     0xF002
   113                              <1> defb DMA1TAR_AT equ     0x0002
   114                              <1> defb DMA1BYC    equ     0xF003
   115                              <1> defb DMA1BYC_AT equ     0x0003
   116                              <1> defb DMACMD1    equ     0xF008
   117                              <1> defb DMACMD1_AT equ     0x0008
   118                              <1> defb DMASTS     equ     0xF008
   119                              <1> defb DMASTS_AT  equ     0x0008
   120                              <1> defb DMASRR     equ     0xF009
   121                              <1> defb DMASRR_AT  equ     0x0009
   122                              <1> defb DMAMSK     equ     0xF00A
   123                              <1> defb DMAMSK_AT  equ     0x000A
   124                              <1> defb DMAMOD1    equ     0xF00B
   125                              <1> defb DMAMOD1_AT equ     0x000B
   126                              <1> defb DMACLRBP   equ     0xF00C
   127                              <1> defb DMACLRBP_AT equ    0x000C
   128                              <1> defb DMACLR     equ     0xF00D
   129                              <1> defb DMACLR_AT  equ     0x000D
   130                              <1> defb DMACLRMSK  equ     0xF00E
   131                              <1> defb DMACLRMSK_AT equ   0x000E
   132                              <1> defb DMAGRPMSK  equ     0xF00F
   133                              <1> defb DMAGRPMSK_AT equ   0x000F
   134                              <1> defb DMA0REQ0_1 equ     0xF010
   135                              <1> defb DMA0REQ2_3 equ     0xF011
   136                              <1> defb DMA1REQ0_1 equ     0xF012
   137                              <1> defb DMA1REQ2_3 equ     0xF013
   138                              <1> defb DMABSR     equ     0xF018
   139                              <1> defb DMACHR     equ     0xF019
   140                              <1> defb DMAIS      equ     0xF019
   141                              <1> defb DMACMD2    equ     0xF01A
   142                              <1> defb DMAMOD2    equ     0xF01B
   143                              <1> defb DMAIEN     equ     0xF01C
   144                              <1> defb DMAOVFE    equ     0xF01D
   145                              <1> defb DMACLRTC   equ     0xF01E
   146                              <1> ;
   147                              <1> ;/* The DMA Page Registers
   148                              <1> ;*/
   149                              <1> defb DMA1TAR2    equ    0xF083
   150                              <1> defb DMA1TAR2_AT equ    0x0083
   151                              <1> defb DMA1TAR3    equ    0xF085
   152                              <1> defb DMA1TAR3_AT equ    0x0085
   153                              <1> defb DMA0TAR3    equ    0xF086
   154                              <1> defb DMA0TAR3_AT equ    0x0086
   155                              <1> defb DMA0TAR2    equ    0xF087
   156                              <1> defb DMA0TAR2_AT equ    0x0087
   157                              <1> ;
   158                              <1> defb DMA0BYC2   equ     0xF098
   159                              <1> defb DMA1BYC2   equ     0xF099
   160                              <1> 
   161                              <1> ;
   162                              <1> ;/* The Master Interrupt Controller
   163                              <1> ;*/
   164                              <1> defb ICW1M_AT   equ     0x0020
   165                              <1> defb ICW2M_AT   equ     0x0021
   166                              <1> defb ICW3M_AT   equ     0x0021
   167                              <1> defb ICW4M_AT   equ     0x0021
   168                              <1> defb OCW1M_AT   equ     0x0021
   169                              <1> defb OCW2M_AT   equ     0x0020
   170                              <1> defb OCW3M_AT   equ     0x0020
   171                              <1> 
   172                              <1> defb ICW1M      equ     0xF020
   173                              <1> defb ICW2M      equ     0xF021
   174                              <1> defb ICW3M      equ     0xF021
   175                              <1> defb ICW4M      equ     0xF021
   176                              <1> defb OCW1M      equ     0xF021
   177                              <1> defb OCW2M      equ     0xF020
   178                              <1> defb OCW3M      equ     0xF020
   179                              <1> defb IRR_M	equ	0xF020
   180                              <1> 
   181                              <1> ;
   182                              <1> ;/* The Slave Interrupt Controller
   183                              <1> ;*/
   184                              <1> defb ICW1S_AT   equ     0x00A0
   185                              <1> defb ICW2S_AT   equ     0x00A1
   186                              <1> defb ICW3S_AT   equ     0x00A1
   187                              <1> defb ICW4S_AT   equ     0x00A1
   188                              <1> defb OCW1S_AT   equ     0x00A1
   189                              <1> defb OCW2S_AT   equ     0x00A0
   190                              <1> defb OCW3S_AT   equ     0x00A0
   191                              <1> defb IRR_M_AT	equ	0x00A0
   192                              <1> 
   193                              <1> defb ICW1S      equ     0xF0A0
   194                              <1> defb ICW2S      equ     0xF0A1
   195                              <1> defb ICW3S      equ     0xF0A1
   196                              <1> defb ICW4S      equ     0xF0A1
   197                              <1> defb OCW1S      equ     0xF0A1
   198                              <1> defb OCW2S      equ     0xF0A0
   199                              <1> defb OCW3S      equ     0xF0A0
   200                              <1> 
   201                              <1> ;
   202                              <1> ;/* The Timer/Counter Unit
   203                              <1> ;*/
   204                              <1> defb    TMR0    equ     0xF040
   205                              <1> defb    TMR0_AT equ     0x0040
   206                              <1> defb    TMR1    equ     0xF041
   207                              <1> defb    TMR1_AT equ     0x0041
   208                              <1> defb    TMR2    equ     0xF042
   209                              <1> defb    TMR2_AT equ     0x0042
   210                              <1> defb    TMRCON  equ     0xF043
   211                              <1> defb    TMRCON_AT  equ  0x0043
   212                              <1> 
   213                              <1> ;
   214                              <1> ;/* The Chip Select Unit
   215                              <1> ;*/
   216                              <1> defw    CS0ADL  equ     0xF400
   217                              <1> defw    CS0ADH  equ     0xF402
   218                              <1> defw    CS0MSKL equ     0xF404
   219                              <1> defw    CS0MSKH equ     0xF406
   220                              <1> defw    CS1ADL  equ     0xF408
   221                              <1> defw    CS1ADH  equ     0xF40A
   222                              <1> defw    CS1MSKL equ     0xF40C
   223                              <1> defw    CS1MSKH equ     0xF40E
   224                              <1> defw    CS2ADL  equ     0xF410
   225                              <1> defw    CS2ADH  equ     0xF412
   226                              <1> defw    CS2MSKL equ     0xF414
   227                              <1> defw    CS2MSKH equ     0xF416
   228                              <1> defw    CS3ADL  equ     0xF418
   229                              <1> defw    CS3ADH  equ     0xF41A
   230                              <1> defw    CS3MSKL equ     0xF41C
   231                              <1> defw    CS3MSKH equ     0xF41E
   232                              <1> defw    CS4ADL  equ     0xF420
   233                              <1> defw    CS4ADH  equ     0xF422
   234                              <1> defw    CS4MSKL equ     0xF424
   235                              <1> defw    CS4MSKH equ     0xF426
   236                              <1> defw    CS5ADL  equ     0xF428
   237                              <1> defw    CS5ADH  equ     0xF42A
   238                              <1> defw    CS5MSKL equ     0xF42C
   239                              <1> defw    CS5MSKH equ     0xF42E
   240                              <1> defw    CS6ADL  equ     0xF430
   241                              <1> defw    CS6ADH  equ     0xF432
   242                              <1> defw    CS6MSKL equ     0xF434
   243                              <1> defw    CS6MSKH equ     0xF436
   244                              <1> defw    UCSADL  equ     0xF438
   245                              <1> defw    UCSADH  equ     0xF43A
   246                              <1> defw    UCSMSKL equ     0xF43C
   247                              <1> defw    UCSMSKH equ     0xF43E
   248                              <1> 
   249                              <1> ;
   250                              <1> ;/* The Synchronous Serial I/O Unit
   251                              <1> ;*/
   252                              <1> defw    SSIOTBUF equ    0xF480
   253                              <1> defw    SSIORBUF equ    0xF482
   254                              <1> defw    SSIOBAUD equ    0xF484
   255                              <1> defw    SSIOCON1 equ    0xF486
   256                              <1> defw    SSIOCON2 equ    0xF488
   257                              <1> defw    SSIOCTR  equ    0xF48A
   258                              <1> 
   259                              <1> ;
   260                              <1> ;/* The Refresh Control Unit
   261                              <1> ;*/
   262                              <1> defw    RFSBAD  equ     0xF4A0
   263                              <1> defw    RFSCIR  equ     0xF4A2
   264                              <1> defw    RFSCON  equ     0xF4A4
   265                              <1> defw    RFSADD  equ     0xF4A6
   266                              <1> 
   267                              <1> ;
   268                              <1> ;/* The Watchdog Timer Unit
   269                              <1> ;*/
   270                              <1> defw    WDTRLDH equ     0xF4C0
   271                              <1> defw    WDTRLDL equ     0xF4C2
   272                              <1> defw    WDTCNTH equ     0xF4C4
   273                              <1> defw    WDTCNTL equ     0xF4C6
   274                              <1> defw    WDTCLR  equ     0xF4C8
   275                              <1> defb    WDTSTATUS  equ  0xF4CA
   276                              <1> 
   277                              <1> ;
   278                              <1> ;/* Clock Generation and Power Management
   279                              <1> ;*/
   280                              <1> defb    PWRCON  equ     0xF800
   281                              <1> defw    CLKPRS  equ     0xF804
   282                              <1> 
   283                              <1> ;
   284                              <1> ;/* Device Configuration Registers
   285                              <1> ;*/
   286                              <1> defb    P1CFG   equ     0xF820
   287                              <1> defb    P2CFG   equ     0xF822
   288                              <1> defb    P3CFG   equ     0xF824
   289                              <1> defb    PINCFG  equ     0xF826
   290                              <1> defb    DMACFG  equ     0xF830
   291                              <1> defb    INTCFG  equ     0xF832
   292                              <1> defb    TMRCFG  equ     0xF834
   293                              <1> defb    SIOCFG  equ     0xF836
   294                              <1> 
   295                              <1> ;
   296                              <1> ;/* Parallel I/O Ports
   297                              <1> ;*/
   298                              <1> defb    P1PIN   equ     0xF860
   299                              <1> defb    P1LTC   equ     0xF862
   300                              <1> defb    P1DIR   equ     0xF864
   301                              <1> defb    P2PIN   equ     0xF868
   302                              <1> defb    P2LTC   equ     0xF86A
   303                              <1> defb    P2DIR   equ     0xF86C
   304                              <1> defb    P3PIN   equ     0xF870
   305                              <1> defb    P3LTC   equ     0xF872
   306                              <1> defb    P3DIR   equ     0xF874
   307                              <1> 
   308                              <1> 
   309                              <1> ; bits.inc
   310                              <1> ;
   311                              <1> ; assembly language bit definitions
   312                              <1> ;
   313                              <1> defb    BIT0    equ     0x01
   314                              <1> defb    BIT1    equ     0x02
   315                              <1> defb    BIT2    equ     0x04
   316                              <1> defb    BIT3    equ     0x08
   317                              <1> defb    BIT4    equ     0x10
   318                              <1> defb    BIT5    equ     0x20
   319                              <1> defb    BIT6    equ     0x40
   320                              <1> defb    BIT7    equ     0x80
   321                              <1> 
   322                              <1> defw    BIT8    equ     0x0100
   323                              <1> defw    BIT9    equ     0x0200
   324                              <1> defw    BIT10   equ     0x0400
   325                              <1> defw    BIT11   equ     0x0800
   326                              <1> defw    BIT12   equ     0x1000
   327                              <1> defw    BIT13   equ     0x2000
   328                              <1> defw    BIT14   equ     0x4000
   329                              <1> defw    BIT15   equ     0x8000
   330                              <1> 
   331                              <1> defd    BIT16   equ     0x00010000
   332                              <1> defd    BIT31   equ     0x80000000
   333                              <1> 
   334                              <1> defb    ZBIT0    equ     0
   335                              <1> defb    ZBIT1    equ     0
   336                              <1> defb    ZBIT2    equ     0
   337                              <1> defb    ZBIT3    equ     0
   338                              <1> defb    ZBIT4    equ     0
   339                              <1> defb    ZBIT5    equ     0
   340                              <1> defb    ZBIT6    equ     0
   341                              <1> defb    ZBIT7    equ     0
   342                              <1> 
   343                              <1> defw    ZBIT8    equ     0
   344                              <1> defw    ZBIT9    equ     0
   345                              <1> defw    ZBIT10   equ     0
   346                              <1> defw    ZBIT11   equ     0
   347                              <1> defw    ZBIT12   equ     0
   348                              <1> defw    ZBIT13   equ     0
   349                              <1> defw    ZBIT14   equ     0
   350                              <1> defw    ZBIT15   equ     0
   351                              <1> 
   352                              <1> 
   353                              <1> ;
   354                              <1> ;/* Asynchronout Serial I/O channel 0  (COM1)
   355                              <1> ;*/
   356                              <1> defb    RBR0_F4 equ     0xF4F8
   357                              <1> defb    TBR0_F4 equ     0xF4F8
   358                              <1> defb    DLL0_F4 equ     0xF4F8
   359                              <1> defb    DLH0_F4 equ     0xF4F9
   360                              <1> defb    IER0_F4 equ     0xF4F9
   361                              <1> defb    IIR0_F4 equ     0xF4FA
   362                              <1> defb    LCR0_F4 equ     0xF4FB
   363                              <1> defb    MCR0_F4 equ     0xF4FC
   364                              <1> defb    LSR0_F4 equ     0xF4FD
   365                              <1> defb    MSR0_F4 equ     0xF4FE
   366                              <1> defb    SCR0_F4 equ     0xF4FF
   367                              <1> 
   368                              <1> defb    RBR0    equ     0x03F8
   369                              <1> defb    TBR0    equ     0x03F8
   370                              <1> defb    DLL0    equ     0x03F8
   371                              <1> defb    DLH0    equ     0x03F9
   372                              <1> defb    IER0    equ     0x03F9
   373                              <1> defb    IIR0    equ     0x03FA
   374                              <1> defb    LCR0    equ     0x03FB
   375                              <1> defb    MCR0    equ     0x03FC
   376                              <1> defb    LSR0    equ     0x03FD
   377                              <1> defb    MSR0    equ     0x03FE
   378                              <1> defb    SCR0    equ     0x03FF
   379                              <1> 
   380                              <1> ;
   381                              <1> ;/* Asynchronout Serial I/O channel 1  (COM2)
   382                              <1> ;*/
   383                              <1> defb    RBR1_F8 equ     0xF8F8
   384                              <1> defb    TBR1_F8 equ     0xF8F8
   385                              <1> defb    DLL1_F8 equ     0xF8F8
   386                              <1> defb    DLH1_F8 equ     0xF8F9
   387                              <1> defb    IER1_F8 equ     0xF8F9
   388                              <1> defb    IIR1_F8 equ     0xF8FA
   389                              <1> defb    LCR1_F8 equ     0xF8FB
   390                              <1> defb    MCR1_F8 equ     0xF8FC
   391                              <1> defb    LSR1_F8 equ     0xF8FD
   392                              <1> defb    MSR1_F8 equ     0xF8FE
   393                              <1> defb    SCR1_F8 equ     0xF8FF
   394                              <1> 
   395                              <1> defb    RBR1    equ     0x02F8
   396                              <1> defb    TBR1    equ     0x02F8
   397                              <1> defb    DLL1    equ     0x02F8
   398                              <1> defb    DLH1    equ     0x02F9
   399                              <1> defb    IER1    equ     0x02F9
   400                              <1> defb    IIR1    equ     0x02FA
   401                              <1> defb    LCR1    equ     0x02FB
   402                              <1> defb    MCR1    equ     0x02FC
   403                              <1> defb    LSR1    equ     0x02FD
   404                              <1> defb    MSR1    equ     0x02FE
   405                              <1> defb    SCR1    equ     0x02FF
   406                              <1> 
   407                              <1> ;/* LSRx bits
   408                              <1> ;*/
   409                              <1> defb    LSR_TE  equ     BIT6
   410                              <1> defb    LSR_TBE equ     BIT5
   411                              <1> defb    LSR_BI  equ     BIT4
   412                              <1> defb    LSR_FE  equ     BIT3
   413                              <1> defb    LSR_PE  equ     BIT2
   414                              <1> defb    LSR_OE  equ     BIT1
   415                              <1> defb    LSR_RBF equ     BIT0
   416                              <1> 
   417                              <1> ;/* Bits in CR0
   418                              <1> ;*/
   419                              <1> defb    CR0_PE  equ     BIT0
   420                              <1> defb    CR0_MP  equ     BIT1
   421                              <1> defb    CR0_EM  equ     BIT2
   422                              <1> defb    CR0_TS  equ     BIT3
   423                              <1> defd    CR0_WP  equ     BIT16
   424                              <1> defd    CR0_PG  equ     BIT31
   425                              <1> 
   426                              <1> ;/* Some ASCII character codes
   427                              <1> ;*/
   428                              <1> defb    ASCII_NUL       equ     0x00
   429                              <1> defb    ASCII_BS        equ     0x08
   430                              <1> defb    ASCII_HT        equ     0x09
   431                              <1> defb    ASCII_LF        equ     0x0A
   432                              <1> defb    ASCII_NL        equ     0x0A
   433                              <1> defb    ASCII_FF        equ     0x0C
   434                              <1> defb    ASCII_CR        equ     0x0D
   435                              <1> defb	ASCII_ESC	equ	0x1B
   436                              <1> defb    ASCII_SP        equ     0x20
   437                              <1> defb    ASCII_DEL       equ     0x7F
   438                              <1> defb	ASCII_RUB	equ	0xFF
   439                              <1> 
   440                              <1> 
   441                              <1> ;/* End of i386EX.inc */
   442                                  %include "bda.inc"
   443                              <1> XXX
   444                              <1> ; bda.h -- definitions of the BIOS Data Area at 0040:0000 (0x400)  */
   445                              <1> %define BDA_segment 0x40
   446                              <1> struc _BDA
   447                              <1> ; first items at 0x40:0	*/
   448 00000000 <res 00000008>      <1> serial_dev	resw	4	; serial port device codes */
   449 00000008 <res 00000008>      <1> parallel_dev	resw	4	; printer port device codes */
   450 00000010 <res 00000002>      <1> equip_flag	resw	1		; int 12h equipment flags */
   451 00000012 <res 00000001>      <1> mfg_test	resb	1		; initialization flags */
   452 00000013 <res 00000002>      <1> memory_size	resw	1	; base memory size in Kilowords (1024) */
   453 00000015 <res 00000001>      <1> mfg_err_flag	resb	1
   454 00000016 <res 00000001>      <1> mfg_err_flag2	resb	1
   455                              <1> ; */
   456                              <1> ; first Keyboard data area */
   457 00000017 <res 00000001>      <1> kbd_flag	resb	1	; shift status &c. */
   458 00000018 <res 00000001>      <1> kbd_flag1	resb	1	;  more  */
   459 00000019 <res 00000001>      <1> alt_input	resb	1	; save alternate kbd entry code */
   460 0000001A <res 00000002>      <1> buffer_head	resw	1
   461 0000001C <res 00000002>      <1> buffer_tail	resw	1
   462                              <1> ; */
   463 0000001E <res 00000020>      <1> kbd_buffer	resw	16	; buffer empty when  head==tail */
   464                              <1> ; */
   465                              <1> ; Diskette data area */
   466 0000003E <res 00000001>      <1> seek_status	resb	1	; drive recalibration status */
   467                              <1> ; bits 3..0 drive must recalibrate before next seek */
   468 0000003F <res 00000001>      <1> motor_status	resb	1	; bits 3..0 motor running */
   469                              <1> ; bit 7 current op is write */
   470 00000040 <res 00000001>      <1> motor_count	resb	1	; timeout counter for motor turn-off */
   471 00000041 <res 00000001>      <1> fd_status	resb	1	; return code status byte */
   472 00000042 <res 00000007>      <1> fd_ctrl_stat	resb	7	; controller return bytes */
   473                              <1> ; */
   474                              <1> ; Video Display data area -- also used for video emulation */
   475 00000049 <res 00000001>      <1> vid_mode	resb	1	; current display mode */
   476 0000004A <res 00000002>      <1> vid_columns	resw	1	; no. of columns on the screen */
   477 0000004C <res 00000002>      <1> vid_buf_len	resw	1	; length of video buffer in bytes */
   478 0000004E <res 00000002>      <1> vid_start	resw	1	; start address of screen regeneration (in vid buf) */
   479 00000050 <res 00000010>      <1> vid_cursor	resw	8	; cursor postition on up to 8 screens */
   480 00000060 <res 00000002>      <1> vid_cursor_mode	resw	1
   481 00000062 <res 00000001>      <1> vid_active_page	resb	1
   482 00000063 <res 00000002>      <1> vid_addr_chip	resw	1	; I/O address for the video chip (6845,EGA,VGA) */
   483 00000065 <res 00000001>      <1> vid_crt_mode	resb	1	; current setting of the 3x8 register ???? */
   484 00000066 <res 00000001>      <1> vid_palette	resb	1	; current color setting / palette  */
   485                              <1> ; */
   486                              <1> ; POST and ROM data */
   487 00000067 <res 00000004>      <1> io_rom_addr	resd	1	; far word to ROM initialization routine */
   488                              <1> %define io_rom_addr_low io_rom_addr
   489                              <1> %define io_rom_addr_seg (io_rom_addr+2)
   490 0000006B <res 00000001>      <1> interrupt_flag	resb	1	; indicates an interrupt occurred */
   491                              <1> ; */
   492                              <1> ; Timer data area  18.206602 hz  = ~54.925 ms  */
   493 0000006C <res 00000002>      <1> timer_count_low	resw	1	; low word of timer count */
   494 0000006E <res 00000002>      <1> timer_count_high	resw	1
   495                              <1> %define timer_count timer_count_low
   496                              <1> ; use timer_count as the double word timer counter */
   497 00000070 <res 00000001>      <1> timer_overflow	resb	1	; timer has rolled over since last read */
   498                              <1> ; */
   499                              <1> ; System & Keboard data area */
   500 00000071 <res 00000001>      <1> kbd_break_flag	resb	1	; bit 7 set if Break key is pressed */
   501 00000072 <res 00000002>      <1> reset_flag	resw	1	; word=0x1234 if Reset is underway (80286) */
   502                              <1> ; */
   503                              <1> ; Fixed (Hard) disk data area */
   504 00000074 <res 00000001>      <1> hd_status	resb	1	; status info for hard disk */
   505                              <1> %define disk_status1 hd_status
   506 00000075 <res 00000001>      <1> hd_number	resb	1	; number of hard disks (for int 13h, fn 8h) */
   507 00000076 <res 00000001>      <1> control_byte	resb	1	; head control ???? */
   508 00000077 <res 00000001>      <1> port_offset	resb	1	; obsolete, maybe ???? */
   509                              <1> ; */
   510                              <1> ; Timeout counters *;
   511 00000078 <res 00000004>      <1> printer_timeout	resb	4
   512 0000007C <res 00000004>      <1> serial_timeout	resb	4	; one byte for each interface */
   513                              <1> ; */
   514                              <1> ; Keyboard additional data area -- buffer location within segment 40h */
   515 00000080 <res 00000002>      <1> buffer_start	resw	1	; offset of keyboard buffer start */
   516 00000082 <res 00000002>      <1> buffer_end	resw	1		; offset of end of kbd buffer */
   517                              <1> ; */
   518                              <1> ; EGA/PGA? data work area (graphic mode?  probably available) */
   519 00000084 <res 00000001>      <1> ega_rows	resb	1		; rows on the active screen (less 1) */
   520 00000085 <res 00000002>      <1> ega_points	resw	1		; bytes per character	*/
   521 00000087 <res 00000001>      <1> ega_info	resb	1		; mode options ???? */
   522 00000088 <res 00000001>      <1> ega_info_3	resb	1		; switch settings */
   523 00000089 <res 00000002>      <1> ega_rsvd	resb	2	; reserved for adapter mfgrs */
   524                              <1> ; */
   525                              <1> ; Disk / Diskette media data */
   526 0000008B <res 00000001>      <1> fd_last_data_rate	resb	1	; last data rate selected */
   527 0000008C <res 00000001>      <1> hd_status_reg	resb	1		; hard disk status register */
   528 0000008D <res 00000001>      <1> hd_error_reg	resb	1		; hard disk error register */
   529 0000008E <res 00000001>      <1> hd_int_flag	resb	1	; HD interrupt flag */
   530 0000008F <res 00000001>      <1> hd_cntrl	resb	1		; HD/FD combo controller bit flag */
   531 00000090 <res 00000002>      <1> hd_media	resb	2	; media state */
   532 00000092 <res 00000002>      <1> hd_op_start	resb	2	; operation start state */
   533 00000094 <res 00000002>      <1> hd_track	resb	2	; HD present cylinder number */
   534                              <1> ; */
   535                              <1> ; Additional Keyboard flags */
   536 00000096 <res 00000001>      <1> kbd_flag3	resb	1	; mode state & type flags */
   537 00000097 <res 00000001>      <1> kbd_flag2	resb	1	; kbd LED flags */
   538                              <1> ; */
   539                              <1> ; Real Time Clock data area */
   540 00000098 <res 00000004>      <1> rtc_user_flag_addr	resd	1	; far address of user's wait flag */
   541 0000009C <res 00000004>      <1> rtc_user_wait_flag	resd	1	; user wait flag */
   542 000000A0 <res 00000001>      <1> rtc_wait_active	resb	1	; 01=busy, 80=posted, 00=post acknowledge */
   543                              <1> ; */
   544                              <1> ; Miscellaneous */
   545 000000A1 <res 00000007>      <1> rsvd_network	resb	7	; reserved for network adapters */
   546 000000A8 <res 00000004>      <1> ptr_ega_save	resd	1		; far pointer to EGA parameter control block */
   547                              <1> ; */
   548                              <1> ;	byte	rsvd_unused[84];	; reserved for 386EX usage */
   549 000000AC <res 00000002>      <1> extended_memory	resw	1	; size of Extended Memory in Kilobytes */
   550                              <1> ; this size is stored in CMOS on the PC/AT */
   551 000000AE <res 00000048>      <1> rsvd_unused	resb	72	; reserved for 386EX usage */
   552 000000F6 <res 00000008>      <1> disk_tab	resb	8  		; hard disk driver table */
   553 000000FE <res 00000002>      <1> floppy_tab	resb	2		; floppy disk driver table */
   554                              <1> ; */
   555 00000100 <res 00000001>      <1> AT_status_byte	resb	1	; at 40:100h, 00500h, Print Screen Status byte */
   556                              <1> ; 00=ready/ok  01=busy  0FF=error	*/
   557                              <1> ; */
   558                              <1> ; Extentsion to BDA during BIOS startup */
   559 00000101 <res 00000001>      <1> SRAM_size	resb	1	; size of SRAM in Kilobytes */
   560 00000102 <res 0000001F>      <1> nvram_info	resb	31	; 31 bytes of NVRAM information (this may move) */
   561 00000121 <res 00000002>      <1> CPU_freq	resw	1	; CPU frequency in kilohertz */
   562                              <1> ; */
   563                              <1> endstruc
   564                                  %include "macro.inc"
   565                              <1> ;;;;;;;;;;;;;;;;;;;;;;;;;;;;;;;;;;;;;;;;;;;;;;;;;;;;;;;;;;;;;;;;;;;;;;;;;
   566                              <1> ;
   567                              <1> ; some useful macros:
   568                              <1> ;
   569                              <1> ;;;;;;;;;;;;;;;;;;;;;;;;;;;;;;;;;;;;;;;;;;;;;;;;;;;;;;;;;;;;;;;;;;;;;;;;;
   570                              <1> ;
   571                              <1> ;
   572                              <1> ; format of the BYTE initialization table:  address, byte
   573                              <1> ;
   574                              <1> %imacro  binit 2
   575                              <1>         dw      %1
   576                              <1>         db      %2
   577                              <1> %endmacro
   578                              <1> ; end with DW -1
   579                              <1> 
   580                              <1> ;
   581                              <1> ; format of the WORD initialization table:  address, word
   582                              <1> ;
   583                              <1> %imacro  winit 2
   584                              <1>         dw      %1
   585                              <1>         dw      %2
   586                              <1> %endmacro
   587                              <1> ; end with DW -1
   588                              <1> 
   589                              <1> 
   590                              <1> ; get the BIOS Data Area segment pointer to a [segment] register
   591                              <1> %imacro get_bda	1.nolist
   592                              <1> 	push	0x0040
   593                              <1> 	pop	%1
   594                              <1> %endm
   595                              <1> 
   596                              <1> 
   597                              <1> ; get the Location 0 (Interrupt Descriptor Table) pointer to a register
   598                              <1> %imacro	get_loc0 1.nolist
   599                              <1> 	push	0x0000
   600                              <1> 	pop	%1
   601                              <1> %endm
   602                              <1> 
   603                              <1> 
   604                              <1> 
   605                              <1> %imacro setloc  1.nolist
   606                              <1>  times   (%1-($-$$)) db 0FFh
   607                              <1> %endm
   608                              <1> 
   609                              <1> %imacro db_lo   1
   610                              <1>  db (%1)&255
   611                              <1> %endm
   612                              <1> 
   613                              <1> %imacro cnop    0.nolist
   614                              <1> %ifdef SOFT_DEBUG
   615                              <1> %if SOFT_DEBUG
   616                              <1>         nop
   617                              <1> %endif
   618                              <1> %endif
   619                              <1> %endm
   620                              <1> 
   621                              <1> %imacro popm 1-*.nolist
   622                              <1> %rep %0
   623                              <1> %ifidni %1,ALL
   624                              <1>  popa
   625                              <1> %elifidni %1,F
   626                              <1>  popf
   627                              <1> %else
   628                              <1>  pop %1
   629                              <1> %ifidni %1,DS
   630                              <1>  cnop
   631                              <1> %elifidni %1,ES
   632                              <1>  cnop
   633                              <1> %endif
   634                              <1> %endif
   635                              <1> %rotate 1
   636                              <1> %endrep
   637                              <1> %endm
   638                              <1> 
   639                              <1> %imacro pushm 1-*.nolist
   640                              <1> %rep %0
   641                              <1> %rotate -1
   642                              <1> %ifidni %1,ALL
   643                              <1>  pusha
   644                              <1> %elifidni %1,F
   645                              <1>  pushf
   646                              <1> %else
   647                              <1>  push %1
   648                              <1> %endif
   649                              <1> %endrep
   650                              <1> %endm
   651                              <1> 
   652                              <1> %imacro descr_linear_data 2-3.nolist	; address, size [, E]  E!=0 means expand down
   653                              <1> %assign __size__ (%2-1)	| 0xFF
   654                              <1> %if (__size__ <= 0xFFFF)
   655                              <1> %assign __gran__ 0
   656                              <1> %else
   657                              <1> %assign __gran__ 0xC0			; G B 0 0
   658                              <1> %endif
   659                              <1> %assign __expand__ 0
   660                              <1> %if %0==3
   661                              <1> %if %3
   662                              <1> %assign __expand__ 4
   663                              <1> %endif
   664                              <1> %endif
   665                              <1> dd (((%1)&0xFFFF)<<16)|(__size__&0xFFFF)
   666                              <1> dd (((%1)>>24)&0xFF)|((__gran__|(__size__>>16)&0x0F)<<16)|((0x93|__expand__)<<8)|(((%1)>>16)&0xFF)
   667                              <1> %endm
   668                              <1> 
   669                              <1> %imacro descr_linear_code 2-3.nolist	; address, size [,C]  C!=0 means conforming
   670                              <1> %assign __size__ (%2-1)	| 0xFF
   671                              <1> %if (__size__ <= 0xFFFF)
   672                              <1> %assign __gran__ 0
   673                              <1> %else
   674                              <1> %assign __gran__ 0xC0			; G D 0 0
   675                              <1> %endif
   676                              <1> %assign __conform__ 0
   677                              <1> %if %0==3
   678                              <1> %if %3
   679                              <1> %assign __conform__ 4
   680                              <1> %endif
   681                              <1> %endif
   682                              <1> dd (((%1)&0xFFFF)<<16)|(__size__&0xFFFF)
   683                              <1> dd (((%1)>>24)&0xFF)|((__gran__|(__size__>>16)&0x0F)<<16)|((0x9B|__conform__)<<8)|(((%1)>>16)&0xFF)
   684                              <1> %endm
   685                              <1> 
   686                              <1> ;/* End of macro.inc */
   687                                  
   688                                  	global	int_14h
   689                                  segment CODE
   690                                  ;;;;;;;;;;;;;;;;;;;;;;;;;;;;;;;;;;;;;;;;;;;;;;;;;;;;;;;;;;;;;;;;;;;;;;;;;;;;;
   691                                  ; int_14h	-- called with INT 0x14 with function code in AH
   692                                  ;
   693                                  ;    Enter with:
   694                                  ;	AH	function code 0, 1, 2, 3
   695                                  ;	DX	port number 0=COM1, .. 3=COM4
   696                                  ;
   697                                  ;  
   698                                  ;;;;;;;;;;;;;;;;;;;;;;;;;;;;;;;;;;;;;;;;;;;;;;;;;;;;;;;;;;;;;;;;;;;;;;;;;;;;;
   699                                  
   700                                  int_14h:
   701 00000000 FB                      	sti			; re-enable interrupts
   702 00000001 1E525153                	pushm	BX,CX,DX,DS	; AX is usually a return value
   703 00000005 6A401F                  	get_bda	DS		;get DS = segment pointer to BDA
   704 00000008 8B0E1000                	mov	cx,[equip_flag]	; equipment flag in BDA
   705 0000000C C1E909                  	shr	cx,9		;number of RS-232 ports
   706 0000000F 83E107                  	and	cx,7		; **
   707 00000012 89D3                    	mov	bx,dx		; COM1==0, COM2==1, ...
   708 00000014 39CB                    	cmp	bx,cx		; 4 COM ports at most
   709 00000016 731F                    	jae	bad_error
   710                                  
   711                                  ; the index in BX is below the number in CX
   712 00000018 01DB                    	add	bx,bx
   713 0000001A 8B17                    	mov	dx,[serial_dev + BX]
   714 0000001C 09D2                    	or	dx,dx
   715 0000001E 7417                    	jz	bad_error
   716 00000020 89D1                    	mov	cx,dx		; CX = base
   717 00000022 83C205                  	add	dx,LSR0-TBR0	; DX = Line Status Register
   718                                  ;
   719                                  ; we have the I/O base device code in DX
   720                                  ;
   721 00000025 08E4                    	or	ah,ah		; test for 0
   722 00000027 7465                    	jz	init_sio
   723 00000029 FECC                    	dec	ah
   724 0000002B 7449                    	jz	write		; function 1
   725 0000002D FECC                    	dec	ah
   726 0000002F 742F                    	jz	read		; function 2
   727 00000031 FECC                    	dec	ah
   728 00000033 0F848500                	jz	status		; function 3
   729                                  ;
   730                                  ; the PS/2 functions are not implemented
   731                                  ;
   732                                  bad_error:
   733 00000037 B80F8E                  	mov	ax,0x8E0F	; AH.7 = timeout
   734                                  return_AX:
   735 0000003A 5B595A1F                	popm	BX,CX,DX,DS	; restore the registers
   736 0000003E CF                      	iret
   737                                  
   738                                  
   739                                  
   740                                  SHIFT	equ	0		; set to 2 for 7.3728 mhz on 4UART
   741                                  OSC	equ	1843200<<SHIFT
   742                                  CLK	equ	OSC/16
   743                                  
   744                                  	global	sio_divisors
   745                                  sio_divisors:
   746 0000003F 1704                    	dw	CLK/110		;0
   747 00000041 0003                    	dw	CLK/150
   748 00000043 8001                    	dw	CLK/300
   749 00000045 C000                    	dw	CLK/600
   750 00000047 6000                    	dw	CLK/1200	;5
   751 00000049 3000                    	dw	CLK/2400
   752 0000004B 1800                    	dw	CLK/4800
   753 0000004D 0C00                    	dw	CLK/9600	;7
   754                                  ; for the extended initialization call (PS/2)
   755 0000004F 0600                    	dw	CLK/19200	;8
   756 00000051 0300                    	dw	CLK/38400
   757 00000053 0200                    	dw	CLK/56000	; actually 57600
   758 00000055 0100                    	dw	CLK/115200	;11
   759                                  %if SHIFT
   760                                  	dw	CLK/230400	;12
   761                                  	dw	CLK/460800	;13
   762                                  %endif
   763                                  
   764                                  ;;;;;;;;;;;;;;;;;;;;;;;;;;;;;;;;;;;;;;;;;;;;;;;;;;;;;;;;;;;;;;;;;;;;;;;;;;;;;
   765                                  ; get_status
   766                                  ;
   767                                  ;    Enter with:
   768                                  ;	CX	port base I/O address
   769                                  ;	DX	LSR I/O address
   770                                  ;
   771                                  ;    Exit with:
   772                                  ;	AH	line status
   773                                  ;	AL	modem status
   774                                  ;
   775                                  ;	CX	port I/O base address
   776                                  ;
   777                                  ;;;;;;;;;;;;;;;;;;;;;;;;;;;;;;;;;;;;;;;;;;;;;;;;;;;;;;;;;;;;;;;;;;;;;;;;;;;;;
   778                                  get_status:
   779 00000057 EC                      	in	al,dx		; get line status
   780 00000058 247F                    	and	al,7Fh		; clear undefined bit
   781 0000005A 88C4                    	mov	ah,al		; will return in AH
   782 0000005C 42                      	inc	dx		; MSR0 in DX
   783 0000005D EC                      	in	al,dx		; line status to AL
   784 0000005E 4A                      	dec	dx
   785 0000005F C3                      	ret
   786                                  
   787                                  
   788                                  
   789                                  ;;;;;;;;;;;;;;;;;;;;;;;;;;;;;;;;;;;;;;;;;;;;;;;;;;;;;;;;;;;;;;;;;;;;;;;;;;;;;
   790                                  ; read
   791                                  ;
   792                                  ;    Enter with:
   793                                  ;	CX	base port address
   794                                  ;	DX	LSR port address
   795                                  ;
   796                                  ;    Exit with:
   797                                  ;	AH	port (line) status
   798                                  ;	AL	character read
   799                                  ;	CX,DX	unchanged
   800                                  ;;;;;;;;;;;;;;;;;;;;;;;;;;;;;;;;;;;;;;;;;;;;;;;;;;;;;;;;;;;;;;;;;;;;;;;;;;;;;
   801                                  
   802                                  read:
   803 00000060 E8F4FF                  	call	get_status
   804 00000063 F6C401                  	test	ah,LSR_RBF	;anything in the buffer
   805 00000066 74F8                    	jz	read
   806                                  
   807 00000068 87CA                    	xchg	cx,dx		;RBR to DX
   808 0000006A EC                      	in	al,dx		;get the character
   809 0000006B 87CA                    	xchg	cx,dx		;LSR to DX
   810 0000006D 88C3                    	mov	bl,al		; save char read in
   811 0000006F E8E5FF                  	call	get_status
   812 00000072 88D8                    	mov	al,bl		;return char in AL, LSR in AH
   813 00000074 EBC4                    	jmp	return_AX
   814                                  
   815                                  
   816                                  ;;;;;;;;;;;;;;;;;;;;;;;;;;;;;;;;;;;;;;;;;;;;;;;;;;;;;;;;;;;;;;;;;;;;;;;;;;;;;
   817                                  ; write
   818                                  ;
   819                                  ;    Enter with:
   820                                  ;	AL	character to write
   821                                  ;	CX	base port address
   822                                  ;	DX	LSR port address
   823                                  ;
   824                                  ;    Exit with:
   825                                  ;	AH	port (line) status
   826                                  ;	AL	unchanged char
   827                                  ;	CX,DX	unchanged
   828                                  ;;;;;;;;;;;;;;;;;;;;;;;;;;;;;;;;;;;;;;;;;;;;;;;;;;;;;;;;;;;;;;;;;;;;;;;;;;;;;
   829                                  
   830                                  write:
   831 00000076 88C3                    	mov	bl,al		;save output character
   832                                  .1:
   833 00000078 E8DCFF                  	call	get_status	;line status to AH
   834 0000007B F6C420                  	test	ah,LSR_TBE	;buffer empty?
   835 0000007E 74F8                    	jz	.1
   836                                  
   837 00000080 87CA                    	xchg	cx,dx		;DX = base (TBR)
   838 00000082 88D8                    	mov	al,bl		; AL = character
   839 00000084 EE                      	out	dx,al		; put it out
   840 00000085 87CA                    	xchg	cx,dx		;DX = LSR again
   841 00000087 E8CDFF                  	call	get_status
   842 0000008A 88D8                    	mov	al,bl		;restore char in AL
   843 0000008C EBAC                    	jmp	return_AX
   844                                  
   845                                  
   846                                  
   847                                  ;;;;;;;;;;;;;;;;;;;;;;;;;;;;;;;;;;;;;;;;;;;;;;;;;;;;;;;;;;;;;;;;;;;;;;;;;;;;;
   848                                  ; init_sio
   849                                  ;
   850                                  ;    Enter with:
   851                                  ;	AL	initialization parameters
   852                                  ;			bits 7 6 5	data rate
   853                                  ;			bits 4 3	parity x0=none, 01=odd, 11=even
   854                                  ;			bit  2		stop bits 0->1, 1->2 stop bits
   855                                  ;			bits 1 0	word length 10->7 11->8 bits
   856                                  ;	CX	base port address
   857                                  ;	DX	LSR port address
   858                                  ;
   859                                  ;    Exit with:
   860                                  ;	AH	port (line) status
   861                                  ;	AL	modem status
   862                                  ;	CX,DX	unchanged
   863                                  ;;;;;;;;;;;;;;;;;;;;;;;;;;;;;;;;;;;;;;;;;;;;;;;;;;;;;;;;;;;;;;;;;;;;;;;;;;;;;
   864                                  
   865                                  init_sio:
   866 0000008E 88C4                    	mov	ah,al		;save init bits in AH
   867 00000090 4A                      	dec	dx
   868 00000091 4A                      	dec	dx		; LSR-2 is LCR
   869 00000092 B080                    	mov	al,80h		; set Latch enable
   870 00000094 EE                      	out	dx,al		;enable divisor latch
   871 00000095 88E3                    	mov	bl,ah		;data rate bits to BX.765
   872 00000097 C1EB04                  	shr	bx,4		;  to bits 321
   873 0000009A 83E30E                  	and	bx,0x0E		;mask bits
   874 0000009D 2E8B9F[3F00]               cs	mov	bx,[sio_divisors + bx]
   875 000000A2 88D8                       	mov	al,bl		; low divisor
   876 000000A4 87CA                    	xchg	cx,dx		; DLL to DX
   877 000000A6 EE                      	out	dx,al
   878 000000A7 42                      	inc	dx		; DLH to DX (also IER)
   879 000000A8 88F8                    	mov	al,bh		;high divisor
   880 000000AA EE                      	out	dx,al
   881 000000AB 87CA                    	xchg	cx,dx		;LCR to DX, IER to CX
   882 000000AD B01F                    	mov	al,00011111b	;mask for status bits
   883 000000AF 20E0                    	and	al,ah		;mask bits, clear DLAB
   884 000000B1 EE                      	out	dx,al
   885 000000B2 42                      	inc	dx
   886 000000B3 42                      	inc	dx	 	;LCR+2 = LSR
   887 000000B4 87CA                    	xchg	cx,dx		; IER to DX
   888 000000B6 31C0                    	xor	ax,ax
   889 000000B8 EE                      	out	dx,al		;turn off all interrupts
   890 000000B9 4A                      	dec	dx		;base to DX
   891 000000BA 87CA                    	xchg	cx,dx		;base to CX, LSR to DX
   892                                  ;  return status in AH,AL
   893                                  ;;;;;;;;;;;;;;;;;;;;;;;;;;;;;;;;;;;;;;;;;;;;;;;;;;;;;;;;;;;;;;;;;;;;;;;;;;;;;
   894                                  ; status
   895                                  ;
   896                                  ;    Enter with:
   897                                  ;	CX	base port address
   898                                  ;	DX	LSR port address
   899                                  ;
   900                                  ;    Exit with:
   901                                  ;	AH	port (line) status
   902                                  ;	AL	modem status
   903                                  ;	CX,DX	unchanged
   904                                  ;;;;;;;;;;;;;;;;;;;;;;;;;;;;;;;;;;;;;;;;;;;;;;;;;;;;;;;;;;;;;;;;;;;;;;;;;;;;;
   905                                  
   906                                  status:
   907 000000BC E898FF                  	call	get_status
   908 000000BF E978FF                  	jmp	return_AX
   909                                  
   910                                  
   911                                  
   912                                  
   913                                  ;;;;;;;;;;;;;;;;;;;;;;;;;;;;;;;;;;;;;;;;;;;;;;;;;;;;;;;;;;;;;;;;;;;;;;;;;;;;;
   914                                  ; install_SIO0_		install the system board SIO0 (internal) 386EX port
   915                                  ;
   916                                  ;    Enter with:
   917                                  ;	AX	device code to install
   918                                  ;	direction flag clear
   919                                  ;
   920                                  ;    Exit with:
   921                                  ;	AX	0 if successful
   922                                  ;		non-Zero if error
   923                                  ;;;;;;;;;;;;;;;;;;;;;;;;;;;;;;;;;;;;;;;;;;;;;;;;;;;;;;;;;;;;;;;;;;;;;;;;;;;;;
   924                                  
   925                                  	global	install_SIO0_
   926                                  segment _TEXT			; this routine is C-callable
   927                                  
   928                                  install_SIO0_:
   929 00000000 1E565152                	pushm	DX,CX,SI,DS
   930 00000004 89C2                    	mov	dx,ax		; use device code in DX
   931 00000006 6A401F                  	get_bda	DS		; get BIOS Data Area segment pointer
   932 00000009 8D360000                	lea	SI,[serial_dev]
   933 0000000D B90400                  	mov	cx,4
   934                                  .1:
   935 00000010 AD                      	lodsw			; get a device code
   936 00000011 39D0                       	cmp	ax,dx		; is it already there
   937 00000013 7412                    	je	.8
   938 00000015 09C0                    	or	ax,ax		; is the slot empty
   939 00000017 7404                    	jz	.3		; empty if 0, install here
   940 00000019 E2F5                    	loop	.1
   941 0000001B EB0A                    	jmp	.8		; no empty slot
   942                                  
   943                                  ; empty slot found SI is already incremented
   944 0000001D 8954FE                  .3:	mov	[si-2],dx	;set device code
   945 00000020 8006110002              	add	byte [equip_flag+1], 1<<(9-8)	; increment at bit 9
   946 00000025 EB03                    	jmp	.9		; AX is already zero
   947                                  
   948 00000027 B88E00                  .8:	mov	ax,0x8E		;
   949 0000002A 5A595E1F                .9:	popm	DX,CX,SI,DS
   950 0000002E C3                      	ret
