Module: M:\development\Vintage\80386EX SBC\SBC386\BIOS\CPRINTF.C
GROUP: 'DGROUP' CONST,CONST2,_DATA

File contains no line numbers.
Segment: _TEXT PARA USE16 00000322 bytes
0000                          _cprintf:
0000    56                        push        si 
0001    57                        push        di 
0002    55                        push        bp 
0003    89 E5                     mov         bp,sp 
0005    83 EC 1E                  sub         sp,0x001e 
0008    C6 46 FC 07               mov         byte ptr -0x4[bp],0x07 
000C    8D 5E 0C                  lea         bx,0xc[bp] 
000F    8C 56 F0                  mov         word ptr -0x10[bp],ss 
0012    31 F6                     xor         si,si 
0014    89 5E EE                  mov         word ptr -0x12[bp],bx 
0017                          L$1:
0017    C4 5E 08                  les         bx,dword ptr 0x8[bp] 
001A    FF 46 08                  inc         word ptr 0x8[bp] 
001D    26 0F B6 1F               movzx       bx,byte ptr es:[bx] 
0021    85 DB                     test        bx,bx 
0023    0F 84 4E 02               je          L$41 
0027    46                        inc         si 
0028    83 FB 25                  cmp         bx,0x0025 
002B    74 1B                     je          L$3 
002D    83 FB 0A                  cmp         bx,0x000a 
0030    75 0A                     jne         L$2 
0032    0F B6 56 FC               movzx       dx,byte ptr -0x4[bp] 
0036    B8 0D 00                  mov         ax,0x000d 
0039    E8 00 00                  call        VIDEO_putchar_ 
003C                          L$2:
003C    0F B6 56 FC               movzx       dx,byte ptr -0x4[bp] 
0040    0F B6 C3                  movzx       ax,bl 
0043    E8 00 00                  call        VIDEO_putchar_ 
0046    EB CF                     jmp         L$1 
0048                          L$3:
0048    B8 01 00                  mov         ax,0x0001 
004B    8B 5E 08                  mov         bx,word ptr 0x8[bp] 
004E    31 C9                     xor         cx,cx 
0050    26 8A 17                  mov         dl,byte ptr es:[bx] 
0053    31 FF                     xor         di,di 
0055    88 56 FE                  mov         byte ptr -0x2[bp],dl 
0058    80 FA 2D                  cmp         dl,0x2d 
005B    74 6E                     je          L$12 
005D                          L$4:
005D    8E 46 0A                  mov         es,word ptr 0xa[bp] 
0060                          L$5:
0060    8B 5E 08                  mov         bx,word ptr 0x8[bp] 
0063    FF 46 08                  inc         word ptr 0x8[bp] 
0066    26 0F B6 1F               movzx       bx,byte ptr es:[bx] 
006A    83 FB 30                  cmp         bx,0x0030 
006D    7D 61                     jge         L$13 
006F                          L$6:
006F    83 FB 2E                  cmp         bx,0x002e 
0072    75 12                     jne         L$8 
0074    8E 46 0A                  mov         es,word ptr 0xa[bp] 
0077                          L$7:
0077    8B 5E 08                  mov         bx,word ptr 0x8[bp] 
007A    FF 46 08                  inc         word ptr 0x8[bp] 
007D    26 0F B6 1F               movzx       bx,byte ptr es:[bx] 
0081    83 FB 30                  cmp         bx,0x0030 
0084    7D 59                     jge         L$14 
0086                          L$8:
0086    80 7E FE 2D               cmp         byte ptr -0x2[bp],0x2d 
008A    75 62                     jne         L$15 
008C    F7 D9                     neg         cx 
008E                          L$9:
008E    85 DB                     test        bx,bx 
0090    0F 84 E1 01               je          L$41 
0094    8B 56 08                  mov         dx,word ptr 0x8[bp] 
0097    42                        inc         dx 
0098    83 FB 68                  cmp         bx,0x0068 
009B    75 5D                     jne         L$16 
009D    C4 5E 08                  les         bx,dword ptr 0x8[bp] 
00A0    89 D0                     mov         ax,dx 
00A2    89 56 08                  mov         word ptr 0x8[bp],dx 
00A5    31 D0                     xor         ax,dx 
00A7                          L$10:
00A7    26 0F B6 1F               movzx       bx,byte ptr es:[bx] 
00AB                          L$11:
00AB    83 FB 64                  cmp         bx,0x0064 
00AE    73 5A                     jae         L$17 
00B0    83 FB 63                  cmp         bx,0x0063 
00B3    0F 84 96 01               je          L$38 
00B7    83 FB 61                  cmp         bx,0x0061 
00BA    0F 85 07 01               jne         L$28 
00BE    85 C9                     test        cx,cx 
00C0    0F 85 9F 01               jne         L$39 
00C4    C6 46 FC 07               mov         byte ptr -0x4[bp],0x07 
00C8    E9 4C FF                  jmp         L$1 
00CB                          L$12:
00CB    01 46 08                  add         word ptr 0x8[bp],ax 
00CE    EB 8D                     jmp         L$4 
00D0                          L$13:
00D0    83 FB 39                  cmp         bx,0x0039 
00D3    7F 9A                     jg          L$6 
00D5    6B C9 0A                  imul        cx,0x000a 
00D8    83 EB 30                  sub         bx,0x0030 
00DB    01 D9                     add         cx,bx 
00DD    EB 81                     jmp         L$5 
00DF                          L$14:
00DF    83 FB 39                  cmp         bx,0x0039 
00E2    7F A2                     jg          L$8 
00E4    6B FF 0A                  imul        di,0x000a 
00E7    83 EB 30                  sub         bx,0x0030 
00EA    01 DF                     add         di,bx 
00EC    EB 89                     jmp         L$7 
00EE                          L$15:
00EE    80 7E FE 30               cmp         byte ptr -0x2[bp],0x30 
00F2    74 9A                     je          L$9 
00F4    C6 46 FE 20               mov         byte ptr -0x2[bp],0x20 
00F8    EB 94                     jmp         L$9 
00FA                          L$16:
00FA    83 FB 6C                  cmp         bx,0x006c 
00FD    75 AC                     jne         L$11 
00FF    C4 5E 08                  les         bx,dword ptr 0x8[bp] 
0102    89 56 08                  mov         word ptr 0x8[bp],dx 
0105    B8 02 00                  mov         ax,0x0002 
0108    EB 9D                     jmp         L$10 
010A                          L$17:
010A    77 67                     ja          L$23 
010C    C7 46 F6 F6 FF            mov         word ptr -0xa[bp],0xfff6 
0111                          L$18:
0111    8B 5E EE                  mov         bx,word ptr -0x12[bp] 
0114    8B 56 F0                  mov         dx,word ptr -0x10[bp] 
0117    83 C3 02                  add         bx,0x0002 
011A    89 56 F4                  mov         word ptr -0xc[bp],dx 
011D    3D 02 00                  cmp         ax,0x0002 
0120    0F 83 B3 00               jae         L$30 
0124    8E C2                     mov         es,dx 
0126    26 8B 47 FE               mov         ax,word ptr es:-0x2[bx] 
012A    89 5E EE                  mov         word ptr -0x12[bp],bx 
012D    99                        cwd         
012E                          L$19:
012E    8C 56 F2                  mov         word ptr -0xe[bp],ss 
0131    FF 76 F2                  push        word ptr -0xe[bp] 
0134    8D 5E E2                  lea         bx,-0x1e[bp] 
0137    53                        push        bx 
0138    8B 5E F6                  mov         bx,word ptr -0xa[bp] 
013B    E8 00 00                  call        __numout_ 
013E    89 46 F8                  mov         word ptr -0x8[bp],ax 
0141    89 56 FA                  mov         word ptr -0x6[bp],dx 
0144                          L$20:
0144    8B 46 F8                  mov         ax,word ptr -0x8[bp] 
0147    8B 56 FA                  mov         dx,word ptr -0x6[bp] 
014A    4E                        dec         si 
014B    E8 00 00                  call        strlen_ 
014E    89 C3                     mov         bx,ax 
0150    85 FF                     test        di,di 
0152    75 02                     jne         L$21 
0154    89 C7                     mov         di,ax 
0156                          L$21:
0156    85 C9                     test        cx,cx 
0158    0F 8E D1 00               jle         L$36 
015C    29 D9                     sub         cx,bx 
015E                          L$22:
015E    85 C9                     test        cx,cx 
0160    0F 8E AA 00               jle         L$33 
0164    0F B6 56 FC               movzx       dx,byte ptr -0x4[bp] 
0168    0F B6 46 FE               movzx       ax,byte ptr -0x2[bp] 
016C    E8 00 00                  call        VIDEO_putchar_ 
016F    46                        inc         si 
0170    49                        dec         cx 
0171    EB EB                     jmp         L$22 
0173                          L$23:
0173    89 C2                     mov         dx,ax 
0175    80 CA 04                  or          dl,0x04 
0178    83 FB 73                  cmp         bx,0x0073 
017B    73 0E                     jae         L$24 
017D    83 FB 6F                  cmp         bx,0x006f 
0180    75 48                     jne         L$29 
0182    C7 46 F6 08 00            mov         word ptr -0xa[bp],0x0008 
0187    89 D0                     mov         ax,dx 
0189    EB 86                     jmp         L$18 
018B                          L$24:
018B    77 1A                     ja          L$25 
018D    83 46 EE 04               add         word ptr -0x12[bp],0x0004 
0191    C4 5E EE                  les         bx,dword ptr -0x12[bp] 
0194    26 8B 5F FC               mov         bx,word ptr es:-0x4[bx] 
0198    89 5E F8                  mov         word ptr -0x8[bp],bx 
019B    8B 5E EE                  mov         bx,word ptr -0x12[bp] 
019E    26 8B 47 FE               mov         ax,word ptr es:-0x2[bx] 
01A2    89 46 FA                  mov         word ptr -0x6[bp],ax 
01A5    EB 9D                     jmp         L$20 
01A7                          L$25:
01A7    83 FB 78                  cmp         bx,0x0078 
01AA    75 0A                     jne         L$27 
01AC                          L$26:
01AC    C7 46 F6 10 00            mov         word ptr -0xa[bp],0x0010 
01B1    0C 04                     or          al,0x04 
01B3    E9 5B FF                  jmp         L$18 
01B6                          L$27:
01B6    83 FB 75                  cmp         bx,0x0075 
01B9    75 0F                     jne         L$29 
01BB    C7 46 F6 0A 00            mov         word ptr -0xa[bp],0x000a 
01C0    89 D0                     mov         ax,dx 
01C2    E9 4C FF                  jmp         L$18 
01C5                          L$28:
01C5    83 FB 58                  cmp         bx,0x0058 
01C8    74 E2                     je          L$26 
01CA                          L$29:
01CA    0F B6 56 FC               movzx       dx,byte ptr -0x4[bp] 
01CE    0F B6 C3                  movzx       ax,bl 
01D1    E8 00 00                  call        VIDEO_putchar_ 
01D4    E9 40 FE                  jmp         L$1 
01D7                          L$30:
01D7    89 C2                     mov         dx,ax 
01D9    83 EA 04                  sub         dx,0x0004 
01DC    83 FA 02                  cmp         dx,0x0002 
01DF    73 0F                     jae         L$31 
01E1    8E 46 F4                  mov         es,word ptr -0xc[bp] 
01E4    89 5E EE                  mov         word ptr -0x12[bp],bx 
01E7    31 D2                     xor         dx,dx 
01E9    26 8B 47 FE               mov         ax,word ptr es:-0x2[bx] 
01ED    E9 3E FF                  jmp         L$19 
01F0                          L$31:
01F0    3D 07 00                  cmp         ax,0x0007 
01F3    73 12                     jae         L$32 
01F5    83 46 EE 04               add         word ptr -0x12[bp],0x0004 
01F9    C4 5E EE                  les         bx,dword ptr -0x12[bp] 
01FC    26 8B 47 FC               mov         ax,word ptr es:-0x4[bx] 
0200    26 8B 57 FE               mov         dx,word ptr es:-0x2[bx] 
0204    E9 27 FF                  jmp         L$19 
0207                          L$32:
0207    31 C0                     xor         ax,ax 
0209    31 D2                     xor         dx,dx 
020B    E9 20 FF                  jmp         L$19 
020E                          L$33:
020E    31 C9                     xor         cx,cx 
0210                          L$34:
0210    C4 5E F8                  les         bx,dword ptr -0x8[bp] 
0213    26 80 3F 00               cmp         byte ptr es:[bx],0x00 
0217    75 1C                     jne         L$37 
0219                          L$35:
0219    85 C9                     test        cx,cx 
021B    0F 8E F8 FD               jle         L$1 
021F    0F B6 56 FC               movzx       dx,byte ptr -0x4[bp] 
0223    B8 20 00                  mov         ax,0x0020 
0226    E8 00 00                  call        VIDEO_putchar_ 
0229    46                        inc         si 
022A    49                        dec         cx 
022B    EB EC                     jmp         L$35 
022D                          L$36:
022D    7D E1                     jge         L$34 
022F    F7 D9                     neg         cx 
0231    29 D9                     sub         cx,bx 
0233    EB DB                     jmp         L$34 
0235                          L$37:
0235    89 F8                     mov         ax,di 
0237    4F                        dec         di 
0238    85 C0                     test        ax,ax 
023A    7E DD                     jle         L$35 
023C    0F B6 56 FC               movzx       dx,byte ptr -0x4[bp] 
0240    FF 46 F8                  inc         word ptr -0x8[bp] 
0243    26 0F B6 07               movzx       ax,byte ptr es:[bx] 
0247    46                        inc         si 
0248    E8 00 00                  call        VIDEO_putchar_ 
024B    EB C3                     jmp         L$34 
024D                          L$38:
024D    83 46 EE 02               add         word ptr -0x12[bp],0x0002 
0251    C4 5E EE                  les         bx,dword ptr -0x12[bp] 
0254    0F B6 56 FC               movzx       dx,byte ptr -0x4[bp] 
0258    26 0F B6 47 FE            movzx       ax,byte ptr es:-0x2[bx] 
025D    E8 00 00                  call        VIDEO_putchar_ 
0260    E9 B4 FD                  jmp         L$1 
0263                          L$39:
0263    83 F9 0F                  cmp         cx,0x000f 
0266    7E 07                     jle         L$40 
0268    C6 46 FC 0F               mov         byte ptr -0x4[bp],0x0f 
026C    E9 A8 FD                  jmp         L$1 
026F                          L$40:
026F    88 4E FC                  mov         byte ptr -0x4[bp],cl 
0272    E9 A2 FD                  jmp         L$1 
0275                          L$41:
0275    89 F0                     mov         ax,si 
0277    C9                        leave       
0278    5F                        pop         di 
0279    5E                        pop         si 
027A    C3                        ret         
027B    FC                        cld         
027C                          __numout_:
027C    51                        push        cx 
027D    56                        push        si 
027E    57                        push        di 
027F    55                        push        bp 
0280    89 E5                     mov         bp,sp 
0282    83 EC 0A                  sub         sp,0x000a 
0285    89 D7                     mov         di,dx 
0287    89 5E FC                  mov         word ptr -0x4[bp],bx 
028A    C7 46 FA 00 00            mov         word ptr -0x6[bp],0x0000 
028F    85 DB                     test        bx,bx 
0291    7C 6B                     jl          L$45 
0293                          L$42:
0293    C4 5E 0A                  les         bx,dword ptr 0xa[bp] 
0296    C7 46 FE 0A 00            mov         word ptr -0x2[bp],0x000a 
029B    89 C6                     mov         si,ax 
029D    26 C6 47 0B 00            mov         byte ptr es:0xb[bx],0x00 
02A2    8E 46 0C                  mov         es,word ptr 0xc[bp] 
02A5                          L$43:
02A5    8B 46 FC                  mov         ax,word ptr -0x4[bp] 
02A8    99                        cwd         
02A9    89 46 F6                  mov         word ptr -0xa[bp],ax 
02AC    89 56 F8                  mov         word ptr -0x8[bp],dx 
02AF    8B 5E F6                  mov         bx,word ptr -0xa[bp] 
02B2    8B 4E F8                  mov         cx,word ptr -0x8[bp] 
02B5    89 F0                     mov         ax,si 
02B7    89 FA                     mov         dx,di 
02B9    E8 00 00                  call        __U4D 
02BC    8B 46 FE                  mov         ax,word ptr -0x2[bp] 
02BF    8B 56 0A                  mov         dx,word ptr 0xa[bp] 
02C2    8B 4E F8                  mov         cx,word ptr -0x8[bp] 
02C5    01 C2                     add         dx,ax 
02C7    8A 87 00 00               mov         al,byte ptr _nstring[bx] 
02CB    89 D3                     mov         bx,dx 
02CD    89 FA                     mov         dx,di 
02CF    26 88 07                  mov         byte ptr es:[bx],al 
02D2    8B 5E F6                  mov         bx,word ptr -0xa[bp] 
02D5    89 F0                     mov         ax,si 
02D7    FF 4E FE                  dec         word ptr -0x2[bp] 
02DA    E8 00 00                  call        __U4D 
02DD    89 C6                     mov         si,ax 
02DF    89 D3                     mov         bx,dx 
02E1    89 D7                     mov         di,dx 
02E3    09 C3                     or          bx,ax 
02E5    75 BE                     jne         L$43 
02E7    83 7E FA 00               cmp         word ptr -0x6[bp],0x0000 
02EB    75 26                     jne         L$46 
02ED                          L$44:
02ED    8B 46 FE                  mov         ax,word ptr -0x2[bp] 
02F0    40                        inc         ax 
02F1    8B 56 0C                  mov         dx,word ptr 0xc[bp] 
02F4    03 46 0A                  add         ax,word ptr 0xa[bp] 
02F7    C9                        leave       
02F8    5F                        pop         di 
02F9    5E                        pop         si 
02FA    59                        pop         cx 
02FB    C2 04 00                  ret         0x0004 
02FE                          L$45:
02FE    F7 5E FC                  neg         word ptr -0x4[bp] 
0301    85 D2                     test        dx,dx 
0303    7D 8E                     jge         L$42 
0305    C7 46 FA 01 00            mov         word ptr -0x6[bp],0x0001 
030A    F7 DF                     neg         di 
030C    F7 D8                     neg         ax 
030E    83 DF 00                  sbb         di,0x0000 
0311    EB 80                     jmp         L$42 
0313                          L$46:
0313    8B 5E FE                  mov         bx,word ptr -0x2[bp] 
0316    03 5E 0A                  add         bx,word ptr 0xa[bp] 
0319    FF 4E FE                  dec         word ptr -0x2[bp] 
031C    26 C6 07 2D               mov         byte ptr es:[bx],0x2d 
0320    EB CB                     jmp         L$44 

Routine Size: 802 bytes,    Routine Base: _TEXT + 0000

No disassembly errors

Segment: CONST WORD USE16 00000000 bytes

Segment: CONST2 WORD USE16 00000011 bytes
0000                          _nstring:
0000    30 31 32 33 34 35 36 37 38 39 41 42 43 44 45 46 0123456789ABCDEF
0010    00                                              .

Segment: _DATA WORD USE16 00000000 bytes

