     1                                  ;/*;;;;;;;;;;;;;;;;;;;;;;;;;;;;;;;;;;;;;;;;;;;;;;;;;;;;;;;;;;;;;;;;;;;;;;
     2                                  ; diskide.asm
     3                                  ;;;;;;;;;;;;;;;;;;;;;;;;;;;;;;;;;;;;;;;;;;;;;;;;;;;;;;;;;;;;;;;;;;;;;;;;;
     4                                  ; Copyright (C) 2017,2018 John R. Coffman.  All rights reserved.
     5                                  ; Portions (C) 2018 Dan Werner
     6                                  ;
     7                                  ; Provided for hobbyist use on the RetroBrew SBC-386EX board.
     8                                  ;
     9                                  ; This program is free software: you can redistribute it and/or modify
    10                                  ; it under the terms of the GNU General Public License as published by
    11                                  ; the Free Software Foundation, either version 3 of the License, or
    12                                  ; (at your option) any later version.
    13                                  ;
    14                                  ; This program is distributed in the hope that it will be useful,
    15                                  ; but WITHOUT ANY WARRANTY; without even the implied warranty of
    16                                  ; MERCHANTABILITY or FITNESS FOR A PARTICULAR PURPOSE.  See the
    17                                  ; GNU General Public License for more details.
    18                                  ;
    19                                  ; You should have received a copy of the GNU General Public License
    20                                  ; along with this program in the file COPYING in the topmost source
    21                                  ; directory.  If not, see <http://www.gnu.org/licenses/>.
    22                                  ;
    23                                  ;
    24                                  ; SBC-386 board revisions:
    25                                  ;       SBC386-0   prototype / concept testing
    26                                  ;	SBC-386EX 2.0	production / January 2018
    27                                  ;
    28                                  ; Assembly by NASM 2.08 is preferred
    29                                  ;;;;;;;;;;;;;;;;;;;;;;;;;;;;;;;;;;;;;;;;;;;;;;;;;;;;;;;;;;;;;;;;;;;;;;;;*/
    30                                  ; IDE HARDWARE SPECIFIC VALUES	DEFAULT 01F0h - 01FFh	
    31                                  ;				
    32                                  ;  -  CONTROLLER I/O PORT		
    33                                  ;     > WHEN READ FROM
    34                                  ;	HF_PORT+0 - READ DATA (FROM CONTROLLER TO CPU)	
    35                                  ;	HF_PORT+1 - --
    36                                  ;	HF_PORT+2 - GET SECTOR COUNT		
    37                                  ;	HF_PORT+3 - GET LBA LOW (7:0)
    38                                  ;	HF_PORT+4 - GET LBA MID {15:8)
    39                                  ;	HF_PORT+5 - GET LBA HIGH (23:16)  
    40                                  ;	HF_PORT+6 - GET (1: LBA(1/0) : 1 : MST(0)/SLV(1) : LBA (27 :24)  )
    41                                  ;	HF_PORT+7 - GET STATUS REGISTER		
    42                                  ;				
    43                                  ;     > WHEN WRITTEN TO:		
    44                                  ;	HF_PORT+0 - WRITE DATA (FROM CPU TO CONTROLLER)	
    45                                  ;	HF_PORT+1 - SET FEATURES	
    46                                  ;	HF_PORT+2 - SET SECTOR COUNT		
    47                                  ;	HF_PORT+3 - SET LBA LOW (7:0)
    48                                  ;	HF_PORT+4 - SET LBA MID {15:8)
    49                                  ;	HF_PORT+5 - SET LBA HIGH (23:16)
    50                                  ;	HF_PORT+6 - SET (1: LBA(1/0) : 1 : MST(0)/SLV(1) : LBA (27 :24)  )
    51                                  ;	HF_PORT+7 - SET COMMAND REGISTER		
    52                                  ;				
    53                                  HF_PORT		EQU		01F0h		; DISK PORT
    54                                  IDEDTA		EQU     HF_PORT+0	; DATA PORT (16 BIT)
    55                                  IDEERR		EQU     HF_PORT+1	; READ: ERROR REGISTER; WRITE: PRECOMP
    56                                  IDESECC		EQU     HF_PORT+2	; SECTOR COUNT
    57                                  IDELBAL		EQU     HF_PORT+3	; SECTOR NUMBER
    58                                  IDELBAM		EQU     HF_PORT+4	; CYLINDER LOW
    59                                  IDELBAH		EQU     HF_PORT+5	; CYLINDER HIGH
    60                                  IDEDRV 		EQU     HF_PORT+6	; DRIVE/HEAD
    61                                  IDESTTS		EQU     HF_PORT+7	; READ: STATUS; WRITE: COMMAND
    62                                  IDEALTS		EQU     HF_PORT+14	; ALTERNATE STATUS(Not IBM Compat)
    63                                  IDEADDR		EQU     HF_PORT+15	; DRIVE ADDRESS   (Not IBM Compat)
    64                                  ;
    65                                  ;
    66                                  ; IDE/ATA COMMANDS
    67                                  ;
    68                                  ;
    69                                  IDE_CMD_RECAL		EQU     010h
    70                                  IDE_CMD_PIO_READ    EQU 	020h
    71                                  IDE_CMD_PIO_WRITE   EQU 	030h
    72                                  IDE_CMD_INIT_PARAM  EQU 	091h
    73                                  IDE_CMD_DMA_READ    EQU 	0C8h
    74                                  IDE_CMD_DMA_WRITE   EQU 	0CAh
    75                                  IDE_CMD_SPINDOWN    EQU 	0E0h
    76                                  IDE_CMD_SPINUP      EQU 	0E1h
    77                                  IDE_CMD_IDENT       EQU 	0ECh
    78                                  IDE_CMD_SET_FEATURE EQU 	0EFh
    79                                  
    80                                  
    81                                  %include "seg_def.inc"
    82                              <1> ; SEG_DEF.inc
    83                              <1> ;
    84                              <1> %ifndef SEG_DEF
    85                              <1> %define SEG_DEF 1
    86                              <1> 
    87                              <1> segment CODE	use16	align=16	class=CODE	public
    88                              <1> segment _TEXT	use16 	align=16	class=CODE	public
    89                              <1> 
    90                              <1> segment CONST		align=16	class=DATA	public
    91                              <1> segment CONST2		align=2		class=DATA	public
    92                              <1> segment _DATA		align=16	class=DATA	public
    93                              <1> segment _BSS		align=16	class=DATA	public
    94                              <1> ;group DGROUP CONST2 CONST _DATA _BSS
    95                              <1> 
    96                              <1> group DGROUP CODE _TEXT CONST2 CONST _DATA _BSS
    97                              <1> 
    98                              <1> 
    99                              <1> segment BOOT at 0xFFFF	align=16	class=BOOT	use16
   100                              <1> 
   101                              <1> %define XXX
   102                              <1> %endif
   103                              <1> ;
   104                              <1> ; end SEG_DEF.inc
   105                                  %include "i386EX.inc"
   106                              <1> ;/*;;;;;;;;;;;;;;;;;;;;;;;;;;;;;;;;;;;;;;;;;;;;;;;;;;;;;;;;;;;;;;;;;;;;;;
   107                              <1> ; i386EX.inc  --  register definitions for the Intel 80386EX processor
   108                              <1> ;;;;;;;;;;;;;;;;;;;;;;;;;;;;;;;;;;;;;;;;;;;;;;;;;;;;;;;;;;;;;;;;;;;;;;;;;
   109                              <1> ;
   110                              <1> ; Copyright (C) 2018 John R. Coffman.  All rights reserved.
   111                              <1> ; Provided for hobbyist use on the RetroBrew SBC-386 board.
   112                              <1> ;
   113                              <1> ; This program is free software: you can redistribute it and/or modify
   114                              <1> ; it under the terms of the GNU General Public License as published by
   115                              <1> ; the Free Software Foundation, either version 3 of the License, or
   116                              <1> ; (at your option) any later version.
   117                              <1> ;
   118                              <1> ; This program is distributed in the hope that it will be useful,
   119                              <1> ; but WITHOUT ANY WARRANTY; without even the implied warranty of
   120                              <1> ; MERCHANTABILITY or FITNESS FOR A PARTICULAR PURPOSE.  See the
   121                              <1> ; GNU General Public License for more details.
   122                              <1> ;
   123                              <1> ; You should have received a copy of the GNU General Public License
   124                              <1> ; along with this program in the file COPYING in the topmost source
   125                              <1> ; directory.  If not, see <http://www.gnu.org/licenses/>.
   126                              <1> ;
   127                              <1> ;
   128                              <1> ; SBC-386 board revisions:
   129                              <1> ;       SBC386-0   prototype / concept testing
   130                              <1> ;	SBC386EX 2.0 production board (Jan 2018, not 2017 as labeled)
   131                              <1> ;
   132                              <1> ; Assembly by NASM 2.08 is preferred
   133                              <1> ;;;;;;;;;;;;;;;;;;;;;;;;;;;;;;;;;;;;;;;;;;;;;;;;;;;;;;;;;;;;;;;;;;;;;;;;*/
   134                              <1> 
   135                              <1> ;/* i386EX.inc  --  register definitions for the Intel 80386EX processor
   136                              <1> ;
   137                              <1> %define defb
   138                              <1> %define defw
   139                              <1> %define defd
   140                              <1> ;*/
   141                              <1> 
   142                              <1> ;/* The Address Configuration register
   143                              <1> ;*/
   144                              <1> defb REMAPCFGH  equ     0x0023
   145                              <1> defb REMAPCFGL  equ     0x0022
   146                              <1> defw REMAPCFG   equ     0x0022
   147                              <1> 
   148                              <1> ;/* The A20gate and fast CPU Reset
   149                              <1> ;*/
   150                              <1> defb PORT92     equ     0xF092
   151                              <1> defb PORT92_AT  equ     0x0092
   152                              <1> 
   153                              <1> ; 
   154                              <1> ;/* The DMA Controller and Bus Arbiter
   155                              <1> ;*/
   156                              <1> defb DMA0TAR    equ     0xF000
   157                              <1> defb DMA0TAR_AT equ     0x0000
   158                              <1> defb DMA0BYC    equ     0xF001
   159                              <1> defb DMA0BYC_AT equ     0x0001
   160                              <1> defb DMA1TAR    equ     0xF002
   161                              <1> defb DMA1TAR_AT equ     0x0002
   162                              <1> defb DMA1BYC    equ     0xF003
   163                              <1> defb DMA1BYC_AT equ     0x0003
   164                              <1> defb DMACMD1    equ     0xF008
   165                              <1> defb DMACMD1_AT equ     0x0008
   166                              <1> defb DMASTS     equ     0xF008
   167                              <1> defb DMASTS_AT  equ     0x0008
   168                              <1> defb DMASRR     equ     0xF009
   169                              <1> defb DMASRR_AT  equ     0x0009
   170                              <1> defb DMAMSK     equ     0xF00A
   171                              <1> defb DMAMSK_AT  equ     0x000A
   172                              <1> defb DMAMOD1    equ     0xF00B
   173                              <1> defb DMAMOD1_AT equ     0x000B
   174                              <1> defb DMACLRBP   equ     0xF00C
   175                              <1> defb DMACLRBP_AT equ    0x000C
   176                              <1> defb DMACLR     equ     0xF00D
   177                              <1> defb DMACLR_AT  equ     0x000D
   178                              <1> defb DMACLRMSK  equ     0xF00E
   179                              <1> defb DMACLRMSK_AT equ   0x000E
   180                              <1> defb DMAGRPMSK  equ     0xF00F
   181                              <1> defb DMAGRPMSK_AT equ   0x000F
   182                              <1> defb DMA0REQ0_1 equ     0xF010
   183                              <1> defb DMA0REQ2_3 equ     0xF011
   184                              <1> defb DMA1REQ0_1 equ     0xF012
   185                              <1> defb DMA1REQ2_3 equ     0xF013
   186                              <1> defb DMABSR     equ     0xF018
   187                              <1> defb DMACHR     equ     0xF019
   188                              <1> defb DMAIS      equ     0xF019
   189                              <1> defb DMACMD2    equ     0xF01A
   190                              <1> defb DMAMOD2    equ     0xF01B
   191                              <1> defb DMAIEN     equ     0xF01C
   192                              <1> defb DMAOVFE    equ     0xF01D
   193                              <1> defb DMACLRTC   equ     0xF01E
   194                              <1> ;
   195                              <1> ;/* The DMA Page Registers
   196                              <1> ;*/
   197                              <1> defb DMA1TAR2    equ    0xF083
   198                              <1> defb DMA1TAR2_AT equ    0x0083
   199                              <1> defb DMA1TAR3    equ    0xF085
   200                              <1> defb DMA1TAR3_AT equ    0x0085
   201                              <1> defb DMA0TAR3    equ    0xF086
   202                              <1> defb DMA0TAR3_AT equ    0x0086
   203                              <1> defb DMA0TAR2    equ    0xF087
   204                              <1> defb DMA0TAR2_AT equ    0x0087
   205                              <1> ;
   206                              <1> defb DMA0BYC2   equ     0xF098
   207                              <1> defb DMA1BYC2   equ     0xF099
   208                              <1> 
   209                              <1> ;
   210                              <1> ;/* The Master Interrupt Controller
   211                              <1> ;*/
   212                              <1> defb ICW1M_AT   equ     0x0020
   213                              <1> defb ICW2M_AT   equ     0x0021
   214                              <1> defb ICW3M_AT   equ     0x0021
   215                              <1> defb ICW4M_AT   equ     0x0021
   216                              <1> defb OCW1M_AT   equ     0x0021
   217                              <1> defb OCW2M_AT   equ     0x0020
   218                              <1> defb OCW3M_AT   equ     0x0020
   219                              <1> 
   220                              <1> defb ICW1M      equ     0xF020
   221                              <1> defb ICW2M      equ     0xF021
   222                              <1> defb ICW3M      equ     0xF021
   223                              <1> defb ICW4M      equ     0xF021
   224                              <1> defb OCW1M      equ     0xF021
   225                              <1> defb OCW2M      equ     0xF020
   226                              <1> defb OCW3M      equ     0xF020
   227                              <1> defb IRR_M	equ	0xF020
   228                              <1> 
   229                              <1> ;
   230                              <1> ;/* The Slave Interrupt Controller
   231                              <1> ;*/
   232                              <1> defb ICW1S_AT   equ     0x00A0
   233                              <1> defb ICW2S_AT   equ     0x00A1
   234                              <1> defb ICW3S_AT   equ     0x00A1
   235                              <1> defb ICW4S_AT   equ     0x00A1
   236                              <1> defb OCW1S_AT   equ     0x00A1
   237                              <1> defb OCW2S_AT   equ     0x00A0
   238                              <1> defb OCW3S_AT   equ     0x00A0
   239                              <1> defb IRR_M_AT	equ	0x00A0
   240                              <1> 
   241                              <1> defb ICW1S      equ     0xF0A0
   242                              <1> defb ICW2S      equ     0xF0A1
   243                              <1> defb ICW3S      equ     0xF0A1
   244                              <1> defb ICW4S      equ     0xF0A1
   245                              <1> defb OCW1S      equ     0xF0A1
   246                              <1> defb OCW2S      equ     0xF0A0
   247                              <1> defb OCW3S      equ     0xF0A0
   248                              <1> 
   249                              <1> ;
   250                              <1> ;/* The Timer/Counter Unit
   251                              <1> ;*/
   252                              <1> defb    TMR0    equ     0xF040
   253                              <1> defb    TMR0_AT equ     0x0040
   254                              <1> defb    TMR1    equ     0xF041
   255                              <1> defb    TMR1_AT equ     0x0041
   256                              <1> defb    TMR2    equ     0xF042
   257                              <1> defb    TMR2_AT equ     0x0042
   258                              <1> defb    TMRCON  equ     0xF043
   259                              <1> defb    TMRCON_AT  equ  0x0043
   260                              <1> 
   261                              <1> ;
   262                              <1> ;/* The Chip Select Unit
   263                              <1> ;*/
   264                              <1> defw    CS0ADL  equ     0xF400
   265                              <1> defw    CS0ADH  equ     0xF402
   266                              <1> defw    CS0MSKL equ     0xF404
   267                              <1> defw    CS0MSKH equ     0xF406
   268                              <1> defw    CS1ADL  equ     0xF408
   269                              <1> defw    CS1ADH  equ     0xF40A
   270                              <1> defw    CS1MSKL equ     0xF40C
   271                              <1> defw    CS1MSKH equ     0xF40E
   272                              <1> defw    CS2ADL  equ     0xF410
   273                              <1> defw    CS2ADH  equ     0xF412
   274                              <1> defw    CS2MSKL equ     0xF414
   275                              <1> defw    CS2MSKH equ     0xF416
   276                              <1> defw    CS3ADL  equ     0xF418
   277                              <1> defw    CS3ADH  equ     0xF41A
   278                              <1> defw    CS3MSKL equ     0xF41C
   279                              <1> defw    CS3MSKH equ     0xF41E
   280                              <1> defw    CS4ADL  equ     0xF420
   281                              <1> defw    CS4ADH  equ     0xF422
   282                              <1> defw    CS4MSKL equ     0xF424
   283                              <1> defw    CS4MSKH equ     0xF426
   284                              <1> defw    CS5ADL  equ     0xF428
   285                              <1> defw    CS5ADH  equ     0xF42A
   286                              <1> defw    CS5MSKL equ     0xF42C
   287                              <1> defw    CS5MSKH equ     0xF42E
   288                              <1> defw    CS6ADL  equ     0xF430
   289                              <1> defw    CS6ADH  equ     0xF432
   290                              <1> defw    CS6MSKL equ     0xF434
   291                              <1> defw    CS6MSKH equ     0xF436
   292                              <1> defw    UCSADL  equ     0xF438
   293                              <1> defw    UCSADH  equ     0xF43A
   294                              <1> defw    UCSMSKL equ     0xF43C
   295                              <1> defw    UCSMSKH equ     0xF43E
   296                              <1> 
   297                              <1> ;
   298                              <1> ;/* The Synchronous Serial I/O Unit
   299                              <1> ;*/
   300                              <1> defw    SSIOTBUF equ    0xF480
   301                              <1> defw    SSIORBUF equ    0xF482
   302                              <1> defw    SSIOBAUD equ    0xF484
   303                              <1> defw    SSIOCON1 equ    0xF486
   304                              <1> defw    SSIOCON2 equ    0xF488
   305                              <1> defw    SSIOCTR  equ    0xF48A
   306                              <1> 
   307                              <1> ;
   308                              <1> ;/* The Refresh Control Unit
   309                              <1> ;*/
   310                              <1> defw    RFSBAD  equ     0xF4A0
   311                              <1> defw    RFSCIR  equ     0xF4A2
   312                              <1> defw    RFSCON  equ     0xF4A4
   313                              <1> defw    RFSADD  equ     0xF4A6
   314                              <1> 
   315                              <1> ;
   316                              <1> ;/* The Watchdog Timer Unit
   317                              <1> ;*/
   318                              <1> defw    WDTRLDH equ     0xF4C0
   319                              <1> defw    WDTRLDL equ     0xF4C2
   320                              <1> defw    WDTCNTH equ     0xF4C4
   321                              <1> defw    WDTCNTL equ     0xF4C6
   322                              <1> defw    WDTCLR  equ     0xF4C8
   323                              <1> defb    WDTSTATUS  equ  0xF4CA
   324                              <1> 
   325                              <1> ;
   326                              <1> ;/* Clock Generation and Power Management
   327                              <1> ;*/
   328                              <1> defb    PWRCON  equ     0xF800
   329                              <1> defw    CLKPRS  equ     0xF804
   330                              <1> 
   331                              <1> ;
   332                              <1> ;/* Device Configuration Registers
   333                              <1> ;*/
   334                              <1> defb    P1CFG   equ     0xF820
   335                              <1> defb    P2CFG   equ     0xF822
   336                              <1> defb    P3CFG   equ     0xF824
   337                              <1> defb    PINCFG  equ     0xF826
   338                              <1> defb    DMACFG  equ     0xF830
   339                              <1> defb    INTCFG  equ     0xF832
   340                              <1> defb    TMRCFG  equ     0xF834
   341                              <1> defb    SIOCFG  equ     0xF836
   342                              <1> 
   343                              <1> ;
   344                              <1> ;/* Parallel I/O Ports
   345                              <1> ;*/
   346                              <1> defb    P1PIN   equ     0xF860
   347                              <1> defb    P1LTC   equ     0xF862
   348                              <1> defb    P1DIR   equ     0xF864
   349                              <1> defb    P2PIN   equ     0xF868
   350                              <1> defb    P2LTC   equ     0xF86A
   351                              <1> defb    P2DIR   equ     0xF86C
   352                              <1> defb    P3PIN   equ     0xF870
   353                              <1> defb    P3LTC   equ     0xF872
   354                              <1> defb    P3DIR   equ     0xF874
   355                              <1> 
   356                              <1> 
   357                              <1> ; bits.inc
   358                              <1> ;
   359                              <1> ; assembly language bit definitions
   360                              <1> ;
   361                              <1> defb    BIT0    equ     0x01
   362                              <1> defb    BIT1    equ     0x02
   363                              <1> defb    BIT2    equ     0x04
   364                              <1> defb    BIT3    equ     0x08
   365                              <1> defb    BIT4    equ     0x10
   366                              <1> defb    BIT5    equ     0x20
   367                              <1> defb    BIT6    equ     0x40
   368                              <1> defb    BIT7    equ     0x80
   369                              <1> 
   370                              <1> defw    BIT8    equ     0x0100
   371                              <1> defw    BIT9    equ     0x0200
   372                              <1> defw    BIT10   equ     0x0400
   373                              <1> defw    BIT11   equ     0x0800
   374                              <1> defw    BIT12   equ     0x1000
   375                              <1> defw    BIT13   equ     0x2000
   376                              <1> defw    BIT14   equ     0x4000
   377                              <1> defw    BIT15   equ     0x8000
   378                              <1> 
   379                              <1> defd    BIT16   equ     0x00010000
   380                              <1> defd    BIT31   equ     0x80000000
   381                              <1> 
   382                              <1> defb    ZBIT0    equ     0
   383                              <1> defb    ZBIT1    equ     0
   384                              <1> defb    ZBIT2    equ     0
   385                              <1> defb    ZBIT3    equ     0
   386                              <1> defb    ZBIT4    equ     0
   387                              <1> defb    ZBIT5    equ     0
   388                              <1> defb    ZBIT6    equ     0
   389                              <1> defb    ZBIT7    equ     0
   390                              <1> 
   391                              <1> defw    ZBIT8    equ     0
   392                              <1> defw    ZBIT9    equ     0
   393                              <1> defw    ZBIT10   equ     0
   394                              <1> defw    ZBIT11   equ     0
   395                              <1> defw    ZBIT12   equ     0
   396                              <1> defw    ZBIT13   equ     0
   397                              <1> defw    ZBIT14   equ     0
   398                              <1> defw    ZBIT15   equ     0
   399                              <1> 
   400                              <1> 
   401                              <1> ;
   402                              <1> ;/* Asynchronout Serial I/O channel 0  (COM1)
   403                              <1> ;*/
   404                              <1> defb    RBR0_F4 equ     0xF4F8
   405                              <1> defb    TBR0_F4 equ     0xF4F8
   406                              <1> defb    DLL0_F4 equ     0xF4F8
   407                              <1> defb    DLH0_F4 equ     0xF4F9
   408                              <1> defb    IER0_F4 equ     0xF4F9
   409                              <1> defb    IIR0_F4 equ     0xF4FA
   410                              <1> defb    LCR0_F4 equ     0xF4FB
   411                              <1> defb    MCR0_F4 equ     0xF4FC
   412                              <1> defb    LSR0_F4 equ     0xF4FD
   413                              <1> defb    MSR0_F4 equ     0xF4FE
   414                              <1> defb    SCR0_F4 equ     0xF4FF
   415                              <1> 
   416                              <1> defb    RBR0    equ     0x03F8
   417                              <1> defb    TBR0    equ     0x03F8
   418                              <1> defb    DLL0    equ     0x03F8
   419                              <1> defb    DLH0    equ     0x03F9
   420                              <1> defb    IER0    equ     0x03F9
   421                              <1> defb    IIR0    equ     0x03FA
   422                              <1> defb    LCR0    equ     0x03FB
   423                              <1> defb    MCR0    equ     0x03FC
   424                              <1> defb    LSR0    equ     0x03FD
   425                              <1> defb    MSR0    equ     0x03FE
   426                              <1> defb    SCR0    equ     0x03FF
   427                              <1> 
   428                              <1> ;
   429                              <1> ;/* Asynchronout Serial I/O channel 1  (COM2)
   430                              <1> ;*/
   431                              <1> defb    RBR1_F8 equ     0xF8F8
   432                              <1> defb    TBR1_F8 equ     0xF8F8
   433                              <1> defb    DLL1_F8 equ     0xF8F8
   434                              <1> defb    DLH1_F8 equ     0xF8F9
   435                              <1> defb    IER1_F8 equ     0xF8F9
   436                              <1> defb    IIR1_F8 equ     0xF8FA
   437                              <1> defb    LCR1_F8 equ     0xF8FB
   438                              <1> defb    MCR1_F8 equ     0xF8FC
   439                              <1> defb    LSR1_F8 equ     0xF8FD
   440                              <1> defb    MSR1_F8 equ     0xF8FE
   441                              <1> defb    SCR1_F8 equ     0xF8FF
   442                              <1> 
   443                              <1> defb    RBR1    equ     0x02F8
   444                              <1> defb    TBR1    equ     0x02F8
   445                              <1> defb    DLL1    equ     0x02F8
   446                              <1> defb    DLH1    equ     0x02F9
   447                              <1> defb    IER1    equ     0x02F9
   448                              <1> defb    IIR1    equ     0x02FA
   449                              <1> defb    LCR1    equ     0x02FB
   450                              <1> defb    MCR1    equ     0x02FC
   451                              <1> defb    LSR1    equ     0x02FD
   452                              <1> defb    MSR1    equ     0x02FE
   453                              <1> defb    SCR1    equ     0x02FF
   454                              <1> 
   455                              <1> ;/* LSRx bits
   456                              <1> ;*/
   457                              <1> defb    LSR_TE  equ     BIT6
   458                              <1> defb    LSR_TBE equ     BIT5
   459                              <1> defb    LSR_BI  equ     BIT4
   460                              <1> defb    LSR_FE  equ     BIT3
   461                              <1> defb    LSR_PE  equ     BIT2
   462                              <1> defb    LSR_OE  equ     BIT1
   463                              <1> defb    LSR_RBF equ     BIT0
   464                              <1> 
   465                              <1> ;/* Bits in CR0
   466                              <1> ;*/
   467                              <1> defb    CR0_PE  equ     BIT0
   468                              <1> defb    CR0_MP  equ     BIT1
   469                              <1> defb    CR0_EM  equ     BIT2
   470                              <1> defb    CR0_TS  equ     BIT3
   471                              <1> defd    CR0_WP  equ     BIT16
   472                              <1> defd    CR0_PG  equ     BIT31
   473                              <1> 
   474                              <1> ;/* Some ASCII character codes
   475                              <1> ;*/
   476                              <1> defb    ASCII_NUL       equ     0x00
   477                              <1> defb    ASCII_BS        equ     0x08
   478                              <1> defb    ASCII_HT        equ     0x09
   479                              <1> defb    ASCII_LF        equ     0x0A
   480                              <1> defb    ASCII_NL        equ     0x0A
   481                              <1> defb    ASCII_FF        equ     0x0C
   482                              <1> defb    ASCII_CR        equ     0x0D
   483                              <1> defb	ASCII_ESC	equ	0x1B
   484                              <1> defb    ASCII_SP        equ     0x20
   485                              <1> defb    ASCII_DEL       equ     0x7F
   486                              <1> defb	ASCII_RUB	equ	0xFF
   487                              <1> 
   488                              <1> 
   489                              <1> ;/* End of i386EX.inc */
   490                                  %include "macro.inc"
   491                              <1> ;;;;;;;;;;;;;;;;;;;;;;;;;;;;;;;;;;;;;;;;;;;;;;;;;;;;;;;;;;;;;;;;;;;;;;;;;
   492                              <1> ;
   493                              <1> ; some useful macros:
   494                              <1> ;
   495                              <1> ;;;;;;;;;;;;;;;;;;;;;;;;;;;;;;;;;;;;;;;;;;;;;;;;;;;;;;;;;;;;;;;;;;;;;;;;;
   496                              <1> ;
   497                              <1> ;
   498                              <1> ; format of the BYTE initialization table:  address, byte
   499                              <1> ;
   500                              <1> %imacro  binit 2
   501                              <1>         dw      %1
   502                              <1>         db      %2
   503                              <1> %endmacro
   504                              <1> ; end with DW -1
   505                              <1> 
   506                              <1> ;
   507                              <1> ; format of the WORD initialization table:  address, word
   508                              <1> ;
   509                              <1> %imacro  winit 2
   510                              <1>         dw      %1
   511                              <1>         dw      %2
   512                              <1> %endmacro
   513                              <1> ; end with DW -1
   514                              <1> 
   515                              <1> 
   516                              <1> ; get the BIOS Data Area segment pointer to a [segment] register
   517                              <1> %imacro get_bda	1.nolist
   518                              <1> 	push	0x0040
   519                              <1> 	pop	%1
   520                              <1> %endm
   521                              <1> 
   522                              <1> 
   523                              <1> ; get the Location 0 (Interrupt Descriptor Table) pointer to a register
   524                              <1> %imacro	get_loc0 1.nolist
   525                              <1> 	push	0x0000
   526                              <1> 	pop	%1
   527                              <1> %endm
   528                              <1> 
   529                              <1> 
   530                              <1> 
   531                              <1> %imacro setloc  1.nolist
   532                              <1>  times   (%1-($-$$)) db 0FFh
   533                              <1> %endm
   534                              <1> 
   535                              <1> %imacro db_lo   1
   536                              <1>  db (%1)&255
   537                              <1> %endm
   538                              <1> 
   539                              <1> %imacro cnop    0.nolist
   540                              <1> %ifdef SOFT_DEBUG
   541                              <1> %if SOFT_DEBUG
   542                              <1>         nop
   543                              <1> %endif
   544                              <1> %endif
   545                              <1> %endm
   546                              <1> 
   547                              <1> %imacro popm 1-*.nolist
   548                              <1> %rep %0
   549                              <1> %ifidni %1,ALL
   550                              <1>  popa
   551                              <1> %elifidni %1,F
   552                              <1>  popf
   553                              <1> %else
   554                              <1>  pop %1
   555                              <1> %ifidni %1,DS
   556                              <1>  cnop
   557                              <1> %elifidni %1,ES
   558                              <1>  cnop
   559                              <1> %endif
   560                              <1> %endif
   561                              <1> %rotate 1
   562                              <1> %endrep
   563                              <1> %endm
   564                              <1> 
   565                              <1> %imacro pushm 1-*.nolist
   566                              <1> %rep %0
   567                              <1> %rotate -1
   568                              <1> %ifidni %1,ALL
   569                              <1>  pusha
   570                              <1> %elifidni %1,F
   571                              <1>  pushf
   572                              <1> %else
   573                              <1>  push %1
   574                              <1> %endif
   575                              <1> %endrep
   576                              <1> %endm
   577                              <1> 
   578                              <1> %imacro descr_linear_data 2-3.nolist	; address, size [, E]  E!=0 means expand down
   579                              <1> %assign __size__ (%2-1)	| 0xFF
   580                              <1> %if (__size__ <= 0xFFFF)
   581                              <1> %assign __gran__ 0
   582                              <1> %else
   583                              <1> %assign __gran__ 0xC0			; G B 0 0
   584                              <1> %endif
   585                              <1> %assign __expand__ 0
   586                              <1> %if %0==3
   587                              <1> %if %3
   588                              <1> %assign __expand__ 4
   589                              <1> %endif
   590                              <1> %endif
   591                              <1> dd (((%1)&0xFFFF)<<16)|(__size__&0xFFFF)
   592                              <1> dd (((%1)>>24)&0xFF)|((__gran__|(__size__>>16)&0x0F)<<16)|((0x93|__expand__)<<8)|(((%1)>>16)&0xFF)
   593                              <1> %endm
   594                              <1> 
   595                              <1> %imacro descr_linear_code 2-3.nolist	; address, size [,C]  C!=0 means conforming
   596                              <1> %assign __size__ (%2-1)	| 0xFF
   597                              <1> %if (__size__ <= 0xFFFF)
   598                              <1> %assign __gran__ 0
   599                              <1> %else
   600                              <1> %assign __gran__ 0xC0			; G D 0 0
   601                              <1> %endif
   602                              <1> %assign __conform__ 0
   603                              <1> %if %0==3
   604                              <1> %if %3
   605                              <1> %assign __conform__ 4
   606                              <1> %endif
   607                              <1> %endif
   608                              <1> dd (((%1)&0xFFFF)<<16)|(__size__&0xFFFF)
   609                              <1> dd (((%1)>>24)&0xFF)|((__gran__|(__size__>>16)&0x0F)<<16)|((0x9B|__conform__)<<8)|(((%1)>>16)&0xFF)
   610                              <1> %endm
   611                              <1> 
   612                              <1> ;/* End of macro.inc */
   613                                  %define XXX
   614                                  %include "bda.inc"
   615                              <1> XXX
   616                              <1> ; bda.h -- definitions of the BIOS Data Area at 0040:0000 (0x400)  */
   617                              <1> %define BDA_segment 0x40
   618                              <1> struc _BDA
   619                              <1> ; first items at 0x40:0	*/
   620 00000000 <res 00000008>      <1> serial_dev	resw	4	; serial port device codes */
   621 00000008 <res 00000008>      <1> parallel_dev	resw	4	; printer port device codes */
   622 00000010 <res 00000002>      <1> equip_flag	resw	1		; int 12h equipment flags */
   623 00000012 <res 00000001>      <1> mfg_test	resb	1		; initialization flags */
   624 00000013 <res 00000002>      <1> memory_size	resw	1	; base memory size in Kilowords (1024) */
   625 00000015 <res 00000001>      <1> mfg_err_flag	resb	1
   626 00000016 <res 00000001>      <1> mfg_err_flag2	resb	1
   627                              <1> ; */
   628                              <1> ; first Keyboard data area */
   629 00000017 <res 00000001>      <1> kbd_flag	resb	1	; shift status &c. */
   630 00000018 <res 00000001>      <1> kbd_flag1	resb	1	;  more  */
   631 00000019 <res 00000001>      <1> alt_input	resb	1	; save alternate kbd entry code */
   632 0000001A <res 00000002>      <1> buffer_head	resw	1
   633 0000001C <res 00000002>      <1> buffer_tail	resw	1
   634                              <1> ; */
   635 0000001E <res 00000020>      <1> kbd_buffer	resw	16	; buffer empty when  head==tail */
   636                              <1> ; */
   637                              <1> ; Diskette data area */
   638 0000003E <res 00000001>      <1> seek_status	resb	1	; drive recalibration status */
   639                              <1> ; bits 3..0 drive must recalibrate before next seek */
   640 0000003F <res 00000001>      <1> motor_status	resb	1	; bits 3..0 motor running */
   641                              <1> ; bit 7 current op is write */
   642 00000040 <res 00000001>      <1> motor_count	resb	1	; timeout counter for motor turn-off */
   643 00000041 <res 00000001>      <1> fd_status	resb	1	; return code status byte */
   644 00000042 <res 00000007>      <1> fd_ctrl_stat	resb	7	; controller return bytes */
   645                              <1> ; */
   646                              <1> ; Video Display data area -- also used for video emulation */
   647 00000049 <res 00000001>      <1> vid_mode	resb	1	; current display mode */
   648 0000004A <res 00000002>      <1> vid_columns	resw	1	; no. of columns on the screen */
   649 0000004C <res 00000002>      <1> vid_buf_len	resw	1	; length of video buffer in bytes */
   650 0000004E <res 00000002>      <1> vid_start	resw	1	; start address of screen regeneration (in vid buf) */
   651 00000050 <res 00000010>      <1> vid_cursor	resw	8	; cursor postition on up to 8 screens */
   652 00000060 <res 00000002>      <1> vid_cursor_mode	resw	1
   653 00000062 <res 00000001>      <1> vid_active_page	resb	1
   654 00000063 <res 00000002>      <1> vid_addr_chip	resw	1	; I/O address for the video chip (6845,EGA,VGA) */
   655 00000065 <res 00000001>      <1> vid_crt_mode	resb	1	; current setting of the 3x8 register ???? */
   656 00000066 <res 00000001>      <1> vid_palette	resb	1	; current color setting / palette  */
   657                              <1> ; */
   658                              <1> ; POST and ROM data */
   659 00000067 <res 00000004>      <1> io_rom_addr	resd	1	; far word to ROM initialization routine */
   660                              <1> %define io_rom_addr_low io_rom_addr
   661                              <1> %define io_rom_addr_seg (io_rom_addr+2)
   662 0000006B <res 00000001>      <1> interrupt_flag	resb	1	; indicates an interrupt occurred */
   663                              <1> ; */
   664                              <1> ; Timer data area  18.206602 hz  = ~54.925 ms  */
   665 0000006C <res 00000002>      <1> timer_count_low	resw	1	; low word of timer count */
   666 0000006E <res 00000002>      <1> timer_count_high	resw	1
   667                              <1> %define timer_count timer_count_low
   668                              <1> ; use timer_count as the double word timer counter */
   669 00000070 <res 00000001>      <1> timer_overflow	resb	1	; timer has rolled over since last read */
   670                              <1> ; */
   671                              <1> ; System & Keboard data area */
   672 00000071 <res 00000001>      <1> kbd_break_flag	resb	1	; bit 7 set if Break key is pressed */
   673 00000072 <res 00000002>      <1> reset_flag	resw	1	; word=0x1234 if Reset is underway (80286) */
   674                              <1> ; */
   675                              <1> ; Fixed (Hard) disk data area */
   676 00000074 <res 00000001>      <1> hd_status	resb	1	; status info for hard disk */
   677                              <1> %define disk_status1 hd_status
   678 00000075 <res 00000001>      <1> hd_number	resb	1	; number of hard disks (for int 13h, fn 8h) */
   679 00000076 <res 00000001>      <1> control_byte	resb	1	; head control ???? */
   680 00000077 <res 00000001>      <1> port_offset	resb	1	; obsolete, maybe ???? */
   681                              <1> ; */
   682                              <1> ; Timeout counters *;
   683 00000078 <res 00000004>      <1> printer_timeout	resb	4
   684 0000007C <res 00000004>      <1> serial_timeout	resb	4	; one byte for each interface */
   685                              <1> ; */
   686                              <1> ; Keyboard additional data area -- buffer location within segment 40h */
   687 00000080 <res 00000002>      <1> buffer_start	resw	1	; offset of keyboard buffer start */
   688 00000082 <res 00000002>      <1> buffer_end	resw	1		; offset of end of kbd buffer */
   689                              <1> ; */
   690                              <1> ; EGA/PGA? data work area (graphic mode?  probably available) */
   691 00000084 <res 00000001>      <1> ega_rows	resb	1		; rows on the active screen (less 1) */
   692 00000085 <res 00000002>      <1> ega_points	resw	1		; bytes per character	*/
   693 00000087 <res 00000001>      <1> ega_info	resb	1		; mode options ???? */
   694 00000088 <res 00000001>      <1> ega_info_3	resb	1		; switch settings */
   695 00000089 <res 00000002>      <1> ega_rsvd	resb	2	; reserved for adapter mfgrs */
   696                              <1> ; */
   697                              <1> ; Disk / Diskette media data */
   698 0000008B <res 00000001>      <1> fd_last_data_rate	resb	1	; last data rate selected */
   699 0000008C <res 00000001>      <1> hd_status_reg	resb	1		; hard disk status register */
   700 0000008D <res 00000001>      <1> hd_error_reg	resb	1		; hard disk error register */
   701 0000008E <res 00000001>      <1> hd_int_flag	resb	1	; HD interrupt flag */
   702 0000008F <res 00000001>      <1> hd_cntrl	resb	1		; HD/FD combo controller bit flag */
   703 00000090 <res 00000002>      <1> hd_media	resb	2	; media state */
   704 00000092 <res 00000002>      <1> hd_op_start	resb	2	; operation start state */
   705 00000094 <res 00000002>      <1> hd_track	resb	2	; HD present cylinder number */
   706                              <1> ; */
   707                              <1> ; Additional Keyboard flags */
   708 00000096 <res 00000001>      <1> kbd_flag3	resb	1	; mode state & type flags */
   709 00000097 <res 00000001>      <1> kbd_flag2	resb	1	; kbd LED flags */
   710                              <1> ; */
   711                              <1> ; Real Time Clock data area */
   712 00000098 <res 00000004>      <1> rtc_user_flag_addr	resd	1	; far address of user's wait flag */
   713 0000009C <res 00000004>      <1> rtc_user_wait_flag	resd	1	; user wait flag */
   714 000000A0 <res 00000001>      <1> rtc_wait_active	resb	1	; 01=busy, 80=posted, 00=post acknowledge */
   715                              <1> ; */
   716                              <1> ; Miscellaneous */
   717 000000A1 <res 00000007>      <1> rsvd_network	resb	7	; reserved for network adapters */
   718 000000A8 <res 00000004>      <1> ptr_ega_save	resd	1		; far pointer to EGA parameter control block */
   719                              <1> ; */
   720                              <1> ;	byte	rsvd_unused[84];	; reserved for 386EX usage */
   721 000000AC <res 00000002>      <1> extended_memory	resw	1	; size of Extended Memory in Kilobytes */
   722                              <1> ; this size is stored in CMOS on the PC/AT */
   723 000000AE <res 00000048>      <1> rsvd_unused	resb	72	; reserved for 386EX usage */
   724 000000F6 <res 00000008>      <1> disk_tab	resb	8  		; hard disk driver table */
   725 000000FE <res 00000002>      <1> floppy_tab	resb	2		; floppy disk driver table */
   726                              <1> ; */
   727 00000100 <res 00000001>      <1> AT_status_byte	resb	1	; at 40:100h, 00500h, Print Screen Status byte */
   728                              <1> ; 00=ready/ok  01=busy  0FF=error	*/
   729                              <1> ; */
   730                              <1> ; Extentsion to BDA during BIOS startup */
   731 00000101 <res 00000001>      <1> SRAM_size	resb	1	; size of SRAM in Kilobytes */
   732 00000102 <res 0000001F>      <1> nvram_info	resb	31	; 31 bytes of NVRAM information (this may move) */
   733 00000121 <res 00000002>      <1> CPU_freq	resw	1	; CPU frequency in kilohertz */
   734                              <1> ; */
   735                              <1> endstruc
   736                                  %undef XXX
   737                                  
   738                                  %define ARG(n) [bp+2+(n)*2]
   739                                  
   740                                  	SEGMENT	_TEXT
   741                                  
   742                                  ; -----------------------------------------------------------------------------	
   743                                  ;  IDE_READ_SECTOR
   744                                  ; -----------------------------------------------------------------------------	
   745                                  ; read a sector, specified by the 4 bytes in "lba",
   746                                  ; Return, acc is zero on success, non-zero for an error
   747                                  ;
   748                                  ;  int IDE_READ_SECTOR(byte master_slave,byte far *buffer, dword sector_start,byte nsectors);
   749                                  ;
   750                                  ;
   751                                  ;-----------------------------------------------------------------------------
   752                                          global  IDE_READ_SECTOR
   753                                          global  IDE_READ_SECTOR_
   754                                  IDE_READ_SECTOR:
   755                                  IDE_READ_SECTOR_:
   756 00000000 52                      		push 	DX
   757 00000001 53                      		push    BX
   758 00000002 51                      		push 	CX
   759 00000003 55                              push    bp
   760 00000004 89E5                            mov     bp,sp
   761 00000006 06                              push 	ES
   762 00000007 57                              push	DI
   763                                  
   764 00000008 E8FA00                  		call	ide_wait_not_busy		; make sure drive is ready
   765 0000000B 7519                    		jnz	.2
   766                                  
   767 0000000D 8A5E0E                          mov     bl,ARG(6) 				; COUNT OF SECTORS 
   768 00000010 88C7                            mov     bh,al	 				; Master/slave INTO BH       
   769 00000012 8B560C                          mov     dx,ARG(5)
   770 00000015 8B460A                          mov     ax,ARG(4)
   771 00000018 E84D01                  		call	wr_lba					; tell it which sector we want
   772                                  
   773 0000001B B020                            mov     al,IDE_CMD_PIO_READ
   774 0000001D BAF701                  		mov		dx,IDESTTS
   775 00000020 EE                      		out		dx,al
   776                                  
   777 00000021 E8F500                  		call	ide_wait_drq			; wait until it's got the data
   778 00000024 7405                    		jz	.3							; NO ERROR, CONTINUE
   779                                  .2
   780 00000026 B8FFFF                     		mov		ax,-1					; MARK ERROR, ABORT
   781 00000029 EB10                    		jmp	.9
   782                                  .3:
   783                                  
   784 0000002B 8B4E0E                          mov     CX,ARG(6) 				; COUNT OF SECTORS 
   785 0000002E 8E4602                          mov     es,ARG(0) 				; high address INTO es	
   786 00000031 8B5E04                          mov     bx,ARG(1)				; low address into bx
   787                                  .4
   788 00000034 E80F01                  		call	read_data				; grab the data
   789 00000037 E2FB                    		loop	.4
   790                                  
   791 00000039 31C0                            xor     ax,ax
   792                                  
   793                                  .9:
   794 0000003B 5F                         		POP 	DI 
   795 0000003C 07                         		POP 	ES 
   796 0000003D C9                              leave
   797 0000003E 59                              pop 	CX
   798 0000003F 5B                              pop 	BX
   799 00000040 5A                              pop 	DX
   800 00000041 C3                              ret
   801                                  
   802                                  
   803                                  ; -----------------------------------------------------------------------------	
   804                                  ;  IDE_WRITE_SECTOR
   805                                  ; -----------------------------------------------------------------------------	
   806                                  ; write a sector, specified by the 4 bytes in "lba",
   807                                  ; Return, acc is zero on success, non-zero for an error
   808                                  ;
   809                                  ;  int IDE_WRITE_SECTOR(byte master_slave,byte far *buffer, dword sector_start,byte nsectors);
   810                                  ;
   811                                  ;
   812                                  ;-----------------------------------------------------------------------------
   813                                          global  IDE_WRITE_SECTOR
   814                                          global  IDE_WRITE_SECTOR_
   815                                  IDE_WRITE_SECTOR:
   816                                  IDE_WRITE_SECTOR_:
   817 00000042 52                      		push 	DX
   818 00000043 53                      		push    BX
   819 00000044 51                      		push 	CX
   820 00000045 55                              push    bp
   821 00000046 89E5                            mov     bp,sp
   822 00000048 1E                              push 	DS
   823 00000049 56                              push	SI
   824                                  
   825 0000004A E8B800                  		call	ide_wait_not_busy		; make sure drive is ready
   826 0000004D 7519                    		jnz	.2
   827                                  
   828 0000004F 8A5E0E                          mov     bl,ARG(6) 				; COUNT OF SECTORS 
   829 00000052 88C7                            mov     bh,al	 				; Master/slave INTO BH       
   830 00000054 8B560C                          mov     dx,ARG(5)
   831 00000057 8B460A                          mov     ax,ARG(4)
   832 0000005A E80B01                  		call	wr_lba					; tell it which sector we want
   833                                  
   834 0000005D B030                            mov     al,IDE_CMD_PIO_WRITE
   835 0000005F BAF701                  		mov		dx,IDESTTS
   836 00000062 EE                      		out		dx,al
   837                                  
   838 00000063 E8B300                  		call	ide_wait_drq			; wait until it wants the data
   839 00000066 7405                    		jz	.3							; NO ERROR, CONTINUE
   840                                  .2
   841 00000068 B8FFFF                     		mov		ax,-1					; MARK ERROR, ABORT
   842 0000006B EB10                    		jmp	.9
   843                                  .3:
   844                                  
   845 0000006D 8B4E0E                          mov     CX,ARG(6) 				; COUNT OF SECTORS 
   846 00000070 8E5E02                          mov     ds,ARG(0) 				; high address INTO ds
   847 00000073 8B5E04                          mov     bx,ARG(1)				; low address into bx
   848                                  .4
   849 00000076 E8DE00                  		call	write_data				; send the data
   850 00000079 E2FB                    		loop	.4
   851                                  
   852 0000007B 31C0                            xor     ax,ax
   853                                  
   854                                  .9:
   855 0000007D 5E                         		POP 	SI 
   856 0000007E 1F                         		POP 	DS 
   857 0000007F C9                              leave
   858 00000080 59                              pop 	CX
   859 00000081 5B                              pop 	BX
   860 00000082 5A                              pop 	DX
   861 00000083 C3                              ret
   862                                  
   863                                  
   864                                  ; -----------------------------------------------------------------------------	
   865                                  ; IDE_READ_ID
   866                                  ; -----------------------------------------------------------------------------	
   867                                  ; Read the 512 byte ID information from the attached drive
   868                                  ;
   869                                  ;  int DIDE_READ_ID(byte master_slave, byte far *buffer);
   870                                  ;
   871                                  ;
   872                                  ;-----------------------------------------------------------------------------
   873                                  		global	IDE_READ_ID
   874                                  		global	IDE_READ_ID_
   875                                  IDE_READ_ID:
   876                                  IDE_READ_ID_:
   877 00000084 52                      		push 	DX
   878 00000085 53                      		push    BX
   879 00000086 51                      		push 	CX
   880 00000087 55                              push    bp
   881 00000088 89E5                            mov     bp,sp
   882 0000008A 06                              push 	ES
   883 0000008B 57                              push	DI
   884                                  
   885                                  
   886 0000008C E87600                  		call	ide_wait_not_busy		; make sure drive is ready
   887 0000008F 7518                    		jnz	.2
   888                                  
   889 00000091 B300                            mov     bl,0	 				; COUNT OF SECTORS TO READ INTO BL
   890 00000093 88C7                            mov     bh,al 					; Master/slave INTO BH
   891 00000095 B80000                          mov     ax,0
   892 00000098 BA0000                          mov     dx,0
   893 0000009B E8CA00                  		call	wr_lba					; tell it which sector we want
   894                                  
   895                                  ; GET DRIVE IDENT
   896 0000009E B0EC                    		mov	al,IDE_CMD_IDENT
   897 000000A0 BAF701                  		mov	dx,IDESTTS
   898 000000A3 EE                      		out	dx,al
   899                                  
   900 000000A4 E87200                  		call	ide_wait_drq			;wait until it's got the data
   901 000000A7 7405                    		jz	.3
   902                                  .2
   903 000000A9 B8FFFF                     		mov		ax,-1					; MARK ERROR, ABORT
   904 000000AC EB0B                    		jmp	.9
   905                                  .3:
   906                                  
   907 000000AE 8E4602                          mov     es,ARG(0) 				; high address INTO ax	
   908 000000B1 8B5E04                          mov     bx,ARG(1)				; low address into bx
   909 000000B4 E87800                  		call	read_dataBE				; grab the data
   910                                  
   911 000000B7 31C0                            xor     ax,ax
   912                                  
   913                                  .9:
   914 000000B9 5F                         		POP 	DI 
   915 000000BA 07                         		POP 	ES 
   916 000000BB C9                              leave
   917 000000BC 59                              pop 	CX
   918 000000BD 5B                              pop 	BX
   919 000000BE 5A                              pop 	DX
   920 000000BF C3                              ret
   921                                  
   922                                  
   923                                  
   924                                  ; -----------------------------------------------------------------------------	
   925                                  ;  IDE_INITIALIZE
   926                                  ; -----------------------------------------------------------------------------	
   927                                  ; IDE INITIALIZE DRIVE FOR OPERATION
   928                                  ;
   929                                  ;  int IDE_INITIALIZE(byte master_slave);
   930                                  ;
   931                                  ;
   932                                  ;-----------------------------------------------------------------------------
   933                                   		global 	IDE_INITIALIZE
   934                                   		global 	IDE_INITIALIZE_
   935                                  IDE_INITIALIZE:
   936                                  IDE_INITIALIZE_:
   937 000000C0 5152500653                      pushm   bx,es,ax,dx,cx
   938 000000C5 55                              push    bp
   939 000000C6 89E5                            mov     bp,sp
   940 000000C8 575306                          pushm   es,bx,di
   941                                  
   942                                  
   943                                  
   944 000000CB E83700                  		call	ide_wait_not_busy		; make sure drive is ready
   945 000000CE 7524                    		jnz	.2
   946                                  
   947 000000D0 B300                            mov     bl,0	 				; COUNT OF SECTORS TO READ INTO BL
   948 000000D2 8A7E02                          mov     bh,ARG(0) 				; Master/slave INTO BH
   949 000000D5 B80000                          mov     ax,0
   950 000000D8 BA0000                          mov     dx,0
   951 000000DB E88A00                  		call	wr_lba					; tell it which sector we want
   952                                  
   953                                  ; SET 8-BIT MODE
   954 000000DE E82400                  	  	call	ide_wait_not_busy		;make sure drive is ready
   955 000000E1 7511                    		jnz	.2
   956                                  
   957 000000E3 B001                    		mov	al,01h  
   958 000000E5 BAF101                  		mov	dx,IDEERR
   959 000000E8 EE                      		out	dx,al
   960 000000E9 B0EF                    		mov	al,IDE_CMD_SET_FEATURE
   961 000000EB BAF701                  		mov	dx,IDESTTS
   962 000000EE EE                      		out	dx,al
   963 000000EF E81300                  		call	ide_wait_not_busy		;make sure drive is ready
   964 000000F2 7405                    		jz	.3
   965                                  .2
   966 000000F4 B8FFFF                  		mov		ax,-1					; MARK ERROR, ABORT
   967 000000F7 EB02                    		jmp	.9
   968                                  .3
   969 000000F9 31C0                            xor     ax,ax
   970                                  .9
   971 000000FB 075B5F                          popm    es,bx,di
   972 000000FE C9                              leave
   973 000000FF 5B07585A59                      popm    bx,es,ax,dx,cx
   974 00000104 C3                      		ret
   975                                  
   976                                  
   977                                  
   978                                  
   979                                  ;------------------------------------------------------------------------------
   980                                  ; IDE INTERNAL SUBROUTINES 
   981                                  ;------------------------------------------------------------------------------
   982                                  ;-----------------------------------------------------------------------------
   983                                  ;  Wait for RDY to be set
   984                                  ;
   985                                  ;  Exit with:
   986                                  ;       AL contains status
   987                                  ;       All other registers preserved
   988                                  ;
   989                                  ;------------------------------------------------------------------------------
   990                                  ide_wait_not_busy:
   991 00000105 515253                          pushm   bx,dx,cx
   992 00000108 B9FFFF                  		mov	cx,0FFFFh
   993                                  .1:
   994 0000010B BAF701                  		mov	dx,IDESTTS
   995 0000010E EC                      		in	al,dx
   996                                  
   997 0000010F 2480                            and     al,10000000b
   998 00000111 E0F8                    		loopnz	.1
   999                                  
  1000 00000113 08C0                    		or	al,al
  1001 00000115 5B5A59                          popm    bx,dx,cx
  1002 00000118 C3                      		ret
  1003                                  ;------------------------------------------------------------------------------
  1004                                  ; Wait for the drive to be ready to transfer data (DRQ = data request)
  1005                                  ; Returns the drive's status in Acc
  1006                                  ;
  1007                                  ;  Exit with:
  1008                                  ;       AL contains status
  1009                                  ;       All other registers preserved
  1010                                  ;------------------------------------------------------------------------------
  1011                                  ide_wait_drq:
  1012 00000119 515253                          pushm   bx,dx,cx
  1013 0000011C B9FFFF                  		mov	cx,0FFFFh
  1014                                  .1:
  1015 0000011F BAF701                     		mov	dx,IDESTTS
  1016 00000122 EC                      		in	al,dx
  1017                                  
  1018 00000123 2488                            and     al,10001000b		; Mask off Busy(7) and DRQ(3)
  1019 00000125 3408                            xor     al,00001000b		; We want Busy(7) to be 0 and DRQ (3) to be 1
  1020                                  
  1021 00000127 E0F6                    		loopnz	.1
  1022                                  
  1023 00000129 08C0                    		or	al,al
  1024 0000012B 5B5A59                          popm    bx,dx,cx
  1025 0000012E C3                      	ret
  1026                                  ;------------------------------------------------------------------------------
  1027                                  ; Read a sector of 512 bytes into memory at ES:[BX]
  1028                                  ;
  1029                                  ;  Call with:
  1030                                  ;       ES:BX -- pointer to the data block
  1031                                  ;
  1032                                  ;  Exit with:
  1033                                  ;       AX and DX are destroyed; other registers preserved
  1034                                  ;
  1035                                  ; "BE" version is for ide id information
  1036                                  ;-----------------------------------------------------------------------------
  1037                                  read_dataBE:
  1038 0000012F 5153                        pushm   bx,cx
  1039 00000131 BAF001                  	mov		dx,IDEDTA
  1040                                  
  1041 00000134 87FB                        xchg    di,bx
  1042                                  
  1043 00000136 B90001                  	mov     cx,256          ; sector size in words
  1044                                  rdblk2BE:
  1045 00000139 EC                      	in	al,dx
  1046 0000013A 88C4                    	mov ah,al
  1047 0000013C EC                      	in	al,dx
  1048 0000013D AA                      	stosb
  1049 0000013E 88E0                    	mov al,ah
  1050 00000140 AA                      	stosb
  1051 00000141 E2F6                        loop    rdblk2BE
  1052 00000143 5B59                        popm    bx,cx
  1053 00000145 C3                      	ret
  1054                                  
  1055                                  read_data:
  1056 00000146 51                          pushm   cx
  1057 00000147 BAF001                  	mov		dx,IDEDTA
  1058 0000014A 87FB                        xchg    di,bx
  1059 0000014C B90002                  	mov     cx,512          ; sector size in words
  1060                                  rdblk2:
  1061 0000014F EC                      	in	al,dx
  1062 00000150 AA                      	stosb
  1063 00000151 E2FC                        loop    rdblk2
  1064 00000153 87FB                        xchg    di,bx
  1065 00000155 59                          popm    cx
  1066 00000156 C3                      	ret
  1067                                  
  1068                                  ;------------------------------------------------------------------------------
  1069                                  ; Write a sector of 512 bytes from memory at ES:[BX]
  1070                                  ;
  1071                                  ;  Call with:
  1072                                  ;       ES:BX -- pointer to the data block
  1073                                  ;
  1074                                  ;  Exit with:
  1075                                  ;       AX and DX are destroyed; other registers preserved
  1076                                  ;
  1077                                  ;-----------------------------------------------------------------------------
  1078                                  write_data:
  1079 00000157 51                          pushm   cx
  1080 00000158 BAF001                  	mov		dx,IDEDTA
  1081 0000015B 87F3                        xchg    si,bx
  1082 0000015D B90002                  	mov     cx,512          ; sector size in words
  1083                                  wtblk2:
  1084 00000160 AC                      	lodsb	     		
  1085 00000161 EE                      	out	dx,al
  1086 00000162 E2FC                        loop    wtblk2
  1087 00000164 87F3                        xchg    si,bx
  1088 00000166 59                          popm    cx
  1089 00000167 C3                      	ret
  1090                                  
  1091                                  
  1092                                  
  1093                                  ;-----------------------------------------------------------------------------
  1094                                  ; write the logical block address to the drive's registers
  1095                                  ;
  1096                                  ;  Call with:
  1097                                  ;       DX:AX = logical block address
  1098                                  ;		BH = Master/Slave selection in bit 4
  1099                                  ;       BL = Sector read count
  1100                                  ;
  1101                                  ;  Exit with:
  1102                                  ;       AX, BX, DX are destroyed
  1103                                  ;
  1104                                  ;-----------------------------------------------------------------------------
  1105                                  wr_lba:
  1106 00000168 51                      		push 	cx
  1107 00000169 50                              push    ax
  1108 0000016A 52                              push    dx
  1109 0000016B 89D9                            mov 	CX,BX
  1110                                  
  1111 0000016D B010                            mov     al,10h          ; Master/Slave mask
  1112 0000016F 20E8                            and     al,ch           ; mask bit
  1113 00000171 88F3                            mov     bl,dh           ; high order
  1114 00000173 80E30F                          and     bl,00Fh
  1115 00000176 80CBE0                          or      bl,0E0h         ; mark as LBA
  1116                                  
  1117 00000179 08D8                    		or		al,bl
  1118 0000017B BAF601                  		mov		dx,IDEDRV
  1119 0000017E EE                      		out		dx,al			; DRV
  1120                                  	
  1121 0000017F 5B                              pop     bx              ; get DL to BL
  1122                                  
  1123 00000180 88D8                    		mov		al,bl
  1124 00000182 4A                      		dec		dx
  1125 00000183 EE                      		out		dx,al			; LBA - H
  1126                                  
  1127 00000184 5B                              pop     bx
  1128                                  
  1129 00000185 88F8                    		mov		al,bh
  1130 00000187 4A                      		dec		dx
  1131 00000188 EE                      		out		dx,al			; LBA - M
  1132                                  	
  1133 00000189 88D8                    		mov		al,bl
  1134 0000018B 4A                      		dec		dx
  1135 0000018C EE                      		out		dx,al			; LBA - L
  1136                                  	
  1137 0000018D 88C8                    		mov		al,cl
  1138 0000018F 4A                      		dec		dx
  1139 00000190 EE                      		out		dx,al 			; SET SECTOR COUNT
  1140                                  	
  1141 00000191 59                      		POP 	CX
  1142 00000192 C3                      		ret
