Module: M:\development\Vintage\80386EX SBC\SBC386\BIOS\MAIN.C
GROUP: 'DGROUP' CONST,CONST2,_DATA

File contains no line numbers.
Segment: _TEXT BYTE USE16 00000104 bytes
0000                          _main__:
0000    53                        push        bx 
0001    51                        push        cx 
0002    52                        push        dx 
0003    55                        push        bp 
0004    89 E5                     mov         bp,sp 
0006    83 EC 02                  sub         sp,0x0002 
0009    50                        push        ax 
000A    B8 F8 03                  mov         ax,0x03f8 
000D    E8 00 00                  call        install_SIO0_ 
0010    85 C0                     test        ax,ax 
0012    74 05                     je          L$2 
0014                          L$1:
0014    C9                        leave       
0015    5A                        pop         dx 
0016    59                        pop         cx 
0017    5B                        pop         bx 
0018    C3                        ret         
0019                          L$2:
0019    E8 00 00                  call        unmask_interrupt_ 
001C    E8 00 00                  call        pr_lic_ 
001F    1E                        push        ds 
0020    68 00 00                  push        offset DGROUP:L$5 
0023    E8 00 00                  call        _cprintf 
0026    83 C4 04                  add         sp,0x0004 
0029    F6 46 FC 01               test        byte ptr -0x4[bp],0x01 
002D    74 0A                     je          L$3 
002F    1E                        push        ds 
0030    68 9B 00                  push        offset DGROUP:L$6 
0033    E8 00 00                  call        _cprintf 
0036    83 C4 04                  add         sp,0x0004 
0039                          L$3:
0039    F6 46 FC 02               test        byte ptr -0x4[bp],0x02 
003D    74 0A                     je          L$4 
003F    1E                        push        ds 
0040    68 BD 00                  push        offset DGROUP:L$7 
0043    E8 00 00                  call        _cprintf 
0046    83 C4 04                  add         sp,0x0004 
0049                          L$4:
0049    1E                        push        ds 
004A    68 D4 00                  push        offset DGROUP:L$8 
004D    E8 00 00                  call        _cprintf 
0050    83 C4 04                  add         sp,0x0004 
0053    6A 41                     push        0x0041 
0055    1E                        push        ds 
0056    68 EC 00                  push        offset DGROUP:L$9 
0059    E8 00 00                  call        _cprintf 
005C    83 C4 06                  add         sp,0x0006 
005F    1E                        push        ds 
0060    68 00 01                  push        offset DGROUP:L$10 
0063    1E                        push        ds 
0064    68 06 01                  push        offset DGROUP:L$11 
0067    E8 00 00                  call        _cprintf 
006A    83 C4 08                  add         sp,0x0008 
006D    6A 63                     push        0x0063 
006F    1E                        push        ds 
0070    68 19 01                  push        offset DGROUP:L$12 
0073    E8 00 00                  call        _cprintf 
0076    83 C4 06                  add         sp,0x0006 
0079    68 4C 01                  push        0x014c 
007C    1E                        push        ds 
007D    68 2D 01                  push        offset DGROUP:L$13 
0080    E8 00 00                  call        _cprintf 
0083    83 C4 06                  add         sp,0x0006 
0086    6A E0                     push        0xffe0 
0088    1E                        push        ds 
0089    68 45 01                  push        offset DGROUP:L$14 
008C    E8 00 00                  call        _cprintf 
008F    83 C4 06                  add         sp,0x0006 
0092    6A E0                     push        0xffe0 
0094    1E                        push        ds 
0095    68 5B 01                  push        offset DGROUP:L$15 
0098    E8 00 00                  call        _cprintf 
009B    83 C4 06                  add         sp,0x0006 
009E    6A 0F                     push        0x000f 
00A0    68 3F 42                  push        0x423f 
00A3    1E                        push        ds 
00A4    68 75 01                  push        offset DGROUP:L$16 
00A7    E8 00 00                  call        _cprintf 
00AA    83 C4 08                  add         sp,0x0008 
00AD    6A F0                     push        0xfff0 
00AF    68 89 BE                  push        0xbe89 
00B2    1E                        push        ds 
00B3    68 8D 01                  push        offset DGROUP:L$17 
00B6    E8 00 00                  call        _cprintf 
00B9    A1 00 00                  mov         ax,word ptr _bda_ptr 
00BC    83 C4 08                  add         sp,0x0008 
00BF    89 46 FE                  mov         word ptr -0x2[bp],ax 
00C2    A1 02 00                  mov         ax,word ptr _bda_ptr+0x2 
00C5    50                        push        ax 
00C6    FF 76 FE                  push        word ptr -0x2[bp] 
00C9    1E                        push        ds 
00CA    68 A6 01                  push        offset DGROUP:L$18 
00CD    E8 00 00                  call        _cprintf 
00D0    A1 00 00                  mov         ax,word ptr _bda_ptr 
00D3    83 C4 08                  add         sp,0x0008 
00D6    89 46 FE                  mov         word ptr -0x2[bp],ax 
00D9    A1 02 00                  mov         ax,word ptr _bda_ptr+0x2 
00DC    50                        push        ax 
00DD    FF 76 FE                  push        word ptr -0x2[bp] 
00E0    6A 0F                     push        0x000f 
00E2    68 3F 42                  push        0x423f 
00E5    6A E0                     push        0xffe0 
00E7    6A E0                     push        0xffe0 
00E9    68 4C 01                  push        0x014c 
00EC    6A 63                     push        0x0063 
00EE    1E                        push        ds 
00EF    68 00 01                  push        offset DGROUP:L$10 
00F2    6A 41                     push        0x0041 
00F4    1E                        push        ds 
00F5    68 C2 01                  push        offset DGROUP:L$19 
00F8    E8 00 00                  call        _cprintf 
00FB    B8 08 00                  mov         ax,0x0008 
00FE    83 C4 1A                  add         sp,0x001a 
0101    E9 10 FF                  jmp         L$1 

Routine Size: 260 bytes,    Routine Base: _TEXT + 0000

No disassembly errors

Segment: CONST WORD USE16 000001E5 bytes
0000                          L$5:
0000    0A 0A 54 68 65 20 6F 75 74 70 75 74 20 72 6F 75 ..The output rou
0010    74 69 6E 65 20 22 63 70 72 69 6E 74 66 22 20 69 tine "cprintf" i
0020    73 20 6E 6F 77 20 61 74 74 61 63 68 65 64 20 74 s now attached t
0030    6F 20 53 49 4F 30 0A 62 79 20 61 20 64 69 72 65 o SIO0.by a dire
0040    63 74 20 63 6F 6E 6E 65 63 74 69 6F 6E 20 6F 66 ct connection of
0050    20 56 49 44 45 4F 5F 70 75 74 63 68 61 72 20 74  VIDEO_putchar t
0060    6F 20 74 68 65 20 49 4E 54 20 31 34 68 20 77 72 o the INT 14h wr
0070    69 74 65 0A 63 61 6C 6C 2E 20 20 56 49 44 45 4F ite.call.  VIDEO
0080    5F 70 75 74 63 68 61 72 20 69 73 20 69 6E 20 53 _putchar is in S
0090    54 55 42 2E 41 53 4D 2E 0A 0A 00                TUB.ASM....
009B                          L$6:
009B    54 68 65 20 4E 56 52 41 4D 20 63 68 65 63 6B 73 The NVRAM checks
00AB    75 6D 20 69 73 20 6E 6F 74 20 76 61 6C 69 64 2E um is not valid.
00BB    0A 00                                           ..
00BD                          L$7:
00BD    54 68 65 20 63 6C 6F 63 6B 20 69 73 20 73 74 6F The clock is sto
00CD    70 70 65 64 2E 0A 00                            pped...
00D4                          L$8:
00D4    0A 20 20 20 20 54 65 73 74 69 6E 67 20 43 50 52 .    Testing CPR
00E4    49 4E 54 46 2E 43 0A 00                         INTF.C..
00EC                          L$9:
00EC    43 68 61 72 20 70 72 69 6E 74 3A 20 20 41 2D 3E Char print:  A->
00FC    25 63 0A 00                                     %c..
0100                          L$10:
0100    68 65 6C 6C 6F 00                               hello.
0106                          L$11:
0106    53 74 72 69 6E 67 3A 20 68 65 6C 6C 6F 2D 3E 25 String: hello->%
0116    73 0A 00                                        s..
0119                          L$12:
0119    69 6E 74 20 70 72 69 6E 74 3A 20 20 39 39 2D 3E int print:  99->
0129    25 64 0A 00                                     %d..
012D                          L$13:
012D    73 68 6F 72 74 20 70 72 69 6E 74 3A 20 20 33 33 short print:  33
013D    32 2D 3E 25 68 64 0A 00                         2->%hd..
0145                          L$14:
0145    69 6E 74 20 70 72 69 6E 74 3A 20 20 2D 33 32 20 int print:  -32 
0155    3D 20 25 64 0A 00                               = %d..
015B                          L$15:
015B    68 65 78 20 70 72 69 6E 74 3A 20 20 2D 33 32 3D hex print:  -32=
016B    46 46 45 30 2D 3E 25 78 0A 00                   FFE0->%x..
0175                          L$16:
0175    6C 6F 6E 67 20 69 6E 74 3A 20 20 39 39 39 39 39 long int:  99999
0185    39 2D 3E 25 6C 64 0A 00                         9->%ld..
018D                          L$17:
018D    6C 6F 6E 67 20 69 6E 74 3A 20 20 2D 39 39 39 37 long int:  -9997
019D    39 39 2D 3E 25 6C 64 0A 00                      99->%ld..
01A6                          L$18:
01A6    68 65 78 20 6C 6F 6E 67 3A 20 20 30 30 34 30 30 hex long:  00400
01B6    30 30 30 2D 3E 25 30 38 6C 78 0A 00             000->%08lx..
01C2                          L$19:
01C2    61 6C 6C 3A 20 25 63 20 25 73 20 25 64 20 25 68 all: %c %s %d %h
01D2    64 20 25 64 20 25 78 20 25 6C 64 20 25 30 38 6C d %d %x %ld %08l
01E2    78 0A 00                                        x..

Segment: CONST2 WORD USE16 00000011 bytes
0000    05 00 06 00 07 00 08 00 6E 6F 3F 65 3F 6D 3F 73 ........no?e?m?s
0010    00                                              .

Segment: _DATA WORD USE16 00000000 bytes

