Module: M:\development\Vintage\80386EX SBC\SBC386\BIOS\SIGNON.C
GROUP: 'DGROUP' CONST,CONST2,_DATA

File contains no line numbers.
Segment: _TEXT BYTE USE16 0000004E bytes
0000                          pr_lic_:
0000    53                        push        bx 
0001    51                        push        cx 
0002    52                        push        dx 
0003    56                        push        si 
0004    57                        push        di 
0005    55                        push        bp 
0006    89 E5                     mov         bp,sp 
0008    83 EC 0A                  sub         sp,0x000a 
000B    B8 08 00                  mov         ax,0x0008 
000E    BE F5 FF                  mov         si,0xfff5 
0011    B9 00 F0                  mov         cx,0xf000 
0014    8C D2                     mov         dx,ss 
0016    8D 7E F6                  lea         di,-0xa[bp] 
0019    8E C2                     mov         es,dx 
001B    1E                        push        ds 
001C    57                        push        di 
001D    91                        xchg        ax,cx 
001E    8E D8                     mov         ds,ax 
0020    D1 E9                     shr         cx,0x01 
0022    F3 A5                     rep movsw   
0024    13 C9                     adc         cx,cx 
0026    F3 A4                     rep movsb   
0028    5F                        pop         di 
0029    1F                        pop         ds 
002A    1E                        push        ds 
002B    68 00 00                  push        offset _license 
002E    C6 46 FE 00               mov         byte ptr -0x2[bp],0x00 
0032    E8 00 00                  call        _cprintf 
0035    83 C4 04                  add         sp,0x0004 
0038    16                        push        ss 
0039    8D 7E F6                  lea         di,-0xa[bp] 
003C    57                        push        di 
003D    1E                        push        ds 
003E    68 00 00                  push        offset DGROUP:L$1 
0041    E8 00 00                  call        _cprintf 
0044    83 C4 08                  add         sp,0x0008 
0047    C9                        leave       
0048    5F                        pop         di 
0049    5E                        pop         si 
004A    5A                        pop         dx 
004B    59                        pop         cx 
004C    5B                        pop         bx 
004D    C3                        ret         

Routine Size: 78 bytes,    Routine Base: _TEXT + 0000

No disassembly errors

Segment: CONST WORD USE16 0000003C bytes
0000                          L$1:
0000    52 65 6C 65 61 73 65 3A 20 25 73 20 20 20 20 20 Release: %s     
0010    20 20 20 20 20 43 6F 6D 70 69 6C 65 64 3A 20 20      Compiled:  
0020    41 70 72 20 31 35 20 32 30 31 38 20 20 61 74 20 Apr 15 2018  at 
0030    20 31 35 3A 34 38 3A 31 36 0A 0A 00              15:48:16...

Segment: CONST2 WORD USE16 00000312 bytes
0000                          _license:
0000    0A 43 6F 70 79 72 69 67 68 74 20 28 43 29 20 32 .Copyright (C) 2
0010    30 31 38 20 4A 6F 68 6E 20 52 2E 20 43 6F 66 66 018 John R. Coff
0020    6D 61 6E 2E 20 20 41 6C 6C 20 72 69 67 68 74 73 man.  All rights
0030    20 72 65 73 65 72 76 65 64 2E 0A 50 72 6F 76 69  reserved..Provi
0040    64 65 64 20 66 6F 72 20 68 6F 62 62 79 69 73 74 ded for hobbyist
0050    20 75 73 65 20 6F 6E 20 74 68 65 20 52 65 74 72  use on the Retr
0060    6F 42 72 65 77 20 53 42 43 2D 33 38 36 45 58 20 oBrew SBC-386EX 
0070    62 6F 61 72 64 2E 0A 0A 54 68 69 73 20 70 72 6F board...This pro
0080    67 72 61 6D 20 69 73 20 66 72 65 65 20 73 6F 66 gram is free sof
0090    74 77 61 72 65 3A 20 79 6F 75 20 63 61 6E 20 72 tware: you can r
00A0    65 64 69 73 74 72 69 62 75 74 65 20 69 74 20 61 edistribute it a
00B0    6E 64 2F 6F 72 20 6D 6F 64 69 66 79 0A 69 74 20 nd/or modify.it 
00C0    75 6E 64 65 72 20 74 68 65 20 74 65 72 6D 73 20 under the terms 
00D0    6F 66 20 74 68 65 20 47 4E 55 20 47 65 6E 65 72 of the GNU Gener
00E0    61 6C 20 50 75 62 6C 69 63 20 4C 69 63 65 6E 73 al Public Licens
00F0    65 20 61 73 20 70 75 62 6C 69 73 68 65 64 20 62 e as published b
0100    79 0A 74 68 65 20 46 72 65 65 20 53 6F 66 74 77 y.the Free Softw
0110    61 72 65 20 46 6F 75 6E 64 61 74 69 6F 6E 2C 20 are Foundation, 
0120    65 69 74 68 65 72 20 76 65 72 73 69 6F 6E 20 33 either version 3
0130    20 6F 66 20 74 68 65 20 4C 69 63 65 6E 73 65 2C  of the License,
0140    20 6F 72 0A 28 61 74 20 79 6F 75 72 20 6F 70 74  or.(at your opt
0150    69 6F 6E 29 20 61 6E 79 20 6C 61 74 65 72 20 76 ion) any later v
0160    65 72 73 69 6F 6E 2E 0A 0A 54 68 69 73 20 70 72 ersion...This pr
0170    6F 67 72 61 6D 20 69 73 20 64 69 73 74 72 69 62 ogram is distrib
0180    75 74 65 64 20 69 6E 20 74 68 65 20 68 6F 70 65 uted in the hope
0190    20 74 68 61 74 20 69 74 20 77 69 6C 6C 20 62 65  that it will be
01A0    20 75 73 65 66 75 6C 2C 0A 62 75 74 20 57 49 54  useful,.but WIT
01B0    48 4F 55 54 20 41 4E 59 20 57 41 52 52 41 4E 54 HOUT ANY WARRANT
01C0    59 3B 20 77 69 74 68 6F 75 74 20 65 76 65 6E 20 Y; without even 
01D0    74 68 65 20 69 6D 70 6C 69 65 64 20 77 61 72 72 the implied warr
01E0    61 6E 74 79 20 6F 66 0A 4D 45 52 43 48 41 4E 54 anty of.MERCHANT
01F0    41 42 49 4C 49 54 59 20 6F 72 20 46 49 54 4E 45 ABILITY or FITNE
0200    53 53 20 46 4F 52 20 41 20 50 41 52 54 49 43 55 SS FOR A PARTICU
0210    4C 41 52 20 50 55 52 50 4F 53 45 2E 20 20 53 65 LAR PURPOSE.  Se
0220    65 20 74 68 65 0A 47 4E 55 20 47 65 6E 65 72 61 e the.GNU Genera
0230    6C 20 50 75 62 6C 69 63 20 4C 69 63 65 6E 73 65 l Public License
0240    20 66 6F 72 20 6D 6F 72 65 20 64 65 74 61 69 6C  for more detail
0250    73 2E 0A 0A 59 6F 75 20 73 68 6F 75 6C 64 20 68 s...You should h
0260    61 76 65 20 72 65 63 65 69 76 65 64 20 61 20 63 ave received a c
0270    6F 70 79 20 6F 66 20 74 68 65 20 47 4E 55 20 47 opy of the GNU G
0280    65 6E 65 72 61 6C 20 50 75 62 6C 69 63 20 4C 69 eneral Public Li
0290    63 65 6E 73 65 0A 61 6C 6F 6E 67 20 77 69 74 68 cense.along with
02A0    20 74 68 69 73 20 70 72 6F 67 72 61 6D 20 69 6E  this program in
02B0    20 74 68 65 20 66 69 6C 65 20 43 4F 50 59 49 4E  the file COPYIN
02C0    47 20 69 6E 20 74 68 65 20 74 6F 70 6D 6F 73 74 G in the topmost
02D0    20 73 6F 75 72 63 65 0A 64 69 72 65 63 74 6F 72  source.director
02E0    79 2E 20 20 49 66 20 6E 6F 74 2C 20 73 65 65 20 y.  If not, see 
02F0    3C 68 74 74 70 3A 2F 2F 77 77 77 2E 67 6E 75 2E <http://www.gnu.
0300    6F 72 67 2F 6C 69 63 65 6E 73 65 73 2F 3E 2E 0A org/licenses/>..
0310    0A 00                                           ..

Segment: _DATA WORD USE16 00000000 bytes

