     1                                  ;;;;;;;;;;;;;;;;;;;;;;;;;;;;;;;;;;;;;;;;;;;;;;;;;;;;;;;;;;;;;;;;;;;;;;;;;;;;;
     2                                  ; stub.asm -- quiet the linker on all the undefineds
     3                                  ;;;;;;;;;;;;;;;;;;;;;;;;;;;;;;;;;;;;;;;;;;;;;;;;;;;;;;;;;;;;;;;;;;;;;;;;;;;;;
     4                                  ;
     5                                  ; Copyright (C) 2018 John R. Coffman.  All rights reserved.
     6                                  ; Provided for hobbyist use on the RetroBrew SBC-386EX board.
     7                                  ;
     8                                  ; This program is free software: you can redistribute it and/or modify
     9                                  ; it under the terms of the GNU General Public License as published by
    10                                  ; the Free Software Foundation, either version 3 of the License, or
    11                                  ; (at your option) any later version.
    12                                  ;
    13                                  ; This program is distributed in the hope that it will be useful,
    14                                  ; but WITHOUT ANY WARRANTY; without even the implied warranty of
    15                                  ; MERCHANTABILITY or FITNESS FOR A PARTICULAR PURPOSE.  See the
    16                                  ; GNU General Public License for more details.
    17                                  ;
    18                                  ; You should have received a copy of the GNU General Public License
    19                                  ; along with this program in the file COPYING in the topmost source
    20                                  ; directory.  If not, see <http://www.gnu.org/licenses/>.
    21                                  ;
    22                                  ;
    23                                  ; SBC-386 board revisions:
    24                                  ;       SBC386-0   prototype / concept testing
    25                                  ;	SBC-386EX 2.0	production / January 2017
    26                                  ;
    27                                  ; Assembly by NASM 2.08 is preferred
    28                                  ;;;;;;;;;;;;;;;;;;;;;;;;;;;;;;;;;;;;;;;;;;;;;;;;;;;;;;;;;;;;;;;;;;;;;;;;;;;;;
    29                                  %include "seg_def.inc"
    30                              <1> ; SEG_DEF.inc
    31                              <1> ;
    32                              <1> %ifndef SEG_DEF
    33                              <1> %define SEG_DEF 1
    34                              <1> 
    35                              <1> segment CODE	use16	align=16	class=CODE	public
    36                              <1> segment _TEXT	use16 	align=16	class=CODE	public
    37                              <1> 
    38                              <1> segment CONST		align=16	class=DATA	public
    39                              <1> segment CONST2		align=2		class=DATA	public
    40                              <1> segment _DATA		align=16	class=DATA	public
    41                              <1> segment _BSS		align=16	class=DATA	public
    42                              <1> ;group DGROUP CONST2 CONST _DATA _BSS
    43                              <1> 
    44                              <1> group DGROUP CODE _TEXT CONST2 CONST _DATA _BSS
    45                              <1> 
    46                              <1> 
    47                              <1> segment BOOT at 0xFFFF	align=16	class=BOOT	use16
    48                              <1> 
    49                              <1> %define XXX
    50                              <1> %endif
    51                              <1> ;
    52                              <1> ; end SEG_DEF.inc
    53                                  %include "i386EX.inc"
    54                              <1> ;/*;;;;;;;;;;;;;;;;;;;;;;;;;;;;;;;;;;;;;;;;;;;;;;;;;;;;;;;;;;;;;;;;;;;;;;
    55                              <1> ; i386EX.inc  --  register definitions for the Intel 80386EX processor
    56                              <1> ;;;;;;;;;;;;;;;;;;;;;;;;;;;;;;;;;;;;;;;;;;;;;;;;;;;;;;;;;;;;;;;;;;;;;;;;;
    57                              <1> ;
    58                              <1> ; Copyright (C) 2018 John R. Coffman.  All rights reserved.
    59                              <1> ; Provided for hobbyist use on the RetroBrew SBC-386 board.
    60                              <1> ;
    61                              <1> ; This program is free software: you can redistribute it and/or modify
    62                              <1> ; it under the terms of the GNU General Public License as published by
    63                              <1> ; the Free Software Foundation, either version 3 of the License, or
    64                              <1> ; (at your option) any later version.
    65                              <1> ;
    66                              <1> ; This program is distributed in the hope that it will be useful,
    67                              <1> ; but WITHOUT ANY WARRANTY; without even the implied warranty of
    68                              <1> ; MERCHANTABILITY or FITNESS FOR A PARTICULAR PURPOSE.  See the
    69                              <1> ; GNU General Public License for more details.
    70                              <1> ;
    71                              <1> ; You should have received a copy of the GNU General Public License
    72                              <1> ; along with this program in the file COPYING in the topmost source
    73                              <1> ; directory.  If not, see <http://www.gnu.org/licenses/>.
    74                              <1> ;
    75                              <1> ;
    76                              <1> ; SBC-386 board revisions:
    77                              <1> ;       SBC386-0   prototype / concept testing
    78                              <1> ;	SBC386EX 2.0 production board (Jan 2018, not 2017 as labeled)
    79                              <1> ;
    80                              <1> ; Assembly by NASM 2.08 is preferred
    81                              <1> ;;;;;;;;;;;;;;;;;;;;;;;;;;;;;;;;;;;;;;;;;;;;;;;;;;;;;;;;;;;;;;;;;;;;;;;;*/
    82                              <1> 
    83                              <1> ;/* i386EX.inc  --  register definitions for the Intel 80386EX processor
    84                              <1> ;
    85                              <1> %define defb
    86                              <1> %define defw
    87                              <1> %define defd
    88                              <1> ;*/
    89                              <1> 
    90                              <1> ;/* The Address Configuration register
    91                              <1> ;*/
    92                              <1> defb REMAPCFGH  equ     0x0023
    93                              <1> defb REMAPCFGL  equ     0x0022
    94                              <1> defw REMAPCFG   equ     0x0022
    95                              <1> 
    96                              <1> ;/* The A20gate and fast CPU Reset
    97                              <1> ;*/
    98                              <1> defb PORT92     equ     0xF092
    99                              <1> defb PORT92_AT  equ     0x0092
   100                              <1> 
   101                              <1> ; 
   102                              <1> ;/* The DMA Controller and Bus Arbiter
   103                              <1> ;*/
   104                              <1> defb DMA0TAR    equ     0xF000
   105                              <1> defb DMA0TAR_AT equ     0x0000
   106                              <1> defb DMA0BYC    equ     0xF001
   107                              <1> defb DMA0BYC_AT equ     0x0001
   108                              <1> defb DMA1TAR    equ     0xF002
   109                              <1> defb DMA1TAR_AT equ     0x0002
   110                              <1> defb DMA1BYC    equ     0xF003
   111                              <1> defb DMA1BYC_AT equ     0x0003
   112                              <1> defb DMACMD1    equ     0xF008
   113                              <1> defb DMACMD1_AT equ     0x0008
   114                              <1> defb DMASTS     equ     0xF008
   115                              <1> defb DMASTS_AT  equ     0x0008
   116                              <1> defb DMASRR     equ     0xF009
   117                              <1> defb DMASRR_AT  equ     0x0009
   118                              <1> defb DMAMSK     equ     0xF00A
   119                              <1> defb DMAMSK_AT  equ     0x000A
   120                              <1> defb DMAMOD1    equ     0xF00B
   121                              <1> defb DMAMOD1_AT equ     0x000B
   122                              <1> defb DMACLRBP   equ     0xF00C
   123                              <1> defb DMACLRBP_AT equ    0x000C
   124                              <1> defb DMACLR     equ     0xF00D
   125                              <1> defb DMACLR_AT  equ     0x000D
   126                              <1> defb DMACLRMSK  equ     0xF00E
   127                              <1> defb DMACLRMSK_AT equ   0x000E
   128                              <1> defb DMAGRPMSK  equ     0xF00F
   129                              <1> defb DMAGRPMSK_AT equ   0x000F
   130                              <1> defb DMA0REQ0_1 equ     0xF010
   131                              <1> defb DMA0REQ2_3 equ     0xF011
   132                              <1> defb DMA1REQ0_1 equ     0xF012
   133                              <1> defb DMA1REQ2_3 equ     0xF013
   134                              <1> defb DMABSR     equ     0xF018
   135                              <1> defb DMACHR     equ     0xF019
   136                              <1> defb DMAIS      equ     0xF019
   137                              <1> defb DMACMD2    equ     0xF01A
   138                              <1> defb DMAMOD2    equ     0xF01B
   139                              <1> defb DMAIEN     equ     0xF01C
   140                              <1> defb DMAOVFE    equ     0xF01D
   141                              <1> defb DMACLRTC   equ     0xF01E
   142                              <1> ;
   143                              <1> ;/* The DMA Page Registers
   144                              <1> ;*/
   145                              <1> defb DMA1TAR2    equ    0xF083
   146                              <1> defb DMA1TAR2_AT equ    0x0083
   147                              <1> defb DMA1TAR3    equ    0xF085
   148                              <1> defb DMA1TAR3_AT equ    0x0085
   149                              <1> defb DMA0TAR3    equ    0xF086
   150                              <1> defb DMA0TAR3_AT equ    0x0086
   151                              <1> defb DMA0TAR2    equ    0xF087
   152                              <1> defb DMA0TAR2_AT equ    0x0087
   153                              <1> ;
   154                              <1> defb DMA0BYC2   equ     0xF098
   155                              <1> defb DMA1BYC2   equ     0xF099
   156                              <1> 
   157                              <1> ;
   158                              <1> ;/* The Master Interrupt Controller
   159                              <1> ;*/
   160                              <1> defb ICW1M_AT   equ     0x0020
   161                              <1> defb ICW2M_AT   equ     0x0021
   162                              <1> defb ICW3M_AT   equ     0x0021
   163                              <1> defb ICW4M_AT   equ     0x0021
   164                              <1> defb OCW1M_AT   equ     0x0021
   165                              <1> defb OCW2M_AT   equ     0x0020
   166                              <1> defb OCW3M_AT   equ     0x0020
   167                              <1> 
   168                              <1> defb ICW1M      equ     0xF020
   169                              <1> defb ICW2M      equ     0xF021
   170                              <1> defb ICW3M      equ     0xF021
   171                              <1> defb ICW4M      equ     0xF021
   172                              <1> defb OCW1M      equ     0xF021
   173                              <1> defb OCW2M      equ     0xF020
   174                              <1> defb OCW3M      equ     0xF020
   175                              <1> defb IRR_M	equ	0xF020
   176                              <1> 
   177                              <1> ;
   178                              <1> ;/* The Slave Interrupt Controller
   179                              <1> ;*/
   180                              <1> defb ICW1S_AT   equ     0x00A0
   181                              <1> defb ICW2S_AT   equ     0x00A1
   182                              <1> defb ICW3S_AT   equ     0x00A1
   183                              <1> defb ICW4S_AT   equ     0x00A1
   184                              <1> defb OCW1S_AT   equ     0x00A1
   185                              <1> defb OCW2S_AT   equ     0x00A0
   186                              <1> defb OCW3S_AT   equ     0x00A0
   187                              <1> defb IRR_M_AT	equ	0x00A0
   188                              <1> 
   189                              <1> defb ICW1S      equ     0xF0A0
   190                              <1> defb ICW2S      equ     0xF0A1
   191                              <1> defb ICW3S      equ     0xF0A1
   192                              <1> defb ICW4S      equ     0xF0A1
   193                              <1> defb OCW1S      equ     0xF0A1
   194                              <1> defb OCW2S      equ     0xF0A0
   195                              <1> defb OCW3S      equ     0xF0A0
   196                              <1> 
   197                              <1> ;
   198                              <1> ;/* The Timer/Counter Unit
   199                              <1> ;*/
   200                              <1> defb    TMR0    equ     0xF040
   201                              <1> defb    TMR0_AT equ     0x0040
   202                              <1> defb    TMR1    equ     0xF041
   203                              <1> defb    TMR1_AT equ     0x0041
   204                              <1> defb    TMR2    equ     0xF042
   205                              <1> defb    TMR2_AT equ     0x0042
   206                              <1> defb    TMRCON  equ     0xF043
   207                              <1> defb    TMRCON_AT  equ  0x0043
   208                              <1> 
   209                              <1> ;
   210                              <1> ;/* The Chip Select Unit
   211                              <1> ;*/
   212                              <1> defw    CS0ADL  equ     0xF400
   213                              <1> defw    CS0ADH  equ     0xF402
   214                              <1> defw    CS0MSKL equ     0xF404
   215                              <1> defw    CS0MSKH equ     0xF406
   216                              <1> defw    CS1ADL  equ     0xF408
   217                              <1> defw    CS1ADH  equ     0xF40A
   218                              <1> defw    CS1MSKL equ     0xF40C
   219                              <1> defw    CS1MSKH equ     0xF40E
   220                              <1> defw    CS2ADL  equ     0xF410
   221                              <1> defw    CS2ADH  equ     0xF412
   222                              <1> defw    CS2MSKL equ     0xF414
   223                              <1> defw    CS2MSKH equ     0xF416
   224                              <1> defw    CS3ADL  equ     0xF418
   225                              <1> defw    CS3ADH  equ     0xF41A
   226                              <1> defw    CS3MSKL equ     0xF41C
   227                              <1> defw    CS3MSKH equ     0xF41E
   228                              <1> defw    CS4ADL  equ     0xF420
   229                              <1> defw    CS4ADH  equ     0xF422
   230                              <1> defw    CS4MSKL equ     0xF424
   231                              <1> defw    CS4MSKH equ     0xF426
   232                              <1> defw    CS5ADL  equ     0xF428
   233                              <1> defw    CS5ADH  equ     0xF42A
   234                              <1> defw    CS5MSKL equ     0xF42C
   235                              <1> defw    CS5MSKH equ     0xF42E
   236                              <1> defw    CS6ADL  equ     0xF430
   237                              <1> defw    CS6ADH  equ     0xF432
   238                              <1> defw    CS6MSKL equ     0xF434
   239                              <1> defw    CS6MSKH equ     0xF436
   240                              <1> defw    UCSADL  equ     0xF438
   241                              <1> defw    UCSADH  equ     0xF43A
   242                              <1> defw    UCSMSKL equ     0xF43C
   243                              <1> defw    UCSMSKH equ     0xF43E
   244                              <1> 
   245                              <1> ;
   246                              <1> ;/* The Synchronous Serial I/O Unit
   247                              <1> ;*/
   248                              <1> defw    SSIOTBUF equ    0xF480
   249                              <1> defw    SSIORBUF equ    0xF482
   250                              <1> defw    SSIOBAUD equ    0xF484
   251                              <1> defw    SSIOCON1 equ    0xF486
   252                              <1> defw    SSIOCON2 equ    0xF488
   253                              <1> defw    SSIOCTR  equ    0xF48A
   254                              <1> 
   255                              <1> ;
   256                              <1> ;/* The Refresh Control Unit
   257                              <1> ;*/
   258                              <1> defw    RFSBAD  equ     0xF4A0
   259                              <1> defw    RFSCIR  equ     0xF4A2
   260                              <1> defw    RFSCON  equ     0xF4A4
   261                              <1> defw    RFSADD  equ     0xF4A6
   262                              <1> 
   263                              <1> ;
   264                              <1> ;/* The Watchdog Timer Unit
   265                              <1> ;*/
   266                              <1> defw    WDTRLDH equ     0xF4C0
   267                              <1> defw    WDTRLDL equ     0xF4C2
   268                              <1> defw    WDTCNTH equ     0xF4C4
   269                              <1> defw    WDTCNTL equ     0xF4C6
   270                              <1> defw    WDTCLR  equ     0xF4C8
   271                              <1> defb    WDTSTATUS  equ  0xF4CA
   272                              <1> 
   273                              <1> ;
   274                              <1> ;/* Clock Generation and Power Management
   275                              <1> ;*/
   276                              <1> defb    PWRCON  equ     0xF800
   277                              <1> defw    CLKPRS  equ     0xF804
   278                              <1> 
   279                              <1> ;
   280                              <1> ;/* Device Configuration Registers
   281                              <1> ;*/
   282                              <1> defb    P1CFG   equ     0xF820
   283                              <1> defb    P2CFG   equ     0xF822
   284                              <1> defb    P3CFG   equ     0xF824
   285                              <1> defb    PINCFG  equ     0xF826
   286                              <1> defb    DMACFG  equ     0xF830
   287                              <1> defb    INTCFG  equ     0xF832
   288                              <1> defb    TMRCFG  equ     0xF834
   289                              <1> defb    SIOCFG  equ     0xF836
   290                              <1> 
   291                              <1> ;
   292                              <1> ;/* Parallel I/O Ports
   293                              <1> ;*/
   294                              <1> defb    P1PIN   equ     0xF860
   295                              <1> defb    P1LTC   equ     0xF862
   296                              <1> defb    P1DIR   equ     0xF864
   297                              <1> defb    P2PIN   equ     0xF868
   298                              <1> defb    P2LTC   equ     0xF86A
   299                              <1> defb    P2DIR   equ     0xF86C
   300                              <1> defb    P3PIN   equ     0xF870
   301                              <1> defb    P3LTC   equ     0xF872
   302                              <1> defb    P3DIR   equ     0xF874
   303                              <1> 
   304                              <1> 
   305                              <1> ; bits.inc
   306                              <1> ;
   307                              <1> ; assembly language bit definitions
   308                              <1> ;
   309                              <1> defb    BIT0    equ     0x01
   310                              <1> defb    BIT1    equ     0x02
   311                              <1> defb    BIT2    equ     0x04
   312                              <1> defb    BIT3    equ     0x08
   313                              <1> defb    BIT4    equ     0x10
   314                              <1> defb    BIT5    equ     0x20
   315                              <1> defb    BIT6    equ     0x40
   316                              <1> defb    BIT7    equ     0x80
   317                              <1> 
   318                              <1> defw    BIT8    equ     0x0100
   319                              <1> defw    BIT9    equ     0x0200
   320                              <1> defw    BIT10   equ     0x0400
   321                              <1> defw    BIT11   equ     0x0800
   322                              <1> defw    BIT12   equ     0x1000
   323                              <1> defw    BIT13   equ     0x2000
   324                              <1> defw    BIT14   equ     0x4000
   325                              <1> defw    BIT15   equ     0x8000
   326                              <1> 
   327                              <1> defd    BIT16   equ     0x00010000
   328                              <1> defd    BIT31   equ     0x80000000
   329                              <1> 
   330                              <1> defb    ZBIT0    equ     0
   331                              <1> defb    ZBIT1    equ     0
   332                              <1> defb    ZBIT2    equ     0
   333                              <1> defb    ZBIT3    equ     0
   334                              <1> defb    ZBIT4    equ     0
   335                              <1> defb    ZBIT5    equ     0
   336                              <1> defb    ZBIT6    equ     0
   337                              <1> defb    ZBIT7    equ     0
   338                              <1> 
   339                              <1> defw    ZBIT8    equ     0
   340                              <1> defw    ZBIT9    equ     0
   341                              <1> defw    ZBIT10   equ     0
   342                              <1> defw    ZBIT11   equ     0
   343                              <1> defw    ZBIT12   equ     0
   344                              <1> defw    ZBIT13   equ     0
   345                              <1> defw    ZBIT14   equ     0
   346                              <1> defw    ZBIT15   equ     0
   347                              <1> 
   348                              <1> 
   349                              <1> ;
   350                              <1> ;/* Asynchronout Serial I/O channel 0  (COM1)
   351                              <1> ;*/
   352                              <1> defb    RBR0_F4 equ     0xF4F8
   353                              <1> defb    TBR0_F4 equ     0xF4F8
   354                              <1> defb    DLL0_F4 equ     0xF4F8
   355                              <1> defb    DLH0_F4 equ     0xF4F9
   356                              <1> defb    IER0_F4 equ     0xF4F9
   357                              <1> defb    IIR0_F4 equ     0xF4FA
   358                              <1> defb    LCR0_F4 equ     0xF4FB
   359                              <1> defb    MCR0_F4 equ     0xF4FC
   360                              <1> defb    LSR0_F4 equ     0xF4FD
   361                              <1> defb    MSR0_F4 equ     0xF4FE
   362                              <1> defb    SCR0_F4 equ     0xF4FF
   363                              <1> 
   364                              <1> defb    RBR0    equ     0x03F8
   365                              <1> defb    TBR0    equ     0x03F8
   366                              <1> defb    DLL0    equ     0x03F8
   367                              <1> defb    DLH0    equ     0x03F9
   368                              <1> defb    IER0    equ     0x03F9
   369                              <1> defb    IIR0    equ     0x03FA
   370                              <1> defb    LCR0    equ     0x03FB
   371                              <1> defb    MCR0    equ     0x03FC
   372                              <1> defb    LSR0    equ     0x03FD
   373                              <1> defb    MSR0    equ     0x03FE
   374                              <1> defb    SCR0    equ     0x03FF
   375                              <1> 
   376                              <1> ;
   377                              <1> ;/* Asynchronout Serial I/O channel 1  (COM2)
   378                              <1> ;*/
   379                              <1> defb    RBR1_F8 equ     0xF8F8
   380                              <1> defb    TBR1_F8 equ     0xF8F8
   381                              <1> defb    DLL1_F8 equ     0xF8F8
   382                              <1> defb    DLH1_F8 equ     0xF8F9
   383                              <1> defb    IER1_F8 equ     0xF8F9
   384                              <1> defb    IIR1_F8 equ     0xF8FA
   385                              <1> defb    LCR1_F8 equ     0xF8FB
   386                              <1> defb    MCR1_F8 equ     0xF8FC
   387                              <1> defb    LSR1_F8 equ     0xF8FD
   388                              <1> defb    MSR1_F8 equ     0xF8FE
   389                              <1> defb    SCR1_F8 equ     0xF8FF
   390                              <1> 
   391                              <1> defb    RBR1    equ     0x02F8
   392                              <1> defb    TBR1    equ     0x02F8
   393                              <1> defb    DLL1    equ     0x02F8
   394                              <1> defb    DLH1    equ     0x02F9
   395                              <1> defb    IER1    equ     0x02F9
   396                              <1> defb    IIR1    equ     0x02FA
   397                              <1> defb    LCR1    equ     0x02FB
   398                              <1> defb    MCR1    equ     0x02FC
   399                              <1> defb    LSR1    equ     0x02FD
   400                              <1> defb    MSR1    equ     0x02FE
   401                              <1> defb    SCR1    equ     0x02FF
   402                              <1> 
   403                              <1> ;/* LSRx bits
   404                              <1> ;*/
   405                              <1> defb    LSR_TE  equ     BIT6
   406                              <1> defb    LSR_TBE equ     BIT5
   407                              <1> defb    LSR_BI  equ     BIT4
   408                              <1> defb    LSR_FE  equ     BIT3
   409                              <1> defb    LSR_PE  equ     BIT2
   410                              <1> defb    LSR_OE  equ     BIT1
   411                              <1> defb    LSR_RBF equ     BIT0
   412                              <1> 
   413                              <1> ;/* Bits in CR0
   414                              <1> ;*/
   415                              <1> defb    CR0_PE  equ     BIT0
   416                              <1> defb    CR0_MP  equ     BIT1
   417                              <1> defb    CR0_EM  equ     BIT2
   418                              <1> defb    CR0_TS  equ     BIT3
   419                              <1> defd    CR0_WP  equ     BIT16
   420                              <1> defd    CR0_PG  equ     BIT31
   421                              <1> 
   422                              <1> ;/* Some ASCII character codes
   423                              <1> ;*/
   424                              <1> defb    ASCII_NUL       equ     0x00
   425                              <1> defb    ASCII_BS        equ     0x08
   426                              <1> defb    ASCII_HT        equ     0x09
   427                              <1> defb    ASCII_LF        equ     0x0A
   428                              <1> defb    ASCII_NL        equ     0x0A
   429                              <1> defb    ASCII_FF        equ     0x0C
   430                              <1> defb    ASCII_CR        equ     0x0D
   431                              <1> defb	ASCII_ESC	equ	0x1B
   432                              <1> defb    ASCII_SP        equ     0x20
   433                              <1> defb    ASCII_DEL       equ     0x7F
   434                              <1> defb	ASCII_RUB	equ	0xFF
   435                              <1> 
   436                              <1> 
   437                              <1> ;/* End of i386EX.inc */
   438                                  
   439                                  segment	CODE
   440                                  
   441                                  global	int_nop			; filler
   442                                  
   443                                  global	int_zero_divide		; 0
   444                                  global	int_single_step		; 1
   445                                  global	int_NMI_interrupt	; 2
   446                                  global	int_breakpoint		; 3  trap on INT3
   447                                  global	int_overflow		; 4
   448                                  global	int_bounds_check	; 5
   449                                  global	int_invalid_opcode	; 6
   450                                  global	int_FPU_escape		; 7
   451                                  
   452                                  ;;global	int_irq0	; (timer 0)	int_double_fault
   453                                  global	int_irq1	; (keyboard)	int_FPU_seg_overrun
   454                                  global	int_irq2	; (IRQ cascade)	int_invalid_TSS
   455                                  global	int_irq3	;		int_seg_not_present
   456                                  global	int_irq4	; (COM1)	int_stack_fault
   457                                  global	int_irq5	;		int_gen_prot_fault
   458                                  global	int_irq6	; (FDC)		int_page_fault
   459                                  global	int_irq7	;
   460                                  
   461                                  global	clear_irq0	; (timer 0)	int_double_fault
   462                                  global	clear_irq1	; (keyboard)	int_FPU_seg_overrun
   463                                  global	clear_irq2	; (IRQ cascade)	int_invalid_TSS
   464                                  global	clear_irq3	;		int_seg_not_present
   465                                  global	clear_irq4	; (COM1)	int_stack_fault
   466                                  global	clear_irq5	;		int_gen_prot_fault
   467                                  global	clear_irq6	; (FDC)		int_page_fault
   468                                  global	clear_irq7	;
   469                                  
   470                                  global	int_10h		; (video)	int_FPU_error
   471                                  ;;global	int_11h		; (equip. config)  see "11h_12h.asm"
   472                                  ;;global	int_12h		; (conv. memory size)   ditto
   473                                  global	int_13h		; (disk I/O)
   474                                  ;;global	int_14h		; (serial I/O)	see "14h_sio0.asm"
   475                                  ;;global	int_15h		; (cassette I/O + much more)
   476                                  global	int_16h		; (keyboard)
   477                                  global	int_17h		; (parallel port)
   478                                  
   479                                  global	int_18h		; (ROM Basic)
   480                                  global	int_19h		; (Reboot)
   481                                  ;;global	int_1Ah		; (CMOS clock)
   482                                  global	int_1Bh		; (ctrl-Break)
   483                                  global	int_1Ch		; (timer tick)
   484                                  global	int_1Dh		; (video parameter table)
   485                                  global	int_1Eh		; (floppy disk params)
   486                                  global	int_1Fh		; (font 80h..0FFh)
   487                                  ;
   488                                  ;  MSDOS reserved	20h .. 3Fh
   489                                  ;
   490                                  global	int_msdos
   491                                  ;
   492                                  global	int_40h		; Floppy disk driver
   493                                  global	param_hd0	; fixed disk parameters
   494                                  global	int_42h		; Video driver
   495                                  global	param_VGA	; VGA/EGA character table
   496                                  global	param_font	; PCjr chars 00h..7Fh
   497                                  global	int_nop		; unused
   498                                  global	param_hd1	; fixed disk parameters
   499                                  ; times 3  dw	int_nop		; IRET
   500                                  global	int_4Ah		; BIOS alarm handler
   501                                  ; times 15h dw	int_nop		; IRET
   502                                  
   503                                  ; times 6  dw	int_nop		; User interrupts
   504                                  global	int_EMM		; LIM EMS driver
   505                                  ; times 8  dw	int_nop		; User interrupts
   506                                  
   507                                  global	int_irq8	; (1024hz clock)
   508                                  global	int_irq9	; (irq2 redirect)
   509                                  global	int_irq10
   510                                  global	int_irq11
   511                                  global	int_irq12
   512                                  global	int_irq13
   513                                  global	int_irq14	; (IDE interrupt)
   514                                  global	int_irq15	; (Watchdog Timer)
   515                                  
   516                                  global	clear_irq8	; (1024hz clock)
   517                                  global	clear_irq9	; (irq2 redirect)
   518                                  global	clear_irq10
   519                                  global	clear_irq11
   520                                  global	clear_irq12
   521                                  global	clear_irq13
   522                                  global	clear_irq14	; (IDE interrupt)
   523                                  global	clear_irq15	; (Watchdog Timer)
   524                                  
   525                                  ;
   526                                  ;  Reserved locations INT 80h..0F0h for Basic
   527                                  ;  Locations 0F1h..0FFh not assigned
   528                                  
   529                                  
   530                                  
   531                                  
   532                                  
   533                                  
   534                                  
   535                                  
   536                                  int_zero_divide:
   537                                  int_single_step:
   538                                  int_NMI_interrupt:
   539                                  int_breakpoint:
   540                                  int_overflow:
   541                                  int_bounds_check:
   542                                  int_invalid_opcode:
   543                                  int_FPU_escape:
   544                                  
   545 00000000 CF                      int_nop:	iret
   546                                  
   547                                  
   548                                  
   549                                  ; Non-specific EOI (End of Interrupt) command
   550                                  ;
   551                                  NS_EOI	equ	0x20
   552                                  
   553                                  int_irq0:
   554                                  int_irq1:
   555                                  int_irq2:
   556                                  int_irq3:
   557                                  int_irq4:
   558                                  int_irq5:
   559                                  int_irq6:
   560                                  int_irq7:
   561                                  
   562                                  clear_irq0:
   563                                  clear_irq1:
   564                                  ;;;
   565                                  clear_irq3:
   566                                  clear_irq4:
   567                                  clear_irq5:
   568                                  clear_irq6:
   569                                  clear_irq7:
   570 00000001 50                      	push	ax
   571 00000002 B020                    	mov	al,NS_EOI
   572 00000004 E620                    	out	OCW2M_AT,al
   573 00000006 58                      	pop	ax
   574 00000007 CF                      	iret
   575                                  
   576                                  clear_irq2:
   577                                  
   578                                  
   579                                  int_10h:
   580                                  int_11h:
   581                                  int_12h:
   582                                  int_13h:
   583                                  int_14h:
   584                                  int_15h:
   585                                  int_16h:
   586                                  int_17h:
   587                                  
   588                                  int_18h:
   589                                  int_19h:
   590                                  int_1Ah:
   591                                  int_1Bh:
   592                                  int_1Ch		equ	int_nop	; streamlined return
   593                                  int_1Dh:
   594                                  int_1Eh:
   595                                  int_1Fh:
   596                                  
   597                                  int_EMM:
   598                                  int_msdos:
   599 00000008 FB                      	sti
   600 00000009 B4FF                    	mov	ah,0FFh
   601 0000000B F9                      	stc			; signal error
   602 0000000C CA0200                  	retf	2
   603                                  
   604                                  int_40h:
   605                                  param_hd0:
   606                                  int_42h:
   607                                  param_VGA:
   608                                  param_font:
   609                                  param_hd1:
   610                                  int_4Ah:
   611 0000000F CF                      	iret
   612                                  
   613                                  int_irq8:
   614                                  int_irq9:
   615                                  int_irq10:
   616                                  int_irq11:
   617                                  int_irq12:
   618                                  int_irq13:
   619                                  int_irq14:
   620                                  int_irq15:
   621                                  
   622                                  clear_irq8:
   623                                  clear_irq9:
   624                                  clear_irq10:
   625                                  clear_irq11:
   626                                  clear_irq12:
   627                                  clear_irq13:
   628                                  clear_irq14:
   629                                  clear_irq15:
   630 00000010 50                      	push	ax
   631 00000011 B020                    	mov	al,NS_EOI
   632 00000013 E6A0                    	out	OCW2S_AT,al
   633 00000015 EB00                    	jmp	$+2
   634 00000017 B062                    	mov	al,0x62		; specific EOI to irq2 on Master
   635 00000019 E620                    	out	OCW2M_AT,al
   636 0000001B 58                      	pop	ax
   637 0000001C CF                      	iret
   638                                  
   639                                  ;
   640                                  ;  Reserved locations INT 80h..0F0h for Basic
   641                                  ;  Locations 0F1h..0FFh not assigned
   642                                  
   643                                  
   644                                  
   645                                  
   646                                  ; do this to shut up WATCOM 1.9
   647                                  	global	_small_code_
   648                                  	global	VIDEO_putchar_
   649                                  	global	@VIDEO_putchar
   650                                  	global	@CVDU_putchar
   651                                  _small_code_:
   652 0000001D 90                      	nop
   653 0000001E C3                      	ret
   654                                  ;/* this is just a stub for the moment */
   655                                  VIDEO_putchar_:
   656                                  @VIDEO_putchar:
   657                                  @CVDU_putchar:
   658                                  %define VSHOW 0
   659                                  %if VSHOW
   660                                  	mov	dx,0x4ff
   661                                  	out	dx,al
   662                                  %endif
   663 0000001F B401                    	mov	ah,1		; write to serial line
   664 00000021 BA0000                  	mov	dx,0		; COM1
   665 00000024 CD14                    	int	0x14		; SIO0 write
   666                                  %if VSHOW
   667                                  	mov	al,ah
   668                                  	mov	dx,0x4ff
   669                                  	out	dx,al
   670                                  %endif
   671 00000026 C3                      	ret
   672                                  
   673                                  
