Module: M:\development\Vintage\80386EX SBC\SBC386\BIOS\TESTIDE.C
GROUP: 'DGROUP' CONST,CONST2,_DATA

File contains no line numbers.
Segment: _TEXT BYTE USE16 0000046A bytes
0000                          _testide__:
0000    53                        push        bx 
0001    51                        push        cx 
0002    52                        push        dx 
0003    1E                        push        ds 
0004    68 00 00                  push        offset DGROUP:L$35 
0007    E8 00 00                  call        _cprintf 
000A    83 C4 04                  add         sp,0x0004 
000D    31 C0                     xor         ax,ax 
000F    E8 00 00                  call        IDE_INITIALIZE_ 
0012    85 C0                     test        ax,ax 
0014    0F 84 D5 02               je          L$15 
0018    E8 00 00                  call        ideerr_ 
001B                          L$1:
001B    66 FF 36 00 00            push        dword ptr _SecBuffer 
0020    1E                        push        ds 
0021    68 3A 00                  push        offset DGROUP:L$37 
0024    E8 00 00                  call        _cprintf 
0027    8B 1E 00 00               mov         bx,word ptr _SecBuffer 
002B    8B 0E 02 00               mov         cx,word ptr _SecBuffer+0x2 
002F    83 C4 08                  add         sp,0x0008 
0032    31 C0                     xor         ax,ax 
0034    E8 00 00                  call        IDE_READ_ID_ 
0037    85 C0                     test        ax,ax 
0039    0F 85 D2 02               jne         L$19 
003D    1E                        push        ds 
003E    68 61 00                  push        offset DGROUP:L$38 
0041    E8 00 00                  call        _cprintf 
0044    C4 1E 00 00               les         bx,dword ptr _SecBuffer 
0048    26 C6 47 28 00            mov         byte ptr es:0x28[bx],0x00 
004D    83 C4 04                  add         sp,0x0004 
0050    8B 16 02 00               mov         dx,word ptr _SecBuffer+0x2 
0054    A1 00 00                  mov         ax,word ptr _SecBuffer 
0057    52                        push        dx 
0058    05 14 00                  add         ax,0x0014 
005B    50                        push        ax 
005C    1E                        push        ds 
005D    68 7B 00                  push        offset DGROUP:L$39 
0060    E8 00 00                  call        _cprintf 
0063    C4 1E 00 00               les         bx,dword ptr _SecBuffer 
0067    26 C6 47 5E 00            mov         byte ptr es:0x5e[bx],0x00 
006C    83 C4 08                  add         sp,0x0008 
006F    A1 02 00                  mov         ax,word ptr _SecBuffer+0x2 
0072    8B 16 00 00               mov         dx,word ptr _SecBuffer 
0076    50                        push        ax 
0077    83 C2 36                  add         dx,0x0036 
007A    52                        push        dx 
007B    1E                        push        ds 
007C    68 92 00                  push        offset DGROUP:L$40 
007F    E8 00 00                  call        _cprintf 
0082    C4 1E 00 00               les         bx,dword ptr _SecBuffer 
0086    26 C6 47 36 00            mov         byte ptr es:0x36[bx],0x00 
008B    83 C4 08                  add         sp,0x0008 
008E    8B 16 02 00               mov         dx,word ptr _SecBuffer+0x2 
0092    A1 00 00                  mov         ax,word ptr _SecBuffer 
0095    52                        push        dx 
0096    05 2E 00                  add         ax,0x002e 
0099    50                        push        ax 
009A    1E                        push        ds 
009B    68 A8 00                  push        offset DGROUP:L$41 
009E    E8 00 00                  call        _cprintf 
00A1    C4 1E 00 00               les         bx,dword ptr _SecBuffer 
00A5    83 C4 08                  add         sp,0x0008 
00A8    26 F6 47 62 01            test        byte ptr es:0x62[bx],0x01 
00AD    0F 84 49 02               je          L$16 
00B1    1E                        push        ds 
00B2    68 C3 00                  push        offset DGROUP:L$42 
00B5                          L$2:
00B5    E8 00 00                  call        _cprintf 
00B8    83 C4 04                  add         sp,0x0004 
00BB    C4 1E 00 00               les         bx,dword ptr _SecBuffer 
00BF    26 F6 47 62 02            test        byte ptr es:0x62[bx],0x02 
00C4    0F 84 39 02               je          L$17 
00C8    1E                        push        ds 
00C9    68 F5 00                  push        offset DGROUP:L$44 
00CC                          L$3:
00CC    E8 00 00                  call        _cprintf 
00CF    83 C4 04                  add         sp,0x0004 
00D2    C4 1E 00 00               les         bx,dword ptr _SecBuffer 
00D6    26 F6 87 A7 00 04         test        byte ptr es:0xa7[bx],0x04 
00DC    0F 84 28 02               je          L$18 
00E0    1E                        push        ds 
00E1    68 27 01                  push        offset DGROUP:L$46 
00E4                          L$4:
00E4    E8 00 00                  call        _cprintf 
00E7    83 C4 04                  add         sp,0x0004 
00EA                          L$5:
00EA    66 FF 36 00 00            push        dword ptr _SecBuffer 
00EF    1E                        push        ds 
00F0    68 7F 01                  push        offset DGROUP:L$48 
00F3    E8 00 00                  call        _cprintf 
00F6    83 C4 08                  add         sp,0x0008 
00F9    6A 01                     push        0x0001 
00FB    8B 1E 00 00               mov         bx,word ptr _SecBuffer 
00FF    6A 00                     push        0x0000 
0101    8B 0E 02 00               mov         cx,word ptr _SecBuffer+0x2 
0105    6A 00                     push        0x0000 
0107    31 C0                     xor         ax,ax 
0109    E8 00 00                  call        IDE_READ_SECTOR_ 
010C    85 C0                     test        ax,ax 
010E    0F 85 03 02               jne         L$20 
0112    A1 00 00                  mov         ax,word ptr _SecBuffer 
0115    8B 16 02 00               mov         dx,word ptr _SecBuffer+0x2 
0119    E8 00 00                  call        PrintBuffer_ 
011C                          L$6:
011C    66 FF 36 00 00            push        dword ptr _SecBuffer 
0121    1E                        push        ds 
0122    68 AF 01                  push        offset DGROUP:L$49 
0125    E8 00 00                  call        _cprintf 
0128    83 C4 08                  add         sp,0x0008 
012B    6A 01                     push        0x0001 
012D    8B 1E 00 00               mov         bx,word ptr _SecBuffer 
0131    6A 00                     push        0x0000 
0133    8B 0E 02 00               mov         cx,word ptr _SecBuffer+0x2 
0137    6A 01                     push        0x0001 
0139    31 C0                     xor         ax,ax 
013B    E8 00 00                  call        IDE_READ_SECTOR_ 
013E    85 C0                     test        ax,ax 
0140    0F 85 D7 01               jne         L$21 
0144    A1 00 00                  mov         ax,word ptr _SecBuffer 
0147    8B 16 02 00               mov         dx,word ptr _SecBuffer+0x2 
014B    E8 00 00                  call        PrintBuffer_ 
014E                          L$7:
014E    66 FF 36 00 00            push        dword ptr _SecBuffer 
0153    1E                        push        ds 
0154    68 DD 01                  push        offset DGROUP:L$50 
0157    E8 00 00                  call        _cprintf 
015A    83 C4 08                  add         sp,0x0008 
015D    6A 01                     push        0x0001 
015F    8B 1E 00 00               mov         bx,word ptr _SecBuffer 
0163    6A 00                     push        0x0000 
0165    8B 0E 02 00               mov         cx,word ptr _SecBuffer+0x2 
0169    6A 64                     push        0x0064 
016B    31 C0                     xor         ax,ax 
016D    E8 00 00                  call        IDE_READ_SECTOR_ 
0170    85 C0                     test        ax,ax 
0172    0F 85 AB 01               jne         L$22 
0176    A1 00 00                  mov         ax,word ptr _SecBuffer 
0179    8B 16 02 00               mov         dx,word ptr _SecBuffer+0x2 
017D    E8 00 00                  call        PrintBuffer_ 
0180                          L$8:
0180    66 FF 36 00 00            push        dword ptr _SecBuffer 
0185    1E                        push        ds 
0186    68 0D 02                  push        offset DGROUP:L$51 
0189    E8 00 00                  call        _cprintf 
018C    83 C4 08                  add         sp,0x0008 
018F    6A 02                     push        0x0002 
0191    8B 1E 00 00               mov         bx,word ptr _SecBuffer 
0195    6A 00                     push        0x0000 
0197    8B 0E 02 00               mov         cx,word ptr _SecBuffer+0x2 
019B    6A 00                     push        0x0000 
019D    31 C0                     xor         ax,ax 
019F    E8 00 00                  call        IDE_READ_SECTOR_ 
01A2    85 C0                     test        ax,ax 
01A4    0F 85 7F 01               jne         L$23 
01A8    A1 00 00                  mov         ax,word ptr _SecBuffer 
01AB    8B 16 02 00               mov         dx,word ptr _SecBuffer+0x2 
01AF    E8 00 00                  call        PrintBuffer_ 
01B2    A1 00 00                  mov         ax,word ptr _SecBuffer 
01B5    8B 16 02 00               mov         dx,word ptr _SecBuffer+0x2 
01B9    80 C4 02                  add         ah,0x02 
01BC    E8 00 00                  call        PrintBuffer_ 
01BF                          L$9:
01BF    66 FF 36 00 00            push        dword ptr _SecBuffer 
01C4    1E                        push        ds 
01C5    68 40 02                  push        offset DGROUP:L$52 
01C8    E8 00 00                  call        _cprintf 
01CB    A1 00 00                  mov         ax,word ptr _SecBuffer 
01CE    83 C4 08                  add         sp,0x0008 
01D1    8B 16 02 00               mov         dx,word ptr _SecBuffer+0x2 
01D5    E8 00 00                  call        ClearBuffer_ 
01D8    A1 00 00                  mov         ax,word ptr _SecBuffer 
01DB    8B 16 02 00               mov         dx,word ptr _SecBuffer+0x2 
01DF    E8 00 00                  call        PrintBuffer_ 
01E2    66 FF 36 00 00            push        dword ptr _SecBuffer 
01E7    1E                        push        ds 
01E8    68 5E 02                  push        offset DGROUP:L$53 
01EB    E8 00 00                  call        _cprintf 
01EE    A1 00 00                  mov         ax,word ptr _SecBuffer 
01F1    83 C4 08                  add         sp,0x0008 
01F4    8B 16 02 00               mov         dx,word ptr _SecBuffer+0x2 
01F8    E8 00 00                  call        BufferTestPattern_ 
01FB    A1 00 00                  mov         ax,word ptr _SecBuffer 
01FE    8B 16 02 00               mov         dx,word ptr _SecBuffer+0x2 
0202    E8 00 00                  call        PrintBuffer_ 
0205    66 FF 36 00 00            push        dword ptr _SecBuffer 
020A    1E                        push        ds 
020B    68 83 02                  push        offset DGROUP:L$54 
020E    E8 00 00                  call        _cprintf 
0211    83 C4 08                  add         sp,0x0008 
0214    6A 01                     push        0x0001 
0216    8B 1E 00 00               mov         bx,word ptr _SecBuffer 
021A    6A 00                     push        0x0000 
021C    8B 0E 02 00               mov         cx,word ptr _SecBuffer+0x2 
0220    6A 64                     push        0x0064 
0222    31 C0                     xor         ax,ax 
0224    E8 00 00                  call        IDE_WRITE_SECTOR_ 
0227    85 C0                     test        ax,ax 
0229    74 03                     je          L$10 
022B    E8 00 00                  call        ideerr_ 
022E                          L$10:
022E    66 FF 36 00 00            push        dword ptr _SecBuffer 
0233    1E                        push        ds 
0234    68 BA 02                  push        offset DGROUP:L$55 
0237    E8 00 00                  call        _cprintf 
023A    83 C4 08                  add         sp,0x0008 
023D    6A 01                     push        0x0001 
023F    8B 1E 00 00               mov         bx,word ptr _SecBuffer 
0243    6A 00                     push        0x0000 
0245    8B 0E 02 00               mov         cx,word ptr _SecBuffer+0x2 
0249    6A 64                     push        0x0064 
024B    31 C0                     xor         ax,ax 
024D    E8 00 00                  call        IDE_READ_SECTOR_ 
0250    85 C0                     test        ax,ax 
0252    0F 85 D7 00               jne         L$24 
0256    A1 00 00                  mov         ax,word ptr _SecBuffer 
0259    8B 16 02 00               mov         dx,word ptr _SecBuffer+0x2 
025D    E8 00 00                  call        PrintBuffer_ 
0260                          L$11:
0260    66 FF 36 00 00            push        dword ptr _SecBuffer 
0265    1E                        push        ds 
0266    68 40 02                  push        offset DGROUP:L$52 
0269    E8 00 00                  call        _cprintf 
026C    A1 00 00                  mov         ax,word ptr _SecBuffer 
026F    83 C4 08                  add         sp,0x0008 
0272    8B 16 02 00               mov         dx,word ptr _SecBuffer+0x2 
0276    E8 00 00                  call        ClearBuffer_ 
0279    A1 00 00                  mov         ax,word ptr _SecBuffer 
027C    8B 16 02 00               mov         dx,word ptr _SecBuffer+0x2 
0280    E8 00 00                  call        PrintBuffer_ 
0283    66 FF 36 00 00            push        dword ptr _SecBuffer 
0288    1E                        push        ds 
0289    68 F9 02                  push        offset DGROUP:L$56 
028C    E8 00 00                  call        _cprintf 
028F    83 C4 08                  add         sp,0x0008 
0292    6A 01                     push        0x0001 
0294    8B 1E 00 00               mov         bx,word ptr _SecBuffer 
0298    6A 00                     push        0x0000 
029A    8B 0E 02 00               mov         cx,word ptr _SecBuffer+0x2 
029E    6A 64                     push        0x0064 
02A0    31 C0                     xor         ax,ax 
02A2    E8 00 00                  call        IDE_WRITE_SECTOR_ 
02A5    85 C0                     test        ax,ax 
02A7    74 03                     je          L$12 
02A9    E8 00 00                  call        ideerr_ 
02AC                          L$12:
02AC    66 FF 36 00 00            push        dword ptr _SecBuffer 
02B1    1E                        push        ds 
02B2    68 31 03                  push        offset DGROUP:L$57 
02B5    E8 00 00                  call        _cprintf 
02B8    83 C4 08                  add         sp,0x0008 
02BB    6A 01                     push        0x0001 
02BD    8B 1E 00 00               mov         bx,word ptr _SecBuffer 
02C1    6A 00                     push        0x0000 
02C3    8B 0E 02 00               mov         cx,word ptr _SecBuffer+0x2 
02C7    6A 64                     push        0x0064 
02C9    31 C0                     xor         ax,ax 
02CB    E8 00 00                  call        IDE_READ_SECTOR_ 
02CE    85 C0                     test        ax,ax 
02D0    75 61                     jne         L$25 
02D2    A1 00 00                  mov         ax,word ptr _SecBuffer 
02D5    8B 16 02 00               mov         dx,word ptr _SecBuffer+0x2 
02D9    E8 00 00                  call        PrintBuffer_ 
02DC                          L$13:
02DC    1E                        push        ds 
02DD    68 69 03                  push        offset DGROUP:L$58 
02E0    E8 00 00                  call        _cprintf 
02E3    B8 08 00                  mov         ax,0x0008 
02E6                          L$14:
02E6    83 C4 04                  add         sp,0x0004 
02E9    5A                        pop         dx 
02EA    59                        pop         cx 
02EB    5B                        pop         bx 
02EC    C3                        ret         
02ED                          L$15:
02ED    1E                        push        ds 
02EE    68 1B 00                  push        offset DGROUP:L$36 
02F1    E8 00 00                  call        _cprintf 
02F4    83 C4 04                  add         sp,0x0004 
02F7    E9 21 FD                  jmp         L$1 
02FA                          L$16:
02FA    1E                        push        ds 
02FB    68 D8 00                  push        offset DGROUP:L$43 
02FE    E9 B4 FD                  jmp         L$2 
0301                          L$17:
0301    1E                        push        ds 
0302    68 0A 01                  push        offset DGROUP:L$45 
0305    E9 C4 FD                  jmp         L$3 
0308                          L$18:
0308    1E                        push        ds 
0309    68 4F 01                  push        offset DGROUP:L$47 
030C    E9 D5 FD                  jmp         L$4 
030F                          L$19:
030F    E8 00 00                  call        ideerr_ 
0312    E9 D5 FD                  jmp         L$5 
0315                          L$20:
0315    E8 00 00                  call        ideerr_ 
0318    E9 01 FE                  jmp         L$6 
031B                          L$21:
031B    E8 00 00                  call        ideerr_ 
031E    E9 2D FE                  jmp         L$7 
0321                          L$22:
0321    E8 00 00                  call        ideerr_ 
0324    E9 59 FE                  jmp         L$8 
0327                          L$23:
0327    E8 00 00                  call        ideerr_ 
032A    E9 92 FE                  jmp         L$9 
032D                          L$24:
032D    E8 00 00                  call        ideerr_ 
0330    E9 2D FF                  jmp         L$11 
0333                          L$25:
0333    E8 00 00                  call        ideerr_ 
0336    EB A4                     jmp         L$13 

Routine Size: 824 bytes,    Routine Base: _TEXT + 0000

0338                          PrintBuffer_:
0338    53                        push        bx 
0339    51                        push        cx 
033A    56                        push        si 
033B    57                        push        di 
033C    55                        push        bp 
033D    89 E5                     mov         bp,sp 
033F    83 EC 06                  sub         sp,0x0006 
0342    50                        push        ax 
0343    52                        push        dx 
0344    52                        push        dx 
0345    50                        push        ax 
0346    1E                        push        ds 
0347    68 7B 03                  push        offset DGROUP:L$59 
034A    C7 46 FE 00 00            mov         word ptr -0x2[bp],0x0000 
034F    E8 00 00                  call        _cprintf 
0352    83 C4 08                  add         sp,0x0008 
0355                          L$26:
0355    FF 76 FE                  push        word ptr -0x2[bp] 
0358    8B 76 F8                  mov         si,word ptr -0x8[bp] 
035B    1E                        push        ds 
035C    31 FF                     xor         di,di 
035E    68 8B 03                  push        offset DGROUP:L$60 
0361    03 76 FE                  add         si,word ptr -0x2[bp] 
0364    E8 00 00                  call        _cprintf 
0367    8B 46 F6                  mov         ax,word ptr -0xa[bp] 
036A    83 C4 06                  add         sp,0x0006 
036D    89 46 FC                  mov         word ptr -0x4[bp],ax 
0370                          L$27:
0370    8E 46 FC                  mov         es,word ptr -0x4[bp] 
0373    26 0F B6 04               movzx       ax,byte ptr es:[si] 
0377    50                        push        ax 
0378    1E                        push        ds 
0379    47                        inc         di 
037A    68 91 03                  push        offset DGROUP:L$61 
037D    46                        inc         si 
037E    E8 00 00                  call        _cprintf 
0381    83 C4 06                  add         sp,0x0006 
0384    83 FF 10                  cmp         di,0x0010 
0387    7C E7                     jl          L$27 
0389    1E                        push        ds 
038A    8B 76 F8                  mov         si,word ptr -0x8[bp] 
038D    68 97 03                  push        offset DGROUP:L$62 
0390    31 FF                     xor         di,di 
0392    E8 00 00                  call        _cprintf 
0395    03 76 FE                  add         si,word ptr -0x2[bp] 
0398    8B 46 F6                  mov         ax,word ptr -0xa[bp] 
039B    83 C4 04                  add         sp,0x0004 
039E    89 46 FA                  mov         word ptr -0x6[bp],ax 
03A1                          L$28:
03A1    8E 46 FA                  mov         es,word ptr -0x6[bp] 
03A4    26 8A 04                  mov         al,byte ptr es:[si] 
03A7    3C 1F                     cmp         al,0x1f 
03A9    76 42                     jbe         L$32 
03AB    3C 80                     cmp         al,0x80 
03AD    73 3E                     jae         L$32 
03AF    26 0F B6 04               movzx       ax,byte ptr es:[si] 
03B3    50                        push        ax 
03B4    1E                        push        ds 
03B5    68 99 03                  push        offset DGROUP:L$63 
03B8    E8 00 00                  call        _cprintf 
03BB    83 C4 06                  add         sp,0x0006 
03BE                          L$29:
03BE    FF 46 FE                  inc         word ptr -0x2[bp] 
03C1    47                        inc         di 
03C2    46                        inc         si 
03C3    83 FF 10                  cmp         di,0x0010 
03C6    7C D9                     jl          L$28 
03C8    1E                        push        ds 
03C9    68 9E 03                  push        offset DGROUP:L$65 
03CC    E8 00 00                  call        _cprintf 
03CF    83 C4 04                  add         sp,0x0004 
03D2    81 7E FE 00 02            cmp         word ptr -0x2[bp],0x0200 
03D7    0F 8C 7A FF               jl          L$26 
03DB    1E                        push        ds 
03DC    68 9E 03                  push        offset DGROUP:L$65 
03DF    E8 00 00                  call        _cprintf 
03E2    83 C4 04                  add         sp,0x0004 
03E5                          L$30:
03E5    31 C0                     xor         ax,ax 
03E7    C9                        leave       
03E8                          L$31:
03E8    5F                        pop         di 
03E9    5E                        pop         si 
03EA    59                        pop         cx 
03EB    5B                        pop         bx 
03EC    C3                        ret         
03ED                          L$32:
03ED    1E                        push        ds 
03EE    68 9C 03                  push        offset DGROUP:L$64 
03F1    E8 00 00                  call        _cprintf 
03F4    83 C4 04                  add         sp,0x0004 
03F7    EB C5                     jmp         L$29 

Routine Size: 193 bytes,    Routine Base: _TEXT + 0338

03F9                          ClearBuffer_:
03F9    53                        push        bx 
03FA    51                        push        cx 
03FB    56                        push        si 
03FC    57                        push        di 
03FD    89 C7                     mov         di,ax 
03FF    89 D6                     mov         si,dx 
0401    52                        push        dx 
0402    50                        push        ax 
0403    1E                        push        ds 
0404    68 A0 03                  push        offset DGROUP:L$66 
0407    E8 00 00                  call        _cprintf 
040A    83 C4 08                  add         sp,0x0008 
040D    89 FB                     mov         bx,di 
040F    8E C6                     mov         es,si 
0411    31 C0                     xor         ax,ax 
0413                          L$33:
0413    40                        inc         ax 
0414    26 C6 07 00               mov         byte ptr es:[bx],0x00 
0418    43                        inc         bx 
0419    3D 00 02                  cmp         ax,0x0200 
041C    7C F5                     jl          L$33 
041E    31 C0                     xor         ax,ax 
0420    EB C6                     jmp         L$31 

Routine Size: 41 bytes,    Routine Base: _TEXT + 03F9

0422                          BufferTestPattern_:
0422    53                        push        bx 
0423    51                        push        cx 
0424    56                        push        si 
0425    57                        push        di 
0426    55                        push        bp 
0427    89 E5                     mov         bp,sp 
0429    83 EC 02                  sub         sp,0x0002 
042C    89 C6                     mov         si,ax 
042E    89 D7                     mov         di,dx 
0430    52                        push        dx 
0431    50                        push        ax 
0432    1E                        push        ds 
0433    C7 46 FE 00 00            mov         word ptr -0x2[bp],0x0000 
0438    68 B6 03                  push        offset DGROUP:L$67 
043B    C7 46 FE 00 00            mov         word ptr -0x2[bp],0x0000 
0440    E8 00 00                  call        _cprintf 
0443    83 C4 08                  add         sp,0x0008 
0446    89 F3                     mov         bx,si 
0448    8E C7                     mov         es,di 
044A                          L$34:
044A    8A 46 FE                  mov         al,byte ptr -0x2[bp] 
044D    FF 46 FE                  inc         word ptr -0x2[bp] 
0450    26 88 07                  mov         byte ptr es:[bx],al 
0453    43                        inc         bx 
0454    81 7E FE 00 02            cmp         word ptr -0x2[bp],0x0200 
0459    7C EF                     jl          L$34 
045B    EB 88                     jmp         L$30 

Routine Size: 59 bytes,    Routine Base: _TEXT + 0422

045D                          ideerr_:
045D    53                        push        bx 
045E    51                        push        cx 
045F    52                        push        dx 
0460    1E                        push        ds 
0461    68 DC 03                  push        offset DGROUP:L$68 
0464    E8 00 00                  call        _cprintf 
0467    E9 7C FE                  jmp         L$14 

Routine Size: 13 bytes,    Routine Base: _TEXT + 045D

No disassembly errors

Segment: CONST WORD USE16 000003EB bytes
0000                          L$35:
0000    0A 0A 42 65 67 69 6E 20 54 65 73 74 20 49 44 45 ..Begin Test IDE
0010    20 66 75 6E 63 74 69 6F 6E 0A 00                 function..
001B                          L$36:
001B    49 6E 69 74 69 61 6C 69 7A 65 64 20 50 72 69 6D Initialized Prim
002B    61 72 79 20 49 44 45 20 44 72 69 76 65 0A 00    ary IDE Drive..
003A                          L$37:
003A    47 65 74 20 49 44 45 20 44 72 69 76 65 20 49 6E Get IDE Drive In
004A    66 6F 20 69 6E 74 6F 20 61 64 64 72 65 73 73 20 fo into address 
005A    25 30 38 6C 78 0A 00                            %08lx..
0061                          L$38:
0061    52 65 74 72 69 65 76 65 64 20 49 44 45 20 44 72 Retrieved IDE Dr
0071    69 76 65 20 49 6E 66 6F 0A 00                   ive Info..
007B                          L$39:
007B    49 44 45 20 53 45 52 49 41 4C 20 4E 55 4D 42 45 IDE SERIAL NUMBE
008B    52 3A 20 25 73 0A 00                            R: %s..
0092                          L$40:
0092    49 44 45 20 4D 4F 44 45 4C 20 4E 55 4D 42 45 52 IDE MODEL NUMBER
00A2    3A 20 25 73 0A 00                               : %s..
00A8                          L$41:
00A8    49 44 45 20 46 49 52 4D 57 41 52 45 20 52 45 56 IDE FIRMWARE REV
00B8    49 53 49 4F 4E 3A 20 25 73 0A 00                ISION: %s..
00C3                          L$42:
00C3    44 52 49 56 45 20 53 55 50 50 4F 52 54 53 20 44 DRIVE SUPPORTS D
00D3    4D 41 2E 0A 00                                  MA...
00D8                          L$43:
00D8    44 52 49 56 45 20 44 4F 45 53 20 4E 4F 54 20 53 DRIVE DOES NOT S
00E8    55 50 50 4F 52 54 20 44 4D 41 2E 0A 00          UPPORT DMA...
00F5                          L$44:
00F5    44 52 49 56 45 20 53 55 50 50 4F 52 54 53 20 4C DRIVE SUPPORTS L
0105    42 41 2E 0A 00                                  BA...
010A                          L$45:
010A    44 52 49 56 45 20 44 4F 45 53 20 4E 4F 54 20 53 DRIVE DOES NOT S
011A    55 50 50 4F 52 54 20 4C 42 41 2E 0A 00          UPPORT LBA...
0127                          L$46:
0127    44 52 49 56 45 20 53 55 50 50 4F 52 54 53 20 43 DRIVE SUPPORTS C
0137    46 41 20 45 58 54 45 4E 53 49 4F 4E 53 20 28 38 FA EXTENSIONS (8
0147    2D 42 49 54 29 2E 0A 00                         -BIT)...
014F                          L$47:
014F    44 52 49 56 45 20 44 4F 45 53 20 4E 4F 54 20 53 DRIVE DOES NOT S
015F    55 50 50 4F 52 54 20 43 46 41 20 45 58 54 45 4E UPPORT CFA EXTEN
016F    53 49 4F 4E 53 20 28 38 2D 42 49 54 29 2E 0A 00 SIONS (8-BIT)...
017F                          L$48:
017F    54 65 73 74 20 52 65 61 64 20 6F 66 20 31 20 4C Test Read of 1 L
018F    42 41 20 73 65 63 74 6F 72 20 30 20 69 6E 74 6F BA sector 0 into
019F    20 61 64 64 72 65 73 73 20 25 30 38 6C 78 0A 00  address %08lx..
01AF                          L$49:
01AF    54 65 73 74 20 52 65 61 64 20 6F 66 20 4C 42 41 Test Read of LBA
01BF    20 73 65 63 74 6F 72 20 31 20 69 6E 74 6F 20 61  sector 1 into a
01CF    64 64 72 65 73 73 20 25 30 38 6C 78 0A 00       ddress %08lx..
01DD                          L$50:
01DD    54 65 73 74 20 52 65 61 64 20 6F 66 20 4C 42 41 Test Read of LBA
01ED    20 73 65 63 74 6F 72 20 31 30 30 20 69 6E 74 6F  sector 100 into
01FD    20 61 64 64 72 65 73 73 20 25 30 38 6C 78 0A 00  address %08lx..
020D                          L$51:
020D    54 65 73 74 20 52 65 61 64 20 6F 66 20 32 20 4C Test Read of 2 L
021D    42 41 20 73 65 63 74 6F 72 73 20 30 2B 31 20 69 BA sectors 0+1 i
022D    6E 74 6F 20 61 64 64 72 65 73 73 20 25 30 38 6C nto address %08l
023D    78 0A 00                                        x..
0240                          L$52:
0240    43 6C 65 61 72 20 62 75 66 66 65 72 20 40 20 61 Clear buffer @ a
0250    64 64 72 65 73 73 20 25 30 38 6C 78 0A 00       ddress %08lx..
025E                          L$53:
025E    50 6C 61 63 65 20 54 65 73 74 20 50 61 74 74 65 Place Test Patte
026E    72 6E 20 20 40 20 61 64 64 72 65 73 73 20 25 30 rn  @ address %0
027E    38 6C 78 0A 00                                  8lx..
0283                          L$54:
0283    57 52 49 54 45 20 54 65 73 74 20 50 61 74 74 65 WRITE Test Patte
0293    72 6E 20 20 40 20 61 64 64 72 65 73 73 20 25 30 rn  @ address %0
02A3    38 6C 78 20 74 6F 20 4C 42 41 20 53 45 43 54 4F 8lx to LBA SECTO
02B3    52 20 31 30 30 0A 00                            R 100..
02BA                          L$55:
02BA    54 65 73 74 20 52 65 61 64 20 28 54 65 73 74 20 Test Read (Test 
02CA    50 61 74 74 65 72 6E 29 20 6F 66 20 4C 42 41 20 Pattern) of LBA 
02DA    73 65 63 74 6F 72 20 31 30 30 20 69 6E 74 6F 20 sector 100 into 
02EA    61 64 64 72 65 73 73 20 25 30 38 6C 78 0A 00    address %08lx..
02F9                          L$56:
02F9    57 52 49 54 45 20 7A 65 72 6F 73 20 50 61 74 74 WRITE zeros Patt
0309    65 72 6E 20 20 40 20 61 64 64 72 65 73 73 20 25 ern  @ address %
0319    30 38 6C 78 20 74 6F 20 4C 42 41 20 53 45 43 54 08lx to LBA SECT
0329    4F 52 20 31 30 30 0A 00                         OR 100..
0331                          L$57:
0331    54 65 73 74 20 52 65 61 64 20 28 5A 65 72 6F 73 Test Read (Zeros
0341    29 20 6F 66 20 4C 42 41 20 73 65 63 74 6F 72 20 ) of LBA sector 
0351    31 30 30 20 69 6E 74 6F 20 61 64 64 72 65 73 73 100 into address
0361    20 25 30 38 6C 78 0A 00                          %08lx..
0369                          L$58:
0369    45 4E 44 20 4F 46 20 49 44 45 20 54 45 53 54 2E END OF IDE TEST.
0379    0A 00                                           ..
037B                          L$59:
037B    0A 42 55 46 46 45 52 2D 3E 25 30 38 6C 78 0A 00 .BUFFER->%08lx..
038B                          L$60:
038B    25 30 34 78 20 00                               %04x .
0391                          L$61:
0391    25 30 32 78 20 00                               %02x .
0397                          L$62:
0397    2D 00                                           -.
0399                          L$63:
0399    25 63 00                                        %c.
039C                          L$64:
039C    2E 00                                           ..
039E                          L$65:
039E    0A 00                                           ..
03A0                          L$66:
03A0    0A 43 4C 45 41 52 20 42 55 46 46 45 52 2D 3E 25 .CLEAR BUFFER->%
03B0    30 38 6C 78 0A 00                               08lx..
03B6                          L$67:
03B6    0A 57 52 49 54 45 20 54 45 53 54 20 50 41 54 54 .WRITE TEST PATT
03C6    45 52 4E 20 54 4F 20 42 55 46 46 45 52 2D 3E 25 ERN TO BUFFER->%
03D6    30 38 6C 78 0A 00                               08lx..
03DC                          L$68:
03DC    49 44 45 20 49 2F 4F 20 45 72 72 6F 72 0A 00    IDE I/O Error..

Segment: CONST2 WORD USE16 00000000 bytes

Segment: _DATA WORD USE16 00000000 bytes

