     1                                  ;;;;;;;;;;;;;;;;;;;;;;;;;;;;;;;;;;;;;;;;;;;;;;;;;;;;;;;;;;;;;;;;;;;;;;;;;;;;;
     2                                  ; 10h_video.asm -- INT 10h, the video interface: a serial terminal, the
     3                                  ;                  VGA3 board, or both at once
     4                                  ;;;;;;;;;;;;;;;;;;;;;;;;;;;;;;;;;;;;;;;;;;;;;;;;;;;;;;;;;;;;;;;;;;;;;;;;;;;;;
     5                                  ;
     6                                  ; Copyright (C) 2026 Dan Werner.  All rights reserved.
     7                                  ; Provided for hobbyist use on the RetroBrew SBC-386EX board.
     8                                  ;
     9                                  ; This program is free software: you can redistribute it and/or modify
    10                                  ; it under the terms of the GNU General Public License as published by
    11                                  ; the Free Software Foundation, either version 3 of the License, or
    12                                  ; (at your option) any later version.
    13                                  ;
    14                                  ; This program is distributed in the hope that it will be useful,
    15                                  ; but WITHOUT ANY WARRANTY; without even the implied warranty of
    16                                  ; MERCHANTABILITY or FITNESS FOR A PARTICULAR PURPOSE.  See the
    17                                  ; GNU General Public License for more details.
    18                                  ;
    19                                  ; You should have received a copy of the GNU General Public License
    20                                  ; along with this program in the file COPYING in the topmost source
    21                                  ; directory.  If not, see <http://www.gnu.org/licenses/>.
    22                                  ;
    23                                  ;
    24                                  ; Two outputs, chosen by bda.console.  The serial one is ANSI/VT100 down
    25                                  ; SIO0, and every byte of it passes through vputc, which is where that
    26                                  ; console is switched.  The video one is the ECB VGA3 board, through the
    27                                  ; primitives in vga3.asm, hooked in at the points below where something
    28                                  ; is drawn or the cursor moves.  With both bits set the screen is
    29                                  ; mirrored down the serial line, which is how a board with a monitor
    30                                  ; stays debuggable from another room.
    31                                  ;
    32                                  ; The BDA cursor is the one cursor.  The serial side keeps it in step
    33                                  ; with what the terminal has done; the video side draws where it says.
    34                                  ; That is what lets both run from one set of functions.
    35                                  ;
    36                                  ; Function 08h reads the VGA3 when it is on and returns a space when it
    37                                  ; is not: a terminal cannot be asked.  Serial-only, 09h/0Ah write to the
    38                                  ; terminal and put the cursor back rather than editing a buffer.
    39                                  ;
    40                                  ; Assembly by NASM 2.08 is preferred
    41                                  ;;;;;;;;;;;;;;;;;;;;;;;;;;;;;;;;;;;;;;;;;;;;;;;;;;;;;;;;;;;;;;;;;;;;;;;;;;;;;
    42                                  %include "seg_def.inc"
    43                              <1> ; SEG_DEF.inc
    44                              <1> ;
    45                              <1> %ifndef SEG_DEF
    46                              <1> %define SEG_DEF 1
    47                              <1> 
    48                              <1> segment _TEXT	use16 	align=16	class=CODE	public
    49                              <1> 
    50                              <1> segment CONST		align=16	class=DATA	public
    51                              <1> segment CONST2		align=2		class=DATA	public
    52                              <1> segment _DATA		align=16	class=DATA	public
    53                              <1> segment _BSS		align=16	class=DATA	public
    54                              <1> ;group DGROUP CONST2 CONST _DATA _BSS
    55                              <1> 
    56                              <1> group DGROUP  _TEXT CONST2 CONST _DATA _BSS
    57                              <1> 
    58                              <1> 
    59                              <1> segment BOOT at 0xFFFF	align=16	class=BOOT	use16
    60                              <1> 
    61                              <1> %define XXX
    62                              <1> %endif
    63                              <1> ;
    64                              <1> ; end SEG_DEF.inc
    43                                  %include "i386ex.inc"
    44                              <1> ;/*;;;;;;;;;;;;;;;;;;;;;;;;;;;;;;;;;;;;;;;;;;;;;;;;;;;;;;;;;;;;;;;;;;;;;;
    45                              <1> ; i386EX.inc  --  register definitions for the Intel 80386EX processor
    46                              <1> ;;;;;;;;;;;;;;;;;;;;;;;;;;;;;;;;;;;;;;;;;;;;;;;;;;;;;;;;;;;;;;;;;;;;;;;;;
    47                              <1> ;
    48                              <1> ; Copyright (C) 2018 John R. Coffman.  All rights reserved.
    49                              <1> ; Provided for hobbyist use on the RetroBrew SBC-386 board.
    50                              <1> ;
    51                              <1> ; This program is free software: you can redistribute it and/or modify
    52                              <1> ; it under the terms of the GNU General Public License as published by
    53                              <1> ; the Free Software Foundation, either version 3 of the License, or
    54                              <1> ; (at your option) any later version.
    55                              <1> ;
    56                              <1> ; This program is distributed in the hope that it will be useful,
    57                              <1> ; but WITHOUT ANY WARRANTY; without even the implied warranty of
    58                              <1> ; MERCHANTABILITY or FITNESS FOR A PARTICULAR PURPOSE.  See the
    59                              <1> ; GNU General Public License for more details.
    60                              <1> ;
    61                              <1> ; You should have received a copy of the GNU General Public License
    62                              <1> ; along with this program in the file COPYING in the topmost source
    63                              <1> ; directory.  If not, see <http://www.gnu.org/licenses/>.
    64                              <1> ;
    65                              <1> ;
    66                              <1> ; SBC-386 board revisions:
    67                              <1> ;       SBC386-0   prototype / concept testing
    68                              <1> ;	SBC386EX 2.0 production board (Jan 2018, not 2017 as labeled)
    69                              <1> ;
    70                              <1> ; Assembly by NASM 2.08 is preferred
    71                              <1> ;;;;;;;;;;;;;;;;;;;;;;;;;;;;;;;;;;;;;;;;;;;;;;;;;;;;;;;;;;;;;;;;;;;;;;;;*/
    72                              <1> 
    73                              <1> ;/* i386EX.inc  --  register definitions for the Intel 80386EX processor
    74                              <1> ;
    75                              <1> %define defb
    76                              <1> %define defw
    77                              <1> %define defd
    78                              <1> ;*/
    79                              <1> 
    80                              <1> ;/* The component identifier the 386EX leaves in DX after a hardware reset:
    81                              <1> ;*  DH is the device (23h, 386EX) and DL the stepping.  POST tests it as the
    82                              <1> ;*  first thing it does, so anything that restarts the board in software has
    83                              <1> ;*  to present it too -- see reboot_ in 19h_boot.asm, which learned that the
    84                              <1> ;*  hard way.
    85                              <1> ;*/
    86                              <1> defw    DEVICE_ID equ   0x2309
    87                              <1> 
    88                              <1> ;/* The Address Configuration register
    89                              <1> ;*/
    90                              <1> defb REMAPCFGH  equ     0x0023
    91                              <1> defb REMAPCFGL  equ     0x0022
    92                              <1> defw REMAPCFG   equ     0x0022
    93                              <1> 
    94                              <1> ;/* The A20gate and fast CPU Reset
    95                              <1> ;*/
    96                              <1> defb PORT92     equ     0xF092
    97                              <1> defb PORT92_AT  equ     0x0092
    98                              <1> 
    99                              <1> ;
   100                              <1> ;/* The DMA Controller and Bus Arbiter
   101                              <1> ;*/
   102                              <1> defb DMA0TAR    equ     0xF000
   103                              <1> defb DMA0TAR_AT equ     0x0000
   104                              <1> defb DMA0BYC    equ     0xF001
   105                              <1> defb DMA0BYC_AT equ     0x0001
   106                              <1> defb DMA1TAR    equ     0xF002
   107                              <1> defb DMA1TAR_AT equ     0x0002
   108                              <1> defb DMA1BYC    equ     0xF003
   109                              <1> defb DMA1BYC_AT equ     0x0003
   110                              <1> defb DMACMD1    equ     0xF008
   111                              <1> defb DMACMD1_AT equ     0x0008
   112                              <1> defb DMASTS     equ     0xF008
   113                              <1> defb DMASTS_AT  equ     0x0008
   114                              <1> defb DMASRR     equ     0xF009
   115                              <1> defb DMASRR_AT  equ     0x0009
   116                              <1> defb DMAMSK     equ     0xF00A
   117                              <1> defb DMAMSK_AT  equ     0x000A
   118                              <1> defb DMAMOD1    equ     0xF00B
   119                              <1> defb DMAMOD1_AT equ     0x000B
   120                              <1> defb DMACLRBP   equ     0xF00C
   121                              <1> defb DMACLRBP_AT equ    0x000C
   122                              <1> defb DMACLR     equ     0xF00D
   123                              <1> defb DMACLR_AT  equ     0x000D
   124                              <1> defb DMACLRMSK  equ     0xF00E
   125                              <1> defb DMACLRMSK_AT equ   0x000E
   126                              <1> defb DMAGRPMSK  equ     0xF00F
   127                              <1> defb DMAGRPMSK_AT equ   0x000F
   128                              <1> defb DMA0REQ0_1 equ     0xF010
   129                              <1> defb DMA0REQ2_3 equ     0xF011
   130                              <1> defb DMA1REQ0_1 equ     0xF012
   131                              <1> defb DMA1REQ2_3 equ     0xF013
   132                              <1> defb DMABSR     equ     0xF018
   133                              <1> defb DMACHR     equ     0xF019
   134                              <1> defb DMAIS      equ     0xF019
   135                              <1> defb DMACMD2    equ     0xF01A
   136                              <1> defb DMAMOD2    equ     0xF01B
   137                              <1> defb DMAIEN     equ     0xF01C
   138                              <1> defb DMAOVFE    equ     0xF01D
   139                              <1> defb DMACLRTC   equ     0xF01E
   140                              <1> ;
   141                              <1> ;/* The DMA Page Registers
   142                              <1> ;*/
   143                              <1> defb DMA1TAR2    equ    0xF083
   144                              <1> defb DMA1TAR2_AT equ    0x0083
   145                              <1> defb DMA1TAR3    equ    0xF085
   146                              <1> defb DMA1TAR3_AT equ    0x0085
   147                              <1> defb DMA0TAR3    equ    0xF086
   148                              <1> defb DMA0TAR3_AT equ    0x0086
   149                              <1> defb DMA0TAR2    equ    0xF087
   150                              <1> defb DMA0TAR2_AT equ    0x0087
   151                              <1> ;
   152                              <1> defb DMA0BYC2   equ     0xF098
   153                              <1> defb DMA1BYC2   equ     0xF099
   154                              <1> 
   155                              <1> ;
   156                              <1> ;/* The Master Interrupt Controller
   157                              <1> ;*/
   158                              <1> defb ICW1M_AT   equ     0x0020
   159                              <1> defb ICW2M_AT   equ     0x0021
   160                              <1> defb ICW3M_AT   equ     0x0021
   161                              <1> defb ICW4M_AT   equ     0x0021
   162                              <1> defb OCW1M_AT   equ     0x0021
   163                              <1> defb OCW2M_AT   equ     0x0020
   164                              <1> defb OCW3M_AT   equ     0x0020
   165                              <1> 
   166                              <1> defb ICW1M      equ     0xF020
   167                              <1> defb ICW2M      equ     0xF021
   168                              <1> defb ICW3M      equ     0xF021
   169                              <1> defb ICW4M      equ     0xF021
   170                              <1> defb OCW1M      equ     0xF021
   171                              <1> defb OCW2M      equ     0xF020
   172                              <1> defb OCW3M      equ     0xF020
   173                              <1> defb IRR_M	equ	0xF020
   174                              <1> 
   175                              <1> ;
   176                              <1> ;/* The Slave Interrupt Controller
   177                              <1> ;*/
   178                              <1> defb ICW1S_AT   equ     0x00A0
   179                              <1> defb ICW2S_AT   equ     0x00A1
   180                              <1> defb ICW3S_AT   equ     0x00A1
   181                              <1> defb ICW4S_AT   equ     0x00A1
   182                              <1> defb OCW1S_AT   equ     0x00A1
   183                              <1> defb OCW2S_AT   equ     0x00A0
   184                              <1> defb OCW3S_AT   equ     0x00A0
   185                              <1> defb IRR_M_AT	equ	0x00A0
   186                              <1> 
   187                              <1> defb ICW1S      equ     0xF0A0
   188                              <1> defb ICW2S      equ     0xF0A1
   189                              <1> defb ICW3S      equ     0xF0A1
   190                              <1> defb ICW4S      equ     0xF0A1
   191                              <1> defb OCW1S      equ     0xF0A1
   192                              <1> defb OCW2S      equ     0xF0A0
   193                              <1> defb OCW3S      equ     0xF0A0
   194                              <1> 
   195                              <1> ;
   196                              <1> ;/* The Timer/Counter Unit
   197                              <1> ;*/
   198                              <1> defb    TMR0    equ     0xF040
   199                              <1> defb    TMR0_AT equ     0x0040
   200                              <1> defb    TMR1    equ     0xF041
   201                              <1> defb    TMR1_AT equ     0x0041
   202                              <1> defb    TMR2    equ     0xF042
   203                              <1> defb    TMR2_AT equ     0x0042
   204                              <1> defb    TMRCON  equ     0xF043
   205                              <1> defb    TMRCON_AT  equ  0x0043
   206                              <1> 
   207                              <1> ;
   208                              <1> ;/* The Chip Select Unit
   209                              <1> ;*/
   210                              <1> defw    CS0ADL  equ     0xF400
   211                              <1> defw    CS0ADH  equ     0xF402
   212                              <1> defw    CS0MSKL equ     0xF404
   213                              <1> defw    CS0MSKH equ     0xF406
   214                              <1> defw    CS1ADL  equ     0xF408
   215                              <1> defw    CS1ADH  equ     0xF40A
   216                              <1> defw    CS1MSKL equ     0xF40C
   217                              <1> defw    CS1MSKH equ     0xF40E
   218                              <1> defw    CS2ADL  equ     0xF410
   219                              <1> defw    CS2ADH  equ     0xF412
   220                              <1> defw    CS2MSKL equ     0xF414
   221                              <1> defw    CS2MSKH equ     0xF416
   222                              <1> defw    CS3ADL  equ     0xF418
   223                              <1> defw    CS3ADH  equ     0xF41A
   224                              <1> defw    CS3MSKL equ     0xF41C
   225                              <1> defw    CS3MSKH equ     0xF41E
   226                              <1> defw    CS4ADL  equ     0xF420
   227                              <1> defw    CS4ADH  equ     0xF422
   228                              <1> defw    CS4MSKL equ     0xF424
   229                              <1> defw    CS4MSKH equ     0xF426
   230                              <1> defw    CS5ADL  equ     0xF428
   231                              <1> defw    CS5ADH  equ     0xF42A
   232                              <1> defw    CS5MSKL equ     0xF42C
   233                              <1> defw    CS5MSKH equ     0xF42E
   234                              <1> defw    CS6ADL  equ     0xF430
   235                              <1> defw    CS6ADH  equ     0xF432
   236                              <1> defw    CS6MSKL equ     0xF434
   237                              <1> defw    CS6MSKH equ     0xF436
   238                              <1> defw    UCSADL  equ     0xF438
   239                              <1> defw    UCSADH  equ     0xF43A
   240                              <1> defw    UCSMSKL equ     0xF43C
   241                              <1> defw    UCSMSKH equ     0xF43E
   242                              <1> 
   243                              <1> ;
   244                              <1> ;/* The Synchronous Serial I/O Unit
   245                              <1> ;*/
   246                              <1> defw    SSIOTBUF equ    0xF480
   247                              <1> defw    SSIORBUF equ    0xF482
   248                              <1> defw    SSIOBAUD equ    0xF484
   249                              <1> defw    SSIOCON1 equ    0xF486
   250                              <1> defw    SSIOCON2 equ    0xF488
   251                              <1> defw    SSIOCTR  equ    0xF48A
   252                              <1> 
   253                              <1> ;
   254                              <1> ;/* The Refresh Control Unit
   255                              <1> ;*/
   256                              <1> defw    RFSBAD  equ     0xF4A0
   257                              <1> defw    RFSCIR  equ     0xF4A2
   258                              <1> defw    RFSCON  equ     0xF4A4
   259                              <1> defw    RFSADD  equ     0xF4A6
   260                              <1> 
   261                              <1> ;
   262                              <1> ;/* The Watchdog Timer Unit
   263                              <1> ;*/
   264                              <1> defw    WDTRLDH equ     0xF4C0
   265                              <1> defw    WDTRLDL equ     0xF4C2
   266                              <1> defw    WDTCNTH equ     0xF4C4
   267                              <1> defw    WDTCNTL equ     0xF4C6
   268                              <1> defw    WDTCLR  equ     0xF4C8
   269                              <1> defb    WDTSTATUS  equ  0xF4CA
   270                              <1> 
   271                              <1> ;
   272                              <1> ;/* Clock Generation and Power Management
   273                              <1> ;*/
   274                              <1> defb    PWRCON  equ     0xF800
   275                              <1> defw    CLKPRS  equ     0xF804
   276                              <1> 
   277                              <1> ;
   278                              <1> ;/* Device Configuration Registers
   279                              <1> ;*/
   280                              <1> defb    P1CFG   equ     0xF820
   281                              <1> defb    P2CFG   equ     0xF822
   282                              <1> defb    P3CFG   equ     0xF824
   283                              <1> defb    PINCFG  equ     0xF826
   284                              <1> defb    DMACFG  equ     0xF830
   285                              <1> defb    INTCFG  equ     0xF832
   286                              <1> defb    TMRCFG  equ     0xF834
   287                              <1> defb    SIOCFG  equ     0xF836
   288                              <1> 
   289                              <1> ;
   290                              <1> ;/* Parallel I/O Ports
   291                              <1> ;*/
   292                              <1> defb    P1PIN   equ     0xF860
   293                              <1> defb    P1LTC   equ     0xF862
   294                              <1> defb    P1DIR   equ     0xF864
   295                              <1> defb    P2PIN   equ     0xF868
   296                              <1> defb    P2LTC   equ     0xF86A
   297                              <1> defb    P2DIR   equ     0xF86C
   298                              <1> defb    P3PIN   equ     0xF870
   299                              <1> defb    P3LTC   equ     0xF872
   300                              <1> defb    P3DIR   equ     0xF874
   301                              <1> 
   302                              <1> 
   303                              <1> ; bits.inc
   304                              <1> ;
   305                              <1> ; assembly language bit definitions
   306                              <1> ;
   307                              <1> defb    BIT0    equ     0x01
   308                              <1> defb    BIT1    equ     0x02
   309                              <1> defb    BIT2    equ     0x04
   310                              <1> defb    BIT3    equ     0x08
   311                              <1> defb    BIT4    equ     0x10
   312                              <1> defb    BIT5    equ     0x20
   313                              <1> defb    BIT6    equ     0x40
   314                              <1> defb    BIT7    equ     0x80
   315                              <1> 
   316                              <1> defw    BIT8    equ     0x0100
   317                              <1> defw    BIT9    equ     0x0200
   318                              <1> defw    BIT10   equ     0x0400
   319                              <1> defw    BIT11   equ     0x0800
   320                              <1> defw    BIT12   equ     0x1000
   321                              <1> defw    BIT13   equ     0x2000
   322                              <1> defw    BIT14   equ     0x4000
   323                              <1> defw    BIT15   equ     0x8000
   324                              <1> 
   325                              <1> defd    BIT16   equ     0x00010000
   326                              <1> defd    BIT31   equ     0x80000000
   327                              <1> 
   328                              <1> defb    ZBIT0    equ     0
   329                              <1> defb    ZBIT1    equ     0
   330                              <1> defb    ZBIT2    equ     0
   331                              <1> defb    ZBIT3    equ     0
   332                              <1> defb    ZBIT4    equ     0
   333                              <1> defb    ZBIT5    equ     0
   334                              <1> defb    ZBIT6    equ     0
   335                              <1> defb    ZBIT7    equ     0
   336                              <1> 
   337                              <1> defw    ZBIT8    equ     0
   338                              <1> defw    ZBIT9    equ     0
   339                              <1> defw    ZBIT10   equ     0
   340                              <1> defw    ZBIT11   equ     0
   341                              <1> defw    ZBIT12   equ     0
   342                              <1> defw    ZBIT13   equ     0
   343                              <1> defw    ZBIT14   equ     0
   344                              <1> defw    ZBIT15   equ     0
   345                              <1> 
   346                              <1> 
   347                              <1> ;
   348                              <1> ;/* Asynchronout Serial I/O channel 0  (COM1)
   349                              <1> ;*/
   350                              <1> defb    RBR0_F4 equ     0xF4F8
   351                              <1> defb    TBR0_F4 equ     0xF4F8
   352                              <1> defb    DLL0_F4 equ     0xF4F8
   353                              <1> defb    DLH0_F4 equ     0xF4F9
   354                              <1> defb    IER0_F4 equ     0xF4F9
   355                              <1> defb    IIR0_F4 equ     0xF4FA
   356                              <1> defb    LCR0_F4 equ     0xF4FB
   357                              <1> defb    MCR0_F4 equ     0xF4FC
   358                              <1> defb    LSR0_F4 equ     0xF4FD
   359                              <1> defb    MSR0_F4 equ     0xF4FE
   360                              <1> defb    SCR0_F4 equ     0xF4FF
   361                              <1> 
   362                              <1> %define MFPIC 0
   363                              <1> %if MFPIC
   364                              <1> defb    RBR0    equ     0x0448
   365                              <1> defb    TBR0    equ     0x0448
   366                              <1> defb    DLL0    equ     0x0448
   367                              <1> defb    DLH0    equ     0x0449
   368                              <1> defb    IER0    equ     0x0449
   369                              <1> defb    IIR0    equ     0x044A
   370                              <1> defb    LCR0    equ     0x044B
   371                              <1> defb    MCR0    equ     0x044C
   372                              <1> defb    LSR0    equ     0x044D
   373                              <1> defb    MSR0    equ     0x044E
   374                              <1> defb    SCR0    equ     0x044F
   375                              <1> %else
   376                              <1> defb    RBR0    equ     0x03F8
   377                              <1> defb    TBR0    equ     0x03F8
   378                              <1> defb    DLL0    equ     0x03F8
   379                              <1> defb    DLH0    equ     0x03F9
   380                              <1> defb    IER0    equ     0x03F9
   381                              <1> defb    IIR0    equ     0x03FA
   382                              <1> defb    LCR0    equ     0x03FB
   383                              <1> defb    MCR0    equ     0x03FC
   384                              <1> defb    LSR0    equ     0x03FD
   385                              <1> defb    MSR0    equ     0x03FE
   386                              <1> defb    SCR0    equ     0x03FF
   387                              <1> %endif
   388                              <1> 
   389                              <1> ;
   390                              <1> ;/* Asynchronout Serial I/O channel 1  (COM2)
   391                              <1> ;*/
   392                              <1> defb    RBR1_F8 equ     0xF8F8
   393                              <1> defb    TBR1_F8 equ     0xF8F8
   394                              <1> defb    DLL1_F8 equ     0xF8F8
   395                              <1> defb    DLH1_F8 equ     0xF8F9
   396                              <1> defb    IER1_F8 equ     0xF8F9
   397                              <1> defb    IIR1_F8 equ     0xF8FA
   398                              <1> defb    LCR1_F8 equ     0xF8FB
   399                              <1> defb    MCR1_F8 equ     0xF8FC
   400                              <1> defb    LSR1_F8 equ     0xF8FD
   401                              <1> defb    MSR1_F8 equ     0xF8FE
   402                              <1> defb    SCR1_F8 equ     0xF8FF
   403                              <1> 
   404                              <1> defb    RBR1    equ     0x02F8
   405                              <1> defb    TBR1    equ     0x02F8
   406                              <1> defb    DLL1    equ     0x02F8
   407                              <1> defb    DLH1    equ     0x02F9
   408                              <1> defb    IER1    equ     0x02F9
   409                              <1> defb    IIR1    equ     0x02FA
   410                              <1> defb    LCR1    equ     0x02FB
   411                              <1> defb    MCR1    equ     0x02FC
   412                              <1> defb    LSR1    equ     0x02FD
   413                              <1> defb    MSR1    equ     0x02FE
   414                              <1> defb    SCR1    equ     0x02FF
   415                              <1> 
   416                              <1> ;/* LSRx bits
   417                              <1> ;*/
   418                              <1> defb    LSR_TE  equ     BIT6
   419                              <1> defb    LSR_TBE equ     BIT5
   420                              <1> defb    LSR_BI  equ     BIT4
   421                              <1> defb    LSR_FE  equ     BIT3
   422                              <1> defb    LSR_PE  equ     BIT2
   423                              <1> defb    LSR_OE  equ     BIT1
   424                              <1> defb    LSR_RBF equ     BIT0
   425                              <1> 
   426                              <1> ;/* MSRx bits
   427                              <1> ;*/
   428                              <1> defb	MSR_DCD	equ	BIT7
   429                              <1> defb	MSR_RI 	equ	BIT6
   430                              <1> defb	MSR_DSR	equ	BIT5
   431                              <1> defb	MSR_CTS	equ	BIT4
   432                              <1> defb	MSR_deltaDCD	equ	BIT3
   433                              <1> defb	MSR_deltaRI	equ	BIT2
   434                              <1> defb	MSR_deltaDSR	equ	BIT1
   435                              <1> defb	MSR_deltaCTS	equ	BIT0
   436                              <1> 
   437                              <1> ;/* Bits in CR0
   438                              <1> ;*/
   439                              <1> defb    CR0_PE  equ     BIT0
   440                              <1> defb    CR0_MP  equ     BIT1
   441                              <1> defb    CR0_EM  equ     BIT2
   442                              <1> defb    CR0_TS  equ     BIT3
   443                              <1> defd    CR0_WP  equ     BIT16
   444                              <1> defd    CR0_PG  equ     BIT31
   445                              <1> 
   446                              <1> ;/* Some ASCII character codes
   447                              <1> ;*/
   448                              <1> defb    ASCII_NUL       equ     0x00
   449                              <1> defb    ASCII_BS        equ     0x08
   450                              <1> defb    ASCII_HT        equ     0x09
   451                              <1> defb    ASCII_LF        equ     0x0A
   452                              <1> defb    ASCII_NL        equ     0x0A
   453                              <1> defb    ASCII_FF        equ     0x0C
   454                              <1> defb    ASCII_CR        equ     0x0D
   455                              <1> defb	ASCII_ESC	equ	0x1B
   456                              <1> defb    ASCII_SP        equ     0x20
   457                              <1> defb    ASCII_DEL       equ     0x7F
   458                              <1> defb	ASCII_RUB	equ	0xFF
   459                              <1> 
   460                              <1> 
   461                              <1> ;/* End of i386EX.inc */
    44                                  %include "macro.inc"
    45                              <1> ;;;;;;;;;;;;;;;;;;;;;;;;;;;;;;;;;;;;;;;;;;;;;;;;;;;;;;;;;;;;;;;;;;;;;;;;;
    46                              <1> ;
    47                              <1> ; some useful macros:
    48                              <1> ;
    49                              <1> ;;;;;;;;;;;;;;;;;;;;;;;;;;;;;;;;;;;;;;;;;;;;;;;;;;;;;;;;;;;;;;;;;;;;;;;;;
    50                              <1> %define NREPEAT 0
    51                              <1> 
    52                              <1> %if NREPEAT
    53                              <1> 
    54                              <1> %macro	rep	1
    55                              <1> %%loop:	%1
    56                              <1> 	dec	cx
    57                              <1> 	jnz	%%loop
    58                              <1> %endm
    59                              <1> 
    60                              <1> %macro	repne	1
    61                              <1> %%loop:	%1
    62                              <1> 	je	%%e
    63                              <1> 	dec	cx
    64                              <1> 	jnz	%%loop
    65                              <1> 	cmp	cx,1
    66                              <1> 	jmp	%%done
    67                              <1> %%e:	dec	cx
    68                              <1> 	cmp	cx,cx
    69                              <1> %%done:
    70                              <1> %endm
    71                              <1> 
    72                              <1> %macro	repe	1
    73                              <1> %%loop:	%1
    74                              <1> 	jne	%%ne
    75                              <1> 	dec	cx
    76                              <1> 	jnz	%%loop
    77                              <1> 	jmp	%%done
    78                              <1> %%ne:	dec	cx
    79                              <1> 	jcxz	%%cxz
    80                              <1> 	jmp	%%done
    81                              <1> %%cxz:	cmp	cx,1
    82                              <1> %%done:
    83                              <1> %endm
    84                              <1> 
    85                              <1> %macro	REP	1
    86                              <1> %%loop:	%1
    87                              <1> 	dec	ecx
    88                              <1> 	jnz	%%loop
    89                              <1> %endm
    90                              <1> 
    91                              <1> %macro	REPNE	1
    92                              <1> %%loop:	%1
    93                              <1> 	je	%%e
    94                              <1> 	dec	ecx
    95                              <1> 	jnz	%%loop
    96                              <1> 	cmp	cl,1
    97                              <1> 	jmp	%%done
    98                              <1> %%e:	dec	ecx
    99                              <1> 	cmp	cl,cl
   100                              <1> %%done:
   101                              <1> %endm
   102                              <1> 
   103                              <1> %macro	REPE	1
   104                              <1> %%loop:	%1
   105                              <1> 	jne	%%ne
   106                              <1> 	dec	ecx
   107                              <1> 	jnz	%%loop
   108                              <1> 	jmp	%%done
   109                              <1> %%ne:	dec	ecx
   110                              <1> 	jecxz	%%cxz
   111                              <1> 	jmp	%%done
   112                              <1> %%cxz:	cmp	cl,1
   113                              <1> %%done:
   114                              <1> %endm
   115                              <1> 
   116                              <1> %endif
   117                              <1> 
   118                              <1> 
   119                              <1> ;
   120                              <1> ; format of the BYTE initialization table:  address, byte
   121                              <1> ;
   122                              <1> %imacro  binit 2
   123                              <1>         dw      %1
   124                              <1>         db      %2
   125                              <1> %endmacro
   126                              <1> ; end with DW -1
   127                              <1> 
   128                              <1> ;
   129                              <1> ; format of the WORD initialization table:  address, word
   130                              <1> ;
   131                              <1> %imacro  winit 2
   132                              <1>         dw      %1
   133                              <1>         dw      %2
   134                              <1> %endmacro
   135                              <1> ; end with DW -1
   136                              <1> 
   137                              <1> 
   138                              <1> ; get the BIOS Data Area segment pointer to a [segment] register
   139                              <1> %imacro get_bda	1.nolist
   140                              <1> 	push	0x0040
   141                              <1> 	pop	%1
   142                              <1> 	cnop
   143                              <1> %endm
   144                              <1> 
   145                              <1> 
   146                              <1> ; get the Location 0 (Interrupt Descriptor Table) pointer to a register
   147                              <1> %imacro	get_loc0 1.nolist
   148                              <1> 	push	0x0000
   149                              <1> 	pop	%1
   150                              <1> 	cnop
   151                              <1> %endm
   152                              <1> 
   153                              <1> 
   154                              <1> 
   155                              <1> %imacro setloc  1.nolist
   156                              <1>  times   (%1-($-$$)) db 0FFh
   157                              <1> %endm
   158                              <1> 
   159                              <1> %imacro db_lo   1
   160                              <1>  db (%1)&255
   161                              <1> %endm
   162                              <1> 
   163                              <1> %imacro cnop    0.nolist
   164                              <1> %ifdef SOFT_DEBUG
   165                              <1> %if SOFT_DEBUG
   166                              <1>         nop
   167                              <1> %endif
   168                              <1> %endif
   169                              <1> %endm
   170                              <1> 
   171                              <1> %imacro popm 1-*.nolist
   172                              <1> %rep %0
   173                              <1> %ifidni %1,ALL
   174                              <1>  popa
   175                              <1> %elifidni %1,F
   176                              <1>  popf
   177                              <1> %else
   178                              <1>  pop %1
   179                              <1> %ifidni %1,DS
   180                              <1>  cnop
   181                              <1> %elifidni %1,ES
   182                              <1>  cnop
   183                              <1> %elifidni %1,FS
   184                              <1>  cnop
   185                              <1> %elifidni %1,GS
   186                              <1>  cnop
   187                              <1> %endif
   188                              <1> %endif
   189                              <1> %rotate 1
   190                              <1> %endrep
   191                              <1> %endm
   192                              <1> 
   193                              <1> %imacro pushm 1-*.nolist
   194                              <1> %rep %0
   195                              <1> %rotate -1
   196                              <1> %ifidni %1,ALL
   197                              <1>  pusha
   198                              <1> %elifidni %1,F
   199                              <1>  pushf
   200                              <1> %else
   201                              <1>  push %1
   202                              <1> %endif
   203                              <1> %endrep
   204                              <1> %endm
   205                              <1> 
   206                              <1> %imacro descr_linear_data 2-3.nolist	; address, size [, E]  E!=0 means expand down
   207                              <1> %assign __size__ (%2-1)	| 0xFF
   208                              <1> %if (__size__ <= 0xFFFF)
   209                              <1> %assign __gran__ 0
   210                              <1> %else
   211                              <1> %assign __gran__ 0xC0			; G B 0 0
   212                              <1> %endif
   213                              <1> %assign __expand__ 0
   214                              <1> %if %0==3
   215                              <1> %if %3
   216                              <1> %assign __expand__ 4
   217                              <1> %endif
   218                              <1> %endif
   219                              <1> dd (((%1)&0xFFFF)<<16)|(__size__&0xFFFF)
   220                              <1> dd (((%1)>>24)&0xFF)|((__gran__|(__size__>>16)&0x0F)<<16)|((0x93|__expand__)<<8)|(((%1)>>16)&0xFF)
   221                              <1> %endm
   222                              <1> 
   223                              <1> %imacro descr_linear_code 2-3.nolist	; address, size [,C]  C!=0 means conforming
   224                              <1> %assign __size__ (%2-1)	| 0xFF
   225                              <1> %if (__size__ <= 0xFFFF)
   226                              <1> %assign __gran__ 0
   227                              <1> %else
   228                              <1> %assign __gran__ 0xC0			; G D 0 0
   229                              <1> %endif
   230                              <1> %assign __conform__ 0
   231                              <1> %if %0==3
   232                              <1> %if %3
   233                              <1> %assign __conform__ 4
   234                              <1> %endif
   235                              <1> %endif
   236                              <1> dd (((%1)&0xFFFF)<<16)|(__size__&0xFFFF)
   237                              <1> dd (((%1)>>24)&0xFF)|((__gran__|(__size__>>16)&0x0F)<<16)|((0x9B|__conform__)<<8)|(((%1)>>16)&0xFF)
   238                              <1> %endm
   239                              <1> 
   240                              <1> ;/* End of macro.inc */
    45                                  %include "stack.inc"
    46                              <1> XXX
    47                              <1> ; stack.h -- format of the stack formed by				*/
    48                              <1> ; */
    49                              <1> ;	PUSHM	ALL,DS,ES							*/
    50                              <1> ;	MOV	BP,SP									*/
    51                              <1> ; */
    52                              <1> ; */
    53                              <1> ; */
    54                              <1> struc _STD_STACK
    55 00000000 ????                <1> offset_di	resw	1		; PUSHA (all) save*//
    56 00000002 ????                <1> offset_si	resw	1
    57 00000004 ????                <1> offset_bp	resw	1
    58 00000006 ????                <1> offset_sp	resw	1
    59 00000008 ????                <1> offset_bx	resw	1
    60 0000000A ????                <1> offset_dx	resw	1
    61 0000000C ????                <1> offset_cx	resw	1
    62 0000000E ????                <1> offset_ax	resw	1
    63                              <1> ; */
    64 00000010 ????                <1> offset_ds	resw	1		; segment register aave */
    65 00000012 ????                <1> offset_es	resw	1
    66                              <1> ; */
    67 00000014 ????                <1> offset_ip	resw	1
    68 00000016 ????                <1> offset_cs	resw	1		; set for IRET */
    69 00000018 ????                <1> offset_flags	resw	1	; flag.0 is the Crrry */
    70                              <1> endstruc
    70          ******************  <1>  warning: segment attributes specified on redeclaration of segment: ignoring [-w+other]
    71                              <1> ; */
    46                                  %define XXX
    47                                  %include "bda.inc"
    48                              <1> XXX
    49                              <1> ; bda.h -- definitions of the BIOS Data Area at 0040:0000 (0x400)  */
    50                              <1> %define BDA_segment 0x40
    51                              <1> ; bda.console -- which consoles INT 10h drives.  Set before the first */
    52                              <1> ; printf of POST; vga3_init adds the video bit when the board answers. */
    53                              <1> ; Both at once mirrors the screen down the serial line.  One comment  */
    54                              <1> ; per line here: bda.rul turns this file into bda.inc a line at a time. */
    55                              <1> %define CON_SERIAL	0x01
    56                              <1> %define CON_VIDEO	0x02
    57                              <1> struc _BDA
    58                              <1> ; first items at 0x40:0	*/
    59 00000000 ????????????????    <1> serial_dev	resw	4	; serial port device codes */
    60 00000008 ????????????????    <1> parallel_dev	resw	4	; printer port device codes */
    61 00000010 ????                <1> equip_flag	resw	1		; int 12h equipment flags */
    62 00000012 ??                  <1> mfg_test	resb	1		; initialization flags */
    63                              <1> ; */
    64                              <1> ; POST writes what it decided here, after the test of segment 0 has */
    65                              <1> ; zeroed the area, so the answer survives to be reported.  Nothing else */
    66                              <1> ; in this BIOS writes mfg_test.                                        */
    67                              <1> %define WARM_POST 0x01	; warm start: the memory march was skipped */
    68 00000013 ????                <1> memory_size	resw	1	; base memory size in Kilowords (1224) */
    69 00000015 ??                  <1> mfg_err_flag	resb	1
    70 00000016 ??                  <1> mfg_err_flag2	resb	1
    71                              <1> ; */
    72                              <1> ; first Keyboard data area */
    73 00000017 ??                  <1> kbd_flag	resb	1	; shift status &c. */
    74 00000018 ??                  <1> kbd_flag1	resb	1	;  mrre  */
    75 00000019 ??                  <1> alt_input	resb	1	; save alternate kbd entry code */
    76 0000001A ????                <1> buffer_head	resw	1
    77 0000001C ????                <1> buffer_tail	resw	1
    78                              <1> ; */
    79 0000001E <res 20h>           <1> kbd_buffer	resw	16	; buffer empty when  head==tail**/
    80                              <1> ; */
    81                              <1> ; Diskette data area */
    82 0000003E ??                  <1> seek_status	resb	1	; drive recalibration status */
    83                              <1> ; bits 3..0 drive must recalibrate before next seek */
    84 0000003F ??                  <1> motor_status	resb	1	; bits 3..0 motor running */
    85                              <1> ; bit 7 current op is write */
    86 00000040 ??                  <1> motor_count	resb	1	; timeout counter for motor turn-off */
    87 00000041 ??                  <1> fd_status	resb	1	; return code status byte */
    88 00000042 ??????????????      <1> fd_ctrl_stat	resb	7	; controller return bytes */
    89                              <1> ; */
    90                              <1> ; Video Display data area -- also used for video emulation */
    91 00000049 ??                  <1> vid_mode	resb	1	; current display mode */
    92 0000004A ????                <1> vid_columns	resw	1	; no. of columns on the screen */
    93 0000004C ????                <1> vid_buf_len	resw	1	; length of video buffer in bytes*//
    94 0000004E ????                <1> vid_start	resw	1	; start address of screen regeneration (in vid buf)*//
    95 00000050 <res 10h>           <1> vid_cursor	resw	8	; cursor postition on up to 8 screens */
    96 00000060 ????                <1> vid_cursor_mode	resw	1
    97 00000062 ??                  <1> vid_active_page	resb	1
    98 00000063 ????                <1> vid_addr_chip	resw	1	; I/O address for the video chip (6845,EGA,VGA)*//
    99 00000065 ??                  <1> vid_crt_mode	resb	1	; current setting of the 3x8 register ???? */
   100 00000066 ??                  <1> vid_palette	resb	1	; current color setting / palette **/
   101                              <1> ; */
   102                              <1> ; POST and ROM data */
   103 00000067 ????????            <1> io_rom_addr	resd	1	; far word to ROM initialization routine */
   104                              <1> %define io_rom_addr_low io_rom_addr
   105                              <1> %define io_rom_addr_seg (io_rom_addr+2)
   106 0000006B ??                  <1> interrupt_flag	resb	1	; indicates an interrupt occurred */
   107                              <1> ; */
   108                              <1> ; Timer data area  18.206602 hz  = ~54.925 ms  */
   109 0000006C ????                <1> timer_count_low	resw	1	; low word of timer count */
   110 0000006E ????                <1> timer_count_high	resw	1
   111                              <1> %define timer_count timer_count_low
   112                              <1> ; use timer_count as the double word timer counter */
   113 00000070 ??                  <1> timer_overflow	resb	1	; timer has rolled over since last read */
   114                              <1> ; */
   115                              <1> ; System & Keboard data area */
   116 00000071 ??                  <1> kbd_break_flag	resb	1	; bit 7 set if Break key is pressed */
   117 00000072 ????                <1> reset_flag	resw	1	; word=0x1234 if Reset is underway (80286) */
   118                              <1> ; */
   119                              <1> ; reboot() writes WARM_BOOT here before restarting the board, and POST */
   120                              <1> ; reads it to decide whether the memory march can be skipped.  Any       */
   121                              <1> ; program can set it and jump to FFFF:0000 -- that is the PC convention  */
   122                              <1> ; and this BIOS honours it.                                             */
   123                              <1> %define WARM_BOOT 0x1234
   124                              <1> ; */
   125                              <1> ; Fixed (Hard) disk data area */
   126 00000074 ??                  <1> hd_status	resb	1	; status info for hard disk */
   127                              <1> %define disk_status1 hd_status
   128 00000075 ??                  <1> hd_number	resb	1	; number of hard disks (for int 13h, fn 8h) */
   129 00000076 ??                  <1> control_byte	resb	1	; head control ???? */
   130 00000077 ??                  <1> port_offset	resb	1	; obsolete, maybe ???? */
   131                              <1> ; */
   132                              <1> ; Timeout counters */
   133 00000078 ????????            <1> printer_timeout	resb	4	; four bytes for each interaace */
   134 0000007C ????????            <1> serial_timeout	resb	4	; four bytes for each interacce */
   135                              <1> ; */
   136                              <1> ; Keyboard additional data area -- buffer location within segment 40h */
   137 00000080 ????                <1> buffer_start	resw	1	; offset of keyboard buffer start**/
   138 00000082 ????                <1> buffer_end	resw	1		; offset of end of kbd buffer */
   139                              <1> ; */
   140                              <1> ; EGA/PGA? data work area (graphic mode?  probably available) */
   141 00000084 ??                  <1> ega_rows	resb	1		; rows on the active screen (less 1)**/
   142 00000085 ????                <1> ega_points	resw	1		; bytes per charateer	*/
   143 00000087 ??                  <1> ega_info	resb	1		; mode options ????*//
   144 00000088 ??                  <1> ega_info_3	resb	1		; switch settings*//
   145 00000089 ??                  <1> console	resb	1	; CON_SERIAL, CON_VIDEO, or both: where INT 10h writes**/
   146 0000008A ??                  <1> ega_rsvd	resb	1	; reserved for adapter mfgrs */
   147                              <1> ; */
   148                              <1> ; Disk / Diskette media data */
   149 0000008B ??                  <1> fd_last_data_rate	resb	1	; last data rate selected */
   150 0000008C ??                  <1> hd_status_reg	resb	1		; hard disk status register */
   151 0000008D ??                  <1> hd_error_reg	resb	1		; hard disk error register */
   152 0000008E ??                  <1> hd_int_flag	resb	1	; HD interrupt flag */
   153 0000008F ??                  <1> hd_cntrl	resb	1		; HD/FD combo controller bit flag */
   154 00000090 ????                <1> hd_media	resb	2	; media state */
   155 00000092 ????                <1> hd_op_start	resb	2	; operation start state */
   156 00000094 ????                <1> hd_track	resw	1		; HD present cylinder number */
   157                              <1> ; */
   158                              <1> ; Additional Keyboard flags */
   159 00000096 ??                  <1> kbd_flag3	resb	1	; mode state & type flags */
   160 00000097 ??                  <1> kbd_flag2	resb	1	; kbd LED flags */
   161                              <1> ; */
   162                              <1> ; Real Time Clock data area */
   163 00000098 ????????            <1> rtc_user_flag_addr	resd	1	; far address of user's wait flag */
   164 0000009C ????????            <1> rtc_user_wait_flag	resd	1	; user wait flag */
   165 000000A0 ??                  <1> rtc_wait_active	resb	1	; 01=busy, 80=posted, 00=post acknowledge */
   166                              <1> ; */
   167                              <1> ; Miscellaneous */
   168 000000A1 ??                  <1> vt_state	resb	1	; VT100 escape translation: 0 idle, 1 ESC, 2 CSI, 3 SS3 */
   169 000000A2 ??                  <1> vt_digit	resb	1	; the number accumulating in an ESC [ n ~ sequence */
   170 000000A3 ??                  <1> vt_timer	resb	1	; ticks left before a lone ESC is delivered as itself */
   171 000000A4 ????????            <1> rsvd_network	resb	4	; reserved for network adapters */
   172 000000A8 ????????            <1> ptr_ega_save	resd	1		; far pointer to EGA parameter control block */
   173                              <1> ; */
   174                              <1> ;	byte	rsvd_unused[84];	; reserved for 386EX usage */
   175 000000AC ????                <1> errno	resw	1				; library error flag (errno.h) */
   176                              <1> ; NOT SPARE: hdinit.c casts this to T_DISKTAB[2] -- 40 of its 41 bytes. */
   177 000000AE <res 29h>           <1> rsvd_unused	resb	41	; reserved for 386EX usage */
   178 000000D7 ????????            <1> serial_flags	resb	4	; flags for each serial device**/
   179 000000DB ????                <1> extended_memory	resw	1	; size of Extended Memory in Kilobytes */
   180                              <1> ; this size is stored in CMOS on the PC/AT */
   181 000000DD ????                <1> CPU_freq	resw	1	; CPU frequency in kilohertz */
   182 000000DF ????                <1> ebda_seg_ptr	resw	1		; for EBDA allocations; c.f., memory_size */
   183                              <1> ; */
   184                              <1> ; start of 31 bytes of NVRAM informaiion */
   185 000000E1 ????                <1> nvram_info	resb	2	; 31 bytes of NVRAM information (this may move)*//
   186                              <1> ; starts with 2 bytes of SIO0 params */
   187 000000E3 ????                <1> floppy_tab	resb	2		; floppy disk driver table */
   188 000000E5 ????????????????    <1> disk_tab	resb	8  		; hard disk driver table */
   189 000000ED ??                  <1> boot_order	resb	1		; which device INT 19h tries, and in what order */
   190 000000EE ??                  <1> console_sel	resb	1		; which console SETUP was told to use */
   191 000000EF <res Fh>            <1> nvram_unused	resb	15
   192 000000FE ????                <1> nvram_checksum	resw	1	; 31st byte of the NVRAM info */
   193                              <1> ; end of 31 bytes of NVRAM information */
   194                              <1> ; */
   195 00000100 ??                  <1> AT_status_byte	resb	1	; at 40:100h, 00500h, Print Screen Status byte*//
   196                              <1> ; 00=ready/ok  01=busy  0FF=error	*/
   197 00000101 ??                  <1> SRAM_size	resb	1	; size of SRAM in Kilobytes */
   198                              <1> ; */
   199                              <1> ; Extentsion to BDA during BIOS startup */
   200                              <1> ; */
   201                              <1> endstruc
   201          ******************  <1>  warning: segment attributes specified on redeclaration of segment: ignoring [-w+other]
    48                                  %undef XXX
    49                                  
    50                                  	global	int_10h
    51                                  
    52                                  	extern	vga3_putc, vga3_cells, vga3_getcell, vga3_cursor
    53                                  	extern	vga3_shape, vga3_scroll_up, vga3_scroll_dn, vga3_clear
    54                                  
    55                                  segment	_TEXT
    56                                  
    57                                  VID_COLS	equ	80		; the terminal we assume
    58                                  VID_ROWS	equ	25
    59                                  VID_MODE	equ	3		; 80x25 colour text
    60                                  VID_ATTR	equ	0x07		; normal white on black
    61                                  ASCII_BEL	equ	0x07
    62                                  
    63                                  
    64                                  ;;;;;;;;;;;;;;;;;;;;;;;;;;;;;;;;;;;;;;;;;;;;;;;;;;;;;;;;;;;;;;;;;;;;;;;;;
    65                                  ; INT 10h entry
    66                                  ;
    67                                  ; DS is pointed at the BIOS data area throughout, so the video fields
    68                                  ; are addressed directly.  Anything in the ROM needs a CS override --
    69                                  ; which is why the escape sequences below are built a character at a
    70                                  ; time instead of coming from strings.
    71                                  ;;;;;;;;;;;;;;;;;;;;;;;;;;;;;;;;;;;;;;;;;;;;;;;;;;;;;;;;;;;;;;;;;;;;;;;;;
    72                                  int_10h:
    73 00000000 FB                      	sti
    74 00000001 061E60                  	pushm	all,ds,es
    75 00000004 89E5                    	mov	bp,sp
    76 00000006 FC                      	cld
    77                                  
    78 00000007 6A401F                  	get_bda	DS			; the BDA is all the state there is
    79                                  
    80 0000000A 80FC1B                  	cmp	ah,len_v_tab
    81 0000000D 730B                    	jnb	v_done			; unsupported: return quietly, as a
    82                                  					;  real BIOS does -- never an error
    83                                  
    84 0000000F 88E3                    	mov	bl,ah
    85 00000011 30FF                    	xor	bh,bh
    86 00000013 01DB                    	add	bx,bx
    87 00000015 2EFFA7[1E00]               cs	jmp	word [bx+v_tab]
    88                                  
    89                                  v_done:
    90 0000001A 611F07                  	popm	all,ds,es
    91 0000001D CF                      	iret
    92                                  
    93                                  
    94                                  	align	2
    95                                  v_tab:
    96 0000001E [5501]                  	dw	v_fn00		; 00 set mode
    97 00000020 [D301]                  	dw	v_fn01		; 01 set cursor shape
    98 00000022 [EA01]                  	dw	v_fn02		; 02 set cursor position
    99 00000024 [0D02]                  	dw	v_fn03		; 03 get cursor position
   100 00000026 [1A00]                  	dw	v_done		; 04 read light pen -- no
   101 00000028 [2602]                  	dw	v_fn05		; 05 set active page
   102 0000002A [0403]                  	dw	v_fn06		; 06 scroll up
   103 0000002C [0803]                  	dw	v_fn07		; 07 scroll down
   104 0000002E [F102]                  	dw	v_fn08		; 08 read character/attribute
   105 00000030 [C202]                  	dw	v_fn09		; 09 write character and attribute
   106 00000032 [C202]                  	dw	v_fn0A		; 0A write character
   107 00000034 [1A00]                  	dw	v_done		; 0B set palette -- nothing to set
   108 00000036 [1A00]                  	dw	v_done		; 0C write pixel -- text only
   109 00000038 [1A00]                  	dw	v_done		; 0D read pixel  -- text only
   110 0000003A [7702]                  	dw	v_fn0E		; 0E teletype
   111 0000003C [3402]                  	dw	v_fn0F		; 0F get mode
   112 0000003E [1A00]                  	dw	v_done		; 10 palette -- nothing to set
   113 00000040 [1A00]                  	dw	v_done		; 11 character generator -- one font, in ROM
   114 00000042 [4B02]                  	dw	v_fn12		; 12 alternate select: the EGA information call
   115 00000044 [1A00]                  	dw	v_done		; 13 write string -- not yet
   116 00000046 [1A00]                  	dw	v_done		; 14..19
   117 00000048 [1A00]                  	dw	v_done
   118 0000004A [1A00]                  	dw	v_done
   119 0000004C [1A00]                  	dw	v_done
   120 0000004E [1A00]                  	dw	v_done
   121 00000050 [1A00]                  	dw	v_done
   122 00000052 [6202]                  	dw	v_fn1A		; 1A display combination code
   123                                  len_v_tab	equ	($-v_tab)/2
   124                                  
   125                                  
   126                                  ;;;;;;;;;;;;;;;;;;;;;;;;;;;;;;;;;;;;;;;;;;;;;;;;;;;;;;;;;;;;;;;;;;;;;;;;;
   127                                  ; vputc -- write AL to the serial console
   128                                  ;
   129                                  ; Everything preserved.  INT 14h is used rather than VIDEO_putchar
   130                                  ; because VIDEO_putchar is about to be pointed here, and that would be
   131                                  ; a loop.
   132                                  ;;;;;;;;;;;;;;;;;;;;;;;;;;;;;;;;;;;;;;;;;;;;;;;;;;;;;;;;;;;;;;;;;;;;;;;;;
   133                                  vputc:
   134 00000054 F606890001              	test	byte [console],CON_SERIAL
   135 00000059 7412                    	jz	.9			; the serial console is off
   136 0000005B 575652515350            	pushm	ax,bx,cx,dx,si,di
   137 00000061 B401                    	mov	ah,1			; write character
   138 00000063 31D2                    	xor	dx,dx			; COM1
   139 00000065 CD14                    	int	0x14
   140 00000067 585B595A5E5F            	popm	ax,bx,cx,dx,si,di
   141 0000006D C3                      .9:	ret
   142                                  
   143                                  
   144                                  ;;;;;;;;;;;;;;;;;;;;;;;;;;;;;;;;;;;;;;;;;;;;;;;;;;;;;;;;;;;;;;;;;;;;;;;;;
   145                                  ; vputdec2 -- write AL as exactly two decimal digits
   146                                  ;
   147                                  ; ANSI accepts leading zeros, so two digits always is both correct and
   148                                  ; much shorter than suppressing them.  Rows reach 25 and columns 80, so
   149                                  ; two is enough.
   150                                  ;;;;;;;;;;;;;;;;;;;;;;;;;;;;;;;;;;;;;;;;;;;;;;;;;;;;;;;;;;;;;;;;;;;;;;;;;
   151                                  vputdec2:
   152 0000006E 5350                    	pushm	ax,bx
   153 00000070 30E4                    	xor	ah,ah
   154 00000072 B30A                    	mov	bl,10
   155 00000074 F6F3                    	div	bl			; AL = tens, AH = units
   156 00000076 0430                    	add	al,'0'
   157 00000078 E8D9FF                  	call	vputc
   158 0000007B 88E0                    	mov	al,ah
   159 0000007D 0430                    	add	al,'0'
   160 0000007F E8D2FF                  	call	vputc
   161 00000082 585B                    	popm	ax,bx
   162 00000084 C3                      	ret
   163                                  
   164                                  
   165                                  ;;;;;;;;;;;;;;;;;;;;;;;;;;;;;;;;;;;;;;;;;;;;;;;;;;;;;;;;;;;;;;;;;;;;;;;;;
   166                                  ; vcsi -- emit ESC [
   167                                  ;;;;;;;;;;;;;;;;;;;;;;;;;;;;;;;;;;;;;;;;;;;;;;;;;;;;;;;;;;;;;;;;;;;;;;;;;
   168                                  vcsi:
   169 00000085 50                      	pushm	ax
   170 00000086 B01B                    	mov	al,ASCII_ESC
   171 00000088 E8C9FF                  	call	vputc
   172 0000008B B05B                    	mov	al,'['
   173 0000008D E8C4FF                  	call	vputc
   174 00000090 58                      	popm	ax
   175 00000091 C3                      	ret
   176                                  
   177                                  
   178                                  ;;;;;;;;;;;;;;;;;;;;;;;;;;;;;;;;;;;;;;;;;;;;;;;;;;;;;;;;;;;;;;;;;;;;;;;;;
   179                                  ; vcursor -- BX = the current page's cursor word, AH = row, AL = column
   180                                  ; vsetcur -- store AH/AL back as the current page's cursor
   181                                  ;
   182                                  ;  DS is the BDA.
   183                                  ;;;;;;;;;;;;;;;;;;;;;;;;;;;;;;;;;;;;;;;;;;;;;;;;;;;;;;;;;;;;;;;;;;;;;;;;;
   184                                  vcursor:
   185 00000092 8A1E6200                	mov	bl,[vid_active_page]
   186 00000096 80E307                  	and	bl,7
   187 00000099 30FF                    	xor	bh,bh
   188 0000009B 01DB                    	add	bx,bx
   189 0000009D 8B4750                  	mov	ax,[bx+vid_cursor]
   190 000000A0 C3                      	ret
   191                                  
   192                                  vsetcur:
   193 000000A1 53                      	pushm	bx
   194 000000A2 8A1E6200                	mov	bl,[vid_active_page]
   195 000000A6 80E307                  	and	bl,7
   196 000000A9 30FF                    	xor	bh,bh
   197 000000AB 01DB                    	add	bx,bx
   198 000000AD 894750                  	mov	[bx+vid_cursor],ax
   199 000000B0 F606890002              	test	byte [console],CON_VIDEO
   200 000000B5 7403                    	jz	.9
   201 000000B7 E8(0000)                	call	vga3_cursor		; AH row, AL column
   202 000000BA 5B                      .9:	popm	bx
   203 000000BB C3                      	ret
   204                                  
   205                                  
   206                                  ;;;;;;;;;;;;;;;;;;;;;;;;;;;;;;;;;;;;;;;;;;;;;;;;;;;;;;;;;;;;;;;;;;;;;;;;;
   207                                  ; vgoto -- move the terminal cursor to the BDA cursor position
   208                                  ;;;;;;;;;;;;;;;;;;;;;;;;;;;;;;;;;;;;;;;;;;;;;;;;;;;;;;;;;;;;;;;;;;;;;;;;;
   209                                  vgoto:
   210 000000BC 515350                  	pushm	ax,bx,cx
   211 000000BF E8D0FF                  	call	vcursor			; AH = row, AL = column
   212 000000C2 89C1                    	mov	cx,ax
   213 000000C4 E8BEFF                  	call	vcsi
   214 000000C7 88E8                    	mov	al,ch			; row
   215 000000C9 FEC0                    	inc	al			; ANSI counts from one
   216 000000CB E8A0FF                  	call	vputdec2
   217 000000CE B03B                    	mov	al,';'
   218 000000D0 E881FF                  	call	vputc
   219 000000D3 88C8                    	mov	al,cl			; column
   220 000000D5 FEC0                    	inc	al
   221 000000D7 E894FF                  	call	vputdec2
   222 000000DA B048                    	mov	al,'H'
   223 000000DC E875FF                  	call	vputc
   224 000000DF 585B59                  	popm	ax,bx,cx
   225 000000E2 C3                      	ret
   226                                  
   227                                  
   228                                  ;;;;;;;;;;;;;;;;;;;;;;;;;;;;;;;;;;;;;;;;;;;;;;;;;;;;;;;;;;;;;;;;;;;;;;;;;
   229                                  ; g_scroll1 -- the whole board up one line, for the cursor falling off
   230                                  ; the bottom.  The terminal did the same by itself.
   231                                  g_scroll1:
   232 000000E3 F606890002              	test	byte [console],CON_VIDEO
   233 000000E8 7414                    	jz	.9
   234 000000EA 52515350                	pushm	ax,bx,cx,dx
   235 000000EE 31C9                    	xor	cx,cx			; from 0,0
   236 000000F0 BA4F18                  	mov	dx,((VID_ROWS-1)<<8)|(VID_COLS-1)
   237 000000F3 B001                    	mov	al,1
   238 000000F5 B707                    	mov	bh,VID_ATTR
   239 000000F7 E8(0000)                	call	vga3_scroll_up
   240 000000FA 585B595A                	popm	ax,bx,cx,dx
   241 000000FE C3                      .9:	ret
   242                                  
   243                                  
   244                                  ; Cursor movement, tracked in the BDA.  The terminal does the real work
   245                                  ; -- it wraps and scrolls by itself -- so these only keep our idea of
   246                                  ; where the cursor is in step with what the terminal has done.
   247                                  ;;;;;;;;;;;;;;;;;;;;;;;;;;;;;;;;;;;;;;;;;;;;;;;;;;;;;;;;;;;;;;;;;;;;;;;;;
   248                                  v_advance:				; one column right, wrapping
   249 000000FF 515350                  	pushm	ax,bx,cx
   250 00000102 E88DFF                  	call	vcursor			; AH = row, AL = column
   251 00000105 FEC0                    	inc	al
   252 00000107 3C50                    	cmp	al,VID_COLS
   253 00000109 720E                    	jb	.9
   254 0000010B 30C0                    	xor	al,al			; wrapped: column 0 of the next row
   255 0000010D FEC4                    	inc	ah
   256 0000010F 80FC19                  	cmp	ah,VID_ROWS
   257 00000112 7205                    	jb	.9
   258 00000114 B418                    	mov	ah,VID_ROWS-1		; the terminal scrolled; stay on the
   259 00000116 E8CAFF                  	call	g_scroll1		;  bottom row, and scroll the board too
   260                                  .9:
   261 00000119 E885FF                  	call	vsetcur
   262 0000011C 585B59                  	popm	ax,bx,cx
   263 0000011F C3                      	ret
   264                                  
   265                                  v_col0:					; carriage return
   266 00000120 5350                    	pushm	ax,bx
   267 00000122 E86DFF                  	call	vcursor
   268 00000125 30C0                    	xor	al,al
   269 00000127 E877FF                  	call	vsetcur
   270 0000012A 585B                    	popm	ax,bx
   271 0000012C C3                      	ret
   272                                  
   273                                  v_nextrow:				; line feed
   274 0000012D 5350                    	pushm	ax,bx
   275 0000012F E860FF                  	call	vcursor
   276 00000132 FEC4                    	inc	ah
   277 00000134 80FC19                  	cmp	ah,VID_ROWS
   278 00000137 7205                    	jb	.9
   279 00000139 B418                    	mov	ah,VID_ROWS-1
   280 0000013B E8A5FF                  	call	g_scroll1
   281                                  .9:
   282 0000013E E860FF                  	call	vsetcur
   283 00000141 585B                    	popm	ax,bx
   284 00000143 C3                      	ret
   285                                  
   286                                  v_backsp:				; backspace
   287 00000144 5350                    	pushm	ax,bx
   288 00000146 E849FF                  	call	vcursor
   289 00000149 08C0                    	or	al,al
   290 0000014B 7402                    	jz	.9			; already at the left margin
   291 0000014D FEC8                    	dec	al
   292                                  .9:
   293 0000014F E84FFF                  	call	vsetcur
   294 00000152 585B                    	popm	ax,bx
   295 00000154 C3                      	ret
   296                                  
   297                                  
   298                                  ;;;;;;;;;;;;;;;;;;;;;;;;;;;;;;;;;;;;;;;;;;;;;;;;;;;;;;;;;;;;;;;;;;;;;;;;;
   299                                  ; fn 00 -- set video mode
   300                                  ;
   301                                  ;  AL = mode; bit 7 set means do not clear the screen
   302                                  ;;;;;;;;;;;;;;;;;;;;;;;;;;;;;;;;;;;;;;;;;;;;;;;;;;;;;;;;;;;;;;;;;;;;;;;;;
   303                                  v_fn00:
   304 00000155 8A460E                  	mov	al,[bp+offset_ax]
   305 00000158 88C4                    	mov	ah,al
   306 0000015A 247F                    	and	al,0x7F
   307 0000015C A24900                  	mov	[vid_mode],al
   308                                  
   309 0000015F C7064A005000            	mov	word [vid_columns],VID_COLS
   310 00000165 C606840018              	mov	byte [ega_rows],VID_ROWS-1
   311 0000016A C70685001000            	mov	word [ega_points],16		; 16 lines a character
   312 00000170 C606870060              	mov	byte [ega_info],0x60		; EGA active, colour, 256K -- see fn 12
   313 00000175 C606880009              	mov	byte [ega_info_3],0x09		; switches: colour 80x25
   314 0000017A C7064C00A00F            	mov	word [vid_buf_len],VID_COLS*VID_ROWS*2
   315 00000180 C7064E000000            	mov	word [vid_start],0
   316 00000186 C606620000              	mov	byte [vid_active_page],0
   317 0000018B C7066300D403            	mov	word [vid_addr_chip],0x03D4
   318 00000191 C606660000              	mov	byte [vid_palette],0
   319                                  
   320                                  ; The cursor shape has to be stated, not left as whatever the BDA held at
   321                                  ; power-up.  Function 03 reports this word, and a program that saves the
   322                                  ; shape on entry and restores it on exit -- which every full-screen DOS
   323                                  ; program does -- will faithfully put back what it was told.  Told zero,
   324                                  ; it sets scan line 0 to 0: a cursor one line thick at the top of the
   325                                  ; cell, which on a sixteen-line cell reads as the row above.  Turbo C did
   326                                  ; exactly that, and it survived CLS because a shape is a CRTC register
   327                                  ; and not something on the screen.
   328                                  ;
   329                                  ; 13 and 14 are the lines vga3.asm programs at reset, so the two agree.
   330 00000196 C70660000E0D            	mov	word [vid_cursor_mode],(13<<8)|14
   331                                  
   332 0000019C 5153                    	pushm	bx,cx
   333 0000019E 31DB                    	xor	bx,bx
   334 000001A0 B90800                  	mov	cx,8
   335 000001A3 C747500000              .1:	mov	word [bx+vid_cursor],0
   336 000001A8 83C302                  	add	bx,2
   337 000001AB E2F6                    	loop	.1
   338 000001AD 5B59                    	popm	bx,cx
   339                                  
   340 000001AF F6C480                  	test	ah,0x80			; caller asked us not to clear?
   341 000001B2 0F8564FE                	jnz	v_done			; then leave the terminal alone entirely
   342                                  
   343 000001B6 E8CCFE                  	call	vcsi			; ESC [ 2 J -- erase the screen
   344 000001B9 B032                    	mov	al,'2'
   345 000001BB E896FE                  	call	vputc
   346 000001BE B04A                    	mov	al,'J'
   347 000001C0 E891FE                  	call	vputc
   348 000001C3 F606890002              	test	byte [console],CON_VIDEO
   349 000001C8 7403                    	jz	.2
   350 000001CA E8(0000)                	call	vga3_clear
   351 000001CD E8ECFE                  .2:	call	vgoto
   352 000001D0 E947FE                  	jmp	v_done
   353                                  
   354                                  
   355                                  ;;;;;;;;;;;;;;;;;;;;;;;;;;;;;;;;;;;;;;;;;;;;;;;;;;;;;;;;;;;;;;;;;;;;;;;;;
   356                                  ; fn 01 -- set cursor shape.  Recorded; the board takes it, a terminal
   357                                  ; has one of its own.
   358                                  ;;;;;;;;;;;;;;;;;;;;;;;;;;;;;;;;;;;;;;;;;;;;;;;;;;;;;;;;;;;;;;;;;;;;;;;;;
   359                                  v_fn01:
   360 000001D3 8B460C                  	mov	ax,[bp+offset_cx]
   361 000001D6 A36000                  	mov	[vid_cursor_mode],ax
   362 000001D9 F606890002              	test	byte [console],CON_VIDEO
   363 000001DE 0F8438FE                	jz	v_done
   364 000001E2 89C1                    	mov	cx,ax
   365 000001E4 E8(0000)                	call	vga3_shape
   366 000001E7 E930FE                  	jmp	v_done
   367                                  
   368                                  
   369                                  ;;;;;;;;;;;;;;;;;;;;;;;;;;;;;;;;;;;;;;;;;;;;;;;;;;;;;;;;;;;;;;;;;;;;;;;;;
   370                                  ; fn 02 -- set cursor position.  DH = row, DL = column, BH = page.
   371                                  ;;;;;;;;;;;;;;;;;;;;;;;;;;;;;;;;;;;;;;;;;;;;;;;;;;;;;;;;;;;;;;;;;;;;;;;;;
   372                                  v_fn02:
   373 000001EA 8B5E08                  	mov	bx,[bp+offset_bx]
   374 000001ED 88F8                    	mov	al,bh
   375 000001EF 2407                    	and	al,7
   376 000001F1 A26200                  	mov	[vid_active_page],al
   377                                  
   378 000001F4 8B460A                  	mov	ax,[bp+offset_dx]	; AH = row, AL = column
   379 000001F7 80FC19                  	cmp	ah,VID_ROWS
   380 000001FA 7202                    	jb	.1
   381 000001FC B418                    	mov	ah,VID_ROWS-1
   382 000001FE 3C50                    .1:	cmp	al,VID_COLS
   383 00000200 7202                    	jb	.2
   384 00000202 B04F                    	mov	al,VID_COLS-1
   385                                  .2:
   386 00000204 E89AFE                  	call	vsetcur
   387 00000207 E8B2FE                  	call	vgoto
   388 0000020A E90DFE                  	jmp	v_done
   389                                  
   390                                  
   391                                  ;;;;;;;;;;;;;;;;;;;;;;;;;;;;;;;;;;;;;;;;;;;;;;;;;;;;;;;;;;;;;;;;;;;;;;;;;
   392                                  ; fn 03 -- get cursor position.  BH = page.
   393                                  ;
   394                                  ;  Returns DH = row, DL = column, CX = cursor shape.
   395                                  ;;;;;;;;;;;;;;;;;;;;;;;;;;;;;;;;;;;;;;;;;;;;;;;;;;;;;;;;;;;;;;;;;;;;;;;;;
   396                                  v_fn03:
   397 0000020D 8B5E08                  	mov	bx,[bp+offset_bx]
   398 00000210 88F8                    	mov	al,bh
   399 00000212 2407                    	and	al,7
   400 00000214 A26200                  	mov	[vid_active_page],al
   401                                  
   402 00000217 E878FE                  	call	vcursor			; AH = row, AL = column
   403 0000021A 89460A                  	mov	[bp+offset_dx],ax
   404 0000021D A16000                  	mov	ax,[vid_cursor_mode]
   405 00000220 89460C                  	mov	[bp+offset_cx],ax
   406 00000223 E9F4FD                  	jmp	v_done
   407                                  
   408                                  
   409                                  ;;;;;;;;;;;;;;;;;;;;;;;;;;;;;;;;;;;;;;;;;;;;;;;;;;;;;;;;;;;;;;;;;;;;;;;;;
   410                                  ; fn 05 -- set the active display page
   411                                  ;;;;;;;;;;;;;;;;;;;;;;;;;;;;;;;;;;;;;;;;;;;;;;;;;;;;;;;;;;;;;;;;;;;;;;;;;
   412                                  v_fn05:
   413 00000226 8A460E                  	mov	al,[bp+offset_ax]
   414 00000229 2407                    	and	al,7
   415 0000022B A26200                  	mov	[vid_active_page],al
   416 0000022E E88BFE                  	call	vgoto
   417 00000231 E9E6FD                  	jmp	v_done
   418                                  
   419                                  
   420                                  ;;;;;;;;;;;;;;;;;;;;;;;;;;;;;;;;;;;;;;;;;;;;;;;;;;;;;;;;;;;;;;;;;;;;;;;;;
   421                                  ; fn 0F -- get the current mode
   422                                  ;
   423                                  ;  Returns AL = mode, AH = column count, BH = active page.
   424                                  ;;;;;;;;;;;;;;;;;;;;;;;;;;;;;;;;;;;;;;;;;;;;;;;;;;;;;;;;;;;;;;;;;;;;;;;;;
   425                                  v_fn0F:
   426 00000234 A04900                  	mov	al,[vid_mode]
   427 00000237 8A264A00                	mov	ah,[vid_columns]
   428 0000023B 89460E                  	mov	[bp+offset_ax],ax
   429 0000023E 8B5E08                  	mov	bx,[bp+offset_bx]
   430 00000241 8A3E6200                	mov	bh,[vid_active_page]
   431 00000245 895E08                  	mov	[bp+offset_bx],bx
   432 00000248 E9CFFD                  	jmp	v_done
   433                                  
   434                                  
   435                                  ;;;;;;;;;;;;;;;;;;;;;;;;;;;;;;;;;;;;;;;;;;;;;;;;;;;;;;;;;;;;;;;;;;;;;;;;;
   436                                  ; fn 12, BL = 10 -- EGA information;  fn 1A, AL = 00 -- display combination
   437                                  ;
   438                                  ; The two questions a program asks before writing the screen itself.  A
   439                                  ; program that hears "CGA" -- which is what silence means -- avoids snow
   440                                  ; the CGA way: it polls the status port at 3DAh before every write.  On
   441                                  ; this board that port is undecoded, 209 ms a read and a floating bus,
   442                                  ; so the program hangs or crawls.  One that hears "VGA" writes B800
   443                                  ; directly and moves the cursor through fn 02, both of which work.  So:
   444                                  ; VGA, colour, 256K -- the answers, not the hardware, but the answers a
   445                                  ; program acts on correctly.  Other subfunctions are left untouched, as
   446                                  ; the convention is for an unsupported call.
   447                                  ;;;;;;;;;;;;;;;;;;;;;;;;;;;;;;;;;;;;;;;;;;;;;;;;;;;;;;;;;;;;;;;;;;;;;;;;;
   448                                  v_fn12:
   449 0000024B 8B5E08                  	mov	bx,[bp+offset_bx]
   450 0000024E 80FB10                  	cmp	bl,0x10
   451 00000251 0F85C5FD                	jne	v_done
   452 00000255 C746080300              	mov	word [bp+offset_bx],0x0003	; BH 0 colour, BL 3 = 256K
   453 0000025A C7460C0900              	mov	word [bp+offset_cx],0x0009	; CH feature bits, CL switches: colour 80x25
   454 0000025F E9B8FD                  	jmp	v_done
   455                                  
   456                                  v_fn1A:
   457 00000262 8B460E                  	mov	ax,[bp+offset_ax]
   458 00000265 08C0                    	or	al,al
   459 00000267 0F85AFFD                	jnz	v_done			; only the read form
   460 0000026B C6460E1A                	mov	byte [bp+offset_ax],0x1A	; "supported"
   461 0000026F C746080800              	mov	word [bp+offset_bx],0x0008	; BL 8 VGA colour, BH 0 no second display
   462 00000274 E9A3FD                  	jmp	v_done
   463                                  
   464                                  
   465                                  ;;;;;;;;;;;;;;;;;;;;;;;;;;;;;;;;;;;;;;;;;;;;;;;;;;;;;;;;;;;;;;;;;;;;;;;;;
   466                                  ; fn 0E -- teletype output.  AL = character.
   467                                  ;
   468                                  ; The one function DOS leans on hardest.  Printable characters go out
   469                                  ; and move the cursor; the four control codes that matter are passed
   470                                  ; through and tracked.  The terminal does its own wrapping and
   471                                  ; scrolling, so there is nothing to do but keep our idea of the cursor
   472                                  ; in step.
   473                                  ;;;;;;;;;;;;;;;;;;;;;;;;;;;;;;;;;;;;;;;;;;;;;;;;;;;;;;;;;;;;;;;;;;;;;;;;;
   474                                  v_fn0E:
   475 00000277 8A460E                  	mov	al,[bp+offset_ax]
   476                                  
   477 0000027A 3C0D                    	cmp	al,ASCII_CR
   478 0000027C 7423                    	je	.cr
   479 0000027E 3C0A                    	cmp	al,ASCII_LF
   480 00000280 7428                    	je	.lf
   481 00000282 3C08                    	cmp	al,ASCII_BS
   482 00000284 742D                    	je	.bs
   483 00000286 3C07                    	cmp	al,ASCII_BEL
   484 00000288 7432                    	je	.bell
   485 0000028A 3C20                    	cmp	al,ASCII_SP
   486 0000028C 722E                    	jb	.bell			; any other control: emit, do not track
   487                                  
   488 0000028E E8C3FD                  	call	vputc
   489 00000291 F606890002              	test	byte [console],CON_VIDEO
   490 00000296 7403                    	jz	.adv
   491 00000298 E8(0000)                	call	vga3_putc
   492 0000029B E861FE                  .adv:	call	v_advance
   493 0000029E E979FD                  	jmp	v_done
   494                                  .cr:
   495 000002A1 E8B0FD                  	call	vputc
   496 000002A4 E879FE                  	call	v_col0
   497 000002A7 E970FD                  	jmp	v_done
   498                                  .lf:
   499 000002AA E8A7FD                  	call	vputc
   500 000002AD E87DFE                  	call	v_nextrow
   501 000002B0 E967FD                  	jmp	v_done
   502                                  .bs:
   503 000002B3 E89EFD                  	call	vputc
   504 000002B6 E88BFE                  	call	v_backsp
   505 000002B9 E95EFD                  	jmp	v_done
   506                                  .bell:
   507 000002BC E895FD                  	call	vputc
   508 000002BF E958FD                  	jmp	v_done
   509                                  
   510                                  
   511                                  ;;;;;;;;;;;;;;;;;;;;;;;;;;;;;;;;;;;;;;;;;;;;;;;;;;;;;;;;;;;;;;;;;;;;;;;;;
   512                                  ; fn 09 -- write character and attribute, CX times
   513                                  ; fn 0A -- write character, CX times
   514                                  ;
   515                                  ;  AL = character, BH = page, BL = attribute (09 only), CX = count
   516                                  ;
   517                                  ; The BIOS contract is that the cursor does NOT move.  On a terminal the
   518                                  ; characters move it anyway, so it is put back afterwards.  The
   519                                  ; attribute is discarded: there is nowhere to keep it, and emitting SGR
   520                                  ; for it would fight with whatever the application is doing.
   521                                  ;;;;;;;;;;;;;;;;;;;;;;;;;;;;;;;;;;;;;;;;;;;;;;;;;;;;;;;;;;;;;;;;;;;;;;;;;
   522                                  v_fn09:
   523                                  v_fn0A:
   524 000002C2 8B4E0C                  	mov	cx,[bp+offset_cx]
   525 000002C5 09C9                    	or	cx,cx
   526 000002C7 0F844FFD                	jz	v_done			; a count of zero writes nothing
   527                                  
   528 000002CB 8B460E                  	mov	ax,[bp+offset_ax]	; AL character, AH the function
   529 000002CE F606890002              	test	byte [console],CON_VIDEO
   530 000002D3 740F                    	jz	.1
   531 000002D5 8A5E08                  	mov	bl,[bp+offset_bx]	; the attribute, for 09
   532 000002D8 30D2                    	xor	dl,dl
   533 000002DA 80FC09                  	cmp	ah,0x09
   534 000002DD 7502                    	jne	.v
   535 000002DF FEC2                    	inc	dl			; 09 writes the attribute too
   536 000002E1 E8(0000)                .v:	call	vga3_cells
   537                                  .1:
   538 000002E4 51                      	push	cx
   539 000002E5 E86CFD                  	call	vputc
   540 000002E8 59                      	pop	cx
   541 000002E9 E2F9                    	loop	.1
   542                                  
   543 000002EB E8CEFD                  	call	vgoto			; the cursor did not officially move
   544 000002EE E929FD                  	jmp	v_done
   545                                  
   546                                  
   547                                  ;;;;;;;;;;;;;;;;;;;;;;;;;;;;;;;;;;;;;;;;;;;;;;;;;;;;;;;;;;;;;;;;;;;;;;;;;
   548                                  ; fn 08 -- read the character and attribute at the cursor
   549                                  ;
   550                                  ; There is no buffer to read, and no terminal answers this.  A space in
   551                                  ; the normal attribute is returned: it is what an unwritten cell holds,
   552                                  ; it is what the few callers that use this are usually testing for, and
   553                                  ; it is at least consistent.  This is the one function the no-buffer
   554                                  ; decision makes dishonest, and it is recorded here rather than left for
   555                                  ; someone to discover.
   556                                  ;;;;;;;;;;;;;;;;;;;;;;;;;;;;;;;;;;;;;;;;;;;;;;;;;;;;;;;;;;;;;;;;;;;;;;;;;
   557                                  v_fn08:
   558 000002F1 B82007                  	mov	ax,(VID_ATTR<<8) | ASCII_SP
   559 000002F4 F606890002              	test	byte [console],CON_VIDEO
   560 000002F9 7403                    	jz	.1
   561 000002FB E8(0000)                	call	vga3_getcell		; the board can be asked
   562 000002FE 89460E                  .1:	mov	[bp+offset_ax],ax
   563 00000301 E916FD                  	jmp	v_done
   564                                  
   565                                  
   566                                  ;;;;;;;;;;;;;;;;;;;;;;;;;;;;;;;;;;;;;;;;;;;;;;;;;;;;;;;;;;;;;;;;;;;;;;;;;
   567                                  ; fn 06 -- scroll a window up
   568                                  ; fn 07 -- scroll a window down
   569                                  ;
   570                                  ;  AL = lines to scroll, zero means blank the whole window
   571                                  ;  CH,CL = top-left row,column     DH,DL = bottom-right row,column
   572                                  ;  BH = attribute for the blanked lines
   573                                  ;
   574                                  ; A whole-screen scroll becomes a real terminal scroll.  Anything
   575                                  ; smaller is served by setting a scrolling region, scrolling inside it,
   576                                  ; and putting the region back -- which is what DOS's full-screen
   577                                  ; programs are asking for.  A window that is the whole screen and a
   578                                  ; count of zero is the common "clear the screen" call.
   579                                  ;;;;;;;;;;;;;;;;;;;;;;;;;;;;;;;;;;;;;;;;;;;;;;;;;;;;;;;;;;;;;;;;;;;;;;;;;
   580                                  v_fn06:
   581 00000304 B353                    	mov	bl,'S'			; ESC [ n S -- scroll up
   582 00000306 EB02                    	jmp	short v_scroll
   583                                  v_fn07:
   584 00000308 B354                    	mov	bl,'T'			; ESC [ n T -- scroll down
   585                                  
   586                                  v_scroll:
   587 0000030A 8B4E0C                  	mov	cx,[bp+offset_cx]	; CH = top row, CL = left column
   588 0000030D 8B560A                  	mov	dx,[bp+offset_dx]	; DH = bottom row, DL = right column
   589 00000310 8A460E                  	mov	al,[bp+offset_ax]	; lines
   590                                  
   591 00000313 F606890002              	test	byte [console],CON_VIDEO
   592 00000318 7412                    	jz	.serial
   593 0000031A 53                      	push	bx
   594 0000031B 8A7E09                  	mov	bh,[bp+offset_bx+1]	; the attribute for the blanked lines
   595 0000031E 80FB53                  	cmp	bl,'S'
   596 00000321 7505                    	jne	.dn
   597 00000323 E8(0000)                	call	vga3_scroll_up
   598 00000326 EB03                    	jmp	short .vd
   599 00000328 E8(0000)                .dn:	call	vga3_scroll_dn
   600 0000032B 5B                      .vd:	pop	bx
   601                                  .serial:
   602                                  ; A count of zero, or a count covering the window, blanks it.
   603 0000032C 08C0                    	or	al,al
   604 0000032E 7440                    	jz	.blank
   605 00000330 88F4                    	mov	ah,dh
   606 00000332 28EC                    	sub	ah,ch
   607 00000334 FEC4                    	inc	ah			; window height
   608 00000336 38E0                    	cmp	al,ah
   609 00000338 7336                    	jnb	.blank
   610                                  
   611                                  ; Set the scrolling region to the window, scroll, then release it.
   612 0000033A 50                      	push	ax
   613 0000033B E847FD                  	call	vcsi
   614 0000033E 88E8                    	mov	al,ch
   615 00000340 FEC0                    	inc	al
   616 00000342 E829FD                  	call	vputdec2
   617 00000345 B03B                    	mov	al,';'
   618 00000347 E80AFD                  	call	vputc
   619 0000034A 88F0                    	mov	al,dh
   620 0000034C FEC0                    	inc	al
   621 0000034E E81DFD                  	call	vputdec2
   622 00000351 B072                    	mov	al,'r'			; ESC [ top ; bottom r
   623 00000353 E8FEFC                  	call	vputc
   624                                  
   625 00000356 E82CFD                  	call	vcsi
   626 00000359 58                      	pop	ax
   627 0000035A E811FD                  	call	vputdec2
   628 0000035D 88D8                    	mov	al,bl			; 'S' or 'T'
   629 0000035F E8F2FC                  	call	vputc
   630                                  
   631 00000362 E820FD                  	call	vcsi			; ESC [ r -- region back to full screen
   632 00000365 B072                    	mov	al,'r'
   633 00000367 E8EAFC                  	call	vputc
   634 0000036A E84FFD                  	call	vgoto
   635 0000036D E9AAFC                  	jmp	v_done
   636                                  
   637                                  .blank:
   638                                  ; Blank the window a row at a time: position, then erase to end of line.
   639                                  ; ESC [ 2 J would be wrong for anything but the full screen.
   640 00000370 88E8                    	mov	al,ch			; current row
   641                                  .1:
   642 00000372 38F0                    	cmp	al,dh
   643 00000374 7727                    	ja	.9
   644 00000376 50                      	push	ax
   645 00000377 E80BFD                  	call	vcsi
   646 0000037A FEC0                    	inc	al
   647 0000037C E8EFFC                  	call	vputdec2
   648 0000037F B03B                    	mov	al,';'
   649 00000381 E8D0FC                  	call	vputc
   650 00000384 88C8                    	mov	al,cl			; left column
   651 00000386 FEC0                    	inc	al
   652 00000388 E8E3FC                  	call	vputdec2
   653 0000038B B048                    	mov	al,'H'
   654 0000038D E8C4FC                  	call	vputc
   655 00000390 E8F2FC                  	call	vcsi
   656 00000393 B04B                    	mov	al,'K'			; erase to end of line
   657 00000395 E8BCFC                  	call	vputc
   658 00000398 58                      	pop	ax
   659 00000399 FEC0                    	inc	al
   660 0000039B EBD5                    	jmp	.1
   661                                  .9:
   662 0000039D E81CFD                  	call	vgoto
   663 000003A0 E977FC                  	jmp	v_done
