     1                                  ;;;;;;;;;;;;;;;;;;;;;;;;;;;;;;;;;;;;;;;;;;;;;;;;;;;;;;;;;;;;;;;;;;;;;;;;;;;;;
     2                                  ; 11h_12h.asm -- handle the trivial BIOS calls
     3                                  ;;;;;;;;;;;;;;;;;;;;;;;;;;;;;;;;;;;;;;;;;;;;;;;;;;;;;;;;;;;;;;;;;;;;;;;;;;;;;
     4                                  ;
     5                                  ; Copyright (C) 2018 John R. Coffman.  All rights reserved.
     6                                  ; Provided for hobbyist use on the RetroBrew SBC-386EX board.
     7                                  ;
     8                                  ; This program is free software: you can redistribute it and/or modify
     9                                  ; it under the terms of the GNU General Public License as published by
    10                                  ; the Free Software Foundation, either version 3 of the License, or
    11                                  ; (at your option) any later version.
    12                                  ;
    13                                  ; This program is distributed in the hope that it will be useful,
    14                                  ; but WITHOUT ANY WARRANTY; without even the implied warranty of
    15                                  ; MERCHANTABILITY or FITNESS FOR A PARTICULAR PURPOSE.  See the
    16                                  ; GNU General Public License for more details.
    17                                  ;
    18                                  ; You should have received a copy of the GNU General Public License
    19                                  ; along with this program in the file COPYING in the topmost source
    20                                  ; directory.  If not, see <http://www.gnu.org/licenses/>.
    21                                  ;
    22                                  ;
    23                                  ; SBC-386 board revisions:
    24                                  ;       SBC386-0   prototype / concept testing
    25                                  ;	SBC-386EX 2.0	production / January 2018
    26                                  ;
    27                                  ; Assembly by NASM 2.08 is preferred
    28                                  ;;;;;;;;;;;;;;;;;;;;;;;;;;;;;;;;;;;;;;;;;;;;;;;;;;;;;;;;;;;;;;;;;;;;;;;;;;;;;
    29                                  
    30                                  %include "seg_def.inc"
    31                              <1> ; SEG_DEF.inc
    32                              <1> ;
    33                              <1> %ifndef SEG_DEF
    34                              <1> %define SEG_DEF 1
    35                              <1> 
    36                              <1> segment _TEXT	use16 	align=16	class=CODE	public
    37                              <1> 
    38                              <1> segment CONST		align=16	class=DATA	public
    39                              <1> segment CONST2		align=2		class=DATA	public
    40                              <1> segment _DATA		align=16	class=DATA	public
    41                              <1> segment _BSS		align=16	class=DATA	public
    42                              <1> ;group DGROUP CONST2 CONST _DATA _BSS
    43                              <1> 
    44                              <1> group DGROUP  _TEXT CONST2 CONST _DATA _BSS
    45                              <1> 
    46                              <1> 
    47                              <1> segment BOOT at 0xFFFF	align=16	class=BOOT	use16
    48                              <1> 
    49                              <1> %define XXX
    50                              <1> %endif
    51                              <1> ;
    52                              <1> ; end SEG_DEF.inc
    31                                  %include "i386ex.inc"
    32                              <1> ;/*;;;;;;;;;;;;;;;;;;;;;;;;;;;;;;;;;;;;;;;;;;;;;;;;;;;;;;;;;;;;;;;;;;;;;;
    33                              <1> ; i386EX.inc  --  register definitions for the Intel 80386EX processor
    34                              <1> ;;;;;;;;;;;;;;;;;;;;;;;;;;;;;;;;;;;;;;;;;;;;;;;;;;;;;;;;;;;;;;;;;;;;;;;;;
    35                              <1> ;
    36                              <1> ; Copyright (C) 2018 John R. Coffman.  All rights reserved.
    37                              <1> ; Provided for hobbyist use on the RetroBrew SBC-386 board.
    38                              <1> ;
    39                              <1> ; This program is free software: you can redistribute it and/or modify
    40                              <1> ; it under the terms of the GNU General Public License as published by
    41                              <1> ; the Free Software Foundation, either version 3 of the License, or
    42                              <1> ; (at your option) any later version.
    43                              <1> ;
    44                              <1> ; This program is distributed in the hope that it will be useful,
    45                              <1> ; but WITHOUT ANY WARRANTY; without even the implied warranty of
    46                              <1> ; MERCHANTABILITY or FITNESS FOR A PARTICULAR PURPOSE.  See the
    47                              <1> ; GNU General Public License for more details.
    48                              <1> ;
    49                              <1> ; You should have received a copy of the GNU General Public License
    50                              <1> ; along with this program in the file COPYING in the topmost source
    51                              <1> ; directory.  If not, see <http://www.gnu.org/licenses/>.
    52                              <1> ;
    53                              <1> ;
    54                              <1> ; SBC-386 board revisions:
    55                              <1> ;       SBC386-0   prototype / concept testing
    56                              <1> ;	SBC386EX 2.0 production board (Jan 2018, not 2017 as labeled)
    57                              <1> ;
    58                              <1> ; Assembly by NASM 2.08 is preferred
    59                              <1> ;;;;;;;;;;;;;;;;;;;;;;;;;;;;;;;;;;;;;;;;;;;;;;;;;;;;;;;;;;;;;;;;;;;;;;;;*/
    60                              <1> 
    61                              <1> ;/* i386EX.inc  --  register definitions for the Intel 80386EX processor
    62                              <1> ;
    63                              <1> %define defb
    64                              <1> %define defw
    65                              <1> %define defd
    66                              <1> ;*/
    67                              <1> 
    68                              <1> ;/* The Address Configuration register
    69                              <1> ;*/
    70                              <1> defb REMAPCFGH  equ     0x0023
    71                              <1> defb REMAPCFGL  equ     0x0022
    72                              <1> defw REMAPCFG   equ     0x0022
    73                              <1> 
    74                              <1> ;/* The A20gate and fast CPU Reset
    75                              <1> ;*/
    76                              <1> defb PORT92     equ     0xF092
    77                              <1> defb PORT92_AT  equ     0x0092
    78                              <1> 
    79                              <1> ;
    80                              <1> ;/* The DMA Controller and Bus Arbiter
    81                              <1> ;*/
    82                              <1> defb DMA0TAR    equ     0xF000
    83                              <1> defb DMA0TAR_AT equ     0x0000
    84                              <1> defb DMA0BYC    equ     0xF001
    85                              <1> defb DMA0BYC_AT equ     0x0001
    86                              <1> defb DMA1TAR    equ     0xF002
    87                              <1> defb DMA1TAR_AT equ     0x0002
    88                              <1> defb DMA1BYC    equ     0xF003
    89                              <1> defb DMA1BYC_AT equ     0x0003
    90                              <1> defb DMACMD1    equ     0xF008
    91                              <1> defb DMACMD1_AT equ     0x0008
    92                              <1> defb DMASTS     equ     0xF008
    93                              <1> defb DMASTS_AT  equ     0x0008
    94                              <1> defb DMASRR     equ     0xF009
    95                              <1> defb DMASRR_AT  equ     0x0009
    96                              <1> defb DMAMSK     equ     0xF00A
    97                              <1> defb DMAMSK_AT  equ     0x000A
    98                              <1> defb DMAMOD1    equ     0xF00B
    99                              <1> defb DMAMOD1_AT equ     0x000B
   100                              <1> defb DMACLRBP   equ     0xF00C
   101                              <1> defb DMACLRBP_AT equ    0x000C
   102                              <1> defb DMACLR     equ     0xF00D
   103                              <1> defb DMACLR_AT  equ     0x000D
   104                              <1> defb DMACLRMSK  equ     0xF00E
   105                              <1> defb DMACLRMSK_AT equ   0x000E
   106                              <1> defb DMAGRPMSK  equ     0xF00F
   107                              <1> defb DMAGRPMSK_AT equ   0x000F
   108                              <1> defb DMA0REQ0_1 equ     0xF010
   109                              <1> defb DMA0REQ2_3 equ     0xF011
   110                              <1> defb DMA1REQ0_1 equ     0xF012
   111                              <1> defb DMA1REQ2_3 equ     0xF013
   112                              <1> defb DMABSR     equ     0xF018
   113                              <1> defb DMACHR     equ     0xF019
   114                              <1> defb DMAIS      equ     0xF019
   115                              <1> defb DMACMD2    equ     0xF01A
   116                              <1> defb DMAMOD2    equ     0xF01B
   117                              <1> defb DMAIEN     equ     0xF01C
   118                              <1> defb DMAOVFE    equ     0xF01D
   119                              <1> defb DMACLRTC   equ     0xF01E
   120                              <1> ;
   121                              <1> ;/* The DMA Page Registers
   122                              <1> ;*/
   123                              <1> defb DMA1TAR2    equ    0xF083
   124                              <1> defb DMA1TAR2_AT equ    0x0083
   125                              <1> defb DMA1TAR3    equ    0xF085
   126                              <1> defb DMA1TAR3_AT equ    0x0085
   127                              <1> defb DMA0TAR3    equ    0xF086
   128                              <1> defb DMA0TAR3_AT equ    0x0086
   129                              <1> defb DMA0TAR2    equ    0xF087
   130                              <1> defb DMA0TAR2_AT equ    0x0087
   131                              <1> ;
   132                              <1> defb DMA0BYC2   equ     0xF098
   133                              <1> defb DMA1BYC2   equ     0xF099
   134                              <1> 
   135                              <1> ;
   136                              <1> ;/* The Master Interrupt Controller
   137                              <1> ;*/
   138                              <1> defb ICW1M_AT   equ     0x0020
   139                              <1> defb ICW2M_AT   equ     0x0021
   140                              <1> defb ICW3M_AT   equ     0x0021
   141                              <1> defb ICW4M_AT   equ     0x0021
   142                              <1> defb OCW1M_AT   equ     0x0021
   143                              <1> defb OCW2M_AT   equ     0x0020
   144                              <1> defb OCW3M_AT   equ     0x0020
   145                              <1> 
   146                              <1> defb ICW1M      equ     0xF020
   147                              <1> defb ICW2M      equ     0xF021
   148                              <1> defb ICW3M      equ     0xF021
   149                              <1> defb ICW4M      equ     0xF021
   150                              <1> defb OCW1M      equ     0xF021
   151                              <1> defb OCW2M      equ     0xF020
   152                              <1> defb OCW3M      equ     0xF020
   153                              <1> defb IRR_M	equ	0xF020
   154                              <1> 
   155                              <1> ;
   156                              <1> ;/* The Slave Interrupt Controller
   157                              <1> ;*/
   158                              <1> defb ICW1S_AT   equ     0x00A0
   159                              <1> defb ICW2S_AT   equ     0x00A1
   160                              <1> defb ICW3S_AT   equ     0x00A1
   161                              <1> defb ICW4S_AT   equ     0x00A1
   162                              <1> defb OCW1S_AT   equ     0x00A1
   163                              <1> defb OCW2S_AT   equ     0x00A0
   164                              <1> defb OCW3S_AT   equ     0x00A0
   165                              <1> defb IRR_M_AT	equ	0x00A0
   166                              <1> 
   167                              <1> defb ICW1S      equ     0xF0A0
   168                              <1> defb ICW2S      equ     0xF0A1
   169                              <1> defb ICW3S      equ     0xF0A1
   170                              <1> defb ICW4S      equ     0xF0A1
   171                              <1> defb OCW1S      equ     0xF0A1
   172                              <1> defb OCW2S      equ     0xF0A0
   173                              <1> defb OCW3S      equ     0xF0A0
   174                              <1> 
   175                              <1> ;
   176                              <1> ;/* The Timer/Counter Unit
   177                              <1> ;*/
   178                              <1> defb    TMR0    equ     0xF040
   179                              <1> defb    TMR0_AT equ     0x0040
   180                              <1> defb    TMR1    equ     0xF041
   181                              <1> defb    TMR1_AT equ     0x0041
   182                              <1> defb    TMR2    equ     0xF042
   183                              <1> defb    TMR2_AT equ     0x0042
   184                              <1> defb    TMRCON  equ     0xF043
   185                              <1> defb    TMRCON_AT  equ  0x0043
   186                              <1> 
   187                              <1> ;
   188                              <1> ;/* The Chip Select Unit
   189                              <1> ;*/
   190                              <1> defw    CS0ADL  equ     0xF400
   191                              <1> defw    CS0ADH  equ     0xF402
   192                              <1> defw    CS0MSKL equ     0xF404
   193                              <1> defw    CS0MSKH equ     0xF406
   194                              <1> defw    CS1ADL  equ     0xF408
   195                              <1> defw    CS1ADH  equ     0xF40A
   196                              <1> defw    CS1MSKL equ     0xF40C
   197                              <1> defw    CS1MSKH equ     0xF40E
   198                              <1> defw    CS2ADL  equ     0xF410
   199                              <1> defw    CS2ADH  equ     0xF412
   200                              <1> defw    CS2MSKL equ     0xF414
   201                              <1> defw    CS2MSKH equ     0xF416
   202                              <1> defw    CS3ADL  equ     0xF418
   203                              <1> defw    CS3ADH  equ     0xF41A
   204                              <1> defw    CS3MSKL equ     0xF41C
   205                              <1> defw    CS3MSKH equ     0xF41E
   206                              <1> defw    CS4ADL  equ     0xF420
   207                              <1> defw    CS4ADH  equ     0xF422
   208                              <1> defw    CS4MSKL equ     0xF424
   209                              <1> defw    CS4MSKH equ     0xF426
   210                              <1> defw    CS5ADL  equ     0xF428
   211                              <1> defw    CS5ADH  equ     0xF42A
   212                              <1> defw    CS5MSKL equ     0xF42C
   213                              <1> defw    CS5MSKH equ     0xF42E
   214                              <1> defw    CS6ADL  equ     0xF430
   215                              <1> defw    CS6ADH  equ     0xF432
   216                              <1> defw    CS6MSKL equ     0xF434
   217                              <1> defw    CS6MSKH equ     0xF436
   218                              <1> defw    UCSADL  equ     0xF438
   219                              <1> defw    UCSADH  equ     0xF43A
   220                              <1> defw    UCSMSKL equ     0xF43C
   221                              <1> defw    UCSMSKH equ     0xF43E
   222                              <1> 
   223                              <1> ;
   224                              <1> ;/* The Synchronous Serial I/O Unit
   225                              <1> ;*/
   226                              <1> defw    SSIOTBUF equ    0xF480
   227                              <1> defw    SSIORBUF equ    0xF482
   228                              <1> defw    SSIOBAUD equ    0xF484
   229                              <1> defw    SSIOCON1 equ    0xF486
   230                              <1> defw    SSIOCON2 equ    0xF488
   231                              <1> defw    SSIOCTR  equ    0xF48A
   232                              <1> 
   233                              <1> ;
   234                              <1> ;/* The Refresh Control Unit
   235                              <1> ;*/
   236                              <1> defw    RFSBAD  equ     0xF4A0
   237                              <1> defw    RFSCIR  equ     0xF4A2
   238                              <1> defw    RFSCON  equ     0xF4A4
   239                              <1> defw    RFSADD  equ     0xF4A6
   240                              <1> 
   241                              <1> ;
   242                              <1> ;/* The Watchdog Timer Unit
   243                              <1> ;*/
   244                              <1> defw    WDTRLDH equ     0xF4C0
   245                              <1> defw    WDTRLDL equ     0xF4C2
   246                              <1> defw    WDTCNTH equ     0xF4C4
   247                              <1> defw    WDTCNTL equ     0xF4C6
   248                              <1> defw    WDTCLR  equ     0xF4C8
   249                              <1> defb    WDTSTATUS  equ  0xF4CA
   250                              <1> 
   251                              <1> ;
   252                              <1> ;/* Clock Generation and Power Management
   253                              <1> ;*/
   254                              <1> defb    PWRCON  equ     0xF800
   255                              <1> defw    CLKPRS  equ     0xF804
   256                              <1> 
   257                              <1> ;
   258                              <1> ;/* Device Configuration Registers
   259                              <1> ;*/
   260                              <1> defb    P1CFG   equ     0xF820
   261                              <1> defb    P2CFG   equ     0xF822
   262                              <1> defb    P3CFG   equ     0xF824
   263                              <1> defb    PINCFG  equ     0xF826
   264                              <1> defb    DMACFG  equ     0xF830
   265                              <1> defb    INTCFG  equ     0xF832
   266                              <1> defb    TMRCFG  equ     0xF834
   267                              <1> defb    SIOCFG  equ     0xF836
   268                              <1> 
   269                              <1> ;
   270                              <1> ;/* Parallel I/O Ports
   271                              <1> ;*/
   272                              <1> defb    P1PIN   equ     0xF860
   273                              <1> defb    P1LTC   equ     0xF862
   274                              <1> defb    P1DIR   equ     0xF864
   275                              <1> defb    P2PIN   equ     0xF868
   276                              <1> defb    P2LTC   equ     0xF86A
   277                              <1> defb    P2DIR   equ     0xF86C
   278                              <1> defb    P3PIN   equ     0xF870
   279                              <1> defb    P3LTC   equ     0xF872
   280                              <1> defb    P3DIR   equ     0xF874
   281                              <1> 
   282                              <1> 
   283                              <1> ; bits.inc
   284                              <1> ;
   285                              <1> ; assembly language bit definitions
   286                              <1> ;
   287                              <1> defb    BIT0    equ     0x01
   288                              <1> defb    BIT1    equ     0x02
   289                              <1> defb    BIT2    equ     0x04
   290                              <1> defb    BIT3    equ     0x08
   291                              <1> defb    BIT4    equ     0x10
   292                              <1> defb    BIT5    equ     0x20
   293                              <1> defb    BIT6    equ     0x40
   294                              <1> defb    BIT7    equ     0x80
   295                              <1> 
   296                              <1> defw    BIT8    equ     0x0100
   297                              <1> defw    BIT9    equ     0x0200
   298                              <1> defw    BIT10   equ     0x0400
   299                              <1> defw    BIT11   equ     0x0800
   300                              <1> defw    BIT12   equ     0x1000
   301                              <1> defw    BIT13   equ     0x2000
   302                              <1> defw    BIT14   equ     0x4000
   303                              <1> defw    BIT15   equ     0x8000
   304                              <1> 
   305                              <1> defd    BIT16   equ     0x00010000
   306                              <1> defd    BIT31   equ     0x80000000
   307                              <1> 
   308                              <1> defb    ZBIT0    equ     0
   309                              <1> defb    ZBIT1    equ     0
   310                              <1> defb    ZBIT2    equ     0
   311                              <1> defb    ZBIT3    equ     0
   312                              <1> defb    ZBIT4    equ     0
   313                              <1> defb    ZBIT5    equ     0
   314                              <1> defb    ZBIT6    equ     0
   315                              <1> defb    ZBIT7    equ     0
   316                              <1> 
   317                              <1> defw    ZBIT8    equ     0
   318                              <1> defw    ZBIT9    equ     0
   319                              <1> defw    ZBIT10   equ     0
   320                              <1> defw    ZBIT11   equ     0
   321                              <1> defw    ZBIT12   equ     0
   322                              <1> defw    ZBIT13   equ     0
   323                              <1> defw    ZBIT14   equ     0
   324                              <1> defw    ZBIT15   equ     0
   325                              <1> 
   326                              <1> 
   327                              <1> ;
   328                              <1> ;/* Asynchronout Serial I/O channel 0  (COM1)
   329                              <1> ;*/
   330                              <1> defb    RBR0_F4 equ     0xF4F8
   331                              <1> defb    TBR0_F4 equ     0xF4F8
   332                              <1> defb    DLL0_F4 equ     0xF4F8
   333                              <1> defb    DLH0_F4 equ     0xF4F9
   334                              <1> defb    IER0_F4 equ     0xF4F9
   335                              <1> defb    IIR0_F4 equ     0xF4FA
   336                              <1> defb    LCR0_F4 equ     0xF4FB
   337                              <1> defb    MCR0_F4 equ     0xF4FC
   338                              <1> defb    LSR0_F4 equ     0xF4FD
   339                              <1> defb    MSR0_F4 equ     0xF4FE
   340                              <1> defb    SCR0_F4 equ     0xF4FF
   341                              <1> 
   342                              <1> %define MFPIC 0
   343                              <1> %if MFPIC
   344                              <1> defb    RBR0    equ     0x0448
   345                              <1> defb    TBR0    equ     0x0448
   346                              <1> defb    DLL0    equ     0x0448
   347                              <1> defb    DLH0    equ     0x0449
   348                              <1> defb    IER0    equ     0x0449
   349                              <1> defb    IIR0    equ     0x044A
   350                              <1> defb    LCR0    equ     0x044B
   351                              <1> defb    MCR0    equ     0x044C
   352                              <1> defb    LSR0    equ     0x044D
   353                              <1> defb    MSR0    equ     0x044E
   354                              <1> defb    SCR0    equ     0x044F
   355                              <1> %else
   356                              <1> defb    RBR0    equ     0x03F8
   357                              <1> defb    TBR0    equ     0x03F8
   358                              <1> defb    DLL0    equ     0x03F8
   359                              <1> defb    DLH0    equ     0x03F9
   360                              <1> defb    IER0    equ     0x03F9
   361                              <1> defb    IIR0    equ     0x03FA
   362                              <1> defb    LCR0    equ     0x03FB
   363                              <1> defb    MCR0    equ     0x03FC
   364                              <1> defb    LSR0    equ     0x03FD
   365                              <1> defb    MSR0    equ     0x03FE
   366                              <1> defb    SCR0    equ     0x03FF
   367                              <1> %endif
   368                              <1> 
   369                              <1> ;
   370                              <1> ;/* Asynchronout Serial I/O channel 1  (COM2)
   371                              <1> ;*/
   372                              <1> defb    RBR1_F8 equ     0xF8F8
   373                              <1> defb    TBR1_F8 equ     0xF8F8
   374                              <1> defb    DLL1_F8 equ     0xF8F8
   375                              <1> defb    DLH1_F8 equ     0xF8F9
   376                              <1> defb    IER1_F8 equ     0xF8F9
   377                              <1> defb    IIR1_F8 equ     0xF8FA
   378                              <1> defb    LCR1_F8 equ     0xF8FB
   379                              <1> defb    MCR1_F8 equ     0xF8FC
   380                              <1> defb    LSR1_F8 equ     0xF8FD
   381                              <1> defb    MSR1_F8 equ     0xF8FE
   382                              <1> defb    SCR1_F8 equ     0xF8FF
   383                              <1> 
   384                              <1> defb    RBR1    equ     0x02F8
   385                              <1> defb    TBR1    equ     0x02F8
   386                              <1> defb    DLL1    equ     0x02F8
   387                              <1> defb    DLH1    equ     0x02F9
   388                              <1> defb    IER1    equ     0x02F9
   389                              <1> defb    IIR1    equ     0x02FA
   390                              <1> defb    LCR1    equ     0x02FB
   391                              <1> defb    MCR1    equ     0x02FC
   392                              <1> defb    LSR1    equ     0x02FD
   393                              <1> defb    MSR1    equ     0x02FE
   394                              <1> defb    SCR1    equ     0x02FF
   395                              <1> 
   396                              <1> ;/* LSRx bits
   397                              <1> ;*/
   398                              <1> defb    LSR_TE  equ     BIT6
   399                              <1> defb    LSR_TBE equ     BIT5
   400                              <1> defb    LSR_BI  equ     BIT4
   401                              <1> defb    LSR_FE  equ     BIT3
   402                              <1> defb    LSR_PE  equ     BIT2
   403                              <1> defb    LSR_OE  equ     BIT1
   404                              <1> defb    LSR_RBF equ     BIT0
   405                              <1> 
   406                              <1> ;/* MSRx bits
   407                              <1> ;*/
   408                              <1> defb	MSR_DCD	equ	BIT7
   409                              <1> defb	MSR_RI 	equ	BIT6
   410                              <1> defb	MSR_DSR	equ	BIT5
   411                              <1> defb	MSR_CTS	equ	BIT4
   412                              <1> defb	MSR_deltaDCD	equ	BIT3
   413                              <1> defb	MSR_deltaRI	equ	BIT2
   414                              <1> defb	MSR_deltaDSR	equ	BIT1
   415                              <1> defb	MSR_deltaCTS	equ	BIT0
   416                              <1> 
   417                              <1> ;/* Bits in CR0
   418                              <1> ;*/
   419                              <1> defb    CR0_PE  equ     BIT0
   420                              <1> defb    CR0_MP  equ     BIT1
   421                              <1> defb    CR0_EM  equ     BIT2
   422                              <1> defb    CR0_TS  equ     BIT3
   423                              <1> defd    CR0_WP  equ     BIT16
   424                              <1> defd    CR0_PG  equ     BIT31
   425                              <1> 
   426                              <1> ;/* Some ASCII character codes
   427                              <1> ;*/
   428                              <1> defb    ASCII_NUL       equ     0x00
   429                              <1> defb    ASCII_BS        equ     0x08
   430                              <1> defb    ASCII_HT        equ     0x09
   431                              <1> defb    ASCII_LF        equ     0x0A
   432                              <1> defb    ASCII_NL        equ     0x0A
   433                              <1> defb    ASCII_FF        equ     0x0C
   434                              <1> defb    ASCII_CR        equ     0x0D
   435                              <1> defb	ASCII_ESC	equ	0x1B
   436                              <1> defb    ASCII_SP        equ     0x20
   437                              <1> defb    ASCII_DEL       equ     0x7F
   438                              <1> defb	ASCII_RUB	equ	0xFF
   439                              <1> 
   440                              <1> 
   441                              <1> ;/* End of i386EX.inc */
    32                                  %include "bda.inc"
    33                              <1> XXX
    34                              <1> ; bda.h -- definitions of the BIOS Data Area at 0040:0000 (0x400)  */
    35                              <1> %define BDA_segment 0x40
    36                              <1> struc _BDA
    37                              <1> ; first items at 0x40:0	*/
    38 00000000 ????????????????    <1> serial_dev	resw	4	; serial port device codes */
    39 00000008 ????????????????    <1> parallel_dev	resw	4	; printer port device codes */
    40 00000010 ????                <1> equip_flag	resw	1		; int 12h equipment flags */
    41 00000012 ??                  <1> mfg_test	resb	1		; initialization flags */
    42 00000013 ????                <1> memory_size	resw	1	; base memory size in Kilowords (1224) */
    43 00000015 ??                  <1> mfg_err_flag	resb	1
    44 00000016 ??                  <1> mfg_err_flag2	resb	1
    45                              <1> ; */
    46                              <1> ; first Keyboard data area */
    47 00000017 ??                  <1> kbd_flag	resb	1	; shift status &c. */
    48 00000018 ??                  <1> kbd_flag1	resb	1	;  mrre  */
    49 00000019 ??                  <1> alt_input	resb	1	; save alternate kbd entry code */
    50 0000001A ????                <1> buffer_head	resw	1
    51 0000001C ????                <1> buffer_tail	resw	1
    52                              <1> ; */
    53 0000001E <res 20h>           <1> kbd_buffer	resw	16	; buffer empty when  head==tail**/
    54                              <1> ; */
    55                              <1> ; Diskette data area */
    56 0000003E ??                  <1> seek_status	resb	1	; drive recalibration status */
    57                              <1> ; bits 3..0 drive must recalibrate before next seek */
    58 0000003F ??                  <1> motor_status	resb	1	; bits 3..0 motor running */
    59                              <1> ; bit 7 current op is write */
    60 00000040 ??                  <1> motor_count	resb	1	; timeout counter for motor turn-off */
    61 00000041 ??                  <1> fd_status	resb	1	; return code status byte */
    62 00000042 ??????????????      <1> fd_ctrl_stat	resb	7	; controller return bytes */
    63                              <1> ; */
    64                              <1> ; Video Display data area -- also used for video emulation */
    65 00000049 ??                  <1> vid_mode	resb	1	; current display mode */
    66 0000004A ????                <1> vid_columns	resw	1	; no. of columns on the screen */
    67 0000004C ????                <1> vid_buf_len	resw	1	; length of video buffer in bytes*//
    68 0000004E ????                <1> vid_start	resw	1	; start address of screen regeneration (in vid buf)*//
    69 00000050 <res 10h>           <1> vid_cursor	resw	8	; cursor postition on up to 8 screens */
    70 00000060 ????                <1> vid_cursor_mode	resw	1
    71 00000062 ??                  <1> vid_active_page	resb	1
    72 00000063 ????                <1> vid_addr_chip	resw	1	; I/O address for the video chip (6845,EGA,VGA)*//
    73 00000065 ??                  <1> vid_crt_mode	resb	1	; current setting of the 3x8 register ???? */
    74 00000066 ??                  <1> vid_palette	resb	1	; current color setting / palette **/
    75                              <1> ; */
    76                              <1> ; POST and ROM data */
    77 00000067 ????????            <1> io_rom_addr	resd	1	; far word to ROM initialization routine */
    78                              <1> %define io_rom_addr_low io_rom_addr
    79                              <1> %define io_rom_addr_seg (io_rom_addr+2)
    80 0000006B ??                  <1> interrupt_flag	resb	1	; indicates an interrupt occurred */
    81                              <1> ; */
    82                              <1> ; Timer data area  18.206602 hz  = ~54.925 ms  */
    83 0000006C ????                <1> timer_count_low	resw	1	; low word of timer count */
    84 0000006E ????                <1> timer_count_high	resw	1
    85                              <1> %define timer_count timer_count_low
    86                              <1> ; use timer_count as the double word timer counter */
    87 00000070 ??                  <1> timer_overflow	resb	1	; timer has rolled over since last read */
    88                              <1> ; */
    89                              <1> ; System & Keboard data area */
    90 00000071 ??                  <1> kbd_break_flag	resb	1	; bit 7 set if Break key is pressed */
    91 00000072 ????                <1> reset_flag	resw	1	; word=0x1234 if Reset is underway (80286) */
    92                              <1> ; */
    93                              <1> ; Fixed (Hard) disk data area */
    94 00000074 ??                  <1> hd_status	resb	1	; status info for hard disk */
    95                              <1> %define disk_status1 hd_status
    96 00000075 ??                  <1> hd_number	resb	1	; number of hard disks (for int 13h, fn 8h) */
    97 00000076 ??                  <1> control_byte	resb	1	; head control ???? */
    98 00000077 ??                  <1> port_offset	resb	1	; obsolete, maybe ???? */
    99                              <1> ; */
   100                              <1> ; Timeout counters */
   101 00000078 ????????            <1> printer_timeout	resb	4	; four bytes for each interaace */
   102 0000007C ????????            <1> serial_timeout	resb	4	; four bytes for each interacce */
   103                              <1> ; */
   104                              <1> ; Keyboard additional data area -- buffer location within segment 40h */
   105 00000080 ????                <1> buffer_start	resw	1	; offset of keyboard buffer start**/
   106 00000082 ????                <1> buffer_end	resw	1		; offset of end of kbd buffer */
   107                              <1> ; */
   108                              <1> ; EGA/PGA? data work area (graphic mode?  probably available) */
   109 00000084 ??                  <1> ega_rows	resb	1		; rows on the active screen (less 1)**/
   110 00000085 ????                <1> ega_points	resw	1		; bytes per charateer	*/
   111 00000087 ??                  <1> ega_info	resb	1		; mode options ????*//
   112 00000088 ??                  <1> ega_info_3	resb	1		; switch settings*//
   113 00000089 ????                <1> ega_rsvd	resb	2	; reserved for adapter mfgrs */
   114                              <1> ; */
   115                              <1> ; Disk / Diskette media data */
   116 0000008B ??                  <1> fd_last_data_rate	resb	1	; last data rate selected */
   117 0000008C ??                  <1> hd_status_reg	resb	1		; hard disk status register */
   118 0000008D ??                  <1> hd_error_reg	resb	1		; hard disk error register */
   119 0000008E ??                  <1> hd_int_flag	resb	1	; HD interrupt flag */
   120 0000008F ??                  <1> hd_cntrl	resb	1		; HD/FD combo controller bit flag */
   121 00000090 ????                <1> hd_media	resb	2	; media state */
   122 00000092 ????                <1> hd_op_start	resb	2	; operation start state */
   123 00000094 ????                <1> hd_track	resw	1		; HD present cylinder number */
   124                              <1> ; */
   125                              <1> ; Additional Keyboard flags */
   126 00000096 ??                  <1> kbd_flag3	resb	1	; mode state & type flags */
   127 00000097 ??                  <1> kbd_flag2	resb	1	; kbd LED flags */
   128                              <1> ; */
   129                              <1> ; Real Time Clock data area */
   130 00000098 ????????            <1> rtc_user_flag_addr	resd	1	; far address of user's wait flag */
   131 0000009C ????????            <1> rtc_user_wait_flag	resd	1	; user wait flag */
   132 000000A0 ??                  <1> rtc_wait_active	resb	1	; 01=busy, 80=posted, 00=post acknowledge */
   133                              <1> ; */
   134                              <1> ; Miscellaneous */
   135 000000A1 ??????????????      <1> rsvd_network	resb	7	; reserved for network adapters */
   136 000000A8 ????????            <1> ptr_ega_save	resd	1		; far pointer to EGA parameter control block */
   137                              <1> ; */
   138                              <1> ;	byte	rsvd_unused[84];	; reserved for 386EX usage */
   139 000000AC ????                <1> errno	resw	1				; library error flag (errno.h) */
   140 000000AE <res 29h>           <1> rsvd_unused	resb	41	; reserved for 386EX usage */
   141 000000D7 ????????            <1> serial_flags	resb	4	; flags for each serial device**/
   142 000000DB ????                <1> extended_memory	resw	1	; size of Extended Memory in Kilobytes */
   143                              <1> ; this size is stored in CMOS on the PC/AT */
   144 000000DD ????                <1> CPU_freq	resw	1	; CPU frequency in kilohertz */
   145 000000DF ????                <1> ebda_seg_ptr	resw	1		; for EBDA allocations; c.f., memory_size */
   146                              <1> ; */
   147                              <1> ; start of 31 bytes of NVRAM informaiion */
   148 000000E1 ????                <1> nvram_info	resb	2	; 31 bytes of NVRAM information (this may move)*//
   149                              <1> ; starts with 2 bytes of SIO0 params */
   150 000000E3 ????                <1> floppy_tab	resb	2		; floppy disk driver table */
   151 000000E5 ????????????????    <1> disk_tab	resb	8  		; hard disk driver table */
   152 000000ED <res 11h>           <1> nvram_unused	resb	17
   153 000000FE ????                <1> nvram_checksum	resw	1	; 31st byte of the NVRAM info */
   154                              <1> ; end of 31 bytes of NVRAM information */
   155                              <1> ; */
   156 00000100 ??                  <1> AT_status_byte	resb	1	; at 40:100h, 00500h, Print Screen Status byte*//
   157                              <1> ; 00=ready/ok  01=busy  0FF=error	*/
   158 00000101 ??                  <1> SRAM_size	resb	1	; size of SRAM in Kilobytes */
   159                              <1> ; */
   160                              <1> ; Extentsion to BDA during BIOS startup */
   161                              <1> ; */
   162                              <1> endstruc
   162          ******************  <1>  warning: segment attributes specified on redeclaration of segment: ignoring [-w+other]
    33                                  %include "macro.inc"
    34                              <1> ;;;;;;;;;;;;;;;;;;;;;;;;;;;;;;;;;;;;;;;;;;;;;;;;;;;;;;;;;;;;;;;;;;;;;;;;;
    35                              <1> ;
    36                              <1> ; some useful macros:
    37                              <1> ;
    38                              <1> ;;;;;;;;;;;;;;;;;;;;;;;;;;;;;;;;;;;;;;;;;;;;;;;;;;;;;;;;;;;;;;;;;;;;;;;;;
    39                              <1> %define NREPEAT 0
    40                              <1> 
    41                              <1> %if NREPEAT
    42                              <1> 
    43                              <1> %macro	rep	1
    44                              <1> %%loop:	%1
    45                              <1> 	dec	cx
    46                              <1> 	jnz	%%loop
    47                              <1> %endm
    48                              <1> 
    49                              <1> %macro	repne	1
    50                              <1> %%loop:	%1
    51                              <1> 	je	%%e
    52                              <1> 	dec	cx
    53                              <1> 	jnz	%%loop
    54                              <1> 	cmp	cx,1
    55                              <1> 	jmp	%%done
    56                              <1> %%e:	dec	cx
    57                              <1> 	cmp	cx,cx
    58                              <1> %%done:
    59                              <1> %endm
    60                              <1> 
    61                              <1> %macro	repe	1
    62                              <1> %%loop:	%1
    63                              <1> 	jne	%%ne
    64                              <1> 	dec	cx
    65                              <1> 	jnz	%%loop
    66                              <1> 	jmp	%%done
    67                              <1> %%ne:	dec	cx
    68                              <1> 	jcxz	%%cxz
    69                              <1> 	jmp	%%done
    70                              <1> %%cxz:	cmp	cx,1
    71                              <1> %%done:
    72                              <1> %endm
    73                              <1> 
    74                              <1> %macro	REP	1
    75                              <1> %%loop:	%1
    76                              <1> 	dec	ecx
    77                              <1> 	jnz	%%loop
    78                              <1> %endm
    79                              <1> 
    80                              <1> %macro	REPNE	1
    81                              <1> %%loop:	%1
    82                              <1> 	je	%%e
    83                              <1> 	dec	ecx
    84                              <1> 	jnz	%%loop
    85                              <1> 	cmp	cl,1
    86                              <1> 	jmp	%%done
    87                              <1> %%e:	dec	ecx
    88                              <1> 	cmp	cl,cl
    89                              <1> %%done:
    90                              <1> %endm
    91                              <1> 
    92                              <1> %macro	REPE	1
    93                              <1> %%loop:	%1
    94                              <1> 	jne	%%ne
    95                              <1> 	dec	ecx
    96                              <1> 	jnz	%%loop
    97                              <1> 	jmp	%%done
    98                              <1> %%ne:	dec	ecx
    99                              <1> 	jecxz	%%cxz
   100                              <1> 	jmp	%%done
   101                              <1> %%cxz:	cmp	cl,1
   102                              <1> %%done:
   103                              <1> %endm
   104                              <1> 
   105                              <1> %endif
   106                              <1> 
   107                              <1> 
   108                              <1> ;
   109                              <1> ; format of the BYTE initialization table:  address, byte
   110                              <1> ;
   111                              <1> %imacro  binit 2
   112                              <1>         dw      %1
   113                              <1>         db      %2
   114                              <1> %endmacro
   115                              <1> ; end with DW -1
   116                              <1> 
   117                              <1> ;
   118                              <1> ; format of the WORD initialization table:  address, word
   119                              <1> ;
   120                              <1> %imacro  winit 2
   121                              <1>         dw      %1
   122                              <1>         dw      %2
   123                              <1> %endmacro
   124                              <1> ; end with DW -1
   125                              <1> 
   126                              <1> 
   127                              <1> ; get the BIOS Data Area segment pointer to a [segment] register
   128                              <1> %imacro get_bda	1.nolist
   129                              <1> 	push	0x0040
   130                              <1> 	pop	%1
   131                              <1> 	cnop
   132                              <1> %endm
   133                              <1> 
   134                              <1> 
   135                              <1> ; get the Location 0 (Interrupt Descriptor Table) pointer to a register
   136                              <1> %imacro	get_loc0 1.nolist
   137                              <1> 	push	0x0000
   138                              <1> 	pop	%1
   139                              <1> 	cnop
   140                              <1> %endm
   141                              <1> 
   142                              <1> 
   143                              <1> 
   144                              <1> %imacro setloc  1.nolist
   145                              <1>  times   (%1-($-$$)) db 0FFh
   146                              <1> %endm
   147                              <1> 
   148                              <1> %imacro db_lo   1
   149                              <1>  db (%1)&255
   150                              <1> %endm
   151                              <1> 
   152                              <1> %imacro cnop    0.nolist
   153                              <1> %ifdef SOFT_DEBUG
   154                              <1> %if SOFT_DEBUG
   155                              <1>         nop
   156                              <1> %endif
   157                              <1> %endif
   158                              <1> %endm
   159                              <1> 
   160                              <1> %imacro popm 1-*.nolist
   161                              <1> %rep %0
   162                              <1> %ifidni %1,ALL
   163                              <1>  popa
   164                              <1> %elifidni %1,F
   165                              <1>  popf
   166                              <1> %else
   167                              <1>  pop %1
   168                              <1> %ifidni %1,DS
   169                              <1>  cnop
   170                              <1> %elifidni %1,ES
   171                              <1>  cnop
   172                              <1> %elifidni %1,FS
   173                              <1>  cnop
   174                              <1> %elifidni %1,GS
   175                              <1>  cnop
   176                              <1> %endif
   177                              <1> %endif
   178                              <1> %rotate 1
   179                              <1> %endrep
   180                              <1> %endm
   181                              <1> 
   182                              <1> %imacro pushm 1-*.nolist
   183                              <1> %rep %0
   184                              <1> %rotate -1
   185                              <1> %ifidni %1,ALL
   186                              <1>  pusha
   187                              <1> %elifidni %1,F
   188                              <1>  pushf
   189                              <1> %else
   190                              <1>  push %1
   191                              <1> %endif
   192                              <1> %endrep
   193                              <1> %endm
   194                              <1> 
   195                              <1> %imacro descr_linear_data 2-3.nolist	; address, size [, E]  E!=0 means expand down
   196                              <1> %assign __size__ (%2-1)	| 0xFF
   197                              <1> %if (__size__ <= 0xFFFF)
   198                              <1> %assign __gran__ 0
   199                              <1> %else
   200                              <1> %assign __gran__ 0xC0			; G B 0 0
   201                              <1> %endif
   202                              <1> %assign __expand__ 0
   203                              <1> %if %0==3
   204                              <1> %if %3
   205                              <1> %assign __expand__ 4
   206                              <1> %endif
   207                              <1> %endif
   208                              <1> dd (((%1)&0xFFFF)<<16)|(__size__&0xFFFF)
   209                              <1> dd (((%1)>>24)&0xFF)|((__gran__|(__size__>>16)&0x0F)<<16)|((0x93|__expand__)<<8)|(((%1)>>16)&0xFF)
   210                              <1> %endm
   211                              <1> 
   212                              <1> %imacro descr_linear_code 2-3.nolist	; address, size [,C]  C!=0 means conforming
   213                              <1> %assign __size__ (%2-1)	| 0xFF
   214                              <1> %if (__size__ <= 0xFFFF)
   215                              <1> %assign __gran__ 0
   216                              <1> %else
   217                              <1> %assign __gran__ 0xC0			; G D 0 0
   218                              <1> %endif
   219                              <1> %assign __conform__ 0
   220                              <1> %if %0==3
   221                              <1> %if %3
   222                              <1> %assign __conform__ 4
   223                              <1> %endif
   224                              <1> %endif
   225                              <1> dd (((%1)&0xFFFF)<<16)|(__size__&0xFFFF)
   226                              <1> dd (((%1)>>24)&0xFF)|((__gran__|(__size__>>16)&0x0F)<<16)|((0x9B|__conform__)<<8)|(((%1)>>16)&0xFF)
   227                              <1> %endm
   228                              <1> 
   229                              <1> ;/* End of macro.inc */
    34                                  
    35                                  	global	int_11h
    36                                  	global	int_12h
    37                                  segment _TEXT
    38                                  ;;;;;;;;;;;;;;;;;;;;;;;;;;;;;;;;;;;;;;;;;;;;;;;;;;;;;;;;;;;;;;;;;;;;;;;;;;;;;
    39                                  ; int_11h	Get Equipment Configuration word
    40                                  ;
    41                                  ;    Enter with:
    42                                  ;	nothing
    43                                  ;
    44                                  ;    Exit with:
    45                                  ;	AX	equipment configuration word; viz.,
    46                                  ;
    47                                  ;			bits 15 14	number of printers
    48                                  ;			bit  13		used on PC,XT,PCjr only
    49                                  ;			bit  12		1=game adapter present
    50                                  ;			bits 11 10 9	number of RS-232 ports
    51                                  ;			bit  8		reserved
    52                                  ;			bits 7 6	no. of floppy drives - 1, if bit0 set
    53                                  ;			bits 5 4	initial video mode
    54                                  ;						00 - reserved
    55                                  ;						01 - 40x25 color text
    56                                  ;						10 - 80x25 color text
    57                                  ;						11 - 80x25 monochrome
    58                                  ;			bit  3		no longer used (was on PC)
    59                                  ;			bit  2		has pointing device (PS/2)
    60                                  ;			bit  1		math coprocessor (FPU) installed
    61                                  ;			bit  0		has floppy disk(s) (see bits 7 6)
    62                                  ;;;;;;;;;;;;;;;;;;;;;;;;;;;;;;;;;;;;;;;;;;;;;;;;;;;;;;;;;;;;;;;;;;;;;;;;;;;;;
    63                                  
    64                                  int_11h:
    65 00000000 FB                      	sti
    66 00000001 1E                      	push	DS	;save seg. reg.
    67 00000002 6A401F                  	get_bda	DS
    68 00000005 A11000                  	mov	ax,[equip_flag]
    69 00000008 1F                      	pop	DS
    70                                  	cnop
    71 00000009 CF                      	iret
    72                                  
    73                                  
    74                                  
    75                                  
    76                                  ;;;;;;;;;;;;;;;;;;;;;;;;;;;;;;;;;;;;;;;;;;;;;;;;;;;;;;;;;;;;;;;;;;;;;;;;;;;;;
    77                                  ; int_12h	Get Conventional Memory size in K-words
    78                                  ;
    79                                  ;    Enter with:
    80                                  ;	nothing
    81                                  ;
    82                                  ;    Exit with:
    83                                  ;	AX	number of 1K blocks below 1Mb (up to 640)
    84                                  ;;;;;;;;;;;;;;;;;;;;;;;;;;;;;;;;;;;;;;;;;;;;;;;;;;;;;;;;;;;;;;;;;;;;;;;;;;;;;
    85                                  
    86                                  int_12h:
    87 0000000A FB                      	sti
    88 0000000B 1E                      	push	DS	;save seg. reg.
    89 0000000C 6A401F                  	get_bda	DS
    90 0000000F A11300                  	mov	ax,[memory_size]
    91 00000012 1F                      	pop	DS
    92                                  	cnop
    93 00000013 CF                      	iret
