     1                                  ;;;;;;;;;;;;;;;;;;;;;;;;;;;;;;;;;;;;;;;;;;;;;;;;;;;;;;;;;;;;;;;;;;;;;;;;;;;;;
     2                                  ; 14h_sio0.asm -- Int 14 serial I/O on SIO0
     3                                  ;;;;;;;;;;;;;;;;;;;;;;;;;;;;;;;;;;;;;;;;;;;;;;;;;;;;;;;;;;;;;;;;;;;;;;;;;;;;;
     4                                  ;
     5                                  ; Copyright (C) 2018 John R. Coffman.  All rights reserved.
     6                                  ; Provided for hobbyist use on the RetroBrew SBC-386EX board.
     7                                  ;
     8                                  ; This program is free software: you can redistribute it and/or modify
     9                                  ; it under the terms of the GNU General Public License as published by
    10                                  ; the Free Software Foundation, either version 3 of the License, or
    11                                  ; (at your option) any later version.
    12                                  ;
    13                                  ; This program is distributed in the hope that it will be useful,
    14                                  ; but WITHOUT ANY WARRANTY; without even the implied warranty of
    15                                  ; MERCHANTABILITY or FITNESS FOR A PARTICULAR PURPOSE.  See the
    16                                  ; GNU General Public License for more details.
    17                                  ;
    18                                  ; You should have received a copy of the GNU General Public License
    19                                  ; along with this program in the file COPYING in the topmost source
    20                                  ; directory.  If not, see <http://www.gnu.org/licenses/>.
    21                                  ;
    22                                  ;
    23                                  ; SBC-386 board revisions:
    24                                  ;       SBC386-0   prototype / concept testing
    25                                  ;	SBC-386EX 2.0	production / January 2018
    26                                  ;
    27                                  ; Assembly by NASM 2.08 is preferred
    28                                  ;;;;;;;;;;;;;;;;;;;;;;;;;;;;;;;;;;;;;;;;;;;;;;;;;;;;;;;;;;;;;;;;;;;;;;;;;;;;;
    29                                  ;
    30                                  ;  N.B.:  "serial.inc" is NOT automatically generated from "serial.h"
    31                                  ;
    32                                  ;;;;;;;;;;;;;;;;;;;;;;;;;;;;;;;;;;;;;;;;;;;;;;;;;;;;;;;;;;;;;;;;;;;;;;;;;;;;;
    33                                  %include "seg_def.inc"
    34                              <1> ; SEG_DEF.inc
    35                              <1> ;
    36                              <1> %ifndef SEG_DEF
    37                              <1> %define SEG_DEF 1
    38                              <1> 
    39                              <1> segment _TEXT	use16 	align=16	class=CODE	public
    40                              <1> 
    41                              <1> segment CONST		align=16	class=DATA	public
    42                              <1> segment CONST2		align=2		class=DATA	public
    43                              <1> segment _DATA		align=16	class=DATA	public
    44                              <1> segment _BSS		align=16	class=DATA	public
    45                              <1> ;group DGROUP CONST2 CONST _DATA _BSS
    46                              <1> 
    47                              <1> group DGROUP  _TEXT CONST2 CONST _DATA _BSS
    48                              <1> 
    49                              <1> 
    50                              <1> segment BOOT at 0xFFFF	align=16	class=BOOT	use16
    51                              <1> 
    52                              <1> %define XXX
    53                              <1> %endif
    54                              <1> ;
    55                              <1> ; end SEG_DEF.inc
    34                                  %include "i386ex.inc"
    35                              <1> ;/*;;;;;;;;;;;;;;;;;;;;;;;;;;;;;;;;;;;;;;;;;;;;;;;;;;;;;;;;;;;;;;;;;;;;;;
    36                              <1> ; i386EX.inc  --  register definitions for the Intel 80386EX processor
    37                              <1> ;;;;;;;;;;;;;;;;;;;;;;;;;;;;;;;;;;;;;;;;;;;;;;;;;;;;;;;;;;;;;;;;;;;;;;;;;
    38                              <1> ;
    39                              <1> ; Copyright (C) 2018 John R. Coffman.  All rights reserved.
    40                              <1> ; Provided for hobbyist use on the RetroBrew SBC-386 board.
    41                              <1> ;
    42                              <1> ; This program is free software: you can redistribute it and/or modify
    43                              <1> ; it under the terms of the GNU General Public License as published by
    44                              <1> ; the Free Software Foundation, either version 3 of the License, or
    45                              <1> ; (at your option) any later version.
    46                              <1> ;
    47                              <1> ; This program is distributed in the hope that it will be useful,
    48                              <1> ; but WITHOUT ANY WARRANTY; without even the implied warranty of
    49                              <1> ; MERCHANTABILITY or FITNESS FOR A PARTICULAR PURPOSE.  See the
    50                              <1> ; GNU General Public License for more details.
    51                              <1> ;
    52                              <1> ; You should have received a copy of the GNU General Public License
    53                              <1> ; along with this program in the file COPYING in the topmost source
    54                              <1> ; directory.  If not, see <http://www.gnu.org/licenses/>.
    55                              <1> ;
    56                              <1> ;
    57                              <1> ; SBC-386 board revisions:
    58                              <1> ;       SBC386-0   prototype / concept testing
    59                              <1> ;	SBC386EX 2.0 production board (Jan 2018, not 2017 as labeled)
    60                              <1> ;
    61                              <1> ; Assembly by NASM 2.08 is preferred
    62                              <1> ;;;;;;;;;;;;;;;;;;;;;;;;;;;;;;;;;;;;;;;;;;;;;;;;;;;;;;;;;;;;;;;;;;;;;;;;*/
    63                              <1> 
    64                              <1> ;/* i386EX.inc  --  register definitions for the Intel 80386EX processor
    65                              <1> ;
    66                              <1> %define defb
    67                              <1> %define defw
    68                              <1> %define defd
    69                              <1> ;*/
    70                              <1> 
    71                              <1> ;/* The Address Configuration register
    72                              <1> ;*/
    73                              <1> defb REMAPCFGH  equ     0x0023
    74                              <1> defb REMAPCFGL  equ     0x0022
    75                              <1> defw REMAPCFG   equ     0x0022
    76                              <1> 
    77                              <1> ;/* The A20gate and fast CPU Reset
    78                              <1> ;*/
    79                              <1> defb PORT92     equ     0xF092
    80                              <1> defb PORT92_AT  equ     0x0092
    81                              <1> 
    82                              <1> ;
    83                              <1> ;/* The DMA Controller and Bus Arbiter
    84                              <1> ;*/
    85                              <1> defb DMA0TAR    equ     0xF000
    86                              <1> defb DMA0TAR_AT equ     0x0000
    87                              <1> defb DMA0BYC    equ     0xF001
    88                              <1> defb DMA0BYC_AT equ     0x0001
    89                              <1> defb DMA1TAR    equ     0xF002
    90                              <1> defb DMA1TAR_AT equ     0x0002
    91                              <1> defb DMA1BYC    equ     0xF003
    92                              <1> defb DMA1BYC_AT equ     0x0003
    93                              <1> defb DMACMD1    equ     0xF008
    94                              <1> defb DMACMD1_AT equ     0x0008
    95                              <1> defb DMASTS     equ     0xF008
    96                              <1> defb DMASTS_AT  equ     0x0008
    97                              <1> defb DMASRR     equ     0xF009
    98                              <1> defb DMASRR_AT  equ     0x0009
    99                              <1> defb DMAMSK     equ     0xF00A
   100                              <1> defb DMAMSK_AT  equ     0x000A
   101                              <1> defb DMAMOD1    equ     0xF00B
   102                              <1> defb DMAMOD1_AT equ     0x000B
   103                              <1> defb DMACLRBP   equ     0xF00C
   104                              <1> defb DMACLRBP_AT equ    0x000C
   105                              <1> defb DMACLR     equ     0xF00D
   106                              <1> defb DMACLR_AT  equ     0x000D
   107                              <1> defb DMACLRMSK  equ     0xF00E
   108                              <1> defb DMACLRMSK_AT equ   0x000E
   109                              <1> defb DMAGRPMSK  equ     0xF00F
   110                              <1> defb DMAGRPMSK_AT equ   0x000F
   111                              <1> defb DMA0REQ0_1 equ     0xF010
   112                              <1> defb DMA0REQ2_3 equ     0xF011
   113                              <1> defb DMA1REQ0_1 equ     0xF012
   114                              <1> defb DMA1REQ2_3 equ     0xF013
   115                              <1> defb DMABSR     equ     0xF018
   116                              <1> defb DMACHR     equ     0xF019
   117                              <1> defb DMAIS      equ     0xF019
   118                              <1> defb DMACMD2    equ     0xF01A
   119                              <1> defb DMAMOD2    equ     0xF01B
   120                              <1> defb DMAIEN     equ     0xF01C
   121                              <1> defb DMAOVFE    equ     0xF01D
   122                              <1> defb DMACLRTC   equ     0xF01E
   123                              <1> ;
   124                              <1> ;/* The DMA Page Registers
   125                              <1> ;*/
   126                              <1> defb DMA1TAR2    equ    0xF083
   127                              <1> defb DMA1TAR2_AT equ    0x0083
   128                              <1> defb DMA1TAR3    equ    0xF085
   129                              <1> defb DMA1TAR3_AT equ    0x0085
   130                              <1> defb DMA0TAR3    equ    0xF086
   131                              <1> defb DMA0TAR3_AT equ    0x0086
   132                              <1> defb DMA0TAR2    equ    0xF087
   133                              <1> defb DMA0TAR2_AT equ    0x0087
   134                              <1> ;
   135                              <1> defb DMA0BYC2   equ     0xF098
   136                              <1> defb DMA1BYC2   equ     0xF099
   137                              <1> 
   138                              <1> ;
   139                              <1> ;/* The Master Interrupt Controller
   140                              <1> ;*/
   141                              <1> defb ICW1M_AT   equ     0x0020
   142                              <1> defb ICW2M_AT   equ     0x0021
   143                              <1> defb ICW3M_AT   equ     0x0021
   144                              <1> defb ICW4M_AT   equ     0x0021
   145                              <1> defb OCW1M_AT   equ     0x0021
   146                              <1> defb OCW2M_AT   equ     0x0020
   147                              <1> defb OCW3M_AT   equ     0x0020
   148                              <1> 
   149                              <1> defb ICW1M      equ     0xF020
   150                              <1> defb ICW2M      equ     0xF021
   151                              <1> defb ICW3M      equ     0xF021
   152                              <1> defb ICW4M      equ     0xF021
   153                              <1> defb OCW1M      equ     0xF021
   154                              <1> defb OCW2M      equ     0xF020
   155                              <1> defb OCW3M      equ     0xF020
   156                              <1> defb IRR_M	equ	0xF020
   157                              <1> 
   158                              <1> ;
   159                              <1> ;/* The Slave Interrupt Controller
   160                              <1> ;*/
   161                              <1> defb ICW1S_AT   equ     0x00A0
   162                              <1> defb ICW2S_AT   equ     0x00A1
   163                              <1> defb ICW3S_AT   equ     0x00A1
   164                              <1> defb ICW4S_AT   equ     0x00A1
   165                              <1> defb OCW1S_AT   equ     0x00A1
   166                              <1> defb OCW2S_AT   equ     0x00A0
   167                              <1> defb OCW3S_AT   equ     0x00A0
   168                              <1> defb IRR_M_AT	equ	0x00A0
   169                              <1> 
   170                              <1> defb ICW1S      equ     0xF0A0
   171                              <1> defb ICW2S      equ     0xF0A1
   172                              <1> defb ICW3S      equ     0xF0A1
   173                              <1> defb ICW4S      equ     0xF0A1
   174                              <1> defb OCW1S      equ     0xF0A1
   175                              <1> defb OCW2S      equ     0xF0A0
   176                              <1> defb OCW3S      equ     0xF0A0
   177                              <1> 
   178                              <1> ;
   179                              <1> ;/* The Timer/Counter Unit
   180                              <1> ;*/
   181                              <1> defb    TMR0    equ     0xF040
   182                              <1> defb    TMR0_AT equ     0x0040
   183                              <1> defb    TMR1    equ     0xF041
   184                              <1> defb    TMR1_AT equ     0x0041
   185                              <1> defb    TMR2    equ     0xF042
   186                              <1> defb    TMR2_AT equ     0x0042
   187                              <1> defb    TMRCON  equ     0xF043
   188                              <1> defb    TMRCON_AT  equ  0x0043
   189                              <1> 
   190                              <1> ;
   191                              <1> ;/* The Chip Select Unit
   192                              <1> ;*/
   193                              <1> defw    CS0ADL  equ     0xF400
   194                              <1> defw    CS0ADH  equ     0xF402
   195                              <1> defw    CS0MSKL equ     0xF404
   196                              <1> defw    CS0MSKH equ     0xF406
   197                              <1> defw    CS1ADL  equ     0xF408
   198                              <1> defw    CS1ADH  equ     0xF40A
   199                              <1> defw    CS1MSKL equ     0xF40C
   200                              <1> defw    CS1MSKH equ     0xF40E
   201                              <1> defw    CS2ADL  equ     0xF410
   202                              <1> defw    CS2ADH  equ     0xF412
   203                              <1> defw    CS2MSKL equ     0xF414
   204                              <1> defw    CS2MSKH equ     0xF416
   205                              <1> defw    CS3ADL  equ     0xF418
   206                              <1> defw    CS3ADH  equ     0xF41A
   207                              <1> defw    CS3MSKL equ     0xF41C
   208                              <1> defw    CS3MSKH equ     0xF41E
   209                              <1> defw    CS4ADL  equ     0xF420
   210                              <1> defw    CS4ADH  equ     0xF422
   211                              <1> defw    CS4MSKL equ     0xF424
   212                              <1> defw    CS4MSKH equ     0xF426
   213                              <1> defw    CS5ADL  equ     0xF428
   214                              <1> defw    CS5ADH  equ     0xF42A
   215                              <1> defw    CS5MSKL equ     0xF42C
   216                              <1> defw    CS5MSKH equ     0xF42E
   217                              <1> defw    CS6ADL  equ     0xF430
   218                              <1> defw    CS6ADH  equ     0xF432
   219                              <1> defw    CS6MSKL equ     0xF434
   220                              <1> defw    CS6MSKH equ     0xF436
   221                              <1> defw    UCSADL  equ     0xF438
   222                              <1> defw    UCSADH  equ     0xF43A
   223                              <1> defw    UCSMSKL equ     0xF43C
   224                              <1> defw    UCSMSKH equ     0xF43E
   225                              <1> 
   226                              <1> ;
   227                              <1> ;/* The Synchronous Serial I/O Unit
   228                              <1> ;*/
   229                              <1> defw    SSIOTBUF equ    0xF480
   230                              <1> defw    SSIORBUF equ    0xF482
   231                              <1> defw    SSIOBAUD equ    0xF484
   232                              <1> defw    SSIOCON1 equ    0xF486
   233                              <1> defw    SSIOCON2 equ    0xF488
   234                              <1> defw    SSIOCTR  equ    0xF48A
   235                              <1> 
   236                              <1> ;
   237                              <1> ;/* The Refresh Control Unit
   238                              <1> ;*/
   239                              <1> defw    RFSBAD  equ     0xF4A0
   240                              <1> defw    RFSCIR  equ     0xF4A2
   241                              <1> defw    RFSCON  equ     0xF4A4
   242                              <1> defw    RFSADD  equ     0xF4A6
   243                              <1> 
   244                              <1> ;
   245                              <1> ;/* The Watchdog Timer Unit
   246                              <1> ;*/
   247                              <1> defw    WDTRLDH equ     0xF4C0
   248                              <1> defw    WDTRLDL equ     0xF4C2
   249                              <1> defw    WDTCNTH equ     0xF4C4
   250                              <1> defw    WDTCNTL equ     0xF4C6
   251                              <1> defw    WDTCLR  equ     0xF4C8
   252                              <1> defb    WDTSTATUS  equ  0xF4CA
   253                              <1> 
   254                              <1> ;
   255                              <1> ;/* Clock Generation and Power Management
   256                              <1> ;*/
   257                              <1> defb    PWRCON  equ     0xF800
   258                              <1> defw    CLKPRS  equ     0xF804
   259                              <1> 
   260                              <1> ;
   261                              <1> ;/* Device Configuration Registers
   262                              <1> ;*/
   263                              <1> defb    P1CFG   equ     0xF820
   264                              <1> defb    P2CFG   equ     0xF822
   265                              <1> defb    P3CFG   equ     0xF824
   266                              <1> defb    PINCFG  equ     0xF826
   267                              <1> defb    DMACFG  equ     0xF830
   268                              <1> defb    INTCFG  equ     0xF832
   269                              <1> defb    TMRCFG  equ     0xF834
   270                              <1> defb    SIOCFG  equ     0xF836
   271                              <1> 
   272                              <1> ;
   273                              <1> ;/* Parallel I/O Ports
   274                              <1> ;*/
   275                              <1> defb    P1PIN   equ     0xF860
   276                              <1> defb    P1LTC   equ     0xF862
   277                              <1> defb    P1DIR   equ     0xF864
   278                              <1> defb    P2PIN   equ     0xF868
   279                              <1> defb    P2LTC   equ     0xF86A
   280                              <1> defb    P2DIR   equ     0xF86C
   281                              <1> defb    P3PIN   equ     0xF870
   282                              <1> defb    P3LTC   equ     0xF872
   283                              <1> defb    P3DIR   equ     0xF874
   284                              <1> 
   285                              <1> 
   286                              <1> ; bits.inc
   287                              <1> ;
   288                              <1> ; assembly language bit definitions
   289                              <1> ;
   290                              <1> defb    BIT0    equ     0x01
   291                              <1> defb    BIT1    equ     0x02
   292                              <1> defb    BIT2    equ     0x04
   293                              <1> defb    BIT3    equ     0x08
   294                              <1> defb    BIT4    equ     0x10
   295                              <1> defb    BIT5    equ     0x20
   296                              <1> defb    BIT6    equ     0x40
   297                              <1> defb    BIT7    equ     0x80
   298                              <1> 
   299                              <1> defw    BIT8    equ     0x0100
   300                              <1> defw    BIT9    equ     0x0200
   301                              <1> defw    BIT10   equ     0x0400
   302                              <1> defw    BIT11   equ     0x0800
   303                              <1> defw    BIT12   equ     0x1000
   304                              <1> defw    BIT13   equ     0x2000
   305                              <1> defw    BIT14   equ     0x4000
   306                              <1> defw    BIT15   equ     0x8000
   307                              <1> 
   308                              <1> defd    BIT16   equ     0x00010000
   309                              <1> defd    BIT31   equ     0x80000000
   310                              <1> 
   311                              <1> defb    ZBIT0    equ     0
   312                              <1> defb    ZBIT1    equ     0
   313                              <1> defb    ZBIT2    equ     0
   314                              <1> defb    ZBIT3    equ     0
   315                              <1> defb    ZBIT4    equ     0
   316                              <1> defb    ZBIT5    equ     0
   317                              <1> defb    ZBIT6    equ     0
   318                              <1> defb    ZBIT7    equ     0
   319                              <1> 
   320                              <1> defw    ZBIT8    equ     0
   321                              <1> defw    ZBIT9    equ     0
   322                              <1> defw    ZBIT10   equ     0
   323                              <1> defw    ZBIT11   equ     0
   324                              <1> defw    ZBIT12   equ     0
   325                              <1> defw    ZBIT13   equ     0
   326                              <1> defw    ZBIT14   equ     0
   327                              <1> defw    ZBIT15   equ     0
   328                              <1> 
   329                              <1> 
   330                              <1> ;
   331                              <1> ;/* Asynchronout Serial I/O channel 0  (COM1)
   332                              <1> ;*/
   333                              <1> defb    RBR0_F4 equ     0xF4F8
   334                              <1> defb    TBR0_F4 equ     0xF4F8
   335                              <1> defb    DLL0_F4 equ     0xF4F8
   336                              <1> defb    DLH0_F4 equ     0xF4F9
   337                              <1> defb    IER0_F4 equ     0xF4F9
   338                              <1> defb    IIR0_F4 equ     0xF4FA
   339                              <1> defb    LCR0_F4 equ     0xF4FB
   340                              <1> defb    MCR0_F4 equ     0xF4FC
   341                              <1> defb    LSR0_F4 equ     0xF4FD
   342                              <1> defb    MSR0_F4 equ     0xF4FE
   343                              <1> defb    SCR0_F4 equ     0xF4FF
   344                              <1> 
   345                              <1> %define MFPIC 0
   346                              <1> %if MFPIC
   347                              <1> defb    RBR0    equ     0x0448
   348                              <1> defb    TBR0    equ     0x0448
   349                              <1> defb    DLL0    equ     0x0448
   350                              <1> defb    DLH0    equ     0x0449
   351                              <1> defb    IER0    equ     0x0449
   352                              <1> defb    IIR0    equ     0x044A
   353                              <1> defb    LCR0    equ     0x044B
   354                              <1> defb    MCR0    equ     0x044C
   355                              <1> defb    LSR0    equ     0x044D
   356                              <1> defb    MSR0    equ     0x044E
   357                              <1> defb    SCR0    equ     0x044F
   358                              <1> %else
   359                              <1> defb    RBR0    equ     0x03F8
   360                              <1> defb    TBR0    equ     0x03F8
   361                              <1> defb    DLL0    equ     0x03F8
   362                              <1> defb    DLH0    equ     0x03F9
   363                              <1> defb    IER0    equ     0x03F9
   364                              <1> defb    IIR0    equ     0x03FA
   365                              <1> defb    LCR0    equ     0x03FB
   366                              <1> defb    MCR0    equ     0x03FC
   367                              <1> defb    LSR0    equ     0x03FD
   368                              <1> defb    MSR0    equ     0x03FE
   369                              <1> defb    SCR0    equ     0x03FF
   370                              <1> %endif
   371                              <1> 
   372                              <1> ;
   373                              <1> ;/* Asynchronout Serial I/O channel 1  (COM2)
   374                              <1> ;*/
   375                              <1> defb    RBR1_F8 equ     0xF8F8
   376                              <1> defb    TBR1_F8 equ     0xF8F8
   377                              <1> defb    DLL1_F8 equ     0xF8F8
   378                              <1> defb    DLH1_F8 equ     0xF8F9
   379                              <1> defb    IER1_F8 equ     0xF8F9
   380                              <1> defb    IIR1_F8 equ     0xF8FA
   381                              <1> defb    LCR1_F8 equ     0xF8FB
   382                              <1> defb    MCR1_F8 equ     0xF8FC
   383                              <1> defb    LSR1_F8 equ     0xF8FD
   384                              <1> defb    MSR1_F8 equ     0xF8FE
   385                              <1> defb    SCR1_F8 equ     0xF8FF
   386                              <1> 
   387                              <1> defb    RBR1    equ     0x02F8
   388                              <1> defb    TBR1    equ     0x02F8
   389                              <1> defb    DLL1    equ     0x02F8
   390                              <1> defb    DLH1    equ     0x02F9
   391                              <1> defb    IER1    equ     0x02F9
   392                              <1> defb    IIR1    equ     0x02FA
   393                              <1> defb    LCR1    equ     0x02FB
   394                              <1> defb    MCR1    equ     0x02FC
   395                              <1> defb    LSR1    equ     0x02FD
   396                              <1> defb    MSR1    equ     0x02FE
   397                              <1> defb    SCR1    equ     0x02FF
   398                              <1> 
   399                              <1> ;/* LSRx bits
   400                              <1> ;*/
   401                              <1> defb    LSR_TE  equ     BIT6
   402                              <1> defb    LSR_TBE equ     BIT5
   403                              <1> defb    LSR_BI  equ     BIT4
   404                              <1> defb    LSR_FE  equ     BIT3
   405                              <1> defb    LSR_PE  equ     BIT2
   406                              <1> defb    LSR_OE  equ     BIT1
   407                              <1> defb    LSR_RBF equ     BIT0
   408                              <1> 
   409                              <1> ;/* MSRx bits
   410                              <1> ;*/
   411                              <1> defb	MSR_DCD	equ	BIT7
   412                              <1> defb	MSR_RI 	equ	BIT6
   413                              <1> defb	MSR_DSR	equ	BIT5
   414                              <1> defb	MSR_CTS	equ	BIT4
   415                              <1> defb	MSR_deltaDCD	equ	BIT3
   416                              <1> defb	MSR_deltaRI	equ	BIT2
   417                              <1> defb	MSR_deltaDSR	equ	BIT1
   418                              <1> defb	MSR_deltaCTS	equ	BIT0
   419                              <1> 
   420                              <1> ;/* Bits in CR0
   421                              <1> ;*/
   422                              <1> defb    CR0_PE  equ     BIT0
   423                              <1> defb    CR0_MP  equ     BIT1
   424                              <1> defb    CR0_EM  equ     BIT2
   425                              <1> defb    CR0_TS  equ     BIT3
   426                              <1> defd    CR0_WP  equ     BIT16
   427                              <1> defd    CR0_PG  equ     BIT31
   428                              <1> 
   429                              <1> ;/* Some ASCII character codes
   430                              <1> ;*/
   431                              <1> defb    ASCII_NUL       equ     0x00
   432                              <1> defb    ASCII_BS        equ     0x08
   433                              <1> defb    ASCII_HT        equ     0x09
   434                              <1> defb    ASCII_LF        equ     0x0A
   435                              <1> defb    ASCII_NL        equ     0x0A
   436                              <1> defb    ASCII_FF        equ     0x0C
   437                              <1> defb    ASCII_CR        equ     0x0D
   438                              <1> defb	ASCII_ESC	equ	0x1B
   439                              <1> defb    ASCII_SP        equ     0x20
   440                              <1> defb    ASCII_DEL       equ     0x7F
   441                              <1> defb	ASCII_RUB	equ	0xFF
   442                              <1> 
   443                              <1> 
   444                              <1> ;/* End of i386EX.inc */
    35                                  %include "bda.inc"
    36                              <1> XXX
    37                              <1> ; bda.h -- definitions of the BIOS Data Area at 0040:0000 (0x400)  */
    38                              <1> %define BDA_segment 0x40
    39                              <1> struc _BDA
    40                              <1> ; first items at 0x40:0	*/
    41 00000000 ????????????????    <1> serial_dev	resw	4	; serial port device codes */
    42 00000008 ????????????????    <1> parallel_dev	resw	4	; printer port device codes */
    43 00000010 ????                <1> equip_flag	resw	1		; int 12h equipment flags */
    44 00000012 ??                  <1> mfg_test	resb	1		; initialization flags */
    45 00000013 ????                <1> memory_size	resw	1	; base memory size in Kilowords (1224) */
    46 00000015 ??                  <1> mfg_err_flag	resb	1
    47 00000016 ??                  <1> mfg_err_flag2	resb	1
    48                              <1> ; */
    49                              <1> ; first Keyboard data area */
    50 00000017 ??                  <1> kbd_flag	resb	1	; shift status &c. */
    51 00000018 ??                  <1> kbd_flag1	resb	1	;  mrre  */
    52 00000019 ??                  <1> alt_input	resb	1	; save alternate kbd entry code */
    53 0000001A ????                <1> buffer_head	resw	1
    54 0000001C ????                <1> buffer_tail	resw	1
    55                              <1> ; */
    56 0000001E <res 20h>           <1> kbd_buffer	resw	16	; buffer empty when  head==tail**/
    57                              <1> ; */
    58                              <1> ; Diskette data area */
    59 0000003E ??                  <1> seek_status	resb	1	; drive recalibration status */
    60                              <1> ; bits 3..0 drive must recalibrate before next seek */
    61 0000003F ??                  <1> motor_status	resb	1	; bits 3..0 motor running */
    62                              <1> ; bit 7 current op is write */
    63 00000040 ??                  <1> motor_count	resb	1	; timeout counter for motor turn-off */
    64 00000041 ??                  <1> fd_status	resb	1	; return code status byte */
    65 00000042 ??????????????      <1> fd_ctrl_stat	resb	7	; controller return bytes */
    66                              <1> ; */
    67                              <1> ; Video Display data area -- also used for video emulation */
    68 00000049 ??                  <1> vid_mode	resb	1	; current display mode */
    69 0000004A ????                <1> vid_columns	resw	1	; no. of columns on the screen */
    70 0000004C ????                <1> vid_buf_len	resw	1	; length of video buffer in bytes*//
    71 0000004E ????                <1> vid_start	resw	1	; start address of screen regeneration (in vid buf)*//
    72 00000050 <res 10h>           <1> vid_cursor	resw	8	; cursor postition on up to 8 screens */
    73 00000060 ????                <1> vid_cursor_mode	resw	1
    74 00000062 ??                  <1> vid_active_page	resb	1
    75 00000063 ????                <1> vid_addr_chip	resw	1	; I/O address for the video chip (6845,EGA,VGA)*//
    76 00000065 ??                  <1> vid_crt_mode	resb	1	; current setting of the 3x8 register ???? */
    77 00000066 ??                  <1> vid_palette	resb	1	; current color setting / palette **/
    78                              <1> ; */
    79                              <1> ; POST and ROM data */
    80 00000067 ????????            <1> io_rom_addr	resd	1	; far word to ROM initialization routine */
    81                              <1> %define io_rom_addr_low io_rom_addr
    82                              <1> %define io_rom_addr_seg (io_rom_addr+2)
    83 0000006B ??                  <1> interrupt_flag	resb	1	; indicates an interrupt occurred */
    84                              <1> ; */
    85                              <1> ; Timer data area  18.206602 hz  = ~54.925 ms  */
    86 0000006C ????                <1> timer_count_low	resw	1	; low word of timer count */
    87 0000006E ????                <1> timer_count_high	resw	1
    88                              <1> %define timer_count timer_count_low
    89                              <1> ; use timer_count as the double word timer counter */
    90 00000070 ??                  <1> timer_overflow	resb	1	; timer has rolled over since last read */
    91                              <1> ; */
    92                              <1> ; System & Keboard data area */
    93 00000071 ??                  <1> kbd_break_flag	resb	1	; bit 7 set if Break key is pressed */
    94 00000072 ????                <1> reset_flag	resw	1	; word=0x1234 if Reset is underway (80286) */
    95                              <1> ; */
    96                              <1> ; Fixed (Hard) disk data area */
    97 00000074 ??                  <1> hd_status	resb	1	; status info for hard disk */
    98                              <1> %define disk_status1 hd_status
    99 00000075 ??                  <1> hd_number	resb	1	; number of hard disks (for int 13h, fn 8h) */
   100 00000076 ??                  <1> control_byte	resb	1	; head control ???? */
   101 00000077 ??                  <1> port_offset	resb	1	; obsolete, maybe ???? */
   102                              <1> ; */
   103                              <1> ; Timeout counters */
   104 00000078 ????????            <1> printer_timeout	resb	4	; four bytes for each interaace */
   105 0000007C ????????            <1> serial_timeout	resb	4	; four bytes for each interacce */
   106                              <1> ; */
   107                              <1> ; Keyboard additional data area -- buffer location within segment 40h */
   108 00000080 ????                <1> buffer_start	resw	1	; offset of keyboard buffer start**/
   109 00000082 ????                <1> buffer_end	resw	1		; offset of end of kbd buffer */
   110                              <1> ; */
   111                              <1> ; EGA/PGA? data work area (graphic mode?  probably available) */
   112 00000084 ??                  <1> ega_rows	resb	1		; rows on the active screen (less 1)**/
   113 00000085 ????                <1> ega_points	resw	1		; bytes per charateer	*/
   114 00000087 ??                  <1> ega_info	resb	1		; mode options ????*//
   115 00000088 ??                  <1> ega_info_3	resb	1		; switch settings*//
   116 00000089 ????                <1> ega_rsvd	resb	2	; reserved for adapter mfgrs */
   117                              <1> ; */
   118                              <1> ; Disk / Diskette media data */
   119 0000008B ??                  <1> fd_last_data_rate	resb	1	; last data rate selected */
   120 0000008C ??                  <1> hd_status_reg	resb	1		; hard disk status register */
   121 0000008D ??                  <1> hd_error_reg	resb	1		; hard disk error register */
   122 0000008E ??                  <1> hd_int_flag	resb	1	; HD interrupt flag */
   123 0000008F ??                  <1> hd_cntrl	resb	1		; HD/FD combo controller bit flag */
   124 00000090 ????                <1> hd_media	resb	2	; media state */
   125 00000092 ????                <1> hd_op_start	resb	2	; operation start state */
   126 00000094 ????                <1> hd_track	resw	1		; HD present cylinder number */
   127                              <1> ; */
   128                              <1> ; Additional Keyboard flags */
   129 00000096 ??                  <1> kbd_flag3	resb	1	; mode state & type flags */
   130 00000097 ??                  <1> kbd_flag2	resb	1	; kbd LED flags */
   131                              <1> ; */
   132                              <1> ; Real Time Clock data area */
   133 00000098 ????????            <1> rtc_user_flag_addr	resd	1	; far address of user's wait flag */
   134 0000009C ????????            <1> rtc_user_wait_flag	resd	1	; user wait flag */
   135 000000A0 ??                  <1> rtc_wait_active	resb	1	; 01=busy, 80=posted, 00=post acknowledge */
   136                              <1> ; */
   137                              <1> ; Miscellaneous */
   138 000000A1 ??????????????      <1> rsvd_network	resb	7	; reserved for network adapters */
   139 000000A8 ????????            <1> ptr_ega_save	resd	1		; far pointer to EGA parameter control block */
   140                              <1> ; */
   141                              <1> ;	byte	rsvd_unused[84];	; reserved for 386EX usage */
   142 000000AC ????                <1> errno	resw	1				; library error flag (errno.h) */
   143 000000AE <res 29h>           <1> rsvd_unused	resb	41	; reserved for 386EX usage */
   144 000000D7 ????????            <1> serial_flags	resb	4	; flags for each serial device**/
   145 000000DB ????                <1> extended_memory	resw	1	; size of Extended Memory in Kilobytes */
   146                              <1> ; this size is stored in CMOS on the PC/AT */
   147 000000DD ????                <1> CPU_freq	resw	1	; CPU frequency in kilohertz */
   148 000000DF ????                <1> ebda_seg_ptr	resw	1		; for EBDA allocations; c.f., memory_size */
   149                              <1> ; */
   150                              <1> ; start of 31 bytes of NVRAM informaiion */
   151 000000E1 ????                <1> nvram_info	resb	2	; 31 bytes of NVRAM information (this may move)*//
   152                              <1> ; starts with 2 bytes of SIO0 params */
   153 000000E3 ????                <1> floppy_tab	resb	2		; floppy disk driver table */
   154 000000E5 ????????????????    <1> disk_tab	resb	8  		; hard disk driver table */
   155 000000ED <res 11h>           <1> nvram_unused	resb	17
   156 000000FE ????                <1> nvram_checksum	resw	1	; 31st byte of the NVRAM info */
   157                              <1> ; end of 31 bytes of NVRAM information */
   158                              <1> ; */
   159 00000100 ??                  <1> AT_status_byte	resb	1	; at 40:100h, 00500h, Print Screen Status byte*//
   160                              <1> ; 00=ready/ok  01=busy  0FF=error	*/
   161 00000101 ??                  <1> SRAM_size	resb	1	; size of SRAM in Kilobytes */
   162                              <1> ; */
   163                              <1> ; Extentsion to BDA during BIOS startup */
   164                              <1> ; */
   165                              <1> endstruc
   165          ******************  <1>  warning: segment attributes specified on redeclaration of segment: ignoring [-w+other]
    36                                  %include "macro.inc"
    37                              <1> ;;;;;;;;;;;;;;;;;;;;;;;;;;;;;;;;;;;;;;;;;;;;;;;;;;;;;;;;;;;;;;;;;;;;;;;;;
    38                              <1> ;
    39                              <1> ; some useful macros:
    40                              <1> ;
    41                              <1> ;;;;;;;;;;;;;;;;;;;;;;;;;;;;;;;;;;;;;;;;;;;;;;;;;;;;;;;;;;;;;;;;;;;;;;;;;
    42                              <1> %define NREPEAT 0
    43                              <1> 
    44                              <1> %if NREPEAT
    45                              <1> 
    46                              <1> %macro	rep	1
    47                              <1> %%loop:	%1
    48                              <1> 	dec	cx
    49                              <1> 	jnz	%%loop
    50                              <1> %endm
    51                              <1> 
    52                              <1> %macro	repne	1
    53                              <1> %%loop:	%1
    54                              <1> 	je	%%e
    55                              <1> 	dec	cx
    56                              <1> 	jnz	%%loop
    57                              <1> 	cmp	cx,1
    58                              <1> 	jmp	%%done
    59                              <1> %%e:	dec	cx
    60                              <1> 	cmp	cx,cx
    61                              <1> %%done:
    62                              <1> %endm
    63                              <1> 
    64                              <1> %macro	repe	1
    65                              <1> %%loop:	%1
    66                              <1> 	jne	%%ne
    67                              <1> 	dec	cx
    68                              <1> 	jnz	%%loop
    69                              <1> 	jmp	%%done
    70                              <1> %%ne:	dec	cx
    71                              <1> 	jcxz	%%cxz
    72                              <1> 	jmp	%%done
    73                              <1> %%cxz:	cmp	cx,1
    74                              <1> %%done:
    75                              <1> %endm
    76                              <1> 
    77                              <1> %macro	REP	1
    78                              <1> %%loop:	%1
    79                              <1> 	dec	ecx
    80                              <1> 	jnz	%%loop
    81                              <1> %endm
    82                              <1> 
    83                              <1> %macro	REPNE	1
    84                              <1> %%loop:	%1
    85                              <1> 	je	%%e
    86                              <1> 	dec	ecx
    87                              <1> 	jnz	%%loop
    88                              <1> 	cmp	cl,1
    89                              <1> 	jmp	%%done
    90                              <1> %%e:	dec	ecx
    91                              <1> 	cmp	cl,cl
    92                              <1> %%done:
    93                              <1> %endm
    94                              <1> 
    95                              <1> %macro	REPE	1
    96                              <1> %%loop:	%1
    97                              <1> 	jne	%%ne
    98                              <1> 	dec	ecx
    99                              <1> 	jnz	%%loop
   100                              <1> 	jmp	%%done
   101                              <1> %%ne:	dec	ecx
   102                              <1> 	jecxz	%%cxz
   103                              <1> 	jmp	%%done
   104                              <1> %%cxz:	cmp	cl,1
   105                              <1> %%done:
   106                              <1> %endm
   107                              <1> 
   108                              <1> %endif
   109                              <1> 
   110                              <1> 
   111                              <1> ;
   112                              <1> ; format of the BYTE initialization table:  address, byte
   113                              <1> ;
   114                              <1> %imacro  binit 2
   115                              <1>         dw      %1
   116                              <1>         db      %2
   117                              <1> %endmacro
   118                              <1> ; end with DW -1
   119                              <1> 
   120                              <1> ;
   121                              <1> ; format of the WORD initialization table:  address, word
   122                              <1> ;
   123                              <1> %imacro  winit 2
   124                              <1>         dw      %1
   125                              <1>         dw      %2
   126                              <1> %endmacro
   127                              <1> ; end with DW -1
   128                              <1> 
   129                              <1> 
   130                              <1> ; get the BIOS Data Area segment pointer to a [segment] register
   131                              <1> %imacro get_bda	1.nolist
   132                              <1> 	push	0x0040
   133                              <1> 	pop	%1
   134                              <1> 	cnop
   135                              <1> %endm
   136                              <1> 
   137                              <1> 
   138                              <1> ; get the Location 0 (Interrupt Descriptor Table) pointer to a register
   139                              <1> %imacro	get_loc0 1.nolist
   140                              <1> 	push	0x0000
   141                              <1> 	pop	%1
   142                              <1> 	cnop
   143                              <1> %endm
   144                              <1> 
   145                              <1> 
   146                              <1> 
   147                              <1> %imacro setloc  1.nolist
   148                              <1>  times   (%1-($-$$)) db 0FFh
   149                              <1> %endm
   150                              <1> 
   151                              <1> %imacro db_lo   1
   152                              <1>  db (%1)&255
   153                              <1> %endm
   154                              <1> 
   155                              <1> %imacro cnop    0.nolist
   156                              <1> %ifdef SOFT_DEBUG
   157                              <1> %if SOFT_DEBUG
   158                              <1>         nop
   159                              <1> %endif
   160                              <1> %endif
   161                              <1> %endm
   162                              <1> 
   163                              <1> %imacro popm 1-*.nolist
   164                              <1> %rep %0
   165                              <1> %ifidni %1,ALL
   166                              <1>  popa
   167                              <1> %elifidni %1,F
   168                              <1>  popf
   169                              <1> %else
   170                              <1>  pop %1
   171                              <1> %ifidni %1,DS
   172                              <1>  cnop
   173                              <1> %elifidni %1,ES
   174                              <1>  cnop
   175                              <1> %elifidni %1,FS
   176                              <1>  cnop
   177                              <1> %elifidni %1,GS
   178                              <1>  cnop
   179                              <1> %endif
   180                              <1> %endif
   181                              <1> %rotate 1
   182                              <1> %endrep
   183                              <1> %endm
   184                              <1> 
   185                              <1> %imacro pushm 1-*.nolist
   186                              <1> %rep %0
   187                              <1> %rotate -1
   188                              <1> %ifidni %1,ALL
   189                              <1>  pusha
   190                              <1> %elifidni %1,F
   191                              <1>  pushf
   192                              <1> %else
   193                              <1>  push %1
   194                              <1> %endif
   195                              <1> %endrep
   196                              <1> %endm
   197                              <1> 
   198                              <1> %imacro descr_linear_data 2-3.nolist	; address, size [, E]  E!=0 means expand down
   199                              <1> %assign __size__ (%2-1)	| 0xFF
   200                              <1> %if (__size__ <= 0xFFFF)
   201                              <1> %assign __gran__ 0
   202                              <1> %else
   203                              <1> %assign __gran__ 0xC0			; G B 0 0
   204                              <1> %endif
   205                              <1> %assign __expand__ 0
   206                              <1> %if %0==3
   207                              <1> %if %3
   208                              <1> %assign __expand__ 4
   209                              <1> %endif
   210                              <1> %endif
   211                              <1> dd (((%1)&0xFFFF)<<16)|(__size__&0xFFFF)
   212                              <1> dd (((%1)>>24)&0xFF)|((__gran__|(__size__>>16)&0x0F)<<16)|((0x93|__expand__)<<8)|(((%1)>>16)&0xFF)
   213                              <1> %endm
   214                              <1> 
   215                              <1> %imacro descr_linear_code 2-3.nolist	; address, size [,C]  C!=0 means conforming
   216                              <1> %assign __size__ (%2-1)	| 0xFF
   217                              <1> %if (__size__ <= 0xFFFF)
   218                              <1> %assign __gran__ 0
   219                              <1> %else
   220                              <1> %assign __gran__ 0xC0			; G D 0 0
   221                              <1> %endif
   222                              <1> %assign __conform__ 0
   223                              <1> %if %0==3
   224                              <1> %if %3
   225                              <1> %assign __conform__ 4
   226                              <1> %endif
   227                              <1> %endif
   228                              <1> dd (((%1)&0xFFFF)<<16)|(__size__&0xFFFF)
   229                              <1> dd (((%1)>>24)&0xFF)|((__gran__|(__size__>>16)&0x0F)<<16)|((0x9B|__conform__)<<8)|(((%1)>>16)&0xFF)
   230                              <1> %endm
   231                              <1> 
   232                              <1> ;/* End of macro.inc */
    37                                  %include "stack.inc"
    38                              <1> XXX
    39                              <1> ; stack.h -- format of the stack formed by				*/
    40                              <1> ; */
    41                              <1> ;	PUSHM	ALL,DS,ES							*/
    42                              <1> ;	MOV	BP,SP									*/
    43                              <1> ; */
    44                              <1> ; */
    45                              <1> ; */
    46                              <1> struc _STD_STACK
    47 00000000 ????                <1> offset_di	resw	1		; PUSHA (all) save*//
    48 00000002 ????                <1> offset_si	resw	1
    49 00000004 ????                <1> offset_bp	resw	1
    50 00000006 ????                <1> offset_sp	resw	1
    51 00000008 ????                <1> offset_bx	resw	1
    52 0000000A ????                <1> offset_dx	resw	1
    53 0000000C ????                <1> offset_cx	resw	1
    54 0000000E ????                <1> offset_ax	resw	1
    55                              <1> ; */
    56 00000010 ????                <1> offset_ds	resw	1		; segment register aave */
    57 00000012 ????                <1> offset_es	resw	1
    58                              <1> ; */
    59 00000014 ????                <1> offset_ip	resw	1
    60 00000016 ????                <1> offset_cs	resw	1		; set for IRET */
    61 00000018 ????                <1> offset_flags	resw	1	; flag.0 is the Crrry */
    62                              <1> endstruc
    62          ******************  <1>  warning: segment attributes specified on redeclaration of segment: ignoring [-w+other]
    63                              <1> ; */
    38                                  %include "serial.inc"
    39                              <1> ; serial.inc
    40                              <1> ;
    41                              <1> ; the protocol flag bits
    42                              <1> ;
    43                              <1> CLK_737		equ	0010_0000b
    44                              <1> XON_XOFF	equ	0100_0000b
    45                              <1> RTS_CTS		equ	1000_0000b
    39                                  
    40                                  %define USE_CTS 0
    41                                  
    42                                  	global	int_14h
    43                                  segment _TEXT
    44                                  ;;;;;;;;;;;;;;;;;;;;;;;;;;;;;;;;;;;;;;;;;;;;;;;;;;;;;;;;;;;;;;;;;;;;;;;;;;;;;
    45                                  ; int_14h	-- called with INT 0x14 with function code in AH
    46                                  ;
    47                                  ;    Enter with:
    48                                  ;	AH	function code 0, 1, 2, 3
    49                                  ;	DX	port number 0=COM1, .. 3=COM4
    50                                  ;
    51                                  ;
    52                                  ;;;;;;;;;;;;;;;;;;;;;;;;;;;;;;;;;;;;;;;;;;;;;;;;;;;;;;;;;;;;;;;;;;;;;;;;;;;;;
    53                                  
    54                                  int_14h:
    55 00000000 FB                      	sti			; re-enable interrupts
    56 00000001 1E60                    	pushm	ALL,DS ;ES	; AX is usually a return value
    57 00000003 89E5                    	mov	bp,sp		; establish stack addressing
    58 00000005 6A401F                  	get_bda	DS		;get DS = segment pointer to BDA
    59                                  %if 0
    60                                  	mov	cx,[equip_flag]	; equipment flag in BDA
    61                                  	shr	cx,9		;number of RS-232 ports
    62                                  	and	cx,7		; **
    63                                  	mov	bx,dx		; COM1==0, COM2==1, ...
    64                                  	cmp	bx,cx		; 4 COM ports at most
    65                                  	jae	bad_error
    66                                  %else
    67 00000008 83FA04                  	cmp	dx,4		; 4 is the max
    68 0000000B 7325                    	jae	bad_error
    69 0000000D 89D3                    	mov	bx,dx		;index to BX
    70                                  %endif
    71                                  
    72                                  ; the index in BX is below the number in CX
    73 0000000F 01DB                    	add	bx,bx
    74 00000011 8B1F                    	mov	bx,[serial_dev + bx]
    75 00000013 09DB                    	or	bx,bx
    76 00000015 741B                    	jz	bad_error
    77 00000017 8D5705                  	lea	dx,[LSR0-TBR0 + bx]	; LSR address to DX
    78                                  ;
    79                                  ; we have the I/O base device code in BX
    80                                  ;
    81 0000001A 08E4                    	or	ah,ah
    82 0000001C 7478                    	jz	init_sio	; function 0
    83 0000001E FECC                    	dec	ah
    84 00000020 745C                    	jz	write		; function 1
    85 00000022 FECC                    	dec	ah
    86 00000024 743A                    	jz	read		; function 2
    87 00000026 FECC                    	dec	ah
    88 00000028 0F849B00                	jz	status		; function 3
    89 0000002C FECC                    	dec	ah
    90 0000002E 0F849B00                	jz	ext_init_sio	; function 4  PS/2
    91                                  
    92                                  ;
    93                                  ; the other PS/2 functions are not implemented
    94                                  ;
    95                                  bad_error:
    96 00000032 B80F8E                  	mov	ax,0x8E0F	; AH.7 = timeout
    97                                  return_AX:
    98 00000035 89460E                  	mov	[bp+offset_ax],ax
    99 00000038 611F                    	popm	ALL,DS ;ES	; restore the registers
   100 0000003A CF                      	iret
   101                                  
   102                                  
   103                                  
   104                                  SHIFT	equ	2		; set to 2 for 7.3728 mhz on 4UART
   105                                  OSC	equ	1843200<<SHIFT
   106                                  CLK	equ	OSC/16
   107                                  
   108                                  	global	_sio_divisors
   109                                  _sio_divisors:
   110                                  sio_divisors:
   111 0000003B 5D10                    	dw	CLK/110		;0
   112 0000003D 000C                    	dw	CLK/150
   113 0000003F 0006                    	dw	CLK/300
   114 00000041 0003                    	dw	CLK/600
   115 00000043 8001                    	dw	CLK/1200	;5
   116 00000045 C000                    	dw	CLK/2400
   117 00000047 6000                    	dw	CLK/4800
   118 00000049 3000                    	dw	CLK/9600	;7
   119                                  ; for the extended initialization call (PS/2)
   120 0000004B 1800                    	dw	CLK/19200	;8
   121 0000004D 0C00                    	dw	CLK/38400
   122 0000004F 0800                    	dw	CLK/56000	; actually 57600
   123 00000051 0400                    	dw	CLK/115200	;11
   124                                  %if SHIFT
   125 00000053 0200                    	dw	CLK/230400	;12
   126 00000055 0100                    	dw	CLK/460800	;13
   127                                  %endif
   128                                  
   129                                  ;;;;;;;;;;;;;;;;;;;;;;;;;;;;;;;;;;;;;;;;;;;;;;;;;;;;;;;;;;;;;;;;;;;;;;;;;;;;;
   130                                  ; get_status
   131                                  ;
   132                                  ;    Enter with:
   133                                  ;	BX	port base I/O address
   134                                  ;	DX	LSR I/O address
   135                                  ;
   136                                  ;    Exit with:
   137                                  ;	AH	line status
   138                                  ;	AL	modem status
   139                                  ;
   140                                  ;	BX	port I/O base address
   141                                  ;
   142                                  ;;;;;;;;;;;;;;;;;;;;;;;;;;;;;;;;;;;;;;;;;;;;;;;;;;;;;;;;;;;;;;;;;;;;;;;;;;;;;
   143                                  get_status:
   144 00000057 EC                      	in	al,dx		; get line status
   145 00000058 247F                    	and	al,7Fh		; clear undefined bit
   146 0000005A 88C4                    	mov	ah,al		; will return in AH
   147 0000005C 42                      	inc	dx		; MSR0 in DX
   148 0000005D EC                      	in	al,dx		; line status to AL
   149 0000005E 4A                      	dec	dx
   150 0000005F C3                      	ret
   151                                  
   152                                  
   153                                  
   154                                  ;;;;;;;;;;;;;;;;;;;;;;;;;;;;;;;;;;;;;;;;;;;;;;;;;;;;;;;;;;;;;;;;;;;;;;;;;;;;;
   155                                  ; read
   156                                  ;
   157                                  ;    Enter with:
   158                                  ;	BX	base port address
   159                                  ;	DX	LSR port address
   160                                  ;
   161                                  ;    Exit with:
   162                                  ;	AH	port (line) status
   163                                  ;	AL	character read
   164                                  ;	BX,DX	unchanged
   165                                  ;;;;;;;;;;;;;;;;;;;;;;;;;;;;;;;;;;;;;;;;;;;;;;;;;;;;;;;;;;;;;;;;;;;;;;;;;;;;;
   166                                  
   167                                  read:
   168 00000060 E8F4FF                  	call	get_status
   169 00000063 F6C401                  	test	ah,LSR_RBF	;anything in the buffer
   170 00000066 74F8                    	jz	read
   171                                  
   172 00000068 87DA                    	xchg	bx,dx		;RBR to DX
   173 0000006A EC                      	in	al,dx		;get the character
   174 0000006B 87DA                    	xchg	bx,dx		;LSR to DX
   175 0000006D 88C1                    	mov	cl,al		; save char read in
   176 0000006F E8E5FF                  	call	get_status
   177 00000072 80E41E                  	and	ah,BIT4+BIT3+BIT2+BIT1	; mask pertinent bits
   178 00000075 7403                    	jz	.3
   179 00000077 80CC80                  	or	ah,BIT7		;signal error
   180                                  .3:
   181 0000007A 88C8                    	mov	al,cl		;return char in AL, LSR in AH
   182 0000007C EBB7                    	jmp	return_AX
   183                                  
   184                                  
   185                                  ;;;;;;;;;;;;;;;;;;;;;;;;;;;;;;;;;;;;;;;;;;;;;;;;;;;;;;;;;;;;;;;;;;;;;;;;;;;;;
   186                                  ; write
   187                                  ;
   188                                  ;    Enter with:
   189                                  ;	AL	character to write
   190                                  ;	BX	base port address
   191                                  ;	DX	LSR port address
   192                                  ;
   193                                  ;    Exit with:
   194                                  ;	AH	port (line) status
   195                                  ;	AL	unchanged char
   196                                  ;	BX,DX	unchanged
   197                                  ;;;;;;;;;;;;;;;;;;;;;;;;;;;;;;;;;;;;;;;;;;;;;;;;;;;;;;;;;;;;;;;;;;;;;;;;;;;;;
   198                                  
   199                                  write:
   200 0000007E 88C1                    	mov	cl,al		;save output character
   201                                  .1:
   202 00000080 E8D4FF                  	call	get_status	;line status to AH
   203                                  %if USE_CTS
   204                                  	; modem status is in AL
   205                                  	test	al,MSR_CTS		; test CTS_bit
   206                                  	jz	.1
   207                                  %endif
   208 00000083 F6C420                  	test	ah,LSR_TBE	;buffer empty?
   209 00000086 74F8                    	jz	.1
   210 00000088 87DA                    	xchg	bx,dx		;DX = base (TBR)
   211 0000008A 88C8                    	mov	al,cl		; AL = character
   212 0000008C EE                      	out	dx,al		; put it out
   213 0000008D 87DA                    	xchg	bx,dx		;DX = LSR again
   214 0000008F E8C5FF                  	call	get_status
   215 00000092 88C8                    	mov	al,cl		;restore char in AL
   216 00000094 EB9F                    	jmp	return_AX
   217                                  
   218                                  
   219                                  
   220                                  
   221                                  ;;;;;;;;;;;;;;;;;;;;;;;;;;;;;;;;;;;;;;;;;;;;;;;;;;;;;;;;;;;;;;;;;;;;;;;;;;;;;
   222                                  ; init_sio
   223                                  ;
   224                                  ;    Enter with:
   225                                  ;	AL	initialization parameters
   226                                  ;			bits 7 6 5	data rate
   227                                  ;			bits 4 3	parity x0=none, 01=odd, 11=even
   228                                  ;			bit  2		stop bits 0->1, 1->2 stop bits
   229                                  ;			bits 1 0	word length 10->7 11->8 bits
   230                                  ;	BX	base port address
   231                                  ;	DX	LSR port address
   232                                  ;
   233                                  ;    Exit with:
   234                                  ;	AH	port (line) status
   235                                  ;	AL	modem status
   236                                  ;	BX,DX	unchanged
   237                                  ;;;;;;;;;;;;;;;;;;;;;;;;;;;;;;;;;;;;;;;;;;;;;;;;;;;;;;;;;;;;;;;;;;;;;;;;;;;;;
   238                                  
   239                                  init_sio:
   240 00000096 89C6                    	mov	si,ax		; index to SI
   241 00000098 81E6E000                	and	si,0x00E0	; mask to 3 bits
   242 0000009C C1EE04                  	shr	si,4		; form WORD index
   243 0000009F 83E01F                  	and	ax,00011111b	;mask for status bits
   244 000000A2 B102                    	mov	cl,SHIFT	;
   245                                  ; AL is LCR to-be
   246                                  ; SI is baud rate index
   247                                  ; CL is baud rate shift for 1.84mhz clock (2), 7.37mhz clk (0)
   248                                  do_init:
   249 000000A4 88C4                    	mov	ah,al		; save LCR value in AH
   250 000000A6 4A                      	dec	dx
   251 000000A7 0C80                    	or	al,80h		; set DLAB
   252 000000A9 4A                      	dec	dx		; DX = LCR address
   253 000000AA EE                      	out	dx,al		; set DLAB & LCR
   254 000000AB 52                      	push	DX
   255 000000AC 89DA                    	mov	dx,bx		; DX is DLL address
   256 000000AE 2E8BBC[3B00]               cs	mov	di,[sio_divisors + si]
   257 000000B3 D3EF                       	shr	di,cl
   258 000000B5 89F9                    	mov	cx,di
   259 000000B7 88C8                    	mov	al,cl
   260 000000B9 EE                         	out	dx,al		; set low byte
   261 000000BA 42                      	inc	dx   		; address DLH
   262 000000BB 88E8                    	mov	al,ch
   263 000000BD EE                      	out	dx,al		; set high byte
   264 000000BE 5A                      	pop	DX		; get LCR
   265 000000BF 88E0                    	mov	al,ah		; set to clear DLAB
   266 000000C1 EE                      	out	dx,al		; clear DLAB, set LCR bits
   267 000000C2 42                      	inc	dx		; DX = MCR
   268 000000C3 B003                    	mov	al,0x03		; set RTS & DTR
   269 000000C5 EE                      	out	dx,al		; **
   270 000000C6 42                      	inc	dx		; DX = LSR
   271                                  ; just fall into the Status return
   272                                  ;;	call	get_status
   273                                  ;;	jmp	return_AX
   274                                  
   275                                  
   276                                  ;;;;;;;;;;;;;;;;;;;;;;;;;;;;;;;;;;;;;;;;;;;;;;;;;;;;;;;;;;;;;;;;;;;;;;;;;;;;;
   277                                  ; status
   278                                  ;
   279                                  ;    Enter with:
   280                                  ;	BX	base port address
   281                                  ;	DX	LSR port address
   282                                  ;
   283                                  ;    Exit with:
   284                                  ;	AH	port (line) status
   285                                  ;	AL	modem status
   286                                  ;	BX,DX	unchanged
   287                                  ;;;;;;;;;;;;;;;;;;;;;;;;;;;;;;;;;;;;;;;;;;;;;;;;;;;;;;;;;;;;;;;;;;;;;;;;;;;;;
   288                                  
   289                                  status:
   290 000000C7 E88DFF                  	call	get_status
   291 000000CA E968FF                  	jmp	return_AX
   292                                  
   293                                  ;;;;;;;;;;;;;;;;;;;;;;;;;;;;;;;;;;;;;;;;;;;;;;;;;;;;;;;;;;;;;;;;;;;;;;;;;;;;;
   294                                  ; ext_init_sio		PS/2 extended init
   295                                  ;
   296                                  ;    Enter in the stack:
   297                                  ;	AL	break flag 0 or 1
   298                                  ;
   299                                  ;    SBC-386EX extension:
   300                                  ;	AL.765 are protocol bits
   301                                  ;
   302                                  ;	BH	parity
   303                                  ;			0 none
   304                                  ;			1 odd
   305                                  ;			2 even
   306                                  ;			3 stick parity odd
   307                                  ;			4 stick parity even
   308                                  ;	BL	stop bits
   309                                  ;			0 one stop bit
   310                                  ;			1 two stop bits (1.5 if CH==0)
   311                                  ;	CH	word length
   312                                  ;			0  5-bits
   313                                  ;			1  6-bits
   314                                  ;			2  7-bits
   315                                  ;			3  8-bits
   316                                  ;	CL	bit rate
   317                                  ;			0..8  (see table, 110 to 19200
   318                                  ;		386EX extension:
   319                                  ;			9..11 (38400,57600,115200)
   320                                  ;	DX	port number
   321                                  ;
   322                                  ;    Exit with:
   323                                  ;	AH	port (line) status
   324                                  ;	AL	modem status
   325                                  ;	BX,CX,DX	unchanged
   326                                  ;
   327                                  ;;;;;;;;;;;;;;;;;;;;;;;;;;;;;;;;;;;;;;;;;;;;;;;;;;;;;;;;;;;;;;;;;;;;;;;;;;;;;
   328                                  ext_init_sio:
   329 000000CD 8B4E0C                  	mov	cx,[bp + offset_cx]
   330                                  ; CL is the baud rate index
   331 000000D0 89CE                    	mov	si,cx		; index to SI
   332 000000D2 83E60F                  	and	si,0x000F
   333 000000D5 01F6                    	add	si,si		; SI is WORD index
   334                                  
   335 000000D7 88C4                    	mov	ah,al		; save protocol bits in AH
   336                                  
   337 000000D9 2401                    	and	al,1		; mask to 1 bit
   338 000000DB C0E006                  	shl	al,6		; break bit to bit 6
   339 000000DE 80E503                  	and	ch,3		; mask word length
   340 000000E1 08E8                    	or	al,ch		; break|nbits
   341                                  ; BX is the parity & stop bits
   342 000000E3 8B4E08                  	mov	cx,[bp + offset_bx]
   343 000000E6 80E101                  	and	cl,1		; mask stop bits
   344 000000E9 C0E102                  	shl	cl,2
   345 000000EC 08C8                    	or	al,cl		; break|stop|nbits
   346 000000EE 88E9                    	mov	cl,ch
   347 000000F0 83E107                  	and	cx,7
   348 000000F3 89CF                    	mov	di,cx
   349 000000F5 2E0A85[0501]               cs	or	al,[par_tab + di] ; break|parity|stop|nbits
   350 000000FA B102                    	mov	cl,2
   351 000000FC F6C420                  	test	ah,CLK_737	; test 7.37 clock flag
   352 000000FF 74A3                    	jz	do_init
   353 00000101 30C9                    	xor	cl,cl
   354 00000103 EB9F                    	jmp	do_init
   355                                  ; SI is word index to bit rate
   356                                  ; AL is LCR value
   357                                  ; CL is shift (2)
   358                                  ; BX is base port
   359                                  ; DX is LSR (will be decremented to LCR)
   360                                  
   361                                  
   362                                  par_tab:
   363 00000105 00                      	db	0	;none
   364 00000106 08                      	db	1<<3	;odd
   365 00000107 18                      	db	3<<3	;even
   366 00000108 28                      	db	5<<3	;stick one
   367 00000109 38                      	db	7<<3	;stick zero
   368 0000010A 00                      	db	0
   369 0000010B 00                      	db	0
   370 0000010C 00                      	db	0
   371                                  
   372                                  
   373                                  
   374                                  
   375                                  
   376                                  ;;;;;;;;;;;;;;;;;;;;;;;;;;;;;;;;;;;;;;;;;;;;;;;;;;;;;;;;;;;;;;;;;;;;;;;;;;;;;
   377                                  ; install_SIO0_		install the system board SIO0 (internal) 386EX port
   378                                  ;
   379                                  ;    Enter with:
   380                                  ;	AX	device code to install
   381                                  ;	direction flag clear
   382                                  ;
   383                                  ;    Exit with:
   384                                  ;	AX	0 if successful
   385                                  ;		non-Zero if error
   386                                  ;;;;;;;;;;;;;;;;;;;;;;;;;;;;;;;;;;;;;;;;;;;;;;;;;;;;;;;;;;;;;;;;;;;;;;;;;;;;;
   387                                  
   388                                  	global	install_SIO0_
   389                                  segment _TEXT			; this routine is C-callable
   390                                  
   391                                  install_SIO0_:
   392 0000010D 1E565152                	pushm	DX,CX,SI,DS
   393 00000111 89C2                    	mov	dx,ax		; use device code in DX
   394 00000113 6A401F                  	get_bda	DS		; get BIOS Data Area segment pointer
   395 00000116 8D360000                	lea	SI,[serial_dev]
   396 0000011A B90400                  	mov	cx,4
   397                                  .1:
   398 0000011D AD                      	lodsw			; get a device code
   399 0000011E 39D0                       	cmp	ax,dx		; is it already there
   400 00000120 7412                    	je	.8
   401 00000122 09C0                    	or	ax,ax		; is the slot empty
   402 00000124 7404                    	jz	.3		; empty if 0, install here
   403 00000126 E2F5                    	loop	.1
   404 00000128 EB0A                    	jmp	.8		; no empty slot
   405                                  
   406                                  ; empty slot found SI is already incremented
   407 0000012A 8954FE                  .3:	mov	[si-2],dx	;set device code
   408 0000012D 8006110002              	add	byte [equip_flag+1], 1<<(9-8)	; increment at bit 9
   409 00000132 EB03                    	jmp	.9		; AX is already zero
   410                                  
   411 00000134 B88E00                  .8:	mov	ax,0x8E		;
   412 00000137 5A595E1F                .9:	popm	DX,CX,SI,DS
   413 0000013B C3                      	ret
