     1                                  ;;;;;;;;;;;;;;;;;;;;;;;;;;;;;;;;;;;;;;;;;;;;;;;;;;;;;;;;;;;;;;;;;;;;;;;;;;;;;
     2                                  ; 15h_misc.asm -- handle many miscellaneous BIOS calls
     3                                  ;;;;;;;;;;;;;;;;;;;;;;;;;;;;;;;;;;;;;;;;;;;;;;;;;;;;;;;;;;;;;;;;;;;;;;;;;;;;;
     4                                  ;
     5                                  ; Copyright (C) 2018 John R. Coffman.  All rights reserved.
     6                                  ; Provided for hobbyist use on the RetroBrew SBC-386EX board.
     7                                  ;
     8                                  ; This program is free software: you can redistribute it and/or modify
     9                                  ; it under the terms of the GNU General Public License as published by
    10                                  ; the Free Software Foundation, either version 3 of the License, or
    11                                  ; (at your option) any later version.
    12                                  ;
    13                                  ; This program is distributed in the hope that it will be useful,
    14                                  ; but WITHOUT ANY WARRANTY; without even the implied warranty of
    15                                  ; MERCHANTABILITY or FITNESS FOR A PARTICULAR PURPOSE.  See the
    16                                  ; GNU General Public License for more details.
    17                                  ;
    18                                  ; You should have received a copy of the GNU General Public License
    19                                  ; along with this program in the file COPYING in the topmost source
    20                                  ; directory.  If not, see <http://www.gnu.org/licenses/>.
    21                                  ;
    22                                  ;
    23                                  ; SBC-386 board revisions:
    24                                  ;       SBC386-0   prototype / concept testing
    25                                  ;	SBC-386EX 2.0	production / January 2018
    26                                  ;
    27                                  ; Assembly by NASM 2.08 is preferred
    28                                  ;;;;;;;;;;;;;;;;;;;;;;;;;;;;;;;;;;;;;;;;;;;;;;;;;;;;;;;;;;;;;;;;;;;;;;;;;;;;;
    29                                  %include "seg_def.inc"
    30                              <1> ; SEG_DEF.inc
    31                              <1> ;
    32                              <1> %ifndef SEG_DEF
    33                              <1> %define SEG_DEF 1
    34                              <1> 
    35                              <1> segment _TEXT	use16 	align=16	class=CODE	public
    36                              <1> 
    37                              <1> segment CONST		align=16	class=DATA	public
    38                              <1> segment CONST2		align=2		class=DATA	public
    39                              <1> segment _DATA		align=16	class=DATA	public
    40                              <1> segment _BSS		align=16	class=DATA	public
    41                              <1> ;group DGROUP CONST2 CONST _DATA _BSS
    42                              <1> 
    43                              <1> group DGROUP  _TEXT CONST2 CONST _DATA _BSS
    44                              <1> 
    45                              <1> 
    46                              <1> segment BOOT at 0xFFFF	align=16	class=BOOT	use16
    47                              <1> 
    48                              <1> %define XXX
    49                              <1> %endif
    50                              <1> ;
    51                              <1> ; end SEG_DEF.inc
    30                                  %include "i386ex.inc"
    31                              <1> ;/*;;;;;;;;;;;;;;;;;;;;;;;;;;;;;;;;;;;;;;;;;;;;;;;;;;;;;;;;;;;;;;;;;;;;;;
    32                              <1> ; i386EX.inc  --  register definitions for the Intel 80386EX processor
    33                              <1> ;;;;;;;;;;;;;;;;;;;;;;;;;;;;;;;;;;;;;;;;;;;;;;;;;;;;;;;;;;;;;;;;;;;;;;;;;
    34                              <1> ;
    35                              <1> ; Copyright (C) 2018 John R. Coffman.  All rights reserved.
    36                              <1> ; Provided for hobbyist use on the RetroBrew SBC-386 board.
    37                              <1> ;
    38                              <1> ; This program is free software: you can redistribute it and/or modify
    39                              <1> ; it under the terms of the GNU General Public License as published by
    40                              <1> ; the Free Software Foundation, either version 3 of the License, or
    41                              <1> ; (at your option) any later version.
    42                              <1> ;
    43                              <1> ; This program is distributed in the hope that it will be useful,
    44                              <1> ; but WITHOUT ANY WARRANTY; without even the implied warranty of
    45                              <1> ; MERCHANTABILITY or FITNESS FOR A PARTICULAR PURPOSE.  See the
    46                              <1> ; GNU General Public License for more details.
    47                              <1> ;
    48                              <1> ; You should have received a copy of the GNU General Public License
    49                              <1> ; along with this program in the file COPYING in the topmost source
    50                              <1> ; directory.  If not, see <http://www.gnu.org/licenses/>.
    51                              <1> ;
    52                              <1> ;
    53                              <1> ; SBC-386 board revisions:
    54                              <1> ;       SBC386-0   prototype / concept testing
    55                              <1> ;	SBC386EX 2.0 production board (Jan 2018, not 2017 as labeled)
    56                              <1> ;
    57                              <1> ; Assembly by NASM 2.08 is preferred
    58                              <1> ;;;;;;;;;;;;;;;;;;;;;;;;;;;;;;;;;;;;;;;;;;;;;;;;;;;;;;;;;;;;;;;;;;;;;;;;*/
    59                              <1> 
    60                              <1> ;/* i386EX.inc  --  register definitions for the Intel 80386EX processor
    61                              <1> ;
    62                              <1> %define defb
    63                              <1> %define defw
    64                              <1> %define defd
    65                              <1> ;*/
    66                              <1> 
    67                              <1> ;/* The component identifier the 386EX leaves in DX after a hardware reset:
    68                              <1> ;*  DH is the device (23h, 386EX) and DL the stepping.  POST tests it as the
    69                              <1> ;*  first thing it does, so anything that restarts the board in software has
    70                              <1> ;*  to present it too -- see reboot_ in 19h_boot.asm, which learned that the
    71                              <1> ;*  hard way.
    72                              <1> ;*/
    73                              <1> defw    DEVICE_ID equ   0x2309
    74                              <1> 
    75                              <1> ;/* The Address Configuration register
    76                              <1> ;*/
    77                              <1> defb REMAPCFGH  equ     0x0023
    78                              <1> defb REMAPCFGL  equ     0x0022
    79                              <1> defw REMAPCFG   equ     0x0022
    80                              <1> 
    81                              <1> ;/* The A20gate and fast CPU Reset
    82                              <1> ;*/
    83                              <1> defb PORT92     equ     0xF092
    84                              <1> defb PORT92_AT  equ     0x0092
    85                              <1> 
    86                              <1> ;
    87                              <1> ;/* The DMA Controller and Bus Arbiter
    88                              <1> ;*/
    89                              <1> defb DMA0TAR    equ     0xF000
    90                              <1> defb DMA0TAR_AT equ     0x0000
    91                              <1> defb DMA0BYC    equ     0xF001
    92                              <1> defb DMA0BYC_AT equ     0x0001
    93                              <1> defb DMA1TAR    equ     0xF002
    94                              <1> defb DMA1TAR_AT equ     0x0002
    95                              <1> defb DMA1BYC    equ     0xF003
    96                              <1> defb DMA1BYC_AT equ     0x0003
    97                              <1> defb DMACMD1    equ     0xF008
    98                              <1> defb DMACMD1_AT equ     0x0008
    99                              <1> defb DMASTS     equ     0xF008
   100                              <1> defb DMASTS_AT  equ     0x0008
   101                              <1> defb DMASRR     equ     0xF009
   102                              <1> defb DMASRR_AT  equ     0x0009
   103                              <1> defb DMAMSK     equ     0xF00A
   104                              <1> defb DMAMSK_AT  equ     0x000A
   105                              <1> defb DMAMOD1    equ     0xF00B
   106                              <1> defb DMAMOD1_AT equ     0x000B
   107                              <1> defb DMACLRBP   equ     0xF00C
   108                              <1> defb DMACLRBP_AT equ    0x000C
   109                              <1> defb DMACLR     equ     0xF00D
   110                              <1> defb DMACLR_AT  equ     0x000D
   111                              <1> defb DMACLRMSK  equ     0xF00E
   112                              <1> defb DMACLRMSK_AT equ   0x000E
   113                              <1> defb DMAGRPMSK  equ     0xF00F
   114                              <1> defb DMAGRPMSK_AT equ   0x000F
   115                              <1> defb DMA0REQ0_1 equ     0xF010
   116                              <1> defb DMA0REQ2_3 equ     0xF011
   117                              <1> defb DMA1REQ0_1 equ     0xF012
   118                              <1> defb DMA1REQ2_3 equ     0xF013
   119                              <1> defb DMABSR     equ     0xF018
   120                              <1> defb DMACHR     equ     0xF019
   121                              <1> defb DMAIS      equ     0xF019
   122                              <1> defb DMACMD2    equ     0xF01A
   123                              <1> defb DMAMOD2    equ     0xF01B
   124                              <1> defb DMAIEN     equ     0xF01C
   125                              <1> defb DMAOVFE    equ     0xF01D
   126                              <1> defb DMACLRTC   equ     0xF01E
   127                              <1> ;
   128                              <1> ;/* The DMA Page Registers
   129                              <1> ;*/
   130                              <1> defb DMA1TAR2    equ    0xF083
   131                              <1> defb DMA1TAR2_AT equ    0x0083
   132                              <1> defb DMA1TAR3    equ    0xF085
   133                              <1> defb DMA1TAR3_AT equ    0x0085
   134                              <1> defb DMA0TAR3    equ    0xF086
   135                              <1> defb DMA0TAR3_AT equ    0x0086
   136                              <1> defb DMA0TAR2    equ    0xF087
   137                              <1> defb DMA0TAR2_AT equ    0x0087
   138                              <1> ;
   139                              <1> defb DMA0BYC2   equ     0xF098
   140                              <1> defb DMA1BYC2   equ     0xF099
   141                              <1> 
   142                              <1> ;
   143                              <1> ;/* The Master Interrupt Controller
   144                              <1> ;*/
   145                              <1> defb ICW1M_AT   equ     0x0020
   146                              <1> defb ICW2M_AT   equ     0x0021
   147                              <1> defb ICW3M_AT   equ     0x0021
   148                              <1> defb ICW4M_AT   equ     0x0021
   149                              <1> defb OCW1M_AT   equ     0x0021
   150                              <1> defb OCW2M_AT   equ     0x0020
   151                              <1> defb OCW3M_AT   equ     0x0020
   152                              <1> 
   153                              <1> defb ICW1M      equ     0xF020
   154                              <1> defb ICW2M      equ     0xF021
   155                              <1> defb ICW3M      equ     0xF021
   156                              <1> defb ICW4M      equ     0xF021
   157                              <1> defb OCW1M      equ     0xF021
   158                              <1> defb OCW2M      equ     0xF020
   159                              <1> defb OCW3M      equ     0xF020
   160                              <1> defb IRR_M	equ	0xF020
   161                              <1> 
   162                              <1> ;
   163                              <1> ;/* The Slave Interrupt Controller
   164                              <1> ;*/
   165                              <1> defb ICW1S_AT   equ     0x00A0
   166                              <1> defb ICW2S_AT   equ     0x00A1
   167                              <1> defb ICW3S_AT   equ     0x00A1
   168                              <1> defb ICW4S_AT   equ     0x00A1
   169                              <1> defb OCW1S_AT   equ     0x00A1
   170                              <1> defb OCW2S_AT   equ     0x00A0
   171                              <1> defb OCW3S_AT   equ     0x00A0
   172                              <1> defb IRR_M_AT	equ	0x00A0
   173                              <1> 
   174                              <1> defb ICW1S      equ     0xF0A0
   175                              <1> defb ICW2S      equ     0xF0A1
   176                              <1> defb ICW3S      equ     0xF0A1
   177                              <1> defb ICW4S      equ     0xF0A1
   178                              <1> defb OCW1S      equ     0xF0A1
   179                              <1> defb OCW2S      equ     0xF0A0
   180                              <1> defb OCW3S      equ     0xF0A0
   181                              <1> 
   182                              <1> ;
   183                              <1> ;/* The Timer/Counter Unit
   184                              <1> ;*/
   185                              <1> defb    TMR0    equ     0xF040
   186                              <1> defb    TMR0_AT equ     0x0040
   187                              <1> defb    TMR1    equ     0xF041
   188                              <1> defb    TMR1_AT equ     0x0041
   189                              <1> defb    TMR2    equ     0xF042
   190                              <1> defb    TMR2_AT equ     0x0042
   191                              <1> defb    TMRCON  equ     0xF043
   192                              <1> defb    TMRCON_AT  equ  0x0043
   193                              <1> 
   194                              <1> ;
   195                              <1> ;/* The Chip Select Unit
   196                              <1> ;*/
   197                              <1> defw    CS0ADL  equ     0xF400
   198                              <1> defw    CS0ADH  equ     0xF402
   199                              <1> defw    CS0MSKL equ     0xF404
   200                              <1> defw    CS0MSKH equ     0xF406
   201                              <1> defw    CS1ADL  equ     0xF408
   202                              <1> defw    CS1ADH  equ     0xF40A
   203                              <1> defw    CS1MSKL equ     0xF40C
   204                              <1> defw    CS1MSKH equ     0xF40E
   205                              <1> defw    CS2ADL  equ     0xF410
   206                              <1> defw    CS2ADH  equ     0xF412
   207                              <1> defw    CS2MSKL equ     0xF414
   208                              <1> defw    CS2MSKH equ     0xF416
   209                              <1> defw    CS3ADL  equ     0xF418
   210                              <1> defw    CS3ADH  equ     0xF41A
   211                              <1> defw    CS3MSKL equ     0xF41C
   212                              <1> defw    CS3MSKH equ     0xF41E
   213                              <1> defw    CS4ADL  equ     0xF420
   214                              <1> defw    CS4ADH  equ     0xF422
   215                              <1> defw    CS4MSKL equ     0xF424
   216                              <1> defw    CS4MSKH equ     0xF426
   217                              <1> defw    CS5ADL  equ     0xF428
   218                              <1> defw    CS5ADH  equ     0xF42A
   219                              <1> defw    CS5MSKL equ     0xF42C
   220                              <1> defw    CS5MSKH equ     0xF42E
   221                              <1> defw    CS6ADL  equ     0xF430
   222                              <1> defw    CS6ADH  equ     0xF432
   223                              <1> defw    CS6MSKL equ     0xF434
   224                              <1> defw    CS6MSKH equ     0xF436
   225                              <1> defw    UCSADL  equ     0xF438
   226                              <1> defw    UCSADH  equ     0xF43A
   227                              <1> defw    UCSMSKL equ     0xF43C
   228                              <1> defw    UCSMSKH equ     0xF43E
   229                              <1> 
   230                              <1> ;
   231                              <1> ;/* The Synchronous Serial I/O Unit
   232                              <1> ;*/
   233                              <1> defw    SSIOTBUF equ    0xF480
   234                              <1> defw    SSIORBUF equ    0xF482
   235                              <1> defw    SSIOBAUD equ    0xF484
   236                              <1> defw    SSIOCON1 equ    0xF486
   237                              <1> defw    SSIOCON2 equ    0xF488
   238                              <1> defw    SSIOCTR  equ    0xF48A
   239                              <1> 
   240                              <1> ;
   241                              <1> ;/* The Refresh Control Unit
   242                              <1> ;*/
   243                              <1> defw    RFSBAD  equ     0xF4A0
   244                              <1> defw    RFSCIR  equ     0xF4A2
   245                              <1> defw    RFSCON  equ     0xF4A4
   246                              <1> defw    RFSADD  equ     0xF4A6
   247                              <1> 
   248                              <1> ;
   249                              <1> ;/* The Watchdog Timer Unit
   250                              <1> ;*/
   251                              <1> defw    WDTRLDH equ     0xF4C0
   252                              <1> defw    WDTRLDL equ     0xF4C2
   253                              <1> defw    WDTCNTH equ     0xF4C4
   254                              <1> defw    WDTCNTL equ     0xF4C6
   255                              <1> defw    WDTCLR  equ     0xF4C8
   256                              <1> defb    WDTSTATUS  equ  0xF4CA
   257                              <1> 
   258                              <1> ;
   259                              <1> ;/* Clock Generation and Power Management
   260                              <1> ;*/
   261                              <1> defb    PWRCON  equ     0xF800
   262                              <1> defw    CLKPRS  equ     0xF804
   263                              <1> 
   264                              <1> ;
   265                              <1> ;/* Device Configuration Registers
   266                              <1> ;*/
   267                              <1> defb    P1CFG   equ     0xF820
   268                              <1> defb    P2CFG   equ     0xF822
   269                              <1> defb    P3CFG   equ     0xF824
   270                              <1> defb    PINCFG  equ     0xF826
   271                              <1> defb    DMACFG  equ     0xF830
   272                              <1> defb    INTCFG  equ     0xF832
   273                              <1> defb    TMRCFG  equ     0xF834
   274                              <1> defb    SIOCFG  equ     0xF836
   275                              <1> 
   276                              <1> ;
   277                              <1> ;/* Parallel I/O Ports
   278                              <1> ;*/
   279                              <1> defb    P1PIN   equ     0xF860
   280                              <1> defb    P1LTC   equ     0xF862
   281                              <1> defb    P1DIR   equ     0xF864
   282                              <1> defb    P2PIN   equ     0xF868
   283                              <1> defb    P2LTC   equ     0xF86A
   284                              <1> defb    P2DIR   equ     0xF86C
   285                              <1> defb    P3PIN   equ     0xF870
   286                              <1> defb    P3LTC   equ     0xF872
   287                              <1> defb    P3DIR   equ     0xF874
   288                              <1> 
   289                              <1> 
   290                              <1> ; bits.inc
   291                              <1> ;
   292                              <1> ; assembly language bit definitions
   293                              <1> ;
   294                              <1> defb    BIT0    equ     0x01
   295                              <1> defb    BIT1    equ     0x02
   296                              <1> defb    BIT2    equ     0x04
   297                              <1> defb    BIT3    equ     0x08
   298                              <1> defb    BIT4    equ     0x10
   299                              <1> defb    BIT5    equ     0x20
   300                              <1> defb    BIT6    equ     0x40
   301                              <1> defb    BIT7    equ     0x80
   302                              <1> 
   303                              <1> defw    BIT8    equ     0x0100
   304                              <1> defw    BIT9    equ     0x0200
   305                              <1> defw    BIT10   equ     0x0400
   306                              <1> defw    BIT11   equ     0x0800
   307                              <1> defw    BIT12   equ     0x1000
   308                              <1> defw    BIT13   equ     0x2000
   309                              <1> defw    BIT14   equ     0x4000
   310                              <1> defw    BIT15   equ     0x8000
   311                              <1> 
   312                              <1> defd    BIT16   equ     0x00010000
   313                              <1> defd    BIT31   equ     0x80000000
   314                              <1> 
   315                              <1> defb    ZBIT0    equ     0
   316                              <1> defb    ZBIT1    equ     0
   317                              <1> defb    ZBIT2    equ     0
   318                              <1> defb    ZBIT3    equ     0
   319                              <1> defb    ZBIT4    equ     0
   320                              <1> defb    ZBIT5    equ     0
   321                              <1> defb    ZBIT6    equ     0
   322                              <1> defb    ZBIT7    equ     0
   323                              <1> 
   324                              <1> defw    ZBIT8    equ     0
   325                              <1> defw    ZBIT9    equ     0
   326                              <1> defw    ZBIT10   equ     0
   327                              <1> defw    ZBIT11   equ     0
   328                              <1> defw    ZBIT12   equ     0
   329                              <1> defw    ZBIT13   equ     0
   330                              <1> defw    ZBIT14   equ     0
   331                              <1> defw    ZBIT15   equ     0
   332                              <1> 
   333                              <1> 
   334                              <1> ;
   335                              <1> ;/* Asynchronout Serial I/O channel 0  (COM1)
   336                              <1> ;*/
   337                              <1> defb    RBR0_F4 equ     0xF4F8
   338                              <1> defb    TBR0_F4 equ     0xF4F8
   339                              <1> defb    DLL0_F4 equ     0xF4F8
   340                              <1> defb    DLH0_F4 equ     0xF4F9
   341                              <1> defb    IER0_F4 equ     0xF4F9
   342                              <1> defb    IIR0_F4 equ     0xF4FA
   343                              <1> defb    LCR0_F4 equ     0xF4FB
   344                              <1> defb    MCR0_F4 equ     0xF4FC
   345                              <1> defb    LSR0_F4 equ     0xF4FD
   346                              <1> defb    MSR0_F4 equ     0xF4FE
   347                              <1> defb    SCR0_F4 equ     0xF4FF
   348                              <1> 
   349                              <1> %define MFPIC 0
   350                              <1> %if MFPIC
   351                              <1> defb    RBR0    equ     0x0448
   352                              <1> defb    TBR0    equ     0x0448
   353                              <1> defb    DLL0    equ     0x0448
   354                              <1> defb    DLH0    equ     0x0449
   355                              <1> defb    IER0    equ     0x0449
   356                              <1> defb    IIR0    equ     0x044A
   357                              <1> defb    LCR0    equ     0x044B
   358                              <1> defb    MCR0    equ     0x044C
   359                              <1> defb    LSR0    equ     0x044D
   360                              <1> defb    MSR0    equ     0x044E
   361                              <1> defb    SCR0    equ     0x044F
   362                              <1> %else
   363                              <1> defb    RBR0    equ     0x03F8
   364                              <1> defb    TBR0    equ     0x03F8
   365                              <1> defb    DLL0    equ     0x03F8
   366                              <1> defb    DLH0    equ     0x03F9
   367                              <1> defb    IER0    equ     0x03F9
   368                              <1> defb    IIR0    equ     0x03FA
   369                              <1> defb    LCR0    equ     0x03FB
   370                              <1> defb    MCR0    equ     0x03FC
   371                              <1> defb    LSR0    equ     0x03FD
   372                              <1> defb    MSR0    equ     0x03FE
   373                              <1> defb    SCR0    equ     0x03FF
   374                              <1> %endif
   375                              <1> 
   376                              <1> ;
   377                              <1> ;/* Asynchronout Serial I/O channel 1  (COM2)
   378                              <1> ;*/
   379                              <1> defb    RBR1_F8 equ     0xF8F8
   380                              <1> defb    TBR1_F8 equ     0xF8F8
   381                              <1> defb    DLL1_F8 equ     0xF8F8
   382                              <1> defb    DLH1_F8 equ     0xF8F9
   383                              <1> defb    IER1_F8 equ     0xF8F9
   384                              <1> defb    IIR1_F8 equ     0xF8FA
   385                              <1> defb    LCR1_F8 equ     0xF8FB
   386                              <1> defb    MCR1_F8 equ     0xF8FC
   387                              <1> defb    LSR1_F8 equ     0xF8FD
   388                              <1> defb    MSR1_F8 equ     0xF8FE
   389                              <1> defb    SCR1_F8 equ     0xF8FF
   390                              <1> 
   391                              <1> defb    RBR1    equ     0x02F8
   392                              <1> defb    TBR1    equ     0x02F8
   393                              <1> defb    DLL1    equ     0x02F8
   394                              <1> defb    DLH1    equ     0x02F9
   395                              <1> defb    IER1    equ     0x02F9
   396                              <1> defb    IIR1    equ     0x02FA
   397                              <1> defb    LCR1    equ     0x02FB
   398                              <1> defb    MCR1    equ     0x02FC
   399                              <1> defb    LSR1    equ     0x02FD
   400                              <1> defb    MSR1    equ     0x02FE
   401                              <1> defb    SCR1    equ     0x02FF
   402                              <1> 
   403                              <1> ;/* LSRx bits
   404                              <1> ;*/
   405                              <1> defb    LSR_TE  equ     BIT6
   406                              <1> defb    LSR_TBE equ     BIT5
   407                              <1> defb    LSR_BI  equ     BIT4
   408                              <1> defb    LSR_FE  equ     BIT3
   409                              <1> defb    LSR_PE  equ     BIT2
   410                              <1> defb    LSR_OE  equ     BIT1
   411                              <1> defb    LSR_RBF equ     BIT0
   412                              <1> 
   413                              <1> ;/* MSRx bits
   414                              <1> ;*/
   415                              <1> defb	MSR_DCD	equ	BIT7
   416                              <1> defb	MSR_RI 	equ	BIT6
   417                              <1> defb	MSR_DSR	equ	BIT5
   418                              <1> defb	MSR_CTS	equ	BIT4
   419                              <1> defb	MSR_deltaDCD	equ	BIT3
   420                              <1> defb	MSR_deltaRI	equ	BIT2
   421                              <1> defb	MSR_deltaDSR	equ	BIT1
   422                              <1> defb	MSR_deltaCTS	equ	BIT0
   423                              <1> 
   424                              <1> ;/* Bits in CR0
   425                              <1> ;*/
   426                              <1> defb    CR0_PE  equ     BIT0
   427                              <1> defb    CR0_MP  equ     BIT1
   428                              <1> defb    CR0_EM  equ     BIT2
   429                              <1> defb    CR0_TS  equ     BIT3
   430                              <1> defd    CR0_WP  equ     BIT16
   431                              <1> defd    CR0_PG  equ     BIT31
   432                              <1> 
   433                              <1> ;/* Some ASCII character codes
   434                              <1> ;*/
   435                              <1> defb    ASCII_NUL       equ     0x00
   436                              <1> defb    ASCII_BS        equ     0x08
   437                              <1> defb    ASCII_HT        equ     0x09
   438                              <1> defb    ASCII_LF        equ     0x0A
   439                              <1> defb    ASCII_NL        equ     0x0A
   440                              <1> defb    ASCII_FF        equ     0x0C
   441                              <1> defb    ASCII_CR        equ     0x0D
   442                              <1> defb	ASCII_ESC	equ	0x1B
   443                              <1> defb    ASCII_SP        equ     0x20
   444                              <1> defb    ASCII_DEL       equ     0x7F
   445                              <1> defb	ASCII_RUB	equ	0xFF
   446                              <1> 
   447                              <1> 
   448                              <1> ;/* End of i386EX.inc */
    31                                  %include "bda.inc"
    32                              <1> XXX
    33                              <1> ; bda.h -- definitions of the BIOS Data Area at 0040:0000 (0x400)  */
    34                              <1> %define BDA_segment 0x40
    35                              <1> struc _BDA
    36                              <1> ; first items at 0x40:0	*/
    37 00000000 ????????????????    <1> serial_dev	resw	4	; serial port device codes */
    38 00000008 ????????????????    <1> parallel_dev	resw	4	; printer port device codes */
    39 00000010 ????                <1> equip_flag	resw	1		; int 12h equipment flags */
    40 00000012 ??                  <1> mfg_test	resb	1		; initialization flags */
    41                              <1> ; */
    42                              <1> ; POST writes what it decided here, after the test of segment 0 has */
    43                              <1> ; zeroed the area, so the answer survives to be reported.  Nothing else */
    44                              <1> ; in this BIOS writes mfg_test.                                        */
    45                              <1> %define WARM_POST 0x01	; warm start: the memory march was skipped */
    46 00000013 ????                <1> memory_size	resw	1	; base memory size in Kilowords (1224) */
    47 00000015 ??                  <1> mfg_err_flag	resb	1
    48 00000016 ??                  <1> mfg_err_flag2	resb	1
    49                              <1> ; */
    50                              <1> ; first Keyboard data area */
    51 00000017 ??                  <1> kbd_flag	resb	1	; shift status &c. */
    52 00000018 ??                  <1> kbd_flag1	resb	1	;  mrre  */
    53 00000019 ??                  <1> alt_input	resb	1	; save alternate kbd entry code */
    54 0000001A ????                <1> buffer_head	resw	1
    55 0000001C ????                <1> buffer_tail	resw	1
    56                              <1> ; */
    57 0000001E <res 20h>           <1> kbd_buffer	resw	16	; buffer empty when  head==tail**/
    58                              <1> ; */
    59                              <1> ; Diskette data area */
    60 0000003E ??                  <1> seek_status	resb	1	; drive recalibration status */
    61                              <1> ; bits 3..0 drive must recalibrate before next seek */
    62 0000003F ??                  <1> motor_status	resb	1	; bits 3..0 motor running */
    63                              <1> ; bit 7 current op is write */
    64 00000040 ??                  <1> motor_count	resb	1	; timeout counter for motor turn-off */
    65 00000041 ??                  <1> fd_status	resb	1	; return code status byte */
    66 00000042 ??????????????      <1> fd_ctrl_stat	resb	7	; controller return bytes */
    67                              <1> ; */
    68                              <1> ; Video Display data area -- also used for video emulation */
    69 00000049 ??                  <1> vid_mode	resb	1	; current display mode */
    70 0000004A ????                <1> vid_columns	resw	1	; no. of columns on the screen */
    71 0000004C ????                <1> vid_buf_len	resw	1	; length of video buffer in bytes*//
    72 0000004E ????                <1> vid_start	resw	1	; start address of screen regeneration (in vid buf)*//
    73 00000050 <res 10h>           <1> vid_cursor	resw	8	; cursor postition on up to 8 screens */
    74 00000060 ????                <1> vid_cursor_mode	resw	1
    75 00000062 ??                  <1> vid_active_page	resb	1
    76 00000063 ????                <1> vid_addr_chip	resw	1	; I/O address for the video chip (6845,EGA,VGA)*//
    77 00000065 ??                  <1> vid_crt_mode	resb	1	; current setting of the 3x8 register ???? */
    78 00000066 ??                  <1> vid_palette	resb	1	; current color setting / palette **/
    79                              <1> ; */
    80                              <1> ; POST and ROM data */
    81 00000067 ????????            <1> io_rom_addr	resd	1	; far word to ROM initialization routine */
    82                              <1> %define io_rom_addr_low io_rom_addr
    83                              <1> %define io_rom_addr_seg (io_rom_addr+2)
    84 0000006B ??                  <1> interrupt_flag	resb	1	; indicates an interrupt occurred */
    85                              <1> ; */
    86                              <1> ; Timer data area  18.206602 hz  = ~54.925 ms  */
    87 0000006C ????                <1> timer_count_low	resw	1	; low word of timer count */
    88 0000006E ????                <1> timer_count_high	resw	1
    89                              <1> %define timer_count timer_count_low
    90                              <1> ; use timer_count as the double word timer counter */
    91 00000070 ??                  <1> timer_overflow	resb	1	; timer has rolled over since last read */
    92                              <1> ; */
    93                              <1> ; System & Keboard data area */
    94 00000071 ??                  <1> kbd_break_flag	resb	1	; bit 7 set if Break key is pressed */
    95 00000072 ????                <1> reset_flag	resw	1	; word=0x1234 if Reset is underway (80286) */
    96                              <1> ; */
    97                              <1> ; reboot() writes WARM_BOOT here before restarting the board, and POST */
    98                              <1> ; reads it to decide whether the memory march can be skipped.  Any       */
    99                              <1> ; program can set it and jump to FFFF:0000 -- that is the PC convention  */
   100                              <1> ; and this BIOS honours it.                                             */
   101                              <1> %define WARM_BOOT 0x1234
   102                              <1> ; */
   103                              <1> ; Fixed (Hard) disk data area */
   104 00000074 ??                  <1> hd_status	resb	1	; status info for hard disk */
   105                              <1> %define disk_status1 hd_status
   106 00000075 ??                  <1> hd_number	resb	1	; number of hard disks (for int 13h, fn 8h) */
   107 00000076 ??                  <1> control_byte	resb	1	; head control ???? */
   108 00000077 ??                  <1> port_offset	resb	1	; obsolete, maybe ???? */
   109                              <1> ; */
   110                              <1> ; Timeout counters */
   111 00000078 ????????            <1> printer_timeout	resb	4	; four bytes for each interaace */
   112 0000007C ????????            <1> serial_timeout	resb	4	; four bytes for each interacce */
   113                              <1> ; */
   114                              <1> ; Keyboard additional data area -- buffer location within segment 40h */
   115 00000080 ????                <1> buffer_start	resw	1	; offset of keyboard buffer start**/
   116 00000082 ????                <1> buffer_end	resw	1		; offset of end of kbd buffer */
   117                              <1> ; */
   118                              <1> ; EGA/PGA? data work area (graphic mode?  probably available) */
   119 00000084 ??                  <1> ega_rows	resb	1		; rows on the active screen (less 1)**/
   120 00000085 ????                <1> ega_points	resw	1		; bytes per charateer	*/
   121 00000087 ??                  <1> ega_info	resb	1		; mode options ????*//
   122 00000088 ??                  <1> ega_info_3	resb	1		; switch settings*//
   123 00000089 ????                <1> ega_rsvd	resb	2	; reserved for adapter mfgrs */
   124                              <1> ; */
   125                              <1> ; Disk / Diskette media data */
   126 0000008B ??                  <1> fd_last_data_rate	resb	1	; last data rate selected */
   127 0000008C ??                  <1> hd_status_reg	resb	1		; hard disk status register */
   128 0000008D ??                  <1> hd_error_reg	resb	1		; hard disk error register */
   129 0000008E ??                  <1> hd_int_flag	resb	1	; HD interrupt flag */
   130 0000008F ??                  <1> hd_cntrl	resb	1		; HD/FD combo controller bit flag */
   131 00000090 ????                <1> hd_media	resb	2	; media state */
   132 00000092 ????                <1> hd_op_start	resb	2	; operation start state */
   133 00000094 ????                <1> hd_track	resw	1		; HD present cylinder number */
   134                              <1> ; */
   135                              <1> ; Additional Keyboard flags */
   136 00000096 ??                  <1> kbd_flag3	resb	1	; mode state & type flags */
   137 00000097 ??                  <1> kbd_flag2	resb	1	; kbd LED flags */
   138                              <1> ; */
   139                              <1> ; Real Time Clock data area */
   140 00000098 ????????            <1> rtc_user_flag_addr	resd	1	; far address of user's wait flag */
   141 0000009C ????????            <1> rtc_user_wait_flag	resd	1	; user wait flag */
   142 000000A0 ??                  <1> rtc_wait_active	resb	1	; 01=busy, 80=posted, 00=post acknowledge */
   143                              <1> ; */
   144                              <1> ; Miscellaneous */
   145 000000A1 ??????????????      <1> rsvd_network	resb	7	; reserved for network adapters */
   146 000000A8 ????????            <1> ptr_ega_save	resd	1		; far pointer to EGA parameter control block */
   147                              <1> ; */
   148                              <1> ;	byte	rsvd_unused[84];	; reserved for 386EX usage */
   149 000000AC ????                <1> errno	resw	1				; library error flag (errno.h) */
   150 000000AE <res 29h>           <1> rsvd_unused	resb	41	; reserved for 386EX usage */
   151 000000D7 ????????            <1> serial_flags	resb	4	; flags for each serial device**/
   152 000000DB ????                <1> extended_memory	resw	1	; size of Extended Memory in Kilobytes */
   153                              <1> ; this size is stored in CMOS on the PC/AT */
   154 000000DD ????                <1> CPU_freq	resw	1	; CPU frequency in kilohertz */
   155 000000DF ????                <1> ebda_seg_ptr	resw	1		; for EBDA allocations; c.f., memory_size */
   156                              <1> ; */
   157                              <1> ; start of 31 bytes of NVRAM informaiion */
   158 000000E1 ????                <1> nvram_info	resb	2	; 31 bytes of NVRAM information (this may move)*//
   159                              <1> ; starts with 2 bytes of SIO0 params */
   160 000000E3 ????                <1> floppy_tab	resb	2		; floppy disk driver table */
   161 000000E5 ????????????????    <1> disk_tab	resb	8  		; hard disk driver table */
   162 000000ED <res 11h>           <1> nvram_unused	resb	17
   163 000000FE ????                <1> nvram_checksum	resw	1	; 31st byte of the NVRAM info */
   164                              <1> ; end of 31 bytes of NVRAM information */
   165                              <1> ; */
   166 00000100 ??                  <1> AT_status_byte	resb	1	; at 40:100h, 00500h, Print Screen Status byte*//
   167                              <1> ; 00=ready/ok  01=busy  0FF=error	*/
   168 00000101 ??                  <1> SRAM_size	resb	1	; size of SRAM in Kilobytes */
   169                              <1> ; */
   170                              <1> ; Extentsion to BDA during BIOS startup */
   171                              <1> ; */
   172                              <1> endstruc
   172          ******************  <1>  warning: segment attributes specified on redeclaration of segment: ignoring [-w+other]
    32                                  %include "macro.inc"
    33                              <1> ;;;;;;;;;;;;;;;;;;;;;;;;;;;;;;;;;;;;;;;;;;;;;;;;;;;;;;;;;;;;;;;;;;;;;;;;;
    34                              <1> ;
    35                              <1> ; some useful macros:
    36                              <1> ;
    37                              <1> ;;;;;;;;;;;;;;;;;;;;;;;;;;;;;;;;;;;;;;;;;;;;;;;;;;;;;;;;;;;;;;;;;;;;;;;;;
    38                              <1> %define NREPEAT 0
    39                              <1> 
    40                              <1> %if NREPEAT
    41                              <1> 
    42                              <1> %macro	rep	1
    43                              <1> %%loop:	%1
    44                              <1> 	dec	cx
    45                              <1> 	jnz	%%loop
    46                              <1> %endm
    47                              <1> 
    48                              <1> %macro	repne	1
    49                              <1> %%loop:	%1
    50                              <1> 	je	%%e
    51                              <1> 	dec	cx
    52                              <1> 	jnz	%%loop
    53                              <1> 	cmp	cx,1
    54                              <1> 	jmp	%%done
    55                              <1> %%e:	dec	cx
    56                              <1> 	cmp	cx,cx
    57                              <1> %%done:
    58                              <1> %endm
    59                              <1> 
    60                              <1> %macro	repe	1
    61                              <1> %%loop:	%1
    62                              <1> 	jne	%%ne
    63                              <1> 	dec	cx
    64                              <1> 	jnz	%%loop
    65                              <1> 	jmp	%%done
    66                              <1> %%ne:	dec	cx
    67                              <1> 	jcxz	%%cxz
    68                              <1> 	jmp	%%done
    69                              <1> %%cxz:	cmp	cx,1
    70                              <1> %%done:
    71                              <1> %endm
    72                              <1> 
    73                              <1> %macro	REP	1
    74                              <1> %%loop:	%1
    75                              <1> 	dec	ecx
    76                              <1> 	jnz	%%loop
    77                              <1> %endm
    78                              <1> 
    79                              <1> %macro	REPNE	1
    80                              <1> %%loop:	%1
    81                              <1> 	je	%%e
    82                              <1> 	dec	ecx
    83                              <1> 	jnz	%%loop
    84                              <1> 	cmp	cl,1
    85                              <1> 	jmp	%%done
    86                              <1> %%e:	dec	ecx
    87                              <1> 	cmp	cl,cl
    88                              <1> %%done:
    89                              <1> %endm
    90                              <1> 
    91                              <1> %macro	REPE	1
    92                              <1> %%loop:	%1
    93                              <1> 	jne	%%ne
    94                              <1> 	dec	ecx
    95                              <1> 	jnz	%%loop
    96                              <1> 	jmp	%%done
    97                              <1> %%ne:	dec	ecx
    98                              <1> 	jecxz	%%cxz
    99                              <1> 	jmp	%%done
   100                              <1> %%cxz:	cmp	cl,1
   101                              <1> %%done:
   102                              <1> %endm
   103                              <1> 
   104                              <1> %endif
   105                              <1> 
   106                              <1> 
   107                              <1> ;
   108                              <1> ; format of the BYTE initialization table:  address, byte
   109                              <1> ;
   110                              <1> %imacro  binit 2
   111                              <1>         dw      %1
   112                              <1>         db      %2
   113                              <1> %endmacro
   114                              <1> ; end with DW -1
   115                              <1> 
   116                              <1> ;
   117                              <1> ; format of the WORD initialization table:  address, word
   118                              <1> ;
   119                              <1> %imacro  winit 2
   120                              <1>         dw      %1
   121                              <1>         dw      %2
   122                              <1> %endmacro
   123                              <1> ; end with DW -1
   124                              <1> 
   125                              <1> 
   126                              <1> ; get the BIOS Data Area segment pointer to a [segment] register
   127                              <1> %imacro get_bda	1.nolist
   128                              <1> 	push	0x0040
   129                              <1> 	pop	%1
   130                              <1> 	cnop
   131                              <1> %endm
   132                              <1> 
   133                              <1> 
   134                              <1> ; get the Location 0 (Interrupt Descriptor Table) pointer to a register
   135                              <1> %imacro	get_loc0 1.nolist
   136                              <1> 	push	0x0000
   137                              <1> 	pop	%1
   138                              <1> 	cnop
   139                              <1> %endm
   140                              <1> 
   141                              <1> 
   142                              <1> 
   143                              <1> %imacro setloc  1.nolist
   144                              <1>  times   (%1-($-$$)) db 0FFh
   145                              <1> %endm
   146                              <1> 
   147                              <1> %imacro db_lo   1
   148                              <1>  db (%1)&255
   149                              <1> %endm
   150                              <1> 
   151                              <1> %imacro cnop    0.nolist
   152                              <1> %ifdef SOFT_DEBUG
   153                              <1> %if SOFT_DEBUG
   154                              <1>         nop
   155                              <1> %endif
   156                              <1> %endif
   157                              <1> %endm
   158                              <1> 
   159                              <1> %imacro popm 1-*.nolist
   160                              <1> %rep %0
   161                              <1> %ifidni %1,ALL
   162                              <1>  popa
   163                              <1> %elifidni %1,F
   164                              <1>  popf
   165                              <1> %else
   166                              <1>  pop %1
   167                              <1> %ifidni %1,DS
   168                              <1>  cnop
   169                              <1> %elifidni %1,ES
   170                              <1>  cnop
   171                              <1> %elifidni %1,FS
   172                              <1>  cnop
   173                              <1> %elifidni %1,GS
   174                              <1>  cnop
   175                              <1> %endif
   176                              <1> %endif
   177                              <1> %rotate 1
   178                              <1> %endrep
   179                              <1> %endm
   180                              <1> 
   181                              <1> %imacro pushm 1-*.nolist
   182                              <1> %rep %0
   183                              <1> %rotate -1
   184                              <1> %ifidni %1,ALL
   185                              <1>  pusha
   186                              <1> %elifidni %1,F
   187                              <1>  pushf
   188                              <1> %else
   189                              <1>  push %1
   190                              <1> %endif
   191                              <1> %endrep
   192                              <1> %endm
   193                              <1> 
   194                              <1> %imacro descr_linear_data 2-3.nolist	; address, size [, E]  E!=0 means expand down
   195                              <1> %assign __size__ (%2-1)	| 0xFF
   196                              <1> %if (__size__ <= 0xFFFF)
   197                              <1> %assign __gran__ 0
   198                              <1> %else
   199                              <1> %assign __gran__ 0xC0			; G B 0 0
   200                              <1> %endif
   201                              <1> %assign __expand__ 0
   202                              <1> %if %0==3
   203                              <1> %if %3
   204                              <1> %assign __expand__ 4
   205                              <1> %endif
   206                              <1> %endif
   207                              <1> dd (((%1)&0xFFFF)<<16)|(__size__&0xFFFF)
   208                              <1> dd (((%1)>>24)&0xFF)|((__gran__|(__size__>>16)&0x0F)<<16)|((0x93|__expand__)<<8)|(((%1)>>16)&0xFF)
   209                              <1> %endm
   210                              <1> 
   211                              <1> %imacro descr_linear_code 2-3.nolist	; address, size [,C]  C!=0 means conforming
   212                              <1> %assign __size__ (%2-1)	| 0xFF
   213                              <1> %if (__size__ <= 0xFFFF)
   214                              <1> %assign __gran__ 0
   215                              <1> %else
   216                              <1> %assign __gran__ 0xC0			; G D 0 0
   217                              <1> %endif
   218                              <1> %assign __conform__ 0
   219                              <1> %if %0==3
   220                              <1> %if %3
   221                              <1> %assign __conform__ 4
   222                              <1> %endif
   223                              <1> %endif
   224                              <1> dd (((%1)&0xFFFF)<<16)|(__size__&0xFFFF)
   225                              <1> dd (((%1)>>24)&0xFF)|((__gran__|(__size__>>16)&0x0F)<<16)|((0x9B|__conform__)<<8)|(((%1)>>16)&0xFF)
   226                              <1> %endm
   227                              <1> 
   228                              <1> ;/* End of macro.inc */
    33                                  
    34                                  	global	int_15h
    35                                  
    36                                  segment	_TEXT
    37                                  
    38                                  ;;;;;;;;;;;;;;;;;;;;;;;;;;;;;;;;;;;;;;;;;;;;;;;;;;;;;;;;;;;;;;;;;;;;;;;;;;;;;
    39                                  ; INT 15h was originally the Cassette I/O interface, but many, many
    40                                  ; additional functions were added, making this one of the most general
    41                                  ; BIOS function call.
    42                                  ;
    43                                  ;    Function		Usage
    44                                  ;    ========		=====
    45                                  ;	00	turn on cassette motor	[PC]
    46                                  ;	01	turn off cassette motor	[PC]
    47                                  ;	02	read cassette		[PC]
    48                                  ;	03	write cassette		[PC]
    49                                  ;
    50                                  ;	0Fh	format ESDI drive periodic interrupt [PS/2]
    51                                  ;	21h/00	read POST error log	[PS/2]
    52                                  ;	21h/01	write POST error log	[PS/2]
    53                                  ;
    54                                  ;	4Fh	keyboard intercept	[PS/2]
    55                                  ;
    56                                  ;	80h	device open		[AT][PS/2]
    57                                  ;	81h	device close		[AT][PS/2]
    58                                  ;	82h	process termination	[AT][PS/2]
    59                                  ;	83h	event wait		[AT][PS/2]
    60                                  ;	84h	read joystick		[AT][PS/2]
    61                                  ;	85h	SysReq key		[AT][PS/2]
    62                                  ;	86h	delay			[AT][PS/2]
    63                                  ;	87h	move Extended memory block [AT][PS/2]
    64                                  ;	88h	get Extended memory size [AT][PS/2]
    65                                  ;	89h	enter protected mode 	[AT][PS/2]
    66                                  ;
    67                                  ;	90h	device wait 		[AT][PS/2]
    68                                  ;	91h	device post 		[AT][PS/2]
    69                                  ;
    70                                  ;	0C0h	get system environment	[AT][PS/2]
    71                                  ;	0C1h	get address of Extended BIOS Data Area (EBDA) [PS/2]
    72                                  ;
    73                                  ;	0C2h/00	enable/disable pointing device [PS/2]
    74                                  ;	0C2h/01	reset pointing device 	[PS/2]
    75                                  ;	0C2h/02	set sample rate 	[PS/2]
    76                                  ;	0C2h/03	set resolution 		[PS/2]
    77                                  ;	0C2h/04	get pointing device type [PS/2]
    78                                  ;	0C2h/05	initialize pointing device interface [PS/2]
    79                                  ;	0C2h/06	set scaling OR get status [PS/2]
    80                                  ;	0C2h/07	set pointing device handler address [PS/2]
    81                                  ;
    82                                  ;	0C3h	set watchdog timeout	[PS/2]
    83                                  ;	0C4h	programmable option select [PS/2]
    84                                  ;
    85                                  ;;;;;;;;;;;;;;;;;;;;;;;;;;;;;;;;;;;;;;;;;;;;;;;;;;;;;;;;;;;;;;;;;;;;;;;;;;;;;
    86                                  
    87                                  int_15h:			; INT 0x15 enters here
    88                                  ; interrupts are disabled at this point
    89 00000000 80FC4F                  	cmp	ah,0x4F		;check for Keyboard Intercept
    90 00000003 7501                    	jne	.1
    91                                  ; the keyboard code will set the Carry to make a simple IRET
    92                                  ; the simplest dummy code
    93 00000005 CF                      	iret		; NULL return
    94                                  
    95                                  
    96                                  
    97                                  ;;;;;;;;;;;;;;;;;;;;;;;;;;;;;;;;;;;;;;;;;;;;;;;;;;;;;;;;;;;;;;;;;;;;;;;;;;;;;
    98                                  ; other calls will be decoded with interrupts enabled
    99                                  ;;;;;;;;;;;;;;;;;;;;;;;;;;;;;;;;;;;;;;;;;;;;;;;;;;;;;;;;;;;;;;;;;;;;;;;;;;;;;
   100 00000006 FB                      .1:	sti
   101 00000007 80FC04                  	cmp	ah,04h		; cassette calls are all below 4
   102 0000000A 7306                    	jae	.2
   103                                  ; it is a cassette call
   104 0000000C B486                    .86:	mov	ah,0x86		; function not supported
   105 0000000E F9                      	stc
   106 0000000F CA0200                  	retf	2		;return with Carry set & error code
   107                                  
   108                                  
   109                                  ;;;;;;;;;;;;;;;;;;;;;;;;;;;;;;;;;;;;;;;;;;;;;;;;;;;;;;;;;;;;;;;;;;;;;;;;;;;;;
   110                                  ; decode the 0x8? series
   111                                  ;;;;;;;;;;;;;;;;;;;;;;;;;;;;;;;;;;;;;;;;;;;;;;;;;;;;;;;;;;;;;;;;;;;;;;;;;;;;;
   112 00000012 80EC80                  .2:	sub	ah,0x80		;
   113 00000015 744F                    	jz	device_open	; function 0x80
   114 00000017 80FC0A                  	cmp	ah,0x0A
   115 0000001A 7326                    	jae	.3
   116                                  ; 0x87 series
   117 0000001C FECC                    	dec	ah
   118 0000001E 7446                    	jz	device_close	; function 0x81
   119 00000020 FECC                    	dec	ah
   120 00000022 7442                    	jz	process_term	; function 0x82
   121 00000024 FECC                    	dec	ah
   122 00000026 743E                    	jz	event_wait	; function 0x83
   123 00000028 FECC                    	dec	ah
   124 0000002A 74E0                    	jz	read_joystick	; function 0x84
   125                                  read_joystick	equ	.86
   126 0000002C FECC                    	dec	ah
   127 0000002E 74DC                    	jz	sys_req_key	; function 0x85
   128                                  sys_req_key	equ	.86
   129 00000030 FECC                    	dec	ah
   130 00000032 7434                    	jz	delay		; function 0x86
   131 00000034 FECC                    	dec	ah
   132 00000036 0F84E600                	jz	mov_ext_mem	; function 0x87
   133 0000003A FECC                    	dec	ah
   134 0000003C 0F84AC01                	jz	get_ext_mem_siz	; function 0x88
   135 00000040 EB24                    	jmp	enter_protected	; function 0x89
   136                                  
   137                                  
   138                                  
   139 00000042 80FC10                  .3:	cmp	ah,0x10		;
   140 00000045 741F                    	jz	device_wait	; function 0x90
   141 00000047 80FC11                  	cmp	ah,0x11
   142 0000004A 741A                    	jz	device_post
   143                                  
   144                                  ; check the 0xC0++ series
   145                                  
   146 0000004C 80EC40                  	sub	ah,0x40		; 0xC0 subtracted now
   147 0000004F 0F84AF01                	jz	get_sys_env
   148 00000053 80FC05                  	cmp	ah,5		; all calls below 5
   149 00000056 73B4                    	jae	.86		; function not supported
   150                                  
   151                                  ; the 0xC0 series
   152 00000058 FECC                    	dec	ah
   153 0000005A 740A                    	jz	get_EBDA	; function 0xC1
   154 0000005C FECC                    	dec	ah
   155 0000005E 74AC                    	jz	point_dev
   156                                  point_dev	equ	.86	; function 0xC2
   157 00000060 FECC                    	dec	ah
   158 00000062 74A8                    	jz	watchdog	; function 0xC3
   159                                  watchdog	equ	.86
   160 00000064 EBA6                    	jmp	prog_opt	; function 0xC4
   161                                  prog_opt	equ	.86
   162                                  
   163                                  
   164                                  
   165                                  
   166                                  
   167                                  device_open:		; function 0x80
   168                                  device_close:		; function 0x81
   169                                  process_term:		; function 0x82
   170                                  event_wait:		; function 0x83
   171                                  ;delay:			; function 0x86	-- below
   172                                  ;mov_ext_mem:		; function 0x87	-- below
   173                                  ;get_ext_mem_siz:	; function 0x88	-- below
   174                                  enter_protected:	; function 0x89
   175                                  
   176                                  device_wait:		; function 0x90
   177                                  device_post:		; function 0x91
   178                                  ;get_sys_env:		; function 0xC0	-- below
   179                                  get_EBDA:		; function 0xC1
   180 00000066 EBA4                    	jmp	int_15h.86	;for now
   181                                  
   182                                  
   183                                  
   184                                  
   185                                  ;;;;;;;;;;;;;;;;;;;;;;;;;;;;;;;;;;;;;;;;;;;;;;;;;;;;;;;;;;;;;;;;;;;;;;;;;;;;;
   186                                  ; INT 15h
   187                                  ; Function 86	Delay
   188                                  ;
   189                                  ;    Enter with:
   190                                  ;	AH	86h originally, now 0x00 due to decode
   191                                  ;	CX:DX	delay time in microseconds
   192                                  ;
   193                                  ;    Exit with:
   194                                  ;	Carry 	clear, if wait was performed
   195                                  ;		set. if wait was not performed
   196                                  ;
   197                                  ;    Notes:
   198                                  ;	The PC/AT BIOS uses the 1024hz CMOS interrupt to provide wait
   199                                  ;	time resolution to within 976usec.  The routine here uses
   200                                  ;	the 1mhz timer 1 counter to provide finer resolution for short
   201                                  ;	waits.  Longer waits use the 18.2hz clock, with a resolution
   202                                  ;	of 54.9ms.
   203                                  ;;;;;;;;;;;;;;;;;;;;;;;;;;;;;;;;;;;;;;;;;;;;;;;;;;;;;;;;;;;;;;;;;;;;;;;;;;;;;
   204                                  ;
   205                                  ;  interrupts are enabled by the time we get to here
   206                                  ;
   207                                  delay:
   208 00000068 83F904                  	cmp	cx,4		;about 250,000 usec
   209 0000006B 725A                    	jb	short_delay	;below that, the 1mhz counter
   210                                  
   211                                  ; Low resolution delays below:
   212                                  ;
   213                                  ; calculate the tick count (approximate)
   214                                  
   215 0000006D 1E52515350              	pushm	ax,bx,cx,dx,ds
   216                                  
   217                                  ; microsecond count is in CX:DX
   218                                  ;
   219                                  ; if clock ticks have been converted to 65536/hr, then
   220                                  ;  usec * 64 / 1875 / 1875 gives the clock tick count (18.2hz)
   221                                  
   222 00000072 89C8                    	mov	ax,cx		; AX:DX
   223 00000074 89D3                    	mov	bx,dx		; AX:BX
   224 00000076 31D2                    	xor	dx,dx		; 0:AX:BX
   225 00000078 B90600                  	mov	cx,6		; set for * 64 (by shifting)
   226 0000007B D1E3                    .1:	shl	bx,1
   227 0000007D D1D0                    	rcl	ax,1
   228 0000007F D1D2                    	rcl	dx,1
   229 00000081 E2F8                    	loop	.1		; DX:AX:BX is 6-byte usec * 64
   230                                  
   231 00000083 B95307                  	mov	cx,1875
   232                                  ; do the first long division
   233 00000086 F7F1                    	div	cx		; (DX=rem, AX=quo)
   234 00000088 93                      	xchg	ax,bx
   235 00000089 F7F1                    	div	cx		; BX:AX is first quotient
   236                                  
   237 0000008B 31D2                    	xor	dx,dx
   238 0000008D 93                      	xchg	ax,bx		; DX:AX:BX
   239 0000008E F7F1                    	div	cx
   240 00000090 93                      	xchg	ax,bx
   241 00000091 F7F1                    	div	cx		; BX:AX is final tick count
   242                                  %if 0
   243                                  	pushm	ax,bx
   244                                  	mov	dx,bx
   245                                  	extern	dout
   246                                  	call	dout
   247                                  	popm	ax,bx
   248                                  %endif
   249 00000093 6A401F                  	get_bda	DS
   250                                  
   251                                  loc	equ	printer_timeout+3	;PRT4
   252                                  
   253                                  do_delay:
   254                                  ; only very short delays are handled at this time !!!!!!
   255 00000096 08DF                    	or	bh,bl
   256 00000098 08E7                    	or	bh,ah
   257 0000009A 7402                    	jz	.1
   258 0000009C B0FF                    	mov	al,255
   259                                  .1:
   260 0000009E A27B00                  	mov	byte [loc],al
   261                                  
   262                                  .2:
   263 000000A1 F4                      	hlt			; HALT here doubles the delay unless
   264                                  				;  HSREADY is set in PWRCON
   265 000000A2 803E7B0000              	cmp	byte [loc],0
   266 000000A7 75F8                    	jne	.2
   267                                  
   268                                  .9:
   269 000000A9 585B595A1F              	popm	ax,bx,cx,dx,ds
   270 000000AE F8                      	clc
   271 000000AF CA0200                  	retf	2
   272                                  
   273                                  
   274                                  ;;;;;;;;;;;;;;;;;;;;;;;;;;;;;;;;;;;;;;;;;;;;;;;;;;;;;;;;;;;;;;;;;;;;;;;;;;;;;
   275                                  ; The 1mhz counter -- Timer 1
   276                                  ;
   277                                  ; CLKPRS is calibrated at POST from the measured CPU clock so that PSCLK
   278                                  ; comes out at 1.000mhz (start.asm), and counters 1 and 2 are driven from
   279                                  ; PSCLK.  Counter 1 is programmed MODE0 with a count of 65536, so once its
   280                                  ; gate is open it is simply a free-running 16-bit DOWN counter ticking once
   281                                  ; per microsecond and wrapping every 65.536ms.
   282                                  ;
   283                                  ; POST opens counter 0's gate only -- start_timer0_ in 1Ah_time.asm writes
   284                                  ; TIMER_STOP+BIT1 -- so the gate has to be opened here before the counter
   285                                  ; can be read.  Nothing unmasks a timer interrupt (OCW1M masks everything
   286                                  ; and only IRQ0 and IRQ4 are ever unmasked), so letting counter 1 run costs
   287                                  ; nothing and it is left running.
   288                                  ;
   289                                  ; The port numbers and the gate bits are spelled out here rather than taken
   290                                  ; from timer.inc: that file emits a binit record of its own at file scope,
   291                                  ; so including it would plant three stray bytes in _TEXT.
   292                                  ;;;;;;;;;;;;;;;;;;;;;;;;;;;;;;;;;;;;;;;;;;;;;;;;;;;;;;;;;;;;;;;;;;;;;;;;;;;;;
   293                                  T1_LATCH	equ	0x40	; counter 1, counter-latch command
   294                                  T1_GATES	equ	0x4B	; timer.inc TIMER_RUN: gates for counters 0 and 1
   295                                  
   296                                  
   297                                  ;-----------------------------------------------------------------------------
   298                                  ; t1_read -- the current value of the 1mhz counter
   299                                  ;
   300                                  ;    Exit with:
   301                                  ;	AX	counter 1, counting down
   302                                  ;	every other register and the flags preserved
   303                                  ;
   304                                  ; The latch command and the two reads that follow it are one indivisible
   305                                  ; operation: an interrupt that latched again between them would leave the
   306                                  ; two halves coming from different samples.
   307                                  ;-----------------------------------------------------------------------------
   308                                  t1_read:
   309 000000B2 52                      	push	dx
   310 000000B3 9C                      	pushf
   311 000000B4 FA                      	cli
   312                                  
   313 000000B5 B040                    	mov	al,T1_LATCH
   314 000000B7 BA43F0                  	mov	dx,TMRCON
   315 000000BA EE                      	out	dx,al
   316 000000BB BA41F0                  	mov	dx,TMR1
   317 000000BE EC                      	in	al,dx		; count low
   318 000000BF 88C4                    	mov	ah,al
   319 000000C1 EC                      	in	al,dx		; count high
   320 000000C2 86C4                    	xchg	al,ah		; AX = the latched count
   321                                  
   322 000000C4 9D                      	popf
   323 000000C5 5A                      	pop	dx
   324 000000C6 C3                      	ret
   325                                  
   326                                  
   327                                  ;-----------------------------------------------------------------------------
   328                                  ; short_delay -- INT 15h function 86h, for waits below 250ms
   329                                  ;
   330                                  ;    Enter with:
   331                                  ;	CX:DX	the delay in microseconds (CX <= 3, so 262143 at most)
   332                                  ;
   333                                  ;    Exit with:
   334                                  ;	Carry	clear
   335                                  ;	all registers preserved
   336                                  ;
   337                                  ; The counter is sampled, not programmed: each pass subtracts however many
   338                                  ; microseconds have gone by since the previous sample, and the 16-bit
   339                                  ; subtraction rides through the counter's wrap the same way the 18.2hz
   340                                  ; deadlines in diskide.asm ride through theirs.  A pass of this loop is a
   341                                  ; few microseconds, far short of the 65.536ms wrap, so no wrap is missed.
   342                                  ;
   343                                  ; Interrupts stay enabled.  A tick or a received character taken during the
   344                                  ; wait is real elapsed time, and is counted as such.
   345                                  ;
   346                                  ; The 18.2hz tick is watched as well, and not for timekeeping: if counter 1
   347                                  ; never moves -- a gate that did not open, a PSCLK that is not running --
   348                                  ; the subtraction above would never reach zero and DOS would hang inside
   349                                  ; INT 15h.  The tick is driven from counter 0 by a different gate bit and a
   350                                  ; different clock, so it is independent evidence that time is passing.  Six
   351                                  ; ticks is 439ms, comfortably past the 262ms this path is ever asked for, even
   352                                  ; allowing a whole tick of slop in the sample taken on the way in.
   353                                  ;-----------------------------------------------------------------------------
   354                                  T1_BAILOUT	equ	8		; 18.2hz ticks: ~439ms
   355                                  
   356                                  short_delay:
   357 000000C7 6650                    	push	eax
   358 000000C9 6653                    	push	ebx
   359 000000CB 6651                    	push	ecx
   360 000000CD 6652                    	push	edx
   361 000000CF 6656                    	push	esi
   362 000000D1 6657                    	push	edi
   363 000000D3 06                      	push	es
   364                                  
   365 000000D4 660FB7F1                	movzx	esi,cx		; ESI = the requested microseconds
   366 000000D8 66C1E610                	shl	esi,16
   367 000000DC 89D6                    	mov	si,dx
   368                                  
   369 000000DE B04B                    	mov	al,T1_GATES	; open counter 1's gate.  Counter 0's gate bit
   370 000000E0 BA34F8                  	mov	dx,TMRCFG	;  is set in the same write, so the 18.2hz tick
   371 000000E3 EE                      	out	dx,al		;  is not disturbed
   372                                  
   373 000000E4 6A4007                  	get_bda	ES
   374 000000E7 268B0E6C00                  es	mov	cx,[timer_count_low]	; CX = the tick we started on
   375                                  
   376 000000EC E8C3FF                  	call	t1_read
   377 000000EF 89C7                    	mov	di,ax		; DI = the previous sample
   378                                  .1:
   379 000000F1 E8BEFF                  	call	t1_read
   380 000000F4 89FB                    	mov	bx,di
   381 000000F6 29C3                    	sub	bx,ax		; counting down, so previous - current
   382 000000F8 89C7                    	mov	di,ax
   383 000000FA 660FB7DB                	movzx	ebx,bx
   384 000000FE 6629DE                  	sub	esi,ebx		; microseconds still to wait
   385 00000101 760C                    	jbe	.9
   386                                  
   387 00000103 268B166C00                  es	mov	dx,[timer_count_low]
   388 00000108 29CA                    	sub	dx,cx			; ticks gone by, riding the wrap
   389 0000010A 83FA08                  	cmp	dx,T1_BAILOUT
   390 0000010D 72E2                    	jb	.1			; counter 1 is dead -- stop waiting
   391                                  .9:
   392 0000010F 07                      	pop	es
   393 00000110 665F                    	pop	edi
   394 00000112 665E                    	pop	esi
   395 00000114 665A                    	pop	edx
   396 00000116 6659                    	pop	ecx
   397 00000118 665B                    	pop	ebx
   398 0000011A 6658                    	pop	eax
   399 0000011C F8                      	clc
   400 0000011D CA0200                  	retf	2
   401                                  
   402                                  
   403                                  ;;;;;;;;;;;;;;;;;;;;;;;;;;;;;;;;;;;;;;;;;;;;;;;;;;;;;;;;;;;;;;;;;;;;;;;;;;;;;
   404                                  ; INT 15h
   405                                  ; Function 87h	Move a block of Extended memory
   406                                  ;
   407                                  ;    Enter with:
   408                                  ;	AH	87h originally, now 0x00 due to decode
   409                                  ;	CX	the number of WORDS to move, 8000h (64Kb) at most
   410                                  ;	ES:SI	a six-entry Global Descriptor Table:
   411                                  ;		  00h	null
   412                                  ;		  08h	the GDT itself	-- filled in here
   413                                  ;		  10h	source		-- the caller's
   414                                  ;		  18h	destination	-- the caller's
   415                                  ;		  20h	BIOS code	-- filled in here
   416                                  ;		  28h	stack		-- filled in here
   417                                  ;
   418                                  ;    Exit with:
   419                                  ;	AH	00 on success, 02 if the request cannot be honoured
   420                                  ;	Carry	clear on success, set on failure
   421                                  ;
   422                                  ;    Notes:
   423                                  ;	The caller supplies the table because this BIOS has nowhere to build
   424                                  ;	one: _DATA and _BSS are empty by design and ROM cannot be written.
   425                                  ;	The three entries the interface reserves for the BIOS are written
   426                                  ;	into the caller's table, which is in RAM.
   427                                  ;
   428                                  ;	The move runs in 16-bit protected mode.  The caller's source and
   429                                  ;	destination descriptors are 286-style, with a 16-bit limit, so a
   430                                  ;	plain REP MOVSW from offset zero reaches every byte either one can
   431                                  ;	describe and the 32-bit machinery in sizer.asm is not needed.  A
   432                                  ;	caller that asks for more words than its own descriptors cover will
   433                                  ;	fault, with no IDT to catch it -- the same exposure the PC/AT BIOS
   434                                  ;	has always had here.
   435                                  ;
   436                                  ;	There is no A20 gate to open on this board.  PORT92_AT bit 1 is set
   437                                  ;	at POST and nothing masks address line 20 in any case.
   438                                  ;
   439                                  ;	Interrupts are off across the switch: there is no protected mode
   440                                  ;	IDT, so an interrupt taken in protected mode would fault with
   441                                  ;	nothing to catch it.  A full 64Kb move is short enough that the
   442                                  ;	18.2hz tick is not lost.
   443                                  ;;;;;;;;;;;;;;;;;;;;;;;;;;;;;;;;;;;;;;;;;;;;;;;;;;;;;;;;;;;;;;;;;;;;;;;;;;;;;
   444                                  GDT_SRC		equ	0x10
   445                                  GDT_DST		equ	0x18
   446                                  GDT_CODE	equ	0x20
   447                                  GDT_STACK	equ	0x28
   448                                  GDT_LEN		equ	6*8		; six descriptors
   449                                  
   450                                  mov_ext_mem:
   451 00000120 81F90080                	cmp	cx,0x8000	; 64Kb is the most one call can move
   452 00000124 0F87BE00                	ja	.bad
   453 00000128 09C9                    	or	cx,cx
   454 0000012A 0F84B200                	jz	.done		; nothing to move
   455                                  
   456 0000012E 6650                    	push	eax
   457 00000130 6653                    	push	ebx
   458 00000132 6651                    	push	ecx
   459 00000134 6652                    	push	edx
   460 00000136 6656                    	push	esi
   461 00000138 6657                    	push	edi
   462 0000013A 1E                      	push	ds
   463 0000013B 06                      	push	es
   464 0000013C 9C                      	pushf
   465 0000013D FA                      	cli
   466                                  
   467                                  ; the linear address of the caller's table
   468 0000013E 8CC0                    	mov	ax,es
   469 00000140 660FB7C0                	movzx	eax,ax
   470 00000144 66C1E004                	shl	eax,4
   471 00000148 660FB7DE                	movzx	ebx,si
   472 0000014C 6601D8                  	add	eax,ebx		; EAX = the GDT's linear base
   473                                  
   474                                  ; Descriptor 08h is the table itself.  In 16-bit operand size LGDT takes a
   475                                  ; 16-bit limit and a 24-bit base -- exactly the first six bytes of a
   476                                  ; 286-style descriptor -- so the entry serves as the LGDT operand where it
   477                                  ; sits.  Storing the base as a dword also puts zero in the access byte,
   478                                  ; which leaves a null descriptor behind rather than a bogus one.
   479 0000014F 26C744082F00            	mov	word [es:si+8],GDT_LEN-1
   480 00000155 266689440A              	mov	[es:si+10],eax
   481                                  
   482                                  ; Descriptor 20h is this code: base F0000, limit 64K, 16-bit exec/read.
   483 0000015A 26C74420FFFF            	mov	word [es:si+GDT_CODE],0xFFFF	; limit 15:0
   484 00000160 26C744220000            	mov	word [es:si+GDT_CODE+2],0	; base 15:0
   485 00000166 26C644240F              	mov	byte [es:si+GDT_CODE+4],0x0F	; base 23:16
   486 0000016B 26C644259B              	mov	byte [es:si+GDT_CODE+5],0x9B	; present, ring 0, exec/read
   487 00000170 26C744260000            	mov	word [es:si+GDT_CODE+6],0	; limit 19:16, byte granular,
   488                                  						;  16-bit, base 31:24
   489                                  
   490                                  ; Descriptor 28h covers the caller's stack with a 64K limit.  It is never
   491                                  ; loaded into SS -- nothing touches the stack between the two writes to
   492                                  ; CR0 -- but DS and ES are given it on the way out, so that no segment
   493                                  ; leaves protected mode with a cached limit larger than real mode allows.
   494 00000176 8CD0                    	mov	ax,ss
   495 00000178 660FB7C0                	movzx	eax,ax
   496 0000017C 66C1E004                	shl	eax,4
   497 00000180 26C74428FFFF            	mov	word [es:si+GDT_STACK],0xFFFF
   498 00000186 266689442A              	mov	[es:si+GDT_STACK+2],eax
   499 0000018B 26C6442D93              	mov	byte [es:si+GDT_STACK+5],0x93	; present, ring 0, read/write
   500 00000190 26C7442E0000            	mov	word [es:si+GDT_STACK+6],0
   501                                  
   502 00000196 260F015408              	lgdt	[es:si+8]
   503                                  
   504 0000019B 0F20C3                  	mov	ebx,cr0		; CR0 is held in EBX because the prefetch
   505 0000019E 80CB01                  	or	bl,1		;  flush below eats EAX
   506 000001A1 66F7E0                  	mul	eax		; time waster for the prefetch queue
   507 000001A4 0F22C3                  	mov	cr0,ebx		; enter protected mode
   508 000001A7 EA[AC01]2000            	jmp	GDT_CODE:.pm
   509                                  
   510                                  .pm:
   511 000001AC B81000                  	mov	ax,GDT_SRC	; the caller's source
   512 000001AF 8ED8                    	mov	ds,ax
   513 000001B1 B81800                  	mov	ax,GDT_DST	; the caller's destination
   514 000001B4 8EC0                    	mov	es,ax
   515 000001B6 31F6                    	xor	si,si
   516 000001B8 31FF                    	xor	di,di
   517 000001BA FC                      	cld
   518 000001BB F3A5                    	rep	movsw		; CX words, DS:SI -> ES:DI
   519                                  
   520 000001BD B82800                  	mov	ax,GDT_STACK	; 64K limits before leaving
   521 000001C0 8ED8                    	mov	ds,ax
   522 000001C2 8EC0                    	mov	es,ax
   523                                  
   524 000001C4 0F20C0                  	mov	eax,cr0
   525 000001C7 24FE                    	and	al,0xFE		; clear PE
   526 000001C9 0F22C0                  	mov	cr0,eax
   527 000001CC EA[D101]00F0            	jmp	0xF000:.rm
   528                                  .rm:
   529 000001D1 9D                      	popf
   530 000001D2 07                      	pop	es
   531 000001D3 1F                      	pop	ds
   532 000001D4 665F                    	pop	edi
   533 000001D6 665E                    	pop	esi
   534 000001D8 665A                    	pop	edx
   535 000001DA 6659                    	pop	ecx
   536 000001DC 665B                    	pop	ebx
   537 000001DE 6658                    	pop	eax
   538                                  .done:
   539 000001E0 30E4                    	xor	ah,ah		; no error
   540 000001E2 F8                      	clc
   541 000001E3 CA0200                  	retf	2
   542                                  
   543                                  .bad:
   544 000001E6 B402                    	mov	ah,2		; "exception error" -- the nearest thing this
   545 000001E8 F9                      	stc			;  interface has to say about a bad request
   546 000001E9 CA0200                  	retf	2
   547                                  
   548                                  
   549                                  ;;;;;;;;;;;;;;;;;;;;;;;;;;;;;;;;;;;;;;;;;;;;;;;;;;;;;;;;;;;;;;;;;;;;;;;;;;;;;
   550                                  ; INT 15h
   551                                  ; Function 88h	Get the Extended memory size
   552                                  ;
   553                                  ;    Exit with:
   554                                  ;	AX	kilobytes of memory above the first megabyte
   555                                  ;	Carry	clear
   556                                  ;
   557                                  ;    Notes:
   558                                  ;	start.asm sizes memory with ext_mem_size, subtracts the first
   559                                  ;	megabyte and stores the remainder in kilobytes, which is exactly
   560                                  ;	what this call reports.  HIMEM.SYS will not load without it.
   561                                  ;;;;;;;;;;;;;;;;;;;;;;;;;;;;;;;;;;;;;;;;;;;;;;;;;;;;;;;;;;;;;;;;;;;;;;;;;;;;;
   562                                  get_ext_mem_siz:
   563 000001EC 1E                      	push	ds
   564 000001ED 6A401F                  	get_bda	DS
   565 000001F0 A1DB00                  	mov	ax,[extended_memory]
   566 000001F3 1F                      	pop	ds
   567 000001F4 F8                      	clc
   568 000001F5 CA0200                  	retf	2
   569                                  
   570                                  
   571                                  ;;;;;;;;;;;;;;;;;;;;;;;;;;;;;;;;;;;;;;;;;;;;;;;;;;;;;;;;;;;;;;;;;;;;;;;;;;;;;
   572                                  ; INT 15h
   573                                  ; Function C0h	Get the system configuration table
   574                                  ;
   575                                  ;    Exit with:
   576                                  ;	ES:BX	-> the table below
   577                                  ;	AH	00
   578                                  ;	Carry	clear
   579                                  ;
   580                                  ;    Notes:
   581                                  ;	Model FCh is the PC/AT, which is what this BIOS presents: a
   582                                  ;	cascaded pair of interrupt controllers, a real-time clock, and
   583                                  ;	INT 13h with the AT fixed-disk geometry calls.  The submodel and
   584                                  ;	the revision are this board's own.
   585                                  ;
   586                                  ;	Feature byte 1 is the only one of the five with anything to say:
   587                                  ;	  bit 6	 a second interrupt controller is present -- the 386EX ICU
   588                                  ;		 is a cascaded pair, master at 20h and slave at A0h
   589                                  ;	  bit 5	 a real-time clock is present -- the DS1302, reached
   590                                  ;		 through INT 1Ah functions 02h..05h
   591                                  ;	Bit 4 stays clear: the keyboard path in 16h_kbd.asm does not call
   592                                  ;	INT 15h function 4Fh.  Bit 2 stays clear: no EBDA is allocated and
   593                                  ;	function C1h still reports unsupported.
   594                                  ;;;;;;;;;;;;;;;;;;;;;;;;;;;;;;;;;;;;;;;;;;;;;;;;;;;;;;;;;;;;;;;;;;;;;;;;;;;;;
   595                                  	align	2
   596                                  sys_config:
   597 000001F8 0800                    	dw	sys_config_end - sys_config - 2	; count of the bytes following
   598 000001FA FC                      	db	0xFC		; model:    PC/AT
   599 000001FB 01                      	db	0x01		; submodel: SBC-386EX 2.0
   600 000001FC 00                      	db	0x00		; BIOS revision
   601 000001FD 60                      	db	BIT6+BIT5	; feature byte 1
   602 000001FE 00                      	db	0		; feature byte 2
   603 000001FF 00                      	db	0		; feature byte 3
   604 00000200 00                      	db	0		; feature byte 4
   605 00000201 00                      	db	0		; feature byte 5
   606                                  sys_config_end:
   607                                  
   608                                  get_sys_env:
   609 00000202 0E                      	push	cs		; the table sits in ROM alongside this code
   610 00000203 07                      	pop	es
   611 00000204 BB[F801]                	mov	bx,sys_config
   612 00000207 30E4                    	xor	ah,ah
   613 00000209 F8                      	clc
   614 0000020A CA0200                  	retf	2
