     1                                  ;;;;;;;;;;;;;;;;;;;;;;;;;;;;;;;;;;;;;;;;;;;;;;;;;;;;;;;;;;;;;;;;;;;;;;;;;;;;;
     2                                  ; 17h_prn.asm -- INT 17h, the parallel printer interface
     3                                  ;;;;;;;;;;;;;;;;;;;;;;;;;;;;;;;;;;;;;;;;;;;;;;;;;;;;;;;;;;;;;;;;;;;;;;;;;;;;;
     4                                  ;
     5                                  ; Copyright (C) 2026 Dan Werner.  All rights reserved.
     6                                  ; Provided for hobbyist use on the RetroBrew SBC-386EX board.
     7                                  ;
     8                                  ; This program is free software: you can redistribute it and/or modify
     9                                  ; it under the terms of the GNU General Public License as published by
    10                                  ; the Free Software Foundation, either version 3 of the License, or
    11                                  ; (at your option) any later version.
    12                                  ;
    13                                  ; This program is distributed in the hope that it will be useful,
    14                                  ; but WITHOUT ANY WARRANTY; without even the implied warranty of
    15                                  ; MERCHANTABILITY or FITNESS FOR A PARTICULAR PURPOSE.  See the
    16                                  ; GNU General Public License for more details.
    17                                  ;
    18                                  ; You should have received a copy of the GNU General Public License
    19                                  ; along with this program in the file COPYING in the topmost source
    20                                  ; directory.  If not, see <http://www.gnu.org/licenses/>.
    21                                  ;
    22                                  ; Assembly by NASM 2.08 is preferred
    23                                  ;;;;;;;;;;;;;;;;;;;;;;;;;;;;;;;;;;;;;;;;;;;;;;;;;;;;;;;;;;;;;;;;;;;;;;;;;;;;;
    24                                  %include "seg_def.inc"
    25                              <1> ; SEG_DEF.inc
    26                              <1> ;
    27                              <1> %ifndef SEG_DEF
    28                              <1> %define SEG_DEF 1
    29                              <1> 
    30                              <1> segment _TEXT	use16 	align=16	class=CODE	public
    31                              <1> 
    32                              <1> segment CONST		align=16	class=DATA	public
    33                              <1> segment CONST2		align=2		class=DATA	public
    34                              <1> segment _DATA		align=16	class=DATA	public
    35                              <1> segment _BSS		align=16	class=DATA	public
    36                              <1> ;group DGROUP CONST2 CONST _DATA _BSS
    37                              <1> 
    38                              <1> group DGROUP  _TEXT CONST2 CONST _DATA _BSS
    39                              <1> 
    40                              <1> 
    41                              <1> segment BOOT at 0xFFFF	align=16	class=BOOT	use16
    42                              <1> 
    43                              <1> %define XXX
    44                              <1> %endif
    45                              <1> ;
    46                              <1> ; end SEG_DEF.inc
    25                                  %include "i386ex.inc"
    26                              <1> ;/*;;;;;;;;;;;;;;;;;;;;;;;;;;;;;;;;;;;;;;;;;;;;;;;;;;;;;;;;;;;;;;;;;;;;;;
    27                              <1> ; i386EX.inc  --  register definitions for the Intel 80386EX processor
    28                              <1> ;;;;;;;;;;;;;;;;;;;;;;;;;;;;;;;;;;;;;;;;;;;;;;;;;;;;;;;;;;;;;;;;;;;;;;;;;
    29                              <1> ;
    30                              <1> ; Copyright (C) 2018 John R. Coffman.  All rights reserved.
    31                              <1> ; Provided for hobbyist use on the RetroBrew SBC-386 board.
    32                              <1> ;
    33                              <1> ; This program is free software: you can redistribute it and/or modify
    34                              <1> ; it under the terms of the GNU General Public License as published by
    35                              <1> ; the Free Software Foundation, either version 3 of the License, or
    36                              <1> ; (at your option) any later version.
    37                              <1> ;
    38                              <1> ; This program is distributed in the hope that it will be useful,
    39                              <1> ; but WITHOUT ANY WARRANTY; without even the implied warranty of
    40                              <1> ; MERCHANTABILITY or FITNESS FOR A PARTICULAR PURPOSE.  See the
    41                              <1> ; GNU General Public License for more details.
    42                              <1> ;
    43                              <1> ; You should have received a copy of the GNU General Public License
    44                              <1> ; along with this program in the file COPYING in the topmost source
    45                              <1> ; directory.  If not, see <http://www.gnu.org/licenses/>.
    46                              <1> ;
    47                              <1> ;
    48                              <1> ; SBC-386 board revisions:
    49                              <1> ;       SBC386-0   prototype / concept testing
    50                              <1> ;	SBC386EX 2.0 production board (Jan 2018, not 2017 as labeled)
    51                              <1> ;
    52                              <1> ; Assembly by NASM 2.08 is preferred
    53                              <1> ;;;;;;;;;;;;;;;;;;;;;;;;;;;;;;;;;;;;;;;;;;;;;;;;;;;;;;;;;;;;;;;;;;;;;;;;*/
    54                              <1> 
    55                              <1> ;/* i386EX.inc  --  register definitions for the Intel 80386EX processor
    56                              <1> ;
    57                              <1> %define defb
    58                              <1> %define defw
    59                              <1> %define defd
    60                              <1> ;*/
    61                              <1> 
    62                              <1> ;/* The component identifier the 386EX leaves in DX after a hardware reset:
    63                              <1> ;*  DH is the device (23h, 386EX) and DL the stepping.  POST tests it as the
    64                              <1> ;*  first thing it does, so anything that restarts the board in software has
    65                              <1> ;*  to present it too -- see reboot_ in 19h_boot.asm, which learned that the
    66                              <1> ;*  hard way.
    67                              <1> ;*/
    68                              <1> defw    DEVICE_ID equ   0x2309
    69                              <1> 
    70                              <1> ;/* The Address Configuration register
    71                              <1> ;*/
    72                              <1> defb REMAPCFGH  equ     0x0023
    73                              <1> defb REMAPCFGL  equ     0x0022
    74                              <1> defw REMAPCFG   equ     0x0022
    75                              <1> 
    76                              <1> ;/* The A20gate and fast CPU Reset
    77                              <1> ;*/
    78                              <1> defb PORT92     equ     0xF092
    79                              <1> defb PORT92_AT  equ     0x0092
    80                              <1> 
    81                              <1> ;
    82                              <1> ;/* The DMA Controller and Bus Arbiter
    83                              <1> ;*/
    84                              <1> defb DMA0TAR    equ     0xF000
    85                              <1> defb DMA0TAR_AT equ     0x0000
    86                              <1> defb DMA0BYC    equ     0xF001
    87                              <1> defb DMA0BYC_AT equ     0x0001
    88                              <1> defb DMA1TAR    equ     0xF002
    89                              <1> defb DMA1TAR_AT equ     0x0002
    90                              <1> defb DMA1BYC    equ     0xF003
    91                              <1> defb DMA1BYC_AT equ     0x0003
    92                              <1> defb DMACMD1    equ     0xF008
    93                              <1> defb DMACMD1_AT equ     0x0008
    94                              <1> defb DMASTS     equ     0xF008
    95                              <1> defb DMASTS_AT  equ     0x0008
    96                              <1> defb DMASRR     equ     0xF009
    97                              <1> defb DMASRR_AT  equ     0x0009
    98                              <1> defb DMAMSK     equ     0xF00A
    99                              <1> defb DMAMSK_AT  equ     0x000A
   100                              <1> defb DMAMOD1    equ     0xF00B
   101                              <1> defb DMAMOD1_AT equ     0x000B
   102                              <1> defb DMACLRBP   equ     0xF00C
   103                              <1> defb DMACLRBP_AT equ    0x000C
   104                              <1> defb DMACLR     equ     0xF00D
   105                              <1> defb DMACLR_AT  equ     0x000D
   106                              <1> defb DMACLRMSK  equ     0xF00E
   107                              <1> defb DMACLRMSK_AT equ   0x000E
   108                              <1> defb DMAGRPMSK  equ     0xF00F
   109                              <1> defb DMAGRPMSK_AT equ   0x000F
   110                              <1> defb DMA0REQ0_1 equ     0xF010
   111                              <1> defb DMA0REQ2_3 equ     0xF011
   112                              <1> defb DMA1REQ0_1 equ     0xF012
   113                              <1> defb DMA1REQ2_3 equ     0xF013
   114                              <1> defb DMABSR     equ     0xF018
   115                              <1> defb DMACHR     equ     0xF019
   116                              <1> defb DMAIS      equ     0xF019
   117                              <1> defb DMACMD2    equ     0xF01A
   118                              <1> defb DMAMOD2    equ     0xF01B
   119                              <1> defb DMAIEN     equ     0xF01C
   120                              <1> defb DMAOVFE    equ     0xF01D
   121                              <1> defb DMACLRTC   equ     0xF01E
   122                              <1> ;
   123                              <1> ;/* The DMA Page Registers
   124                              <1> ;*/
   125                              <1> defb DMA1TAR2    equ    0xF083
   126                              <1> defb DMA1TAR2_AT equ    0x0083
   127                              <1> defb DMA1TAR3    equ    0xF085
   128                              <1> defb DMA1TAR3_AT equ    0x0085
   129                              <1> defb DMA0TAR3    equ    0xF086
   130                              <1> defb DMA0TAR3_AT equ    0x0086
   131                              <1> defb DMA0TAR2    equ    0xF087
   132                              <1> defb DMA0TAR2_AT equ    0x0087
   133                              <1> ;
   134                              <1> defb DMA0BYC2   equ     0xF098
   135                              <1> defb DMA1BYC2   equ     0xF099
   136                              <1> 
   137                              <1> ;
   138                              <1> ;/* The Master Interrupt Controller
   139                              <1> ;*/
   140                              <1> defb ICW1M_AT   equ     0x0020
   141                              <1> defb ICW2M_AT   equ     0x0021
   142                              <1> defb ICW3M_AT   equ     0x0021
   143                              <1> defb ICW4M_AT   equ     0x0021
   144                              <1> defb OCW1M_AT   equ     0x0021
   145                              <1> defb OCW2M_AT   equ     0x0020
   146                              <1> defb OCW3M_AT   equ     0x0020
   147                              <1> 
   148                              <1> defb ICW1M      equ     0xF020
   149                              <1> defb ICW2M      equ     0xF021
   150                              <1> defb ICW3M      equ     0xF021
   151                              <1> defb ICW4M      equ     0xF021
   152                              <1> defb OCW1M      equ     0xF021
   153                              <1> defb OCW2M      equ     0xF020
   154                              <1> defb OCW3M      equ     0xF020
   155                              <1> defb IRR_M	equ	0xF020
   156                              <1> 
   157                              <1> ;
   158                              <1> ;/* The Slave Interrupt Controller
   159                              <1> ;*/
   160                              <1> defb ICW1S_AT   equ     0x00A0
   161                              <1> defb ICW2S_AT   equ     0x00A1
   162                              <1> defb ICW3S_AT   equ     0x00A1
   163                              <1> defb ICW4S_AT   equ     0x00A1
   164                              <1> defb OCW1S_AT   equ     0x00A1
   165                              <1> defb OCW2S_AT   equ     0x00A0
   166                              <1> defb OCW3S_AT   equ     0x00A0
   167                              <1> defb IRR_M_AT	equ	0x00A0
   168                              <1> 
   169                              <1> defb ICW1S      equ     0xF0A0
   170                              <1> defb ICW2S      equ     0xF0A1
   171                              <1> defb ICW3S      equ     0xF0A1
   172                              <1> defb ICW4S      equ     0xF0A1
   173                              <1> defb OCW1S      equ     0xF0A1
   174                              <1> defb OCW2S      equ     0xF0A0
   175                              <1> defb OCW3S      equ     0xF0A0
   176                              <1> 
   177                              <1> ;
   178                              <1> ;/* The Timer/Counter Unit
   179                              <1> ;*/
   180                              <1> defb    TMR0    equ     0xF040
   181                              <1> defb    TMR0_AT equ     0x0040
   182                              <1> defb    TMR1    equ     0xF041
   183                              <1> defb    TMR1_AT equ     0x0041
   184                              <1> defb    TMR2    equ     0xF042
   185                              <1> defb    TMR2_AT equ     0x0042
   186                              <1> defb    TMRCON  equ     0xF043
   187                              <1> defb    TMRCON_AT  equ  0x0043
   188                              <1> 
   189                              <1> ;
   190                              <1> ;/* The Chip Select Unit
   191                              <1> ;*/
   192                              <1> defw    CS0ADL  equ     0xF400
   193                              <1> defw    CS0ADH  equ     0xF402
   194                              <1> defw    CS0MSKL equ     0xF404
   195                              <1> defw    CS0MSKH equ     0xF406
   196                              <1> defw    CS1ADL  equ     0xF408
   197                              <1> defw    CS1ADH  equ     0xF40A
   198                              <1> defw    CS1MSKL equ     0xF40C
   199                              <1> defw    CS1MSKH equ     0xF40E
   200                              <1> defw    CS2ADL  equ     0xF410
   201                              <1> defw    CS2ADH  equ     0xF412
   202                              <1> defw    CS2MSKL equ     0xF414
   203                              <1> defw    CS2MSKH equ     0xF416
   204                              <1> defw    CS3ADL  equ     0xF418
   205                              <1> defw    CS3ADH  equ     0xF41A
   206                              <1> defw    CS3MSKL equ     0xF41C
   207                              <1> defw    CS3MSKH equ     0xF41E
   208                              <1> defw    CS4ADL  equ     0xF420
   209                              <1> defw    CS4ADH  equ     0xF422
   210                              <1> defw    CS4MSKL equ     0xF424
   211                              <1> defw    CS4MSKH equ     0xF426
   212                              <1> defw    CS5ADL  equ     0xF428
   213                              <1> defw    CS5ADH  equ     0xF42A
   214                              <1> defw    CS5MSKL equ     0xF42C
   215                              <1> defw    CS5MSKH equ     0xF42E
   216                              <1> defw    CS6ADL  equ     0xF430
   217                              <1> defw    CS6ADH  equ     0xF432
   218                              <1> defw    CS6MSKL equ     0xF434
   219                              <1> defw    CS6MSKH equ     0xF436
   220                              <1> defw    UCSADL  equ     0xF438
   221                              <1> defw    UCSADH  equ     0xF43A
   222                              <1> defw    UCSMSKL equ     0xF43C
   223                              <1> defw    UCSMSKH equ     0xF43E
   224                              <1> 
   225                              <1> ;
   226                              <1> ;/* The Synchronous Serial I/O Unit
   227                              <1> ;*/
   228                              <1> defw    SSIOTBUF equ    0xF480
   229                              <1> defw    SSIORBUF equ    0xF482
   230                              <1> defw    SSIOBAUD equ    0xF484
   231                              <1> defw    SSIOCON1 equ    0xF486
   232                              <1> defw    SSIOCON2 equ    0xF488
   233                              <1> defw    SSIOCTR  equ    0xF48A
   234                              <1> 
   235                              <1> ;
   236                              <1> ;/* The Refresh Control Unit
   237                              <1> ;*/
   238                              <1> defw    RFSBAD  equ     0xF4A0
   239                              <1> defw    RFSCIR  equ     0xF4A2
   240                              <1> defw    RFSCON  equ     0xF4A4
   241                              <1> defw    RFSADD  equ     0xF4A6
   242                              <1> 
   243                              <1> ;
   244                              <1> ;/* The Watchdog Timer Unit
   245                              <1> ;*/
   246                              <1> defw    WDTRLDH equ     0xF4C0
   247                              <1> defw    WDTRLDL equ     0xF4C2
   248                              <1> defw    WDTCNTH equ     0xF4C4
   249                              <1> defw    WDTCNTL equ     0xF4C6
   250                              <1> defw    WDTCLR  equ     0xF4C8
   251                              <1> defb    WDTSTATUS  equ  0xF4CA
   252                              <1> 
   253                              <1> ;
   254                              <1> ;/* Clock Generation and Power Management
   255                              <1> ;*/
   256                              <1> defb    PWRCON  equ     0xF800
   257                              <1> defw    CLKPRS  equ     0xF804
   258                              <1> 
   259                              <1> ;
   260                              <1> ;/* Device Configuration Registers
   261                              <1> ;*/
   262                              <1> defb    P1CFG   equ     0xF820
   263                              <1> defb    P2CFG   equ     0xF822
   264                              <1> defb    P3CFG   equ     0xF824
   265                              <1> defb    PINCFG  equ     0xF826
   266                              <1> defb    DMACFG  equ     0xF830
   267                              <1> defb    INTCFG  equ     0xF832
   268                              <1> defb    TMRCFG  equ     0xF834
   269                              <1> defb    SIOCFG  equ     0xF836
   270                              <1> 
   271                              <1> ;
   272                              <1> ;/* Parallel I/O Ports
   273                              <1> ;*/
   274                              <1> defb    P1PIN   equ     0xF860
   275                              <1> defb    P1LTC   equ     0xF862
   276                              <1> defb    P1DIR   equ     0xF864
   277                              <1> defb    P2PIN   equ     0xF868
   278                              <1> defb    P2LTC   equ     0xF86A
   279                              <1> defb    P2DIR   equ     0xF86C
   280                              <1> defb    P3PIN   equ     0xF870
   281                              <1> defb    P3LTC   equ     0xF872
   282                              <1> defb    P3DIR   equ     0xF874
   283                              <1> 
   284                              <1> 
   285                              <1> ; bits.inc
   286                              <1> ;
   287                              <1> ; assembly language bit definitions
   288                              <1> ;
   289                              <1> defb    BIT0    equ     0x01
   290                              <1> defb    BIT1    equ     0x02
   291                              <1> defb    BIT2    equ     0x04
   292                              <1> defb    BIT3    equ     0x08
   293                              <1> defb    BIT4    equ     0x10
   294                              <1> defb    BIT5    equ     0x20
   295                              <1> defb    BIT6    equ     0x40
   296                              <1> defb    BIT7    equ     0x80
   297                              <1> 
   298                              <1> defw    BIT8    equ     0x0100
   299                              <1> defw    BIT9    equ     0x0200
   300                              <1> defw    BIT10   equ     0x0400
   301                              <1> defw    BIT11   equ     0x0800
   302                              <1> defw    BIT12   equ     0x1000
   303                              <1> defw    BIT13   equ     0x2000
   304                              <1> defw    BIT14   equ     0x4000
   305                              <1> defw    BIT15   equ     0x8000
   306                              <1> 
   307                              <1> defd    BIT16   equ     0x00010000
   308                              <1> defd    BIT31   equ     0x80000000
   309                              <1> 
   310                              <1> defb    ZBIT0    equ     0
   311                              <1> defb    ZBIT1    equ     0
   312                              <1> defb    ZBIT2    equ     0
   313                              <1> defb    ZBIT3    equ     0
   314                              <1> defb    ZBIT4    equ     0
   315                              <1> defb    ZBIT5    equ     0
   316                              <1> defb    ZBIT6    equ     0
   317                              <1> defb    ZBIT7    equ     0
   318                              <1> 
   319                              <1> defw    ZBIT8    equ     0
   320                              <1> defw    ZBIT9    equ     0
   321                              <1> defw    ZBIT10   equ     0
   322                              <1> defw    ZBIT11   equ     0
   323                              <1> defw    ZBIT12   equ     0
   324                              <1> defw    ZBIT13   equ     0
   325                              <1> defw    ZBIT14   equ     0
   326                              <1> defw    ZBIT15   equ     0
   327                              <1> 
   328                              <1> 
   329                              <1> ;
   330                              <1> ;/* Asynchronout Serial I/O channel 0  (COM1)
   331                              <1> ;*/
   332                              <1> defb    RBR0_F4 equ     0xF4F8
   333                              <1> defb    TBR0_F4 equ     0xF4F8
   334                              <1> defb    DLL0_F4 equ     0xF4F8
   335                              <1> defb    DLH0_F4 equ     0xF4F9
   336                              <1> defb    IER0_F4 equ     0xF4F9
   337                              <1> defb    IIR0_F4 equ     0xF4FA
   338                              <1> defb    LCR0_F4 equ     0xF4FB
   339                              <1> defb    MCR0_F4 equ     0xF4FC
   340                              <1> defb    LSR0_F4 equ     0xF4FD
   341                              <1> defb    MSR0_F4 equ     0xF4FE
   342                              <1> defb    SCR0_F4 equ     0xF4FF
   343                              <1> 
   344                              <1> %define MFPIC 0
   345                              <1> %if MFPIC
   346                              <1> defb    RBR0    equ     0x0448
   347                              <1> defb    TBR0    equ     0x0448
   348                              <1> defb    DLL0    equ     0x0448
   349                              <1> defb    DLH0    equ     0x0449
   350                              <1> defb    IER0    equ     0x0449
   351                              <1> defb    IIR0    equ     0x044A
   352                              <1> defb    LCR0    equ     0x044B
   353                              <1> defb    MCR0    equ     0x044C
   354                              <1> defb    LSR0    equ     0x044D
   355                              <1> defb    MSR0    equ     0x044E
   356                              <1> defb    SCR0    equ     0x044F
   357                              <1> %else
   358                              <1> defb    RBR0    equ     0x03F8
   359                              <1> defb    TBR0    equ     0x03F8
   360                              <1> defb    DLL0    equ     0x03F8
   361                              <1> defb    DLH0    equ     0x03F9
   362                              <1> defb    IER0    equ     0x03F9
   363                              <1> defb    IIR0    equ     0x03FA
   364                              <1> defb    LCR0    equ     0x03FB
   365                              <1> defb    MCR0    equ     0x03FC
   366                              <1> defb    LSR0    equ     0x03FD
   367                              <1> defb    MSR0    equ     0x03FE
   368                              <1> defb    SCR0    equ     0x03FF
   369                              <1> %endif
   370                              <1> 
   371                              <1> ;
   372                              <1> ;/* Asynchronout Serial I/O channel 1  (COM2)
   373                              <1> ;*/
   374                              <1> defb    RBR1_F8 equ     0xF8F8
   375                              <1> defb    TBR1_F8 equ     0xF8F8
   376                              <1> defb    DLL1_F8 equ     0xF8F8
   377                              <1> defb    DLH1_F8 equ     0xF8F9
   378                              <1> defb    IER1_F8 equ     0xF8F9
   379                              <1> defb    IIR1_F8 equ     0xF8FA
   380                              <1> defb    LCR1_F8 equ     0xF8FB
   381                              <1> defb    MCR1_F8 equ     0xF8FC
   382                              <1> defb    LSR1_F8 equ     0xF8FD
   383                              <1> defb    MSR1_F8 equ     0xF8FE
   384                              <1> defb    SCR1_F8 equ     0xF8FF
   385                              <1> 
   386                              <1> defb    RBR1    equ     0x02F8
   387                              <1> defb    TBR1    equ     0x02F8
   388                              <1> defb    DLL1    equ     0x02F8
   389                              <1> defb    DLH1    equ     0x02F9
   390                              <1> defb    IER1    equ     0x02F9
   391                              <1> defb    IIR1    equ     0x02FA
   392                              <1> defb    LCR1    equ     0x02FB
   393                              <1> defb    MCR1    equ     0x02FC
   394                              <1> defb    LSR1    equ     0x02FD
   395                              <1> defb    MSR1    equ     0x02FE
   396                              <1> defb    SCR1    equ     0x02FF
   397                              <1> 
   398                              <1> ;/* LSRx bits
   399                              <1> ;*/
   400                              <1> defb    LSR_TE  equ     BIT6
   401                              <1> defb    LSR_TBE equ     BIT5
   402                              <1> defb    LSR_BI  equ     BIT4
   403                              <1> defb    LSR_FE  equ     BIT3
   404                              <1> defb    LSR_PE  equ     BIT2
   405                              <1> defb    LSR_OE  equ     BIT1
   406                              <1> defb    LSR_RBF equ     BIT0
   407                              <1> 
   408                              <1> ;/* MSRx bits
   409                              <1> ;*/
   410                              <1> defb	MSR_DCD	equ	BIT7
   411                              <1> defb	MSR_RI 	equ	BIT6
   412                              <1> defb	MSR_DSR	equ	BIT5
   413                              <1> defb	MSR_CTS	equ	BIT4
   414                              <1> defb	MSR_deltaDCD	equ	BIT3
   415                              <1> defb	MSR_deltaRI	equ	BIT2
   416                              <1> defb	MSR_deltaDSR	equ	BIT1
   417                              <1> defb	MSR_deltaCTS	equ	BIT0
   418                              <1> 
   419                              <1> ;/* Bits in CR0
   420                              <1> ;*/
   421                              <1> defb    CR0_PE  equ     BIT0
   422                              <1> defb    CR0_MP  equ     BIT1
   423                              <1> defb    CR0_EM  equ     BIT2
   424                              <1> defb    CR0_TS  equ     BIT3
   425                              <1> defd    CR0_WP  equ     BIT16
   426                              <1> defd    CR0_PG  equ     BIT31
   427                              <1> 
   428                              <1> ;/* Some ASCII character codes
   429                              <1> ;*/
   430                              <1> defb    ASCII_NUL       equ     0x00
   431                              <1> defb    ASCII_BS        equ     0x08
   432                              <1> defb    ASCII_HT        equ     0x09
   433                              <1> defb    ASCII_LF        equ     0x0A
   434                              <1> defb    ASCII_NL        equ     0x0A
   435                              <1> defb    ASCII_FF        equ     0x0C
   436                              <1> defb    ASCII_CR        equ     0x0D
   437                              <1> defb	ASCII_ESC	equ	0x1B
   438                              <1> defb    ASCII_SP        equ     0x20
   439                              <1> defb    ASCII_DEL       equ     0x7F
   440                              <1> defb	ASCII_RUB	equ	0xFF
   441                              <1> 
   442                              <1> 
   443                              <1> ;/* End of i386EX.inc */
    26                                  %include "macro.inc"
    27                              <1> ;;;;;;;;;;;;;;;;;;;;;;;;;;;;;;;;;;;;;;;;;;;;;;;;;;;;;;;;;;;;;;;;;;;;;;;;;
    28                              <1> ;
    29                              <1> ; some useful macros:
    30                              <1> ;
    31                              <1> ;;;;;;;;;;;;;;;;;;;;;;;;;;;;;;;;;;;;;;;;;;;;;;;;;;;;;;;;;;;;;;;;;;;;;;;;;
    32                              <1> %define NREPEAT 0
    33                              <1> 
    34                              <1> %if NREPEAT
    35                              <1> 
    36                              <1> %macro	rep	1
    37                              <1> %%loop:	%1
    38                              <1> 	dec	cx
    39                              <1> 	jnz	%%loop
    40                              <1> %endm
    41                              <1> 
    42                              <1> %macro	repne	1
    43                              <1> %%loop:	%1
    44                              <1> 	je	%%e
    45                              <1> 	dec	cx
    46                              <1> 	jnz	%%loop
    47                              <1> 	cmp	cx,1
    48                              <1> 	jmp	%%done
    49                              <1> %%e:	dec	cx
    50                              <1> 	cmp	cx,cx
    51                              <1> %%done:
    52                              <1> %endm
    53                              <1> 
    54                              <1> %macro	repe	1
    55                              <1> %%loop:	%1
    56                              <1> 	jne	%%ne
    57                              <1> 	dec	cx
    58                              <1> 	jnz	%%loop
    59                              <1> 	jmp	%%done
    60                              <1> %%ne:	dec	cx
    61                              <1> 	jcxz	%%cxz
    62                              <1> 	jmp	%%done
    63                              <1> %%cxz:	cmp	cx,1
    64                              <1> %%done:
    65                              <1> %endm
    66                              <1> 
    67                              <1> %macro	REP	1
    68                              <1> %%loop:	%1
    69                              <1> 	dec	ecx
    70                              <1> 	jnz	%%loop
    71                              <1> %endm
    72                              <1> 
    73                              <1> %macro	REPNE	1
    74                              <1> %%loop:	%1
    75                              <1> 	je	%%e
    76                              <1> 	dec	ecx
    77                              <1> 	jnz	%%loop
    78                              <1> 	cmp	cl,1
    79                              <1> 	jmp	%%done
    80                              <1> %%e:	dec	ecx
    81                              <1> 	cmp	cl,cl
    82                              <1> %%done:
    83                              <1> %endm
    84                              <1> 
    85                              <1> %macro	REPE	1
    86                              <1> %%loop:	%1
    87                              <1> 	jne	%%ne
    88                              <1> 	dec	ecx
    89                              <1> 	jnz	%%loop
    90                              <1> 	jmp	%%done
    91                              <1> %%ne:	dec	ecx
    92                              <1> 	jecxz	%%cxz
    93                              <1> 	jmp	%%done
    94                              <1> %%cxz:	cmp	cl,1
    95                              <1> %%done:
    96                              <1> %endm
    97                              <1> 
    98                              <1> %endif
    99                              <1> 
   100                              <1> 
   101                              <1> ;
   102                              <1> ; format of the BYTE initialization table:  address, byte
   103                              <1> ;
   104                              <1> %imacro  binit 2
   105                              <1>         dw      %1
   106                              <1>         db      %2
   107                              <1> %endmacro
   108                              <1> ; end with DW -1
   109                              <1> 
   110                              <1> ;
   111                              <1> ; format of the WORD initialization table:  address, word
   112                              <1> ;
   113                              <1> %imacro  winit 2
   114                              <1>         dw      %1
   115                              <1>         dw      %2
   116                              <1> %endmacro
   117                              <1> ; end with DW -1
   118                              <1> 
   119                              <1> 
   120                              <1> ; get the BIOS Data Area segment pointer to a [segment] register
   121                              <1> %imacro get_bda	1.nolist
   122                              <1> 	push	0x0040
   123                              <1> 	pop	%1
   124                              <1> 	cnop
   125                              <1> %endm
   126                              <1> 
   127                              <1> 
   128                              <1> ; get the Location 0 (Interrupt Descriptor Table) pointer to a register
   129                              <1> %imacro	get_loc0 1.nolist
   130                              <1> 	push	0x0000
   131                              <1> 	pop	%1
   132                              <1> 	cnop
   133                              <1> %endm
   134                              <1> 
   135                              <1> 
   136                              <1> 
   137                              <1> %imacro setloc  1.nolist
   138                              <1>  times   (%1-($-$$)) db 0FFh
   139                              <1> %endm
   140                              <1> 
   141                              <1> %imacro db_lo   1
   142                              <1>  db (%1)&255
   143                              <1> %endm
   144                              <1> 
   145                              <1> %imacro cnop    0.nolist
   146                              <1> %ifdef SOFT_DEBUG
   147                              <1> %if SOFT_DEBUG
   148                              <1>         nop
   149                              <1> %endif
   150                              <1> %endif
   151                              <1> %endm
   152                              <1> 
   153                              <1> %imacro popm 1-*.nolist
   154                              <1> %rep %0
   155                              <1> %ifidni %1,ALL
   156                              <1>  popa
   157                              <1> %elifidni %1,F
   158                              <1>  popf
   159                              <1> %else
   160                              <1>  pop %1
   161                              <1> %ifidni %1,DS
   162                              <1>  cnop
   163                              <1> %elifidni %1,ES
   164                              <1>  cnop
   165                              <1> %elifidni %1,FS
   166                              <1>  cnop
   167                              <1> %elifidni %1,GS
   168                              <1>  cnop
   169                              <1> %endif
   170                              <1> %endif
   171                              <1> %rotate 1
   172                              <1> %endrep
   173                              <1> %endm
   174                              <1> 
   175                              <1> %imacro pushm 1-*.nolist
   176                              <1> %rep %0
   177                              <1> %rotate -1
   178                              <1> %ifidni %1,ALL
   179                              <1>  pusha
   180                              <1> %elifidni %1,F
   181                              <1>  pushf
   182                              <1> %else
   183                              <1>  push %1
   184                              <1> %endif
   185                              <1> %endrep
   186                              <1> %endm
   187                              <1> 
   188                              <1> %imacro descr_linear_data 2-3.nolist	; address, size [, E]  E!=0 means expand down
   189                              <1> %assign __size__ (%2-1)	| 0xFF
   190                              <1> %if (__size__ <= 0xFFFF)
   191                              <1> %assign __gran__ 0
   192                              <1> %else
   193                              <1> %assign __gran__ 0xC0			; G B 0 0
   194                              <1> %endif
   195                              <1> %assign __expand__ 0
   196                              <1> %if %0==3
   197                              <1> %if %3
   198                              <1> %assign __expand__ 4
   199                              <1> %endif
   200                              <1> %endif
   201                              <1> dd (((%1)&0xFFFF)<<16)|(__size__&0xFFFF)
   202                              <1> dd (((%1)>>24)&0xFF)|((__gran__|(__size__>>16)&0x0F)<<16)|((0x93|__expand__)<<8)|(((%1)>>16)&0xFF)
   203                              <1> %endm
   204                              <1> 
   205                              <1> %imacro descr_linear_code 2-3.nolist	; address, size [,C]  C!=0 means conforming
   206                              <1> %assign __size__ (%2-1)	| 0xFF
   207                              <1> %if (__size__ <= 0xFFFF)
   208                              <1> %assign __gran__ 0
   209                              <1> %else
   210                              <1> %assign __gran__ 0xC0			; G D 0 0
   211                              <1> %endif
   212                              <1> %assign __conform__ 0
   213                              <1> %if %0==3
   214                              <1> %if %3
   215                              <1> %assign __conform__ 4
   216                              <1> %endif
   217                              <1> %endif
   218                              <1> dd (((%1)&0xFFFF)<<16)|(__size__&0xFFFF)
   219                              <1> dd (((%1)>>24)&0xFF)|((__gran__|(__size__>>16)&0x0F)<<16)|((0x9B|__conform__)<<8)|(((%1)>>16)&0xFF)
   220                              <1> %endm
   221                              <1> 
   222                              <1> ;/* End of macro.inc */
    27                                  
    28                                  	global	int_17h
    29                                  
    30                                  segment	_TEXT
    31                                  
    32                                  ;;;;;;;;;;;;;;;;;;;;;;;;;;;;;;;;;;;;;;;;;;;;;;;;;;;;;;;;;;;;;;;;;;;;;;;;;
    33                                  ; INT 17h -- printer
    34                                  ;
    35                                  ;    Function		Usage
    36                                  ;    ========		=====
    37                                  ;	00	print the character in AL on printer DX
    38                                  ;	01	initialise printer DX
    39                                  ;	02	read the status of printer DX
    40                                  ;
    41                                  ;  All three return the printer status in AH.
    42                                  ;
    43                                  ; This board has no parallel port.  What matters is that the answer is a
    44                                  ; well-formed status rather than the invalid-command return: DOS probes
    45                                  ; LPT at startup, and a carry with AH=01 there reads as "function not
    46                                  ; supported", which is a different thing from "no printer" and does not
    47                                  ; always end the probe.
    48                                  ;
    49                                  ; The status returned is TIMEOUT (bit 0) with SELECTED (bit 4) clear --
    50                                  ; the unambiguous "nothing answered" that a retry loop terminates on.
    51                                  ; bda.parallel_dev[] stays zero, so DOS should not get this far anyway.
    52                                  ;;;;;;;;;;;;;;;;;;;;;;;;;;;;;;;;;;;;;;;;;;;;;;;;;;;;;;;;;;;;;;;;;;;;;;;;;
    53                                  PRN_TIMEOUT	equ	0x01		; bit 0: operation timed out
    54                                  
    55                                  int_17h:
    56 00000000 FB                      	sti
    57 00000001 80FC02                  	cmp	ah,2
    58 00000004 7706                    	ja	.bad
    59                                  
    60 00000006 B401                    	mov	ah,PRN_TIMEOUT		; no printer ever answers
    61 00000008 F8                      	clc
    62 00000009 CA0200                  	retf	2			; an INT handler returns FAR, and the
    63                                  					;  caller's flags must be discarded
    64                                  
    65                                  .bad:
    66 0000000C B401                    	mov	ah,PRN_TIMEOUT
    67 0000000E F9                      	stc
    68 0000000F CA0200                  	retf	2
