     1                                  ;;;;;;;;;;;;;;;;;;;;;;;;;;;;;;;;;;;;;;;;;;;;;;;;;;;;;;;;;;;;;;;;;;;;;;;;;;;;;
     2                                  ; 19h_boot.asm -- INT 19h, the bootstrap loader
     3                                  ;;;;;;;;;;;;;;;;;;;;;;;;;;;;;;;;;;;;;;;;;;;;;;;;;;;;;;;;;;;;;;;;;;;;;;;;;;;;;
     4                                  ;
     5                                  ; Copyright (C) 2026 Dan Werner.  All rights reserved.
     6                                  ; Provided for hobbyist use on the RetroBrew SBC-386EX board.
     7                                  ;
     8                                  ; This program is free software: you can redistribute it and/or modify
     9                                  ; it under the terms of the GNU General Public License as published by
    10                                  ; the Free Software Foundation, either version 3 of the License, or
    11                                  ; (at your option) any later version.
    12                                  ;
    13                                  ; This program is distributed in the hope that it will be useful,
    14                                  ; but WITHOUT ANY WARRANTY; without even the implied warranty of
    15                                  ; MERCHANTABILITY or FITNESS FOR A PARTICULAR PURPOSE.  See the
    16                                  ; GNU General Public License for more details.
    17                                  ;
    18                                  ; You should have received a copy of the GNU General Public License
    19                                  ; along with this program in the file COPYING in the topmost source
    20                                  ; directory.  If not, see <http://www.gnu.org/licenses/>.
    21                                  ;
    22                                  ;
    23                                  ; Modelled on BOOT_STRAP_1 in ATBIOS/ATBIOS/test6.asm.  The diskette path
    24                                  ; was dropped when this was first written, there being no floppy hardware
    25                                  ; on the board; it is back now that there is, and tried first.
    26                                  ;
    27                                  ; Assembly by NASM 2.08 is preferred
    28                                  ;;;;;;;;;;;;;;;;;;;;;;;;;;;;;;;;;;;;;;;;;;;;;;;;;;;;;;;;;;;;;;;;;;;;;;;;;;;;;
    29                                  %include "seg_def.inc"
    30                              <1> ; SEG_DEF.inc
    31                              <1> ;
    32                              <1> %ifndef SEG_DEF
    33                              <1> %define SEG_DEF 1
    34                              <1> 
    35                              <1> segment _TEXT	use16 	align=16	class=CODE	public
    36                              <1> 
    37                              <1> segment CONST		align=16	class=DATA	public
    38                              <1> segment CONST2		align=2		class=DATA	public
    39                              <1> segment _DATA		align=16	class=DATA	public
    40                              <1> segment _BSS		align=16	class=DATA	public
    41                              <1> ;group DGROUP CONST2 CONST _DATA _BSS
    42                              <1> 
    43                              <1> group DGROUP  _TEXT CONST2 CONST _DATA _BSS
    44                              <1> 
    45                              <1> 
    46                              <1> segment BOOT at 0xFFFF	align=16	class=BOOT	use16
    47                              <1> 
    48                              <1> %define XXX
    49                              <1> %endif
    50                              <1> ;
    51                              <1> ; end SEG_DEF.inc
    30                                  %include "i386ex.inc"
    31                              <1> ;/*;;;;;;;;;;;;;;;;;;;;;;;;;;;;;;;;;;;;;;;;;;;;;;;;;;;;;;;;;;;;;;;;;;;;;;
    32                              <1> ; i386EX.inc  --  register definitions for the Intel 80386EX processor
    33                              <1> ;;;;;;;;;;;;;;;;;;;;;;;;;;;;;;;;;;;;;;;;;;;;;;;;;;;;;;;;;;;;;;;;;;;;;;;;;
    34                              <1> ;
    35                              <1> ; Copyright (C) 2018 John R. Coffman.  All rights reserved.
    36                              <1> ; Provided for hobbyist use on the RetroBrew SBC-386 board.
    37                              <1> ;
    38                              <1> ; This program is free software: you can redistribute it and/or modify
    39                              <1> ; it under the terms of the GNU General Public License as published by
    40                              <1> ; the Free Software Foundation, either version 3 of the License, or
    41                              <1> ; (at your option) any later version.
    42                              <1> ;
    43                              <1> ; This program is distributed in the hope that it will be useful,
    44                              <1> ; but WITHOUT ANY WARRANTY; without even the implied warranty of
    45                              <1> ; MERCHANTABILITY or FITNESS FOR A PARTICULAR PURPOSE.  See the
    46                              <1> ; GNU General Public License for more details.
    47                              <1> ;
    48                              <1> ; You should have received a copy of the GNU General Public License
    49                              <1> ; along with this program in the file COPYING in the topmost source
    50                              <1> ; directory.  If not, see <http://www.gnu.org/licenses/>.
    51                              <1> ;
    52                              <1> ;
    53                              <1> ; SBC-386 board revisions:
    54                              <1> ;       SBC386-0   prototype / concept testing
    55                              <1> ;	SBC386EX 2.0 production board (Jan 2018, not 2017 as labeled)
    56                              <1> ;
    57                              <1> ; Assembly by NASM 2.08 is preferred
    58                              <1> ;;;;;;;;;;;;;;;;;;;;;;;;;;;;;;;;;;;;;;;;;;;;;;;;;;;;;;;;;;;;;;;;;;;;;;;;*/
    59                              <1> 
    60                              <1> ;/* i386EX.inc  --  register definitions for the Intel 80386EX processor
    61                              <1> ;
    62                              <1> %define defb
    63                              <1> %define defw
    64                              <1> %define defd
    65                              <1> ;*/
    66                              <1> 
    67                              <1> ;/* The component identifier the 386EX leaves in DX after a hardware reset:
    68                              <1> ;*  DH is the device (23h, 386EX) and DL the stepping.  POST tests it as the
    69                              <1> ;*  first thing it does, so anything that restarts the board in software has
    70                              <1> ;*  to present it too -- see reboot_ in 19h_boot.asm, which learned that the
    71                              <1> ;*  hard way.
    72                              <1> ;*/
    73                              <1> defw    DEVICE_ID equ   0x2309
    74                              <1> 
    75                              <1> ;/* The Address Configuration register
    76                              <1> ;*/
    77                              <1> defb REMAPCFGH  equ     0x0023
    78                              <1> defb REMAPCFGL  equ     0x0022
    79                              <1> defw REMAPCFG   equ     0x0022
    80                              <1> 
    81                              <1> ;/* The A20gate and fast CPU Reset
    82                              <1> ;*/
    83                              <1> defb PORT92     equ     0xF092
    84                              <1> defb PORT92_AT  equ     0x0092
    85                              <1> 
    86                              <1> ;
    87                              <1> ;/* The DMA Controller and Bus Arbiter
    88                              <1> ;*/
    89                              <1> defb DMA0TAR    equ     0xF000
    90                              <1> defb DMA0TAR_AT equ     0x0000
    91                              <1> defb DMA0BYC    equ     0xF001
    92                              <1> defb DMA0BYC_AT equ     0x0001
    93                              <1> defb DMA1TAR    equ     0xF002
    94                              <1> defb DMA1TAR_AT equ     0x0002
    95                              <1> defb DMA1BYC    equ     0xF003
    96                              <1> defb DMA1BYC_AT equ     0x0003
    97                              <1> defb DMACMD1    equ     0xF008
    98                              <1> defb DMACMD1_AT equ     0x0008
    99                              <1> defb DMASTS     equ     0xF008
   100                              <1> defb DMASTS_AT  equ     0x0008
   101                              <1> defb DMASRR     equ     0xF009
   102                              <1> defb DMASRR_AT  equ     0x0009
   103                              <1> defb DMAMSK     equ     0xF00A
   104                              <1> defb DMAMSK_AT  equ     0x000A
   105                              <1> defb DMAMOD1    equ     0xF00B
   106                              <1> defb DMAMOD1_AT equ     0x000B
   107                              <1> defb DMACLRBP   equ     0xF00C
   108                              <1> defb DMACLRBP_AT equ    0x000C
   109                              <1> defb DMACLR     equ     0xF00D
   110                              <1> defb DMACLR_AT  equ     0x000D
   111                              <1> defb DMACLRMSK  equ     0xF00E
   112                              <1> defb DMACLRMSK_AT equ   0x000E
   113                              <1> defb DMAGRPMSK  equ     0xF00F
   114                              <1> defb DMAGRPMSK_AT equ   0x000F
   115                              <1> defb DMA0REQ0_1 equ     0xF010
   116                              <1> defb DMA0REQ2_3 equ     0xF011
   117                              <1> defb DMA1REQ0_1 equ     0xF012
   118                              <1> defb DMA1REQ2_3 equ     0xF013
   119                              <1> defb DMABSR     equ     0xF018
   120                              <1> defb DMACHR     equ     0xF019
   121                              <1> defb DMAIS      equ     0xF019
   122                              <1> defb DMACMD2    equ     0xF01A
   123                              <1> defb DMAMOD2    equ     0xF01B
   124                              <1> defb DMAIEN     equ     0xF01C
   125                              <1> defb DMAOVFE    equ     0xF01D
   126                              <1> defb DMACLRTC   equ     0xF01E
   127                              <1> ;
   128                              <1> ;/* The DMA Page Registers
   129                              <1> ;*/
   130                              <1> defb DMA1TAR2    equ    0xF083
   131                              <1> defb DMA1TAR2_AT equ    0x0083
   132                              <1> defb DMA1TAR3    equ    0xF085
   133                              <1> defb DMA1TAR3_AT equ    0x0085
   134                              <1> defb DMA0TAR3    equ    0xF086
   135                              <1> defb DMA0TAR3_AT equ    0x0086
   136                              <1> defb DMA0TAR2    equ    0xF087
   137                              <1> defb DMA0TAR2_AT equ    0x0087
   138                              <1> ;
   139                              <1> defb DMA0BYC2   equ     0xF098
   140                              <1> defb DMA1BYC2   equ     0xF099
   141                              <1> 
   142                              <1> ;
   143                              <1> ;/* The Master Interrupt Controller
   144                              <1> ;*/
   145                              <1> defb ICW1M_AT   equ     0x0020
   146                              <1> defb ICW2M_AT   equ     0x0021
   147                              <1> defb ICW3M_AT   equ     0x0021
   148                              <1> defb ICW4M_AT   equ     0x0021
   149                              <1> defb OCW1M_AT   equ     0x0021
   150                              <1> defb OCW2M_AT   equ     0x0020
   151                              <1> defb OCW3M_AT   equ     0x0020
   152                              <1> 
   153                              <1> defb ICW1M      equ     0xF020
   154                              <1> defb ICW2M      equ     0xF021
   155                              <1> defb ICW3M      equ     0xF021
   156                              <1> defb ICW4M      equ     0xF021
   157                              <1> defb OCW1M      equ     0xF021
   158                              <1> defb OCW2M      equ     0xF020
   159                              <1> defb OCW3M      equ     0xF020
   160                              <1> defb IRR_M	equ	0xF020
   161                              <1> 
   162                              <1> ;
   163                              <1> ;/* The Slave Interrupt Controller
   164                              <1> ;*/
   165                              <1> defb ICW1S_AT   equ     0x00A0
   166                              <1> defb ICW2S_AT   equ     0x00A1
   167                              <1> defb ICW3S_AT   equ     0x00A1
   168                              <1> defb ICW4S_AT   equ     0x00A1
   169                              <1> defb OCW1S_AT   equ     0x00A1
   170                              <1> defb OCW2S_AT   equ     0x00A0
   171                              <1> defb OCW3S_AT   equ     0x00A0
   172                              <1> defb IRR_M_AT	equ	0x00A0
   173                              <1> 
   174                              <1> defb ICW1S      equ     0xF0A0
   175                              <1> defb ICW2S      equ     0xF0A1
   176                              <1> defb ICW3S      equ     0xF0A1
   177                              <1> defb ICW4S      equ     0xF0A1
   178                              <1> defb OCW1S      equ     0xF0A1
   179                              <1> defb OCW2S      equ     0xF0A0
   180                              <1> defb OCW3S      equ     0xF0A0
   181                              <1> 
   182                              <1> ;
   183                              <1> ;/* The Timer/Counter Unit
   184                              <1> ;*/
   185                              <1> defb    TMR0    equ     0xF040
   186                              <1> defb    TMR0_AT equ     0x0040
   187                              <1> defb    TMR1    equ     0xF041
   188                              <1> defb    TMR1_AT equ     0x0041
   189                              <1> defb    TMR2    equ     0xF042
   190                              <1> defb    TMR2_AT equ     0x0042
   191                              <1> defb    TMRCON  equ     0xF043
   192                              <1> defb    TMRCON_AT  equ  0x0043
   193                              <1> 
   194                              <1> ;
   195                              <1> ;/* The Chip Select Unit
   196                              <1> ;*/
   197                              <1> defw    CS0ADL  equ     0xF400
   198                              <1> defw    CS0ADH  equ     0xF402
   199                              <1> defw    CS0MSKL equ     0xF404
   200                              <1> defw    CS0MSKH equ     0xF406
   201                              <1> defw    CS1ADL  equ     0xF408
   202                              <1> defw    CS1ADH  equ     0xF40A
   203                              <1> defw    CS1MSKL equ     0xF40C
   204                              <1> defw    CS1MSKH equ     0xF40E
   205                              <1> defw    CS2ADL  equ     0xF410
   206                              <1> defw    CS2ADH  equ     0xF412
   207                              <1> defw    CS2MSKL equ     0xF414
   208                              <1> defw    CS2MSKH equ     0xF416
   209                              <1> defw    CS3ADL  equ     0xF418
   210                              <1> defw    CS3ADH  equ     0xF41A
   211                              <1> defw    CS3MSKL equ     0xF41C
   212                              <1> defw    CS3MSKH equ     0xF41E
   213                              <1> defw    CS4ADL  equ     0xF420
   214                              <1> defw    CS4ADH  equ     0xF422
   215                              <1> defw    CS4MSKL equ     0xF424
   216                              <1> defw    CS4MSKH equ     0xF426
   217                              <1> defw    CS5ADL  equ     0xF428
   218                              <1> defw    CS5ADH  equ     0xF42A
   219                              <1> defw    CS5MSKL equ     0xF42C
   220                              <1> defw    CS5MSKH equ     0xF42E
   221                              <1> defw    CS6ADL  equ     0xF430
   222                              <1> defw    CS6ADH  equ     0xF432
   223                              <1> defw    CS6MSKL equ     0xF434
   224                              <1> defw    CS6MSKH equ     0xF436
   225                              <1> defw    UCSADL  equ     0xF438
   226                              <1> defw    UCSADH  equ     0xF43A
   227                              <1> defw    UCSMSKL equ     0xF43C
   228                              <1> defw    UCSMSKH equ     0xF43E
   229                              <1> 
   230                              <1> ;
   231                              <1> ;/* The Synchronous Serial I/O Unit
   232                              <1> ;*/
   233                              <1> defw    SSIOTBUF equ    0xF480
   234                              <1> defw    SSIORBUF equ    0xF482
   235                              <1> defw    SSIOBAUD equ    0xF484
   236                              <1> defw    SSIOCON1 equ    0xF486
   237                              <1> defw    SSIOCON2 equ    0xF488
   238                              <1> defw    SSIOCTR  equ    0xF48A
   239                              <1> 
   240                              <1> ;
   241                              <1> ;/* The Refresh Control Unit
   242                              <1> ;*/
   243                              <1> defw    RFSBAD  equ     0xF4A0
   244                              <1> defw    RFSCIR  equ     0xF4A2
   245                              <1> defw    RFSCON  equ     0xF4A4
   246                              <1> defw    RFSADD  equ     0xF4A6
   247                              <1> 
   248                              <1> ;
   249                              <1> ;/* The Watchdog Timer Unit
   250                              <1> ;*/
   251                              <1> defw    WDTRLDH equ     0xF4C0
   252                              <1> defw    WDTRLDL equ     0xF4C2
   253                              <1> defw    WDTCNTH equ     0xF4C4
   254                              <1> defw    WDTCNTL equ     0xF4C6
   255                              <1> defw    WDTCLR  equ     0xF4C8
   256                              <1> defb    WDTSTATUS  equ  0xF4CA
   257                              <1> 
   258                              <1> ;
   259                              <1> ;/* Clock Generation and Power Management
   260                              <1> ;*/
   261                              <1> defb    PWRCON  equ     0xF800
   262                              <1> defw    CLKPRS  equ     0xF804
   263                              <1> 
   264                              <1> ;
   265                              <1> ;/* Device Configuration Registers
   266                              <1> ;*/
   267                              <1> defb    P1CFG   equ     0xF820
   268                              <1> defb    P2CFG   equ     0xF822
   269                              <1> defb    P3CFG   equ     0xF824
   270                              <1> defb    PINCFG  equ     0xF826
   271                              <1> defb    DMACFG  equ     0xF830
   272                              <1> defb    INTCFG  equ     0xF832
   273                              <1> defb    TMRCFG  equ     0xF834
   274                              <1> defb    SIOCFG  equ     0xF836
   275                              <1> 
   276                              <1> ;
   277                              <1> ;/* Parallel I/O Ports
   278                              <1> ;*/
   279                              <1> defb    P1PIN   equ     0xF860
   280                              <1> defb    P1LTC   equ     0xF862
   281                              <1> defb    P1DIR   equ     0xF864
   282                              <1> defb    P2PIN   equ     0xF868
   283                              <1> defb    P2LTC   equ     0xF86A
   284                              <1> defb    P2DIR   equ     0xF86C
   285                              <1> defb    P3PIN   equ     0xF870
   286                              <1> defb    P3LTC   equ     0xF872
   287                              <1> defb    P3DIR   equ     0xF874
   288                              <1> 
   289                              <1> 
   290                              <1> ; bits.inc
   291                              <1> ;
   292                              <1> ; assembly language bit definitions
   293                              <1> ;
   294                              <1> defb    BIT0    equ     0x01
   295                              <1> defb    BIT1    equ     0x02
   296                              <1> defb    BIT2    equ     0x04
   297                              <1> defb    BIT3    equ     0x08
   298                              <1> defb    BIT4    equ     0x10
   299                              <1> defb    BIT5    equ     0x20
   300                              <1> defb    BIT6    equ     0x40
   301                              <1> defb    BIT7    equ     0x80
   302                              <1> 
   303                              <1> defw    BIT8    equ     0x0100
   304                              <1> defw    BIT9    equ     0x0200
   305                              <1> defw    BIT10   equ     0x0400
   306                              <1> defw    BIT11   equ     0x0800
   307                              <1> defw    BIT12   equ     0x1000
   308                              <1> defw    BIT13   equ     0x2000
   309                              <1> defw    BIT14   equ     0x4000
   310                              <1> defw    BIT15   equ     0x8000
   311                              <1> 
   312                              <1> defd    BIT16   equ     0x00010000
   313                              <1> defd    BIT31   equ     0x80000000
   314                              <1> 
   315                              <1> defb    ZBIT0    equ     0
   316                              <1> defb    ZBIT1    equ     0
   317                              <1> defb    ZBIT2    equ     0
   318                              <1> defb    ZBIT3    equ     0
   319                              <1> defb    ZBIT4    equ     0
   320                              <1> defb    ZBIT5    equ     0
   321                              <1> defb    ZBIT6    equ     0
   322                              <1> defb    ZBIT7    equ     0
   323                              <1> 
   324                              <1> defw    ZBIT8    equ     0
   325                              <1> defw    ZBIT9    equ     0
   326                              <1> defw    ZBIT10   equ     0
   327                              <1> defw    ZBIT11   equ     0
   328                              <1> defw    ZBIT12   equ     0
   329                              <1> defw    ZBIT13   equ     0
   330                              <1> defw    ZBIT14   equ     0
   331                              <1> defw    ZBIT15   equ     0
   332                              <1> 
   333                              <1> 
   334                              <1> ;
   335                              <1> ;/* Asynchronout Serial I/O channel 0  (COM1)
   336                              <1> ;*/
   337                              <1> defb    RBR0_F4 equ     0xF4F8
   338                              <1> defb    TBR0_F4 equ     0xF4F8
   339                              <1> defb    DLL0_F4 equ     0xF4F8
   340                              <1> defb    DLH0_F4 equ     0xF4F9
   341                              <1> defb    IER0_F4 equ     0xF4F9
   342                              <1> defb    IIR0_F4 equ     0xF4FA
   343                              <1> defb    LCR0_F4 equ     0xF4FB
   344                              <1> defb    MCR0_F4 equ     0xF4FC
   345                              <1> defb    LSR0_F4 equ     0xF4FD
   346                              <1> defb    MSR0_F4 equ     0xF4FE
   347                              <1> defb    SCR0_F4 equ     0xF4FF
   348                              <1> 
   349                              <1> %define MFPIC 0
   350                              <1> %if MFPIC
   351                              <1> defb    RBR0    equ     0x0448
   352                              <1> defb    TBR0    equ     0x0448
   353                              <1> defb    DLL0    equ     0x0448
   354                              <1> defb    DLH0    equ     0x0449
   355                              <1> defb    IER0    equ     0x0449
   356                              <1> defb    IIR0    equ     0x044A
   357                              <1> defb    LCR0    equ     0x044B
   358                              <1> defb    MCR0    equ     0x044C
   359                              <1> defb    LSR0    equ     0x044D
   360                              <1> defb    MSR0    equ     0x044E
   361                              <1> defb    SCR0    equ     0x044F
   362                              <1> %else
   363                              <1> defb    RBR0    equ     0x03F8
   364                              <1> defb    TBR0    equ     0x03F8
   365                              <1> defb    DLL0    equ     0x03F8
   366                              <1> defb    DLH0    equ     0x03F9
   367                              <1> defb    IER0    equ     0x03F9
   368                              <1> defb    IIR0    equ     0x03FA
   369                              <1> defb    LCR0    equ     0x03FB
   370                              <1> defb    MCR0    equ     0x03FC
   371                              <1> defb    LSR0    equ     0x03FD
   372                              <1> defb    MSR0    equ     0x03FE
   373                              <1> defb    SCR0    equ     0x03FF
   374                              <1> %endif
   375                              <1> 
   376                              <1> ;
   377                              <1> ;/* Asynchronout Serial I/O channel 1  (COM2)
   378                              <1> ;*/
   379                              <1> defb    RBR1_F8 equ     0xF8F8
   380                              <1> defb    TBR1_F8 equ     0xF8F8
   381                              <1> defb    DLL1_F8 equ     0xF8F8
   382                              <1> defb    DLH1_F8 equ     0xF8F9
   383                              <1> defb    IER1_F8 equ     0xF8F9
   384                              <1> defb    IIR1_F8 equ     0xF8FA
   385                              <1> defb    LCR1_F8 equ     0xF8FB
   386                              <1> defb    MCR1_F8 equ     0xF8FC
   387                              <1> defb    LSR1_F8 equ     0xF8FD
   388                              <1> defb    MSR1_F8 equ     0xF8FE
   389                              <1> defb    SCR1_F8 equ     0xF8FF
   390                              <1> 
   391                              <1> defb    RBR1    equ     0x02F8
   392                              <1> defb    TBR1    equ     0x02F8
   393                              <1> defb    DLL1    equ     0x02F8
   394                              <1> defb    DLH1    equ     0x02F9
   395                              <1> defb    IER1    equ     0x02F9
   396                              <1> defb    IIR1    equ     0x02FA
   397                              <1> defb    LCR1    equ     0x02FB
   398                              <1> defb    MCR1    equ     0x02FC
   399                              <1> defb    LSR1    equ     0x02FD
   400                              <1> defb    MSR1    equ     0x02FE
   401                              <1> defb    SCR1    equ     0x02FF
   402                              <1> 
   403                              <1> ;/* LSRx bits
   404                              <1> ;*/
   405                              <1> defb    LSR_TE  equ     BIT6
   406                              <1> defb    LSR_TBE equ     BIT5
   407                              <1> defb    LSR_BI  equ     BIT4
   408                              <1> defb    LSR_FE  equ     BIT3
   409                              <1> defb    LSR_PE  equ     BIT2
   410                              <1> defb    LSR_OE  equ     BIT1
   411                              <1> defb    LSR_RBF equ     BIT0
   412                              <1> 
   413                              <1> ;/* MSRx bits
   414                              <1> ;*/
   415                              <1> defb	MSR_DCD	equ	BIT7
   416                              <1> defb	MSR_RI 	equ	BIT6
   417                              <1> defb	MSR_DSR	equ	BIT5
   418                              <1> defb	MSR_CTS	equ	BIT4
   419                              <1> defb	MSR_deltaDCD	equ	BIT3
   420                              <1> defb	MSR_deltaRI	equ	BIT2
   421                              <1> defb	MSR_deltaDSR	equ	BIT1
   422                              <1> defb	MSR_deltaCTS	equ	BIT0
   423                              <1> 
   424                              <1> ;/* Bits in CR0
   425                              <1> ;*/
   426                              <1> defb    CR0_PE  equ     BIT0
   427                              <1> defb    CR0_MP  equ     BIT1
   428                              <1> defb    CR0_EM  equ     BIT2
   429                              <1> defb    CR0_TS  equ     BIT3
   430                              <1> defd    CR0_WP  equ     BIT16
   431                              <1> defd    CR0_PG  equ     BIT31
   432                              <1> 
   433                              <1> ;/* Some ASCII character codes
   434                              <1> ;*/
   435                              <1> defb    ASCII_NUL       equ     0x00
   436                              <1> defb    ASCII_BS        equ     0x08
   437                              <1> defb    ASCII_HT        equ     0x09
   438                              <1> defb    ASCII_LF        equ     0x0A
   439                              <1> defb    ASCII_NL        equ     0x0A
   440                              <1> defb    ASCII_FF        equ     0x0C
   441                              <1> defb    ASCII_CR        equ     0x0D
   442                              <1> defb	ASCII_ESC	equ	0x1B
   443                              <1> defb    ASCII_SP        equ     0x20
   444                              <1> defb    ASCII_DEL       equ     0x7F
   445                              <1> defb	ASCII_RUB	equ	0xFF
   446                              <1> 
   447                              <1> 
   448                              <1> ;/* End of i386EX.inc */
    31                                  %include "macro.inc"
    32                              <1> ;;;;;;;;;;;;;;;;;;;;;;;;;;;;;;;;;;;;;;;;;;;;;;;;;;;;;;;;;;;;;;;;;;;;;;;;;
    33                              <1> ;
    34                              <1> ; some useful macros:
    35                              <1> ;
    36                              <1> ;;;;;;;;;;;;;;;;;;;;;;;;;;;;;;;;;;;;;;;;;;;;;;;;;;;;;;;;;;;;;;;;;;;;;;;;;
    37                              <1> %define NREPEAT 0
    38                              <1> 
    39                              <1> %if NREPEAT
    40                              <1> 
    41                              <1> %macro	rep	1
    42                              <1> %%loop:	%1
    43                              <1> 	dec	cx
    44                              <1> 	jnz	%%loop
    45                              <1> %endm
    46                              <1> 
    47                              <1> %macro	repne	1
    48                              <1> %%loop:	%1
    49                              <1> 	je	%%e
    50                              <1> 	dec	cx
    51                              <1> 	jnz	%%loop
    52                              <1> 	cmp	cx,1
    53                              <1> 	jmp	%%done
    54                              <1> %%e:	dec	cx
    55                              <1> 	cmp	cx,cx
    56                              <1> %%done:
    57                              <1> %endm
    58                              <1> 
    59                              <1> %macro	repe	1
    60                              <1> %%loop:	%1
    61                              <1> 	jne	%%ne
    62                              <1> 	dec	cx
    63                              <1> 	jnz	%%loop
    64                              <1> 	jmp	%%done
    65                              <1> %%ne:	dec	cx
    66                              <1> 	jcxz	%%cxz
    67                              <1> 	jmp	%%done
    68                              <1> %%cxz:	cmp	cx,1
    69                              <1> %%done:
    70                              <1> %endm
    71                              <1> 
    72                              <1> %macro	REP	1
    73                              <1> %%loop:	%1
    74                              <1> 	dec	ecx
    75                              <1> 	jnz	%%loop
    76                              <1> %endm
    77                              <1> 
    78                              <1> %macro	REPNE	1
    79                              <1> %%loop:	%1
    80                              <1> 	je	%%e
    81                              <1> 	dec	ecx
    82                              <1> 	jnz	%%loop
    83                              <1> 	cmp	cl,1
    84                              <1> 	jmp	%%done
    85                              <1> %%e:	dec	ecx
    86                              <1> 	cmp	cl,cl
    87                              <1> %%done:
    88                              <1> %endm
    89                              <1> 
    90                              <1> %macro	REPE	1
    91                              <1> %%loop:	%1
    92                              <1> 	jne	%%ne
    93                              <1> 	dec	ecx
    94                              <1> 	jnz	%%loop
    95                              <1> 	jmp	%%done
    96                              <1> %%ne:	dec	ecx
    97                              <1> 	jecxz	%%cxz
    98                              <1> 	jmp	%%done
    99                              <1> %%cxz:	cmp	cl,1
   100                              <1> %%done:
   101                              <1> %endm
   102                              <1> 
   103                              <1> %endif
   104                              <1> 
   105                              <1> 
   106                              <1> ;
   107                              <1> ; format of the BYTE initialization table:  address, byte
   108                              <1> ;
   109                              <1> %imacro  binit 2
   110                              <1>         dw      %1
   111                              <1>         db      %2
   112                              <1> %endmacro
   113                              <1> ; end with DW -1
   114                              <1> 
   115                              <1> ;
   116                              <1> ; format of the WORD initialization table:  address, word
   117                              <1> ;
   118                              <1> %imacro  winit 2
   119                              <1>         dw      %1
   120                              <1>         dw      %2
   121                              <1> %endmacro
   122                              <1> ; end with DW -1
   123                              <1> 
   124                              <1> 
   125                              <1> ; get the BIOS Data Area segment pointer to a [segment] register
   126                              <1> %imacro get_bda	1.nolist
   127                              <1> 	push	0x0040
   128                              <1> 	pop	%1
   129                              <1> 	cnop
   130                              <1> %endm
   131                              <1> 
   132                              <1> 
   133                              <1> ; get the Location 0 (Interrupt Descriptor Table) pointer to a register
   134                              <1> %imacro	get_loc0 1.nolist
   135                              <1> 	push	0x0000
   136                              <1> 	pop	%1
   137                              <1> 	cnop
   138                              <1> %endm
   139                              <1> 
   140                              <1> 
   141                              <1> 
   142                              <1> %imacro setloc  1.nolist
   143                              <1>  times   (%1-($-$$)) db 0FFh
   144                              <1> %endm
   145                              <1> 
   146                              <1> %imacro db_lo   1
   147                              <1>  db (%1)&255
   148                              <1> %endm
   149                              <1> 
   150                              <1> %imacro cnop    0.nolist
   151                              <1> %ifdef SOFT_DEBUG
   152                              <1> %if SOFT_DEBUG
   153                              <1>         nop
   154                              <1> %endif
   155                              <1> %endif
   156                              <1> %endm
   157                              <1> 
   158                              <1> %imacro popm 1-*.nolist
   159                              <1> %rep %0
   160                              <1> %ifidni %1,ALL
   161                              <1>  popa
   162                              <1> %elifidni %1,F
   163                              <1>  popf
   164                              <1> %else
   165                              <1>  pop %1
   166                              <1> %ifidni %1,DS
   167                              <1>  cnop
   168                              <1> %elifidni %1,ES
   169                              <1>  cnop
   170                              <1> %elifidni %1,FS
   171                              <1>  cnop
   172                              <1> %elifidni %1,GS
   173                              <1>  cnop
   174                              <1> %endif
   175                              <1> %endif
   176                              <1> %rotate 1
   177                              <1> %endrep
   178                              <1> %endm
   179                              <1> 
   180                              <1> %imacro pushm 1-*.nolist
   181                              <1> %rep %0
   182                              <1> %rotate -1
   183                              <1> %ifidni %1,ALL
   184                              <1>  pusha
   185                              <1> %elifidni %1,F
   186                              <1>  pushf
   187                              <1> %else
   188                              <1>  push %1
   189                              <1> %endif
   190                              <1> %endrep
   191                              <1> %endm
   192                              <1> 
   193                              <1> %imacro descr_linear_data 2-3.nolist	; address, size [, E]  E!=0 means expand down
   194                              <1> %assign __size__ (%2-1)	| 0xFF
   195                              <1> %if (__size__ <= 0xFFFF)
   196                              <1> %assign __gran__ 0
   197                              <1> %else
   198                              <1> %assign __gran__ 0xC0			; G B 0 0
   199                              <1> %endif
   200                              <1> %assign __expand__ 0
   201                              <1> %if %0==3
   202                              <1> %if %3
   203                              <1> %assign __expand__ 4
   204                              <1> %endif
   205                              <1> %endif
   206                              <1> dd (((%1)&0xFFFF)<<16)|(__size__&0xFFFF)
   207                              <1> dd (((%1)>>24)&0xFF)|((__gran__|(__size__>>16)&0x0F)<<16)|((0x93|__expand__)<<8)|(((%1)>>16)&0xFF)
   208                              <1> %endm
   209                              <1> 
   210                              <1> %imacro descr_linear_code 2-3.nolist	; address, size [,C]  C!=0 means conforming
   211                              <1> %assign __size__ (%2-1)	| 0xFF
   212                              <1> %if (__size__ <= 0xFFFF)
   213                              <1> %assign __gran__ 0
   214                              <1> %else
   215                              <1> %assign __gran__ 0xC0			; G D 0 0
   216                              <1> %endif
   217                              <1> %assign __conform__ 0
   218                              <1> %if %0==3
   219                              <1> %if %3
   220                              <1> %assign __conform__ 4
   221                              <1> %endif
   222                              <1> %endif
   223                              <1> dd (((%1)&0xFFFF)<<16)|(__size__&0xFFFF)
   224                              <1> dd (((%1)>>24)&0xFF)|((__gran__|(__size__>>16)&0x0F)<<16)|((0x9B|__conform__)<<8)|(((%1)>>16)&0xFF)
   225                              <1> %endm
   226                              <1> 
   227                              <1> ;/* End of macro.inc */
    32                                  %include "bda.inc"		; floppy_tab, and serial_dev for reboot_
    33                              <1> XXX
    34                              <1> ; bda.h -- definitions of the BIOS Data Area at 0040:0000 (0x400)  */
    35                              <1> %define BDA_segment 0x40
    36                              <1> struc _BDA
    37                              <1> ; first items at 0x40:0	*/
    38 00000000 ????????????????    <1> serial_dev	resw	4	; serial port device codes */
    39 00000008 ????????????????    <1> parallel_dev	resw	4	; printer port device codes */
    40 00000010 ????                <1> equip_flag	resw	1		; int 12h equipment flags */
    41 00000012 ??                  <1> mfg_test	resb	1		; initialization flags */
    42                              <1> ; */
    43                              <1> ; POST writes what it decided here, after the test of segment 0 has */
    44                              <1> ; zeroed the area, so the answer survives to be reported.  Nothing else */
    45                              <1> ; in this BIOS writes mfg_test.                                        */
    46                              <1> %define WARM_POST 0x01	; warm start: the memory march was skipped */
    47 00000013 ????                <1> memory_size	resw	1	; base memory size in Kilowords (1224) */
    48 00000015 ??                  <1> mfg_err_flag	resb	1
    49 00000016 ??                  <1> mfg_err_flag2	resb	1
    50                              <1> ; */
    51                              <1> ; first Keyboard data area */
    52 00000017 ??                  <1> kbd_flag	resb	1	; shift status &c. */
    53 00000018 ??                  <1> kbd_flag1	resb	1	;  mrre  */
    54 00000019 ??                  <1> alt_input	resb	1	; save alternate kbd entry code */
    55 0000001A ????                <1> buffer_head	resw	1
    56 0000001C ????                <1> buffer_tail	resw	1
    57                              <1> ; */
    58 0000001E <res 20h>           <1> kbd_buffer	resw	16	; buffer empty when  head==tail**/
    59                              <1> ; */
    60                              <1> ; Diskette data area */
    61 0000003E ??                  <1> seek_status	resb	1	; drive recalibration status */
    62                              <1> ; bits 3..0 drive must recalibrate before next seek */
    63 0000003F ??                  <1> motor_status	resb	1	; bits 3..0 motor running */
    64                              <1> ; bit 7 current op is write */
    65 00000040 ??                  <1> motor_count	resb	1	; timeout counter for motor turn-off */
    66 00000041 ??                  <1> fd_status	resb	1	; return code status byte */
    67 00000042 ??????????????      <1> fd_ctrl_stat	resb	7	; controller return bytes */
    68                              <1> ; */
    69                              <1> ; Video Display data area -- also used for video emulation */
    70 00000049 ??                  <1> vid_mode	resb	1	; current display mode */
    71 0000004A ????                <1> vid_columns	resw	1	; no. of columns on the screen */
    72 0000004C ????                <1> vid_buf_len	resw	1	; length of video buffer in bytes*//
    73 0000004E ????                <1> vid_start	resw	1	; start address of screen regeneration (in vid buf)*//
    74 00000050 <res 10h>           <1> vid_cursor	resw	8	; cursor postition on up to 8 screens */
    75 00000060 ????                <1> vid_cursor_mode	resw	1
    76 00000062 ??                  <1> vid_active_page	resb	1
    77 00000063 ????                <1> vid_addr_chip	resw	1	; I/O address for the video chip (6845,EGA,VGA)*//
    78 00000065 ??                  <1> vid_crt_mode	resb	1	; current setting of the 3x8 register ???? */
    79 00000066 ??                  <1> vid_palette	resb	1	; current color setting / palette **/
    80                              <1> ; */
    81                              <1> ; POST and ROM data */
    82 00000067 ????????            <1> io_rom_addr	resd	1	; far word to ROM initialization routine */
    83                              <1> %define io_rom_addr_low io_rom_addr
    84                              <1> %define io_rom_addr_seg (io_rom_addr+2)
    85 0000006B ??                  <1> interrupt_flag	resb	1	; indicates an interrupt occurred */
    86                              <1> ; */
    87                              <1> ; Timer data area  18.206602 hz  = ~54.925 ms  */
    88 0000006C ????                <1> timer_count_low	resw	1	; low word of timer count */
    89 0000006E ????                <1> timer_count_high	resw	1
    90                              <1> %define timer_count timer_count_low
    91                              <1> ; use timer_count as the double word timer counter */
    92 00000070 ??                  <1> timer_overflow	resb	1	; timer has rolled over since last read */
    93                              <1> ; */
    94                              <1> ; System & Keboard data area */
    95 00000071 ??                  <1> kbd_break_flag	resb	1	; bit 7 set if Break key is pressed */
    96 00000072 ????                <1> reset_flag	resw	1	; word=0x1234 if Reset is underway (80286) */
    97                              <1> ; */
    98                              <1> ; reboot() writes WARM_BOOT here before restarting the board, and POST */
    99                              <1> ; reads it to decide whether the memory march can be skipped.  Any       */
   100                              <1> ; program can set it and jump to FFFF:0000 -- that is the PC convention  */
   101                              <1> ; and this BIOS honours it.                                             */
   102                              <1> %define WARM_BOOT 0x1234
   103                              <1> ; */
   104                              <1> ; Fixed (Hard) disk data area */
   105 00000074 ??                  <1> hd_status	resb	1	; status info for hard disk */
   106                              <1> %define disk_status1 hd_status
   107 00000075 ??                  <1> hd_number	resb	1	; number of hard disks (for int 13h, fn 8h) */
   108 00000076 ??                  <1> control_byte	resb	1	; head control ???? */
   109 00000077 ??                  <1> port_offset	resb	1	; obsolete, maybe ???? */
   110                              <1> ; */
   111                              <1> ; Timeout counters */
   112 00000078 ????????            <1> printer_timeout	resb	4	; four bytes for each interaace */
   113 0000007C ????????            <1> serial_timeout	resb	4	; four bytes for each interacce */
   114                              <1> ; */
   115                              <1> ; Keyboard additional data area -- buffer location within segment 40h */
   116 00000080 ????                <1> buffer_start	resw	1	; offset of keyboard buffer start**/
   117 00000082 ????                <1> buffer_end	resw	1		; offset of end of kbd buffer */
   118                              <1> ; */
   119                              <1> ; EGA/PGA? data work area (graphic mode?  probably available) */
   120 00000084 ??                  <1> ega_rows	resb	1		; rows on the active screen (less 1)**/
   121 00000085 ????                <1> ega_points	resw	1		; bytes per charateer	*/
   122 00000087 ??                  <1> ega_info	resb	1		; mode options ????*//
   123 00000088 ??                  <1> ega_info_3	resb	1		; switch settings*//
   124 00000089 ????                <1> ega_rsvd	resb	2	; reserved for adapter mfgrs */
   125                              <1> ; */
   126                              <1> ; Disk / Diskette media data */
   127 0000008B ??                  <1> fd_last_data_rate	resb	1	; last data rate selected */
   128 0000008C ??                  <1> hd_status_reg	resb	1		; hard disk status register */
   129 0000008D ??                  <1> hd_error_reg	resb	1		; hard disk error register */
   130 0000008E ??                  <1> hd_int_flag	resb	1	; HD interrupt flag */
   131 0000008F ??                  <1> hd_cntrl	resb	1		; HD/FD combo controller bit flag */
   132 00000090 ????                <1> hd_media	resb	2	; media state */
   133 00000092 ????                <1> hd_op_start	resb	2	; operation start state */
   134 00000094 ????                <1> hd_track	resw	1		; HD present cylinder number */
   135                              <1> ; */
   136                              <1> ; Additional Keyboard flags */
   137 00000096 ??                  <1> kbd_flag3	resb	1	; mode state & type flags */
   138 00000097 ??                  <1> kbd_flag2	resb	1	; kbd LED flags */
   139                              <1> ; */
   140                              <1> ; Real Time Clock data area */
   141 00000098 ????????            <1> rtc_user_flag_addr	resd	1	; far address of user's wait flag */
   142 0000009C ????????            <1> rtc_user_wait_flag	resd	1	; user wait flag */
   143 000000A0 ??                  <1> rtc_wait_active	resb	1	; 01=busy, 80=posted, 00=post acknowledge */
   144                              <1> ; */
   145                              <1> ; Miscellaneous */
   146 000000A1 ??????????????      <1> rsvd_network	resb	7	; reserved for network adapters */
   147 000000A8 ????????            <1> ptr_ega_save	resd	1		; far pointer to EGA parameter control block */
   148                              <1> ; */
   149                              <1> ;	byte	rsvd_unused[84];	; reserved for 386EX usage */
   150 000000AC ????                <1> errno	resw	1				; library error flag (errno.h) */
   151 000000AE <res 29h>           <1> rsvd_unused	resb	41	; reserved for 386EX usage */
   152 000000D7 ????????            <1> serial_flags	resb	4	; flags for each serial device**/
   153 000000DB ????                <1> extended_memory	resw	1	; size of Extended Memory in Kilobytes */
   154                              <1> ; this size is stored in CMOS on the PC/AT */
   155 000000DD ????                <1> CPU_freq	resw	1	; CPU frequency in kilohertz */
   156 000000DF ????                <1> ebda_seg_ptr	resw	1		; for EBDA allocations; c.f., memory_size */
   157                              <1> ; */
   158                              <1> ; start of 31 bytes of NVRAM informaiion */
   159 000000E1 ????                <1> nvram_info	resb	2	; 31 bytes of NVRAM information (this may move)*//
   160                              <1> ; starts with 2 bytes of SIO0 params */
   161 000000E3 ????                <1> floppy_tab	resb	2		; floppy disk driver table */
   162 000000E5 ????????????????    <1> disk_tab	resb	8  		; hard disk driver table */
   163 000000ED ??                  <1> boot_order	resb	1		; which device INT 19h tries, and in what order */
   164 000000EE <res 10h>           <1> nvram_unused	resb	16
   165 000000FE ????                <1> nvram_checksum	resw	1	; 31st byte of the NVRAM info */
   166                              <1> ; end of 31 bytes of NVRAM information */
   167                              <1> ; */
   168 00000100 ??                  <1> AT_status_byte	resb	1	; at 40:100h, 00500h, Print Screen Status byte*//
   169                              <1> ; 00=ready/ok  01=busy  0FF=error	*/
   170 00000101 ??                  <1> SRAM_size	resb	1	; size of SRAM in Kilobytes */
   171                              <1> ; */
   172                              <1> ; Extentsion to BDA during BIOS startup */
   173                              <1> ; */
   174                              <1> endstruc
   174          ******************  <1>  warning: segment attributes specified on redeclaration of segment: ignoring [-w+other]
    33                                  ; ASCII_CR and ASCII_LF come from i386ex.inc -- "ascii.h" is a C
    34                                  ; header and NASM cannot read it
    35                                  
    36                                  	global	int_18h
    37                                  	global	int_19h
    38                                  
    39                                  segment	_TEXT
    40                                  
    41                                  BOOT_SEG	equ	0x0000		; the boot sector is loaded and entered
    42                                  BOOT_OFF	equ	0x7C00		;  at 0000:7C00, by long convention
    43                                  BOOT_DRIVE	equ	0x80		; first fixed disk
    44                                  BOOT_FLOPPY	equ	0x00		; drive A
    45                                  BOOT_RETRIES	equ	4		; as the PC/AT did
    46                                  BOOT_FD_TRIES	equ	2		; fewer for the floppy: an empty drive
    47                                  					;  is the ordinary case, and every
    48                                  					;  attempt costs a motor spin-up
    49                                  
    50                                  ; bda.boot_order, numbered as the enum in "nvram.h" does.  Named here
    51                                  ; because a bare 1 in a comparison says nothing about what it means.
    52                                  BOOT_AC		equ	0		; floppy, then the fixed disk
    53                                  BOOT_CA		equ	1		; fixed disk, then the floppy
    54                                  BOOT_A		equ	2		; floppy only
    55                                  BOOT_C		equ	3		; fixed disk only
    56                                  
    57                                  
    58                                  ;;;;;;;;;;;;;;;;;;;;;;;;;;;;;;;;;;;;;;;;;;;;;;;;;;;;;;;;;;;;;;;;;;;;;;;;;
    59                                  ; INT 19h -- Bootstrap Loader
    60                                  ;
    61                                  ; Read cylinder 0, head 0, sector 1 into 0000:7C00, check that it ends in
    62                                  ; AA55h, and enter it.
    63                                  ;
    64                                  ; The floppy is tried first and the fixed disk second, which is the order a
    65                                  ; PC has always used and the reason anyone can repair a machine whose hard
    66                                  ; disk will not boot.  This one had no such route until the floppy driver
    67                                  ; worked: a bad CF meant reflashing the BIOS to get anywhere.
    68                                  ;
    69                                  ; The floppy is skipped entirely when SETUP says no drive is fitted, since
    70                                  ; there is no way to ask the hardware -- and an empty drive is the ordinary
    71                                  ; case anyway, so it gets two attempts rather than four.
    72                                  ;
    73                                  ; This call does not return.  It replaces the stack it was entered on,
    74                                  ; because the boot sector is entitled to assume nothing about whatever
    75                                  ; POST was using -- and on this board POST's stack lives up in the SRAM
    76                                  ; at A800:xxxx, which is no use to anything that follows.
    77                                  ;
    78                                  ;  Hands control over with:
    79                                  ;	CS:IP	0000:7C00
    80                                  ;	DL	the drive it was read from, 00h or 80h
    81                                  ;	DS,ES	0000
    82                                  ;	SS:SP	0000:7C00, growing down away from the sector
    83                                  ;;;;;;;;;;;;;;;;;;;;;;;;;;;;;;;;;;;;;;;;;;;;;;;;;;;;;;;;;;;;;;;;;;;;;;;;;
    84                                  int_19h:
    85 00000000 FA                      	cli
    86 00000001 31C0                    	xor	ax,ax
    87 00000003 8ED0                    	mov	ss,ax			; the stack the boot sector expects:
    88                                  	cnop
    89 00000005 BC007C                  	mov	sp,BOOT_OFF		;  0000:7C00, growing downward
    90 00000008 8ED8                    	mov	ds,ax
    91                                  	cnop
    92 0000000A 8EC0                    	mov	es,ax
    93                                  	cnop
    94 0000000C FB                      	sti
    95 0000000D FC                      	cld
    96                                  
    97                                  ; In whatever order SETUP asked for.  An unrecognised value falls
    98                                  ; through to the floppy-then-fixed order, which is also what a zero
    99                                  ; means -- and zero is what every NVRAM written before this byte
   100                                  ; existed carries, so a board upgraded to this BIOS boots the way it
   101                                  ; always did without being configured first.
   102 0000000E 1E                      	push	ds
   103 0000000F 6A401F                  	get_bda	DS
   104 00000012 A0ED00                  	mov	al,[boot_order]
   105 00000015 1F                      	pop	ds
   106                                  
   107 00000016 3C01                    	cmp	al,BOOT_CA
   108 00000018 7414                    	je	.c_then_a
   109 0000001A 3C02                    	cmp	al,BOOT_A
   110 0000001C 741C                    	je	.a_only
   111 0000001E 3C03                    	cmp	al,BOOT_C
   112 00000020 741F                    	je	.c_only
   113                                  
   114                                  .a_then_c:
   115 00000022 E83F00                  	call	try_floppy
   116 00000025 732A                    	jnc	.enter
   117 00000027 E85600                  	call	try_fixed
   118 0000002A 7325                    	jnc	.enter
   119 0000002C EB18                    	jmp	short .none
   120                                  
   121                                  .c_then_a:
   122 0000002E E84F00                  	call	try_fixed
   123 00000031 731E                    	jnc	.enter
   124 00000033 E82E00                  	call	try_floppy
   125 00000036 7319                    	jnc	.enter
   126 00000038 EB0C                    	jmp	short .none
   127                                  
   128                                  .a_only:
   129 0000003A E82700                  	call	try_floppy
   130 0000003D 7312                    	jnc	.enter
   131 0000003F EB05                    	jmp	short .none
   132                                  
   133                                  .c_only:
   134 00000041 E83C00                  	call	try_fixed
   135 00000044 730B                    	jnc	.enter
   136                                  
   137                                  .none:
   138 00000046 BE[7301]                	mov	si,msg_noread
   139 00000049 E89300                  	call	boot_msg
   140                                  ; INT 18h is where the PC/AT went when nothing would boot.  Here it
   141                                  ; prints and drops into the debug monitor, and retries the boot when the
   142                                  ; monitor is left -- so this call does not normally come back.
   143 0000004C CD18                    	int	0x18
   144                                  .hang:
   145 0000004E F4                      	hlt
   146 0000004F EBFD                    	jmp	.hang
   147                                  
   148                                  .enter:
   149 00000051 56                      	push	si			; the drive it was found on -- printing
   150 00000052 BE[4D01]                	mov	si,msg_booting		;  the message is about to overwrite SI
   151 00000055 E88700                  	call	boot_msg
   152 00000058 5A                      	pop	dx			; DL = that drive, DH = 0
   153 00000059 31C0                    	xor	ax,ax
   154 0000005B 8ED8                    	mov	ds,ax
   155                                  	cnop
   156 0000005D 8EC0                    	mov	es,ax
   157                                  	cnop
   158 0000005F EA007C0000              	jmp	BOOT_SEG:BOOT_OFF
   159                                  
   160                                  
   161                                  ;;;;;;;;;;;;;;;;;;;;;;;;;;;;;;;;;;;;;;;;;;;;;;;;;;;;;;;;;;;;;;;;;;;;;;;;;
   162                                  ; try_floppy, try_fixed -- one device each, announced and attempted
   163                                  ;
   164                                  ; Carry clear if a boot sector was loaded, and SI naming the drive for
   165                                  ; the sector to be told about.  Split out so the order above can be a
   166                                  ; list of calls rather than four copies of the same code.
   167                                  ;
   168                                  ; The floppy asks the BDA whether a drive is configured before it says
   169                                  ; anything.  There is no way to ask the hardware, and announcing an
   170                                  ; attempt on a drive nobody has fitted, then waiting out its timeout,
   171                                  ; is worse than silence.
   172                                  ;;;;;;;;;;;;;;;;;;;;;;;;;;;;;;;;;;;;;;;;;;;;;;;;;;;;;;;;;;;;;;;;;;;;;;;;;
   173                                  try_floppy:
   174 00000064 1E                      	push	ds
   175 00000065 6A401F                  	get_bda	DS
   176 00000068 A0E300                  	mov	al,[floppy_tab]
   177 0000006B 1F                      	pop	ds
   178 0000006C 08C0                    	or	al,al
   179 0000006E 740E                    	jz	.nodrive
   180 00000070 BE[1D01]                	mov	si,msg_try_a
   181 00000073 E86900                  	call	boot_msg
   182 00000076 BA0000                  	mov	dx,BOOT_FLOPPY
   183 00000079 B90200                  	mov	cx,BOOT_FD_TRIES
   184 0000007C EB10                    	jmp	boot_try		; its RET returns for us, carry and all
   185                                  .nodrive:
   186 0000007E F9                      	stc
   187 0000007F C3                      	ret
   188                                  
   189                                  try_fixed:
   190 00000080 BE[3501]                	mov	si,msg_try_c
   191 00000083 E85900                  	call	boot_msg
   192 00000086 BA8000                  	mov	dx,BOOT_DRIVE
   193 00000089 B90400                  	mov	cx,BOOT_RETRIES
   194 0000008C EB00                    	jmp	boot_try
   195                                  
   196                                  
   197                                  ;;;;;;;;;;;;;;;;;;;;;;;;;;;;;;;;;;;;;;;;;;;;;;;;;;;;;;;;;;;;;;;;;;;;;;;;;
   198                                  ; boot_try -- load and check a boot sector from one drive
   199                                  ;
   200                                  ;    Enter with:
   201                                  ;	DX	the drive: 0000h for A, 0080h for the first fixed disk.
   202                                  ;		DH must be zero -- it is the head the sector is read from
   203                                  ;	CX	how many attempts to make
   204                                  ;
   205                                  ;    Exit with:
   206                                  ;	Carry clear, and 0000:7C00 holding a sector that ends in AA55h
   207                                  ;	SI	the drive, for handing to the sector in DL
   208                                  ;	Carry set if it could not be read, or carried no signature
   209                                  ;
   210                                  ; The landing area is cleared before each drive is tried.  A read that
   211                                  ; fails part way through, or a drive that returns short, must not be able
   212                                  ; to leave anything executable there from an earlier attempt -- and with
   213                                  ; two drives now tried in turn, "an earlier attempt" includes the other
   214                                  ; one.
   215                                  ;;;;;;;;;;;;;;;;;;;;;;;;;;;;;;;;;;;;;;;;;;;;;;;;;;;;;;;;;;;;;;;;;;;;;;;;;
   216                                  boot_try:
   217 0000008E 065752515350            	pushm	ax,bx,cx,dx,di,es
   218                                  
   219 00000094 89D6                    	mov	si,dx			; the drive, kept across INT 13h
   220                                  
   221 00000096 31C0                    	xor	ax,ax
   222 00000098 8EC0                    	mov	es,ax
   223                                  	cnop
   224 0000009A BF007C                  	mov	di,BOOT_OFF
   225 0000009D 51                      	push	cx
   226 0000009E B90001                  	mov	cx,256			; 256 words == one sector
   227 000000A1 F3AB                    	rep	stosw			; AX is still zero
   228 000000A3 59                      	pop	cx
   229                                  
   230                                  .retry:
   231 000000A4 51                      	push	cx
   232                                  
   233                                  ; Reset first.  On the fixed disk that also puts the drives back into
   234                                  ; 8-bit PIO after the soft reset -- see fn00 in 13h_disk.asm.
   235 000000A5 89F2                    	mov	dx,si
   236 000000A7 B400                    	mov	ah,0
   237 000000A9 CD13                    	int	0x13
   238 000000AB 7213                    	jc	.again
   239                                  
   240 000000AD 89F2                    	mov	dx,si			; DH is zero: head 0
   241 000000AF B80102                  	mov	ax,0x0201		; read, one sector
   242 000000B2 B90100                  	mov	cx,0x0001		; cylinder 0, sector 1
   243 000000B5 31DB                    	xor	bx,bx
   244 000000B7 8EC3                    	mov	es,bx			; ES:BX = 0000:7C00
   245                                  	cnop
   246 000000B9 BB007C                  	mov	bx,BOOT_OFF
   247 000000BC CD13                    	int	0x13
   248 000000BE 7306                    	jnc	.loaded
   249                                  
   250                                  .again:
   251 000000C0 59                      	pop	cx
   252 000000C1 E2E1                    	loop	.retry
   253 000000C3 F9                      	stc
   254 000000C4 EB12                    	jmp	short .9
   255                                  
   256                                  .loaded:
   257 000000C6 59                      	pop	cx
   258                                  
   259                                  ; The last two bytes of a bootable sector are AA55h.  Without this test a
   260                                  ; blank or data-only disk would be executed as code.
   261 000000C7 31C0                    	xor	ax,ax
   262 000000C9 8EC0                    	mov	es,ax
   263                                  	cnop
   264 000000CB 26813EFE7D55AA              es	cmp	word [BOOT_OFF+510],0xAA55
   265 000000D2 7403                    	je	.ok
   266 000000D4 F9                      	stc
   267 000000D5 EB01                    	jmp	short .9
   268                                  .ok:
   269 000000D7 F8                      	clc
   270                                  .9:
   271 000000D8 585B595A5F07            	popm	ax,bx,cx,dx,di,es
   272 000000DE C3                      	ret
   273                                  
   274                                  
   275                                  ;;;;;;;;;;;;;;;;;;;;;;;;;;;;;;;;;;;;;;;;;;;;;;;;;;;;;;;;;;;;;;;;;;;;;;;;;
   276                                  ; boot_msg -- write the ASCIIZ string at CS:SI to the serial console
   277                                  ;
   278                                  ; The CS override matters: by the time this runs DS has been set to zero
   279                                  ; for the boot sector, while the strings are still up in the ROM.
   280                                  ;;;;;;;;;;;;;;;;;;;;;;;;;;;;;;;;;;;;;;;;;;;;;;;;;;;;;;;;;;;;;;;;;;;;;;;;;
   281                                  boot_msg:
   282 000000DF 5652515350              	pushm	ax,bx,cx,dx,si
   283                                  .1:
   284 000000E4 2EAC                       cs	lodsb
   285 000000E6 08C0                    	or	al,al
   286 000000E8 7408                    	jz	.9
   287 000000EA B401                    	mov	ah,1			; write character
   288 000000EC 31D2                    	xor	dx,dx			; COM1
   289 000000EE CD14                    	int	0x14
   290 000000F0 EBF2                    	jmp	.1
   291                                  .9:
   292 000000F2 585B595A5E              	popm	ax,bx,cx,dx,si
   293 000000F7 C3                      	ret
   294                                  
   295                                  
   296                                  
   297                                  ;;;;;;;;;;;;;;;;;;;;;;;;;;;;;;;;;;;;;;;;;;;;;;;;;;;;;;;;;;;;;;;;;;;;;;;;;
   298                                  ; INT 18h -- no bootable device
   299                                  ;
   300                                  ; On a PC/AT this went to ROM BASIC.  There is none here, and halting
   301                                  ; leaves a failed boot silent and costs a power cycle to get back to
   302                                  ; SETUP.  Drop into the debug monitor instead: at this point the machine
   303                                  ; itself is healthy -- it is the disk that would not boot -- so
   304                                  ; everything the monitor needs is already working.
   305                                  ;
   306                                  ; Reached from INT 19h when the boot sector cannot be read or carries no
   307                                  ; signature, and from a boot sector in its own right: the MBR on a
   308                                  ; partitioned card issues INT 18h when it finds no active partition.
   309                                  ;
   310                                  ; Leaving the monitor retries the boot.
   311                                  ;;;;;;;;;;;;;;;;;;;;;;;;;;;;;;;;;;;;;;;;;;;;;;;;;;;;;;;;;;;;;;;;;;;;;;;;;
   312                                  %if MONITOR
   313                                  	extern	debugmon_
   314                                  %endif
   315                                  
   316                                  int_18h:
   317 000000F8 FA                      	cli
   318 000000F9 31C0                    	xor	ax,ax
   319 000000FB 8ED0                    	mov	ss,ax			; a stack of our own: whatever called
   320                                  	cnop				;  us may have moved SS:SP somewhere
   321 000000FD BC007C                  	mov	sp,BOOT_OFF		;  unhelpful, and a boot sector that
   322 00000100 FB                      	sti				;  failed is not to be trusted with it
   323 00000101 FC                      	cld
   324                                  
   325 00000102 BE[CC01]                	mov	si,msg_nodisk
   326 00000105 E8D7FF                  	call	boot_msg
   327                                  
   328                                  %if MONITOR
   329 00000108 B8[ssss]                	mov	ax,DGROUP		; the C code addresses through DGROUP
   330 0000010B 8ED8                    	mov	ds,ax
   331                                  	cnop
   332 0000010D 8EC0                    	mov	es,ax
   333                                  	cnop
   334                                  
   335 0000010F E8(0000)                	call	debugmon_
   336                                  %else
   337                                  ; No monitor in this build, so there is nothing to drop into and
   338                                  ; nothing useful to do except let the operator change something.
   339                                  ; Waiting is the point: INT 19h below would arrive back here inside a
   340                                  ; second, and a message that repeats for ever is worse than one that
   341                                  ; waits to be answered.  A key press means a card has been swapped, or
   342                                  ; a disk put in, and the boot is worth trying again.
   343                                  	mov	si,msg_anykey
   344                                  	call	boot_msg
   345                                  	xor	ax,ax			; INT 16h function 00h: wait for a key
   346                                  	int	0x16
   347                                  %endif
   348                                  
   349                                  ; The operator has left the monitor.  Try the disk again -- a card may
   350                                  ; have been changed, or SETUP used, in the meantime.
   351 00000112 BE[2802]                	mov	si,msg_retry
   352 00000115 E8C7FF                  	call	boot_msg
   353 00000118 CD19                    	int	0x19
   354                                  
   355                                  ; INT 19h does not return.  If its vector were wrong we would arrive
   356                                  ; here rather than running off into memory.
   357                                  .hang:
   358 0000011A F4                      	hlt
   359 0000011B EBFD                    	jmp	.hang
   360                                  
   361                                  msg_try_a:
   362 0000011D 0D0A547279696E6720-     	db	ASCII_CR,ASCII_LF,"Trying drive A: ...",ASCII_CR,ASCII_LF,0
   362 00000126 647269766520413A20-
   362 0000012F 2E2E2E0D0A00       
   363                                  msg_try_c:
   364 00000135 0D0A547279696E6720-     	db	ASCII_CR,ASCII_LF,"Trying drive C: ...",ASCII_CR,ASCII_LF,0
   364 0000013E 647269766520433A20-
   364 00000147 2E2E2E0D0A00       
   365                                  msg_booting:
   366 0000014D 426F6F742073656374-     	db	"Boot sector loaded, entering it ...",ASCII_CR,ASCII_LF,0
   366 00000156 6F72206C6F61646564-
   366 0000015F 2C20656E746572696E-
   366 00000168 67206974202E2E2E0D-
   366 00000171 0A00               
   367                                  msg_noread:
   368 00000173 0D0A494E5420313968-     	db	ASCII_CR,ASCII_LF,"INT 19h: cannot read the boot sector",ASCII_CR,ASCII_LF,0
   368 0000017C 3A2063616E6E6F7420-
   368 00000185 726561642074686520-
   368 0000018E 626F6F742073656374-
   368 00000197 6F720D0A00         
   369                                  msg_nosig:
   370 0000019C 0D0A494E5420313968-     	db	ASCII_CR,ASCII_LF,"INT 19h: no AA55h signature -- not bootable",ASCII_CR,ASCII_LF,0
   370 000001A5 3A206E6F2041413535-
   370 000001AE 68207369676E617475-
   370 000001B7 7265202D2D206E6F74-
   370 000001C0 20626F6F7461626C65-
   370 000001C9 0D0A00             
   371                                  msg_nodisk:
   372 000001CC 0D0A                    	db	ASCII_CR,ASCII_LF
   373 000001CE 494E54203138683A20-     	db	"INT 18h: no bootable device.",ASCII_CR,ASCII_LF
   373 000001D7 6E6F20626F6F746162-
   373 000001E0 6C6520646576696365-
   373 000001E9 2E0D0A             
   374                                  %if MONITOR
   375 000001EC 44726F7070696E6720-     	db	"Dropping into the debug monitor -- EXIT retries the boot."
   375 000001F5 696E746F2074686520-
   375 000001FE 6465627567206D6F6E-
   375 00000207 69746F72202D2D2045-
   375 00000210 584954207265747269-
   375 00000219 65732074686520626F-
   375 00000222 6F742E             
   376 00000225 0D0A00                  	db	ASCII_CR,ASCII_LF,0
   377                                  %else
   378                                  	db	0
   379                                  msg_anykey:
   380                                  	db	"Change the disk and press any key to try again."
   381                                  	db	ASCII_CR,ASCII_LF,0
   382                                  %endif
   383                                  msg_retry:
   384 00000228 0D0A5265747279696E-     	db	ASCII_CR,ASCII_LF,"Retrying the boot ...",ASCII_CR,ASCII_LF,0
   384 00000231 672074686520626F6F-
   384 0000023A 74202E2E2E0D0A00   
   385                                  
   386                                  
   387                                  ;;;;;;;;;;;;;;;;;;;;;;;;;;;;;;;;;;;;;;;;;;;;;;;;;;;;;;;;;;;;;;;;;;;;;;;;;;;;;
   388                                  ; reboot -- restart the board through the ROM's own reset entry
   389                                  ;
   390                                  ;	void reboot(void);
   391                                  ;
   392                                  ; Does not return.
   393                                  ;
   394                                  ; FFFF:0000 is where the processor begins after a reset and where
   395                                  ; 'bootstrap' in boot.asm sits: a five-byte far jump to F000:0000.  Going
   396                                  ; through it rather than straight to F000:0000 means a warm start takes
   397                                  ; exactly the path a cold one does, including anything that ever gets added
   398                                  ; to that stub.
   399                                  ;
   400                                  ; This is not a hardware reset -- the peripherals keep whatever state they
   401                                  ; are in -- but start.asm is written to survive being re-entered.  The
   402                                  ; expanded I/O unlock opens with a read of REMAPCFGH precisely to put that
   403                                  ; state machine back to a known state from wherever it was, and every port
   404                                  ; the BIOS depends on is written from wtab1/btab1 rather than assumed.  What
   405                                  ; it does not do is reset the IDE drive, so the first thing POST does to the
   406                                  ; card is the soft reset in hd_reset(), which is what that is for.
   407                                  ;
   408                                  ; SETUP is the caller: it used to print "Reboot required!" and then call
   409                                  ; exit(15), which lands in exit_ and powers the board down.  Telling someone
   410                                  ; a reboot is required and then making the machine unresponsive is the
   411                                  ; wrong pair of actions, and it is the reason this exists.
   412                                  ;
   413                                  ; The console is drained first.  The last line of output is still sitting
   414                                  ; in the UART when the chip selects are reprogrammed, and without the wait
   415                                  ; the user sees a truncated message and reads it as a crash.  The port comes
   416                                  ; from bda.serial_dev[0] rather than a constant, since the console may be
   417                                  ; the on-chip SIO0 at 3F8h or the MF/PIC at 448h.
   418                                  ;
   419                                  ; DX has to be loaded before the jump, and this is the whole reason the
   420                                  ; first version of this routine did not work.  The very first thing POST
   421                                  ; does is 'cmp dx,DEVICE_ID' -- DX carries the 386EX component identifier
   422                                  ; out of a hardware reset, and start.asm checks it before anything else.
   423                                  ; Arriving without it fails that test and lands in error_halt, which is a
   424                                  ; cli/hlt loop: the board simply stops, with no output to say why.  A
   425                                  ; software restart has to present the register state a reset would have.
   426                                  ;;;;;;;;;;;;;;;;;;;;;;;;;;;;;;;;;;;;;;;;;;;;;;;;;;;;;;;;;;;;;;;;;;;;;;;;;;;;;
   427                                  	global	reboot_
   428                                  reboot_:
   429 00000242 FA                      	cli
   430                                  
   431 00000243 6A401F                  	get_bda	DS
   432                                  
   433                                  ; Tell POST this is a warm start, so it can skip the memory march.  The
   434                                  ; test of segment 0 during POST zeroes the BDA, which is what puts this
   435                                  ; back to zero again -- the next start after this one is a cold one unless
   436                                  ; something asks otherwise.
   437 00000246 C70672003412            	mov	word [reset_flag],WARM_BOOT
   438                                  
   439 0000024C 8B160000                	mov	dx,[serial_dev]		; console base, 0 if none was installed
   440 00000250 09D2                    	or	dx,dx
   441 00000252 740D                    	jz	.2
   442                                  
   443 00000254 83C205                  	add	dx,LSR0-TBR0		; the line status register
   444 00000257 B90000                  	mov	cx,0			; 65536 reads is far longer than a
   445                                  					;  character takes at any rate we use
   446                                  .1:
   447 0000025A EC                      	in	al,dx
   448 0000025B A840                    	test	al,LSR_TE		; transmitter completely empty?
   449 0000025D 7502                    	jnz	.2
   450 0000025F E2F9                    	loop	.1
   451                                  .2:
   452 00000261 BA0923                  	mov	dx,DEVICE_ID		; what a hardware reset would have left
   453 00000264 EA0000FFFF              	jmp	0xFFFF:0x0000		; the reset entry, into boot.asm
