     1                                  ;;;;;;;;;;;;;;;;;;;;;;;;;;;;;;;;;;;;;;;;;;;;;;;;;;;;;;;;;;;;;;;;;;;;;;;;;;;;;
     2                                  ; 40h_flop.asm -- INT 40h, the floppy disk interface
     3                                  ;;;;;;;;;;;;;;;;;;;;;;;;;;;;;;;;;;;;;;;;;;;;;;;;;;;;;;;;;;;;;;;;;;;;;;;;;;;;;
     4                                  ;
     5                                  ; Copyright (C) 2026 Dan Werner.  All rights reserved.
     6                                  ; Provided for hobbyist use on the RetroBrew SBC-386EX board.
     7                                  ;
     8                                  ; This program is free software: you can redistribute it and/or modify
     9                                  ; it under the terms of the GNU General Public License as published by
    10                                  ; the Free Software Foundation, either version 3 of the License, or
    11                                  ; (at your option) any later version.
    12                                  ;
    13                                  ; This program is distributed in the hope that it will be useful,
    14                                  ; but WITHOUT ANY WARRANTY; without even the implied warranty of
    15                                  ; MERCHANTABILITY or FITNESS FOR A PARTICULAR PURPOSE.  See the
    16                                  ; GNU General Public License for more details.
    17                                  ;
    18                                  ; You should have received a copy of the GNU General Public License
    19                                  ; along with this program in the file COPYING in the topmost source
    20                                  ; directory.  If not, see <http://www.gnu.org/licenses/>.
    21                                  ;
    22                                  ;
    23                                  ; INT 13h sends every call with DL below 80h here, through floppy_call in
    24                                  ; 13h_disk.asm -- "int 0x40" and then "retf 2", so the flags this leaves are
    25                                  ; the ones the original caller sees.  The work is done by the driver in
    26                                  ; diskfdc.c; this is the BIOS surface over it.
    27                                  ;
    28                                  ;    Function		Usage
    29                                  ;    ========		=====
    30                                  ;	00	reset the disk system
    31                                  ;	01	get the status of the last operation
    32                                  ;	02	read sectors
    33                                  ;	03	write sectors
    34                                  ;	04	verify sectors
    35                                  ;	08	get drive parameters
    36                                  ;	15	get disk type
    37                                  ;
    38                                  ; Transfers go one sector per call into the driver, and this loops -- the
    39                                  ; same shape as rwv_common in 13h_disk.asm and for the same reason.  A
    40                                  ; multi-sector request that crosses the end of a track has to step the head,
    41                                  ; and the buffer advance has to carry across a 64K segment boundary, neither
    42                                  ; of which a single command handed to the controller can do.
    43                                  ;
    44                                  ; There is nothing to probe for.  A PC floppy interface cannot be asked what
    45                                  ; is attached, or even whether anything is, and JP4 on the Disk I/O board
    46                                  ; ties RDY to ground so the controller always believes a drive is ready.
    47                                  ; bda.floppy_tab[] is the only answer there is, and it comes from SETUP.
    48                                  ;
    49                                  ; Assembly by NASM 2.08 is preferred
    50                                  ;;;;;;;;;;;;;;;;;;;;;;;;;;;;;;;;;;;;;;;;;;;;;;;;;;;;;;;;;;;;;;;;;;;;;;;;;;;;;
    51                                  %include "seg_def.inc"
    52                              <1> ; SEG_DEF.inc
    53                              <1> ;
    54                              <1> %ifndef SEG_DEF
    55                              <1> %define SEG_DEF 1
    56                              <1> 
    57                              <1> segment _TEXT	use16 	align=16	class=CODE	public
    58                              <1> 
    59                              <1> segment CONST		align=16	class=DATA	public
    60                              <1> segment CONST2		align=2		class=DATA	public
    61                              <1> segment _DATA		align=16	class=DATA	public
    62                              <1> segment _BSS		align=16	class=DATA	public
    63                              <1> ;group DGROUP CONST2 CONST _DATA _BSS
    64                              <1> 
    65                              <1> group DGROUP  _TEXT CONST2 CONST _DATA _BSS
    66                              <1> 
    67                              <1> 
    68                              <1> segment BOOT at 0xFFFF	align=16	class=BOOT	use16
    69                              <1> 
    70                              <1> %define XXX
    71                              <1> %endif
    72                              <1> ;
    73                              <1> ; end SEG_DEF.inc
    52                                  %include "i386ex.inc"
    53                              <1> ;/*;;;;;;;;;;;;;;;;;;;;;;;;;;;;;;;;;;;;;;;;;;;;;;;;;;;;;;;;;;;;;;;;;;;;;;
    54                              <1> ; i386EX.inc  --  register definitions for the Intel 80386EX processor
    55                              <1> ;;;;;;;;;;;;;;;;;;;;;;;;;;;;;;;;;;;;;;;;;;;;;;;;;;;;;;;;;;;;;;;;;;;;;;;;;
    56                              <1> ;
    57                              <1> ; Copyright (C) 2018 John R. Coffman.  All rights reserved.
    58                              <1> ; Provided for hobbyist use on the RetroBrew SBC-386 board.
    59                              <1> ;
    60                              <1> ; This program is free software: you can redistribute it and/or modify
    61                              <1> ; it under the terms of the GNU General Public License as published by
    62                              <1> ; the Free Software Foundation, either version 3 of the License, or
    63                              <1> ; (at your option) any later version.
    64                              <1> ;
    65                              <1> ; This program is distributed in the hope that it will be useful,
    66                              <1> ; but WITHOUT ANY WARRANTY; without even the implied warranty of
    67                              <1> ; MERCHANTABILITY or FITNESS FOR A PARTICULAR PURPOSE.  See the
    68                              <1> ; GNU General Public License for more details.
    69                              <1> ;
    70                              <1> ; You should have received a copy of the GNU General Public License
    71                              <1> ; along with this program in the file COPYING in the topmost source
    72                              <1> ; directory.  If not, see <http://www.gnu.org/licenses/>.
    73                              <1> ;
    74                              <1> ;
    75                              <1> ; SBC-386 board revisions:
    76                              <1> ;       SBC386-0   prototype / concept testing
    77                              <1> ;	SBC386EX 2.0 production board (Jan 2018, not 2017 as labeled)
    78                              <1> ;
    79                              <1> ; Assembly by NASM 2.08 is preferred
    80                              <1> ;;;;;;;;;;;;;;;;;;;;;;;;;;;;;;;;;;;;;;;;;;;;;;;;;;;;;;;;;;;;;;;;;;;;;;;;*/
    81                              <1> 
    82                              <1> ;/* i386EX.inc  --  register definitions for the Intel 80386EX processor
    83                              <1> ;
    84                              <1> %define defb
    85                              <1> %define defw
    86                              <1> %define defd
    87                              <1> ;*/
    88                              <1> 
    89                              <1> ;/* The component identifier the 386EX leaves in DX after a hardware reset:
    90                              <1> ;*  DH is the device (23h, 386EX) and DL the stepping.  POST tests it as the
    91                              <1> ;*  first thing it does, so anything that restarts the board in software has
    92                              <1> ;*  to present it too -- see reboot_ in 19h_boot.asm, which learned that the
    93                              <1> ;*  hard way.
    94                              <1> ;*/
    95                              <1> defw    DEVICE_ID equ   0x2309
    96                              <1> 
    97                              <1> ;/* The Address Configuration register
    98                              <1> ;*/
    99                              <1> defb REMAPCFGH  equ     0x0023
   100                              <1> defb REMAPCFGL  equ     0x0022
   101                              <1> defw REMAPCFG   equ     0x0022
   102                              <1> 
   103                              <1> ;/* The A20gate and fast CPU Reset
   104                              <1> ;*/
   105                              <1> defb PORT92     equ     0xF092
   106                              <1> defb PORT92_AT  equ     0x0092
   107                              <1> 
   108                              <1> ;
   109                              <1> ;/* The DMA Controller and Bus Arbiter
   110                              <1> ;*/
   111                              <1> defb DMA0TAR    equ     0xF000
   112                              <1> defb DMA0TAR_AT equ     0x0000
   113                              <1> defb DMA0BYC    equ     0xF001
   114                              <1> defb DMA0BYC_AT equ     0x0001
   115                              <1> defb DMA1TAR    equ     0xF002
   116                              <1> defb DMA1TAR_AT equ     0x0002
   117                              <1> defb DMA1BYC    equ     0xF003
   118                              <1> defb DMA1BYC_AT equ     0x0003
   119                              <1> defb DMACMD1    equ     0xF008
   120                              <1> defb DMACMD1_AT equ     0x0008
   121                              <1> defb DMASTS     equ     0xF008
   122                              <1> defb DMASTS_AT  equ     0x0008
   123                              <1> defb DMASRR     equ     0xF009
   124                              <1> defb DMASRR_AT  equ     0x0009
   125                              <1> defb DMAMSK     equ     0xF00A
   126                              <1> defb DMAMSK_AT  equ     0x000A
   127                              <1> defb DMAMOD1    equ     0xF00B
   128                              <1> defb DMAMOD1_AT equ     0x000B
   129                              <1> defb DMACLRBP   equ     0xF00C
   130                              <1> defb DMACLRBP_AT equ    0x000C
   131                              <1> defb DMACLR     equ     0xF00D
   132                              <1> defb DMACLR_AT  equ     0x000D
   133                              <1> defb DMACLRMSK  equ     0xF00E
   134                              <1> defb DMACLRMSK_AT equ   0x000E
   135                              <1> defb DMAGRPMSK  equ     0xF00F
   136                              <1> defb DMAGRPMSK_AT equ   0x000F
   137                              <1> defb DMA0REQ0_1 equ     0xF010
   138                              <1> defb DMA0REQ2_3 equ     0xF011
   139                              <1> defb DMA1REQ0_1 equ     0xF012
   140                              <1> defb DMA1REQ2_3 equ     0xF013
   141                              <1> defb DMABSR     equ     0xF018
   142                              <1> defb DMACHR     equ     0xF019
   143                              <1> defb DMAIS      equ     0xF019
   144                              <1> defb DMACMD2    equ     0xF01A
   145                              <1> defb DMAMOD2    equ     0xF01B
   146                              <1> defb DMAIEN     equ     0xF01C
   147                              <1> defb DMAOVFE    equ     0xF01D
   148                              <1> defb DMACLRTC   equ     0xF01E
   149                              <1> ;
   150                              <1> ;/* The DMA Page Registers
   151                              <1> ;*/
   152                              <1> defb DMA1TAR2    equ    0xF083
   153                              <1> defb DMA1TAR2_AT equ    0x0083
   154                              <1> defb DMA1TAR3    equ    0xF085
   155                              <1> defb DMA1TAR3_AT equ    0x0085
   156                              <1> defb DMA0TAR3    equ    0xF086
   157                              <1> defb DMA0TAR3_AT equ    0x0086
   158                              <1> defb DMA0TAR2    equ    0xF087
   159                              <1> defb DMA0TAR2_AT equ    0x0087
   160                              <1> ;
   161                              <1> defb DMA0BYC2   equ     0xF098
   162                              <1> defb DMA1BYC2   equ     0xF099
   163                              <1> 
   164                              <1> ;
   165                              <1> ;/* The Master Interrupt Controller
   166                              <1> ;*/
   167                              <1> defb ICW1M_AT   equ     0x0020
   168                              <1> defb ICW2M_AT   equ     0x0021
   169                              <1> defb ICW3M_AT   equ     0x0021
   170                              <1> defb ICW4M_AT   equ     0x0021
   171                              <1> defb OCW1M_AT   equ     0x0021
   172                              <1> defb OCW2M_AT   equ     0x0020
   173                              <1> defb OCW3M_AT   equ     0x0020
   174                              <1> 
   175                              <1> defb ICW1M      equ     0xF020
   176                              <1> defb ICW2M      equ     0xF021
   177                              <1> defb ICW3M      equ     0xF021
   178                              <1> defb ICW4M      equ     0xF021
   179                              <1> defb OCW1M      equ     0xF021
   180                              <1> defb OCW2M      equ     0xF020
   181                              <1> defb OCW3M      equ     0xF020
   182                              <1> defb IRR_M	equ	0xF020
   183                              <1> 
   184                              <1> ;
   185                              <1> ;/* The Slave Interrupt Controller
   186                              <1> ;*/
   187                              <1> defb ICW1S_AT   equ     0x00A0
   188                              <1> defb ICW2S_AT   equ     0x00A1
   189                              <1> defb ICW3S_AT   equ     0x00A1
   190                              <1> defb ICW4S_AT   equ     0x00A1
   191                              <1> defb OCW1S_AT   equ     0x00A1
   192                              <1> defb OCW2S_AT   equ     0x00A0
   193                              <1> defb OCW3S_AT   equ     0x00A0
   194                              <1> defb IRR_M_AT	equ	0x00A0
   195                              <1> 
   196                              <1> defb ICW1S      equ     0xF0A0
   197                              <1> defb ICW2S      equ     0xF0A1
   198                              <1> defb ICW3S      equ     0xF0A1
   199                              <1> defb ICW4S      equ     0xF0A1
   200                              <1> defb OCW1S      equ     0xF0A1
   201                              <1> defb OCW2S      equ     0xF0A0
   202                              <1> defb OCW3S      equ     0xF0A0
   203                              <1> 
   204                              <1> ;
   205                              <1> ;/* The Timer/Counter Unit
   206                              <1> ;*/
   207                              <1> defb    TMR0    equ     0xF040
   208                              <1> defb    TMR0_AT equ     0x0040
   209                              <1> defb    TMR1    equ     0xF041
   210                              <1> defb    TMR1_AT equ     0x0041
   211                              <1> defb    TMR2    equ     0xF042
   212                              <1> defb    TMR2_AT equ     0x0042
   213                              <1> defb    TMRCON  equ     0xF043
   214                              <1> defb    TMRCON_AT  equ  0x0043
   215                              <1> 
   216                              <1> ;
   217                              <1> ;/* The Chip Select Unit
   218                              <1> ;*/
   219                              <1> defw    CS0ADL  equ     0xF400
   220                              <1> defw    CS0ADH  equ     0xF402
   221                              <1> defw    CS0MSKL equ     0xF404
   222                              <1> defw    CS0MSKH equ     0xF406
   223                              <1> defw    CS1ADL  equ     0xF408
   224                              <1> defw    CS1ADH  equ     0xF40A
   225                              <1> defw    CS1MSKL equ     0xF40C
   226                              <1> defw    CS1MSKH equ     0xF40E
   227                              <1> defw    CS2ADL  equ     0xF410
   228                              <1> defw    CS2ADH  equ     0xF412
   229                              <1> defw    CS2MSKL equ     0xF414
   230                              <1> defw    CS2MSKH equ     0xF416
   231                              <1> defw    CS3ADL  equ     0xF418
   232                              <1> defw    CS3ADH  equ     0xF41A
   233                              <1> defw    CS3MSKL equ     0xF41C
   234                              <1> defw    CS3MSKH equ     0xF41E
   235                              <1> defw    CS4ADL  equ     0xF420
   236                              <1> defw    CS4ADH  equ     0xF422
   237                              <1> defw    CS4MSKL equ     0xF424
   238                              <1> defw    CS4MSKH equ     0xF426
   239                              <1> defw    CS5ADL  equ     0xF428
   240                              <1> defw    CS5ADH  equ     0xF42A
   241                              <1> defw    CS5MSKL equ     0xF42C
   242                              <1> defw    CS5MSKH equ     0xF42E
   243                              <1> defw    CS6ADL  equ     0xF430
   244                              <1> defw    CS6ADH  equ     0xF432
   245                              <1> defw    CS6MSKL equ     0xF434
   246                              <1> defw    CS6MSKH equ     0xF436
   247                              <1> defw    UCSADL  equ     0xF438
   248                              <1> defw    UCSADH  equ     0xF43A
   249                              <1> defw    UCSMSKL equ     0xF43C
   250                              <1> defw    UCSMSKH equ     0xF43E
   251                              <1> 
   252                              <1> ;
   253                              <1> ;/* The Synchronous Serial I/O Unit
   254                              <1> ;*/
   255                              <1> defw    SSIOTBUF equ    0xF480
   256                              <1> defw    SSIORBUF equ    0xF482
   257                              <1> defw    SSIOBAUD equ    0xF484
   258                              <1> defw    SSIOCON1 equ    0xF486
   259                              <1> defw    SSIOCON2 equ    0xF488
   260                              <1> defw    SSIOCTR  equ    0xF48A
   261                              <1> 
   262                              <1> ;
   263                              <1> ;/* The Refresh Control Unit
   264                              <1> ;*/
   265                              <1> defw    RFSBAD  equ     0xF4A0
   266                              <1> defw    RFSCIR  equ     0xF4A2
   267                              <1> defw    RFSCON  equ     0xF4A4
   268                              <1> defw    RFSADD  equ     0xF4A6
   269                              <1> 
   270                              <1> ;
   271                              <1> ;/* The Watchdog Timer Unit
   272                              <1> ;*/
   273                              <1> defw    WDTRLDH equ     0xF4C0
   274                              <1> defw    WDTRLDL equ     0xF4C2
   275                              <1> defw    WDTCNTH equ     0xF4C4
   276                              <1> defw    WDTCNTL equ     0xF4C6
   277                              <1> defw    WDTCLR  equ     0xF4C8
   278                              <1> defb    WDTSTATUS  equ  0xF4CA
   279                              <1> 
   280                              <1> ;
   281                              <1> ;/* Clock Generation and Power Management
   282                              <1> ;*/
   283                              <1> defb    PWRCON  equ     0xF800
   284                              <1> defw    CLKPRS  equ     0xF804
   285                              <1> 
   286                              <1> ;
   287                              <1> ;/* Device Configuration Registers
   288                              <1> ;*/
   289                              <1> defb    P1CFG   equ     0xF820
   290                              <1> defb    P2CFG   equ     0xF822
   291                              <1> defb    P3CFG   equ     0xF824
   292                              <1> defb    PINCFG  equ     0xF826
   293                              <1> defb    DMACFG  equ     0xF830
   294                              <1> defb    INTCFG  equ     0xF832
   295                              <1> defb    TMRCFG  equ     0xF834
   296                              <1> defb    SIOCFG  equ     0xF836
   297                              <1> 
   298                              <1> ;
   299                              <1> ;/* Parallel I/O Ports
   300                              <1> ;*/
   301                              <1> defb    P1PIN   equ     0xF860
   302                              <1> defb    P1LTC   equ     0xF862
   303                              <1> defb    P1DIR   equ     0xF864
   304                              <1> defb    P2PIN   equ     0xF868
   305                              <1> defb    P2LTC   equ     0xF86A
   306                              <1> defb    P2DIR   equ     0xF86C
   307                              <1> defb    P3PIN   equ     0xF870
   308                              <1> defb    P3LTC   equ     0xF872
   309                              <1> defb    P3DIR   equ     0xF874
   310                              <1> 
   311                              <1> 
   312                              <1> ; bits.inc
   313                              <1> ;
   314                              <1> ; assembly language bit definitions
   315                              <1> ;
   316                              <1> defb    BIT0    equ     0x01
   317                              <1> defb    BIT1    equ     0x02
   318                              <1> defb    BIT2    equ     0x04
   319                              <1> defb    BIT3    equ     0x08
   320                              <1> defb    BIT4    equ     0x10
   321                              <1> defb    BIT5    equ     0x20
   322                              <1> defb    BIT6    equ     0x40
   323                              <1> defb    BIT7    equ     0x80
   324                              <1> 
   325                              <1> defw    BIT8    equ     0x0100
   326                              <1> defw    BIT9    equ     0x0200
   327                              <1> defw    BIT10   equ     0x0400
   328                              <1> defw    BIT11   equ     0x0800
   329                              <1> defw    BIT12   equ     0x1000
   330                              <1> defw    BIT13   equ     0x2000
   331                              <1> defw    BIT14   equ     0x4000
   332                              <1> defw    BIT15   equ     0x8000
   333                              <1> 
   334                              <1> defd    BIT16   equ     0x00010000
   335                              <1> defd    BIT31   equ     0x80000000
   336                              <1> 
   337                              <1> defb    ZBIT0    equ     0
   338                              <1> defb    ZBIT1    equ     0
   339                              <1> defb    ZBIT2    equ     0
   340                              <1> defb    ZBIT3    equ     0
   341                              <1> defb    ZBIT4    equ     0
   342                              <1> defb    ZBIT5    equ     0
   343                              <1> defb    ZBIT6    equ     0
   344                              <1> defb    ZBIT7    equ     0
   345                              <1> 
   346                              <1> defw    ZBIT8    equ     0
   347                              <1> defw    ZBIT9    equ     0
   348                              <1> defw    ZBIT10   equ     0
   349                              <1> defw    ZBIT11   equ     0
   350                              <1> defw    ZBIT12   equ     0
   351                              <1> defw    ZBIT13   equ     0
   352                              <1> defw    ZBIT14   equ     0
   353                              <1> defw    ZBIT15   equ     0
   354                              <1> 
   355                              <1> 
   356                              <1> ;
   357                              <1> ;/* Asynchronout Serial I/O channel 0  (COM1)
   358                              <1> ;*/
   359                              <1> defb    RBR0_F4 equ     0xF4F8
   360                              <1> defb    TBR0_F4 equ     0xF4F8
   361                              <1> defb    DLL0_F4 equ     0xF4F8
   362                              <1> defb    DLH0_F4 equ     0xF4F9
   363                              <1> defb    IER0_F4 equ     0xF4F9
   364                              <1> defb    IIR0_F4 equ     0xF4FA
   365                              <1> defb    LCR0_F4 equ     0xF4FB
   366                              <1> defb    MCR0_F4 equ     0xF4FC
   367                              <1> defb    LSR0_F4 equ     0xF4FD
   368                              <1> defb    MSR0_F4 equ     0xF4FE
   369                              <1> defb    SCR0_F4 equ     0xF4FF
   370                              <1> 
   371                              <1> %define MFPIC 0
   372                              <1> %if MFPIC
   373                              <1> defb    RBR0    equ     0x0448
   374                              <1> defb    TBR0    equ     0x0448
   375                              <1> defb    DLL0    equ     0x0448
   376                              <1> defb    DLH0    equ     0x0449
   377                              <1> defb    IER0    equ     0x0449
   378                              <1> defb    IIR0    equ     0x044A
   379                              <1> defb    LCR0    equ     0x044B
   380                              <1> defb    MCR0    equ     0x044C
   381                              <1> defb    LSR0    equ     0x044D
   382                              <1> defb    MSR0    equ     0x044E
   383                              <1> defb    SCR0    equ     0x044F
   384                              <1> %else
   385                              <1> defb    RBR0    equ     0x03F8
   386                              <1> defb    TBR0    equ     0x03F8
   387                              <1> defb    DLL0    equ     0x03F8
   388                              <1> defb    DLH0    equ     0x03F9
   389                              <1> defb    IER0    equ     0x03F9
   390                              <1> defb    IIR0    equ     0x03FA
   391                              <1> defb    LCR0    equ     0x03FB
   392                              <1> defb    MCR0    equ     0x03FC
   393                              <1> defb    LSR0    equ     0x03FD
   394                              <1> defb    MSR0    equ     0x03FE
   395                              <1> defb    SCR0    equ     0x03FF
   396                              <1> %endif
   397                              <1> 
   398                              <1> ;
   399                              <1> ;/* Asynchronout Serial I/O channel 1  (COM2)
   400                              <1> ;*/
   401                              <1> defb    RBR1_F8 equ     0xF8F8
   402                              <1> defb    TBR1_F8 equ     0xF8F8
   403                              <1> defb    DLL1_F8 equ     0xF8F8
   404                              <1> defb    DLH1_F8 equ     0xF8F9
   405                              <1> defb    IER1_F8 equ     0xF8F9
   406                              <1> defb    IIR1_F8 equ     0xF8FA
   407                              <1> defb    LCR1_F8 equ     0xF8FB
   408                              <1> defb    MCR1_F8 equ     0xF8FC
   409                              <1> defb    LSR1_F8 equ     0xF8FD
   410                              <1> defb    MSR1_F8 equ     0xF8FE
   411                              <1> defb    SCR1_F8 equ     0xF8FF
   412                              <1> 
   413                              <1> defb    RBR1    equ     0x02F8
   414                              <1> defb    TBR1    equ     0x02F8
   415                              <1> defb    DLL1    equ     0x02F8
   416                              <1> defb    DLH1    equ     0x02F9
   417                              <1> defb    IER1    equ     0x02F9
   418                              <1> defb    IIR1    equ     0x02FA
   419                              <1> defb    LCR1    equ     0x02FB
   420                              <1> defb    MCR1    equ     0x02FC
   421                              <1> defb    LSR1    equ     0x02FD
   422                              <1> defb    MSR1    equ     0x02FE
   423                              <1> defb    SCR1    equ     0x02FF
   424                              <1> 
   425                              <1> ;/* LSRx bits
   426                              <1> ;*/
   427                              <1> defb    LSR_TE  equ     BIT6
   428                              <1> defb    LSR_TBE equ     BIT5
   429                              <1> defb    LSR_BI  equ     BIT4
   430                              <1> defb    LSR_FE  equ     BIT3
   431                              <1> defb    LSR_PE  equ     BIT2
   432                              <1> defb    LSR_OE  equ     BIT1
   433                              <1> defb    LSR_RBF equ     BIT0
   434                              <1> 
   435                              <1> ;/* MSRx bits
   436                              <1> ;*/
   437                              <1> defb	MSR_DCD	equ	BIT7
   438                              <1> defb	MSR_RI 	equ	BIT6
   439                              <1> defb	MSR_DSR	equ	BIT5
   440                              <1> defb	MSR_CTS	equ	BIT4
   441                              <1> defb	MSR_deltaDCD	equ	BIT3
   442                              <1> defb	MSR_deltaRI	equ	BIT2
   443                              <1> defb	MSR_deltaDSR	equ	BIT1
   444                              <1> defb	MSR_deltaCTS	equ	BIT0
   445                              <1> 
   446                              <1> ;/* Bits in CR0
   447                              <1> ;*/
   448                              <1> defb    CR0_PE  equ     BIT0
   449                              <1> defb    CR0_MP  equ     BIT1
   450                              <1> defb    CR0_EM  equ     BIT2
   451                              <1> defb    CR0_TS  equ     BIT3
   452                              <1> defd    CR0_WP  equ     BIT16
   453                              <1> defd    CR0_PG  equ     BIT31
   454                              <1> 
   455                              <1> ;/* Some ASCII character codes
   456                              <1> ;*/
   457                              <1> defb    ASCII_NUL       equ     0x00
   458                              <1> defb    ASCII_BS        equ     0x08
   459                              <1> defb    ASCII_HT        equ     0x09
   460                              <1> defb    ASCII_LF        equ     0x0A
   461                              <1> defb    ASCII_NL        equ     0x0A
   462                              <1> defb    ASCII_FF        equ     0x0C
   463                              <1> defb    ASCII_CR        equ     0x0D
   464                              <1> defb	ASCII_ESC	equ	0x1B
   465                              <1> defb    ASCII_SP        equ     0x20
   466                              <1> defb    ASCII_DEL       equ     0x7F
   467                              <1> defb	ASCII_RUB	equ	0xFF
   468                              <1> 
   469                              <1> 
   470                              <1> ;/* End of i386EX.inc */
    53                                  %include "macro.inc"
    54                              <1> ;;;;;;;;;;;;;;;;;;;;;;;;;;;;;;;;;;;;;;;;;;;;;;;;;;;;;;;;;;;;;;;;;;;;;;;;;
    55                              <1> ;
    56                              <1> ; some useful macros:
    57                              <1> ;
    58                              <1> ;;;;;;;;;;;;;;;;;;;;;;;;;;;;;;;;;;;;;;;;;;;;;;;;;;;;;;;;;;;;;;;;;;;;;;;;;
    59                              <1> %define NREPEAT 0
    60                              <1> 
    61                              <1> %if NREPEAT
    62                              <1> 
    63                              <1> %macro	rep	1
    64                              <1> %%loop:	%1
    65                              <1> 	dec	cx
    66                              <1> 	jnz	%%loop
    67                              <1> %endm
    68                              <1> 
    69                              <1> %macro	repne	1
    70                              <1> %%loop:	%1
    71                              <1> 	je	%%e
    72                              <1> 	dec	cx
    73                              <1> 	jnz	%%loop
    74                              <1> 	cmp	cx,1
    75                              <1> 	jmp	%%done
    76                              <1> %%e:	dec	cx
    77                              <1> 	cmp	cx,cx
    78                              <1> %%done:
    79                              <1> %endm
    80                              <1> 
    81                              <1> %macro	repe	1
    82                              <1> %%loop:	%1
    83                              <1> 	jne	%%ne
    84                              <1> 	dec	cx
    85                              <1> 	jnz	%%loop
    86                              <1> 	jmp	%%done
    87                              <1> %%ne:	dec	cx
    88                              <1> 	jcxz	%%cxz
    89                              <1> 	jmp	%%done
    90                              <1> %%cxz:	cmp	cx,1
    91                              <1> %%done:
    92                              <1> %endm
    93                              <1> 
    94                              <1> %macro	REP	1
    95                              <1> %%loop:	%1
    96                              <1> 	dec	ecx
    97                              <1> 	jnz	%%loop
    98                              <1> %endm
    99                              <1> 
   100                              <1> %macro	REPNE	1
   101                              <1> %%loop:	%1
   102                              <1> 	je	%%e
   103                              <1> 	dec	ecx
   104                              <1> 	jnz	%%loop
   105                              <1> 	cmp	cl,1
   106                              <1> 	jmp	%%done
   107                              <1> %%e:	dec	ecx
   108                              <1> 	cmp	cl,cl
   109                              <1> %%done:
   110                              <1> %endm
   111                              <1> 
   112                              <1> %macro	REPE	1
   113                              <1> %%loop:	%1
   114                              <1> 	jne	%%ne
   115                              <1> 	dec	ecx
   116                              <1> 	jnz	%%loop
   117                              <1> 	jmp	%%done
   118                              <1> %%ne:	dec	ecx
   119                              <1> 	jecxz	%%cxz
   120                              <1> 	jmp	%%done
   121                              <1> %%cxz:	cmp	cl,1
   122                              <1> %%done:
   123                              <1> %endm
   124                              <1> 
   125                              <1> %endif
   126                              <1> 
   127                              <1> 
   128                              <1> ;
   129                              <1> ; format of the BYTE initialization table:  address, byte
   130                              <1> ;
   131                              <1> %imacro  binit 2
   132                              <1>         dw      %1
   133                              <1>         db      %2
   134                              <1> %endmacro
   135                              <1> ; end with DW -1
   136                              <1> 
   137                              <1> ;
   138                              <1> ; format of the WORD initialization table:  address, word
   139                              <1> ;
   140                              <1> %imacro  winit 2
   141                              <1>         dw      %1
   142                              <1>         dw      %2
   143                              <1> %endmacro
   144                              <1> ; end with DW -1
   145                              <1> 
   146                              <1> 
   147                              <1> ; get the BIOS Data Area segment pointer to a [segment] register
   148                              <1> %imacro get_bda	1.nolist
   149                              <1> 	push	0x0040
   150                              <1> 	pop	%1
   151                              <1> 	cnop
   152                              <1> %endm
   153                              <1> 
   154                              <1> 
   155                              <1> ; get the Location 0 (Interrupt Descriptor Table) pointer to a register
   156                              <1> %imacro	get_loc0 1.nolist
   157                              <1> 	push	0x0000
   158                              <1> 	pop	%1
   159                              <1> 	cnop
   160                              <1> %endm
   161                              <1> 
   162                              <1> 
   163                              <1> 
   164                              <1> %imacro setloc  1.nolist
   165                              <1>  times   (%1-($-$$)) db 0FFh
   166                              <1> %endm
   167                              <1> 
   168                              <1> %imacro db_lo   1
   169                              <1>  db (%1)&255
   170                              <1> %endm
   171                              <1> 
   172                              <1> %imacro cnop    0.nolist
   173                              <1> %ifdef SOFT_DEBUG
   174                              <1> %if SOFT_DEBUG
   175                              <1>         nop
   176                              <1> %endif
   177                              <1> %endif
   178                              <1> %endm
   179                              <1> 
   180                              <1> %imacro popm 1-*.nolist
   181                              <1> %rep %0
   182                              <1> %ifidni %1,ALL
   183                              <1>  popa
   184                              <1> %elifidni %1,F
   185                              <1>  popf
   186                              <1> %else
   187                              <1>  pop %1
   188                              <1> %ifidni %1,DS
   189                              <1>  cnop
   190                              <1> %elifidni %1,ES
   191                              <1>  cnop
   192                              <1> %elifidni %1,FS
   193                              <1>  cnop
   194                              <1> %elifidni %1,GS
   195                              <1>  cnop
   196                              <1> %endif
   197                              <1> %endif
   198                              <1> %rotate 1
   199                              <1> %endrep
   200                              <1> %endm
   201                              <1> 
   202                              <1> %imacro pushm 1-*.nolist
   203                              <1> %rep %0
   204                              <1> %rotate -1
   205                              <1> %ifidni %1,ALL
   206                              <1>  pusha
   207                              <1> %elifidni %1,F
   208                              <1>  pushf
   209                              <1> %else
   210                              <1>  push %1
   211                              <1> %endif
   212                              <1> %endrep
   213                              <1> %endm
   214                              <1> 
   215                              <1> %imacro descr_linear_data 2-3.nolist	; address, size [, E]  E!=0 means expand down
   216                              <1> %assign __size__ (%2-1)	| 0xFF
   217                              <1> %if (__size__ <= 0xFFFF)
   218                              <1> %assign __gran__ 0
   219                              <1> %else
   220                              <1> %assign __gran__ 0xC0			; G B 0 0
   221                              <1> %endif
   222                              <1> %assign __expand__ 0
   223                              <1> %if %0==3
   224                              <1> %if %3
   225                              <1> %assign __expand__ 4
   226                              <1> %endif
   227                              <1> %endif
   228                              <1> dd (((%1)&0xFFFF)<<16)|(__size__&0xFFFF)
   229                              <1> dd (((%1)>>24)&0xFF)|((__gran__|(__size__>>16)&0x0F)<<16)|((0x93|__expand__)<<8)|(((%1)>>16)&0xFF)
   230                              <1> %endm
   231                              <1> 
   232                              <1> %imacro descr_linear_code 2-3.nolist	; address, size [,C]  C!=0 means conforming
   233                              <1> %assign __size__ (%2-1)	| 0xFF
   234                              <1> %if (__size__ <= 0xFFFF)
   235                              <1> %assign __gran__ 0
   236                              <1> %else
   237                              <1> %assign __gran__ 0xC0			; G D 0 0
   238                              <1> %endif
   239                              <1> %assign __conform__ 0
   240                              <1> %if %0==3
   241                              <1> %if %3
   242                              <1> %assign __conform__ 4
   243                              <1> %endif
   244                              <1> %endif
   245                              <1> dd (((%1)&0xFFFF)<<16)|(__size__&0xFFFF)
   246                              <1> dd (((%1)>>24)&0xFF)|((__gran__|(__size__>>16)&0x0F)<<16)|((0x9B|__conform__)<<8)|(((%1)>>16)&0xFF)
   247                              <1> %endm
   248                              <1> 
   249                              <1> ;/* End of macro.inc */
    54                                  %include "bda.inc"
    55                              <1> XXX
    56                              <1> ; bda.h -- definitions of the BIOS Data Area at 0040:0000 (0x400)  */
    57                              <1> %define BDA_segment 0x40
    58                              <1> struc _BDA
    59                              <1> ; first items at 0x40:0	*/
    60 00000000 ????????????????    <1> serial_dev	resw	4	; serial port device codes */
    61 00000008 ????????????????    <1> parallel_dev	resw	4	; printer port device codes */
    62 00000010 ????                <1> equip_flag	resw	1		; int 12h equipment flags */
    63 00000012 ??                  <1> mfg_test	resb	1		; initialization flags */
    64                              <1> ; */
    65                              <1> ; POST writes what it decided here, after the test of segment 0 has */
    66                              <1> ; zeroed the area, so the answer survives to be reported.  Nothing else */
    67                              <1> ; in this BIOS writes mfg_test.                                        */
    68                              <1> %define WARM_POST 0x01	; warm start: the memory march was skipped */
    69 00000013 ????                <1> memory_size	resw	1	; base memory size in Kilowords (1224) */
    70 00000015 ??                  <1> mfg_err_flag	resb	1
    71 00000016 ??                  <1> mfg_err_flag2	resb	1
    72                              <1> ; */
    73                              <1> ; first Keyboard data area */
    74 00000017 ??                  <1> kbd_flag	resb	1	; shift status &c. */
    75 00000018 ??                  <1> kbd_flag1	resb	1	;  mrre  */
    76 00000019 ??                  <1> alt_input	resb	1	; save alternate kbd entry code */
    77 0000001A ????                <1> buffer_head	resw	1
    78 0000001C ????                <1> buffer_tail	resw	1
    79                              <1> ; */
    80 0000001E <res 20h>           <1> kbd_buffer	resw	16	; buffer empty when  head==tail**/
    81                              <1> ; */
    82                              <1> ; Diskette data area */
    83 0000003E ??                  <1> seek_status	resb	1	; drive recalibration status */
    84                              <1> ; bits 3..0 drive must recalibrate before next seek */
    85 0000003F ??                  <1> motor_status	resb	1	; bits 3..0 motor running */
    86                              <1> ; bit 7 current op is write */
    87 00000040 ??                  <1> motor_count	resb	1	; timeout counter for motor turn-off */
    88 00000041 ??                  <1> fd_status	resb	1	; return code status byte */
    89 00000042 ??????????????      <1> fd_ctrl_stat	resb	7	; controller return bytes */
    90                              <1> ; */
    91                              <1> ; Video Display data area -- also used for video emulation */
    92 00000049 ??                  <1> vid_mode	resb	1	; current display mode */
    93 0000004A ????                <1> vid_columns	resw	1	; no. of columns on the screen */
    94 0000004C ????                <1> vid_buf_len	resw	1	; length of video buffer in bytes*//
    95 0000004E ????                <1> vid_start	resw	1	; start address of screen regeneration (in vid buf)*//
    96 00000050 <res 10h>           <1> vid_cursor	resw	8	; cursor postition on up to 8 screens */
    97 00000060 ????                <1> vid_cursor_mode	resw	1
    98 00000062 ??                  <1> vid_active_page	resb	1
    99 00000063 ????                <1> vid_addr_chip	resw	1	; I/O address for the video chip (6845,EGA,VGA)*//
   100 00000065 ??                  <1> vid_crt_mode	resb	1	; current setting of the 3x8 register ???? */
   101 00000066 ??                  <1> vid_palette	resb	1	; current color setting / palette **/
   102                              <1> ; */
   103                              <1> ; POST and ROM data */
   104 00000067 ????????            <1> io_rom_addr	resd	1	; far word to ROM initialization routine */
   105                              <1> %define io_rom_addr_low io_rom_addr
   106                              <1> %define io_rom_addr_seg (io_rom_addr+2)
   107 0000006B ??                  <1> interrupt_flag	resb	1	; indicates an interrupt occurred */
   108                              <1> ; */
   109                              <1> ; Timer data area  18.206602 hz  = ~54.925 ms  */
   110 0000006C ????                <1> timer_count_low	resw	1	; low word of timer count */
   111 0000006E ????                <1> timer_count_high	resw	1
   112                              <1> %define timer_count timer_count_low
   113                              <1> ; use timer_count as the double word timer counter */
   114 00000070 ??                  <1> timer_overflow	resb	1	; timer has rolled over since last read */
   115                              <1> ; */
   116                              <1> ; System & Keboard data area */
   117 00000071 ??                  <1> kbd_break_flag	resb	1	; bit 7 set if Break key is pressed */
   118 00000072 ????                <1> reset_flag	resw	1	; word=0x1234 if Reset is underway (80286) */
   119                              <1> ; */
   120                              <1> ; reboot() writes WARM_BOOT here before restarting the board, and POST */
   121                              <1> ; reads it to decide whether the memory march can be skipped.  Any       */
   122                              <1> ; program can set it and jump to FFFF:0000 -- that is the PC convention  */
   123                              <1> ; and this BIOS honours it.                                             */
   124                              <1> %define WARM_BOOT 0x1234
   125                              <1> ; */
   126                              <1> ; Fixed (Hard) disk data area */
   127 00000074 ??                  <1> hd_status	resb	1	; status info for hard disk */
   128                              <1> %define disk_status1 hd_status
   129 00000075 ??                  <1> hd_number	resb	1	; number of hard disks (for int 13h, fn 8h) */
   130 00000076 ??                  <1> control_byte	resb	1	; head control ???? */
   131 00000077 ??                  <1> port_offset	resb	1	; obsolete, maybe ???? */
   132                              <1> ; */
   133                              <1> ; Timeout counters */
   134 00000078 ????????            <1> printer_timeout	resb	4	; four bytes for each interaace */
   135 0000007C ????????            <1> serial_timeout	resb	4	; four bytes for each interacce */
   136                              <1> ; */
   137                              <1> ; Keyboard additional data area -- buffer location within segment 40h */
   138 00000080 ????                <1> buffer_start	resw	1	; offset of keyboard buffer start**/
   139 00000082 ????                <1> buffer_end	resw	1		; offset of end of kbd buffer */
   140                              <1> ; */
   141                              <1> ; EGA/PGA? data work area (graphic mode?  probably available) */
   142 00000084 ??                  <1> ega_rows	resb	1		; rows on the active screen (less 1)**/
   143 00000085 ????                <1> ega_points	resw	1		; bytes per charateer	*/
   144 00000087 ??                  <1> ega_info	resb	1		; mode options ????*//
   145 00000088 ??                  <1> ega_info_3	resb	1		; switch settings*//
   146 00000089 ????                <1> ega_rsvd	resb	2	; reserved for adapter mfgrs */
   147                              <1> ; */
   148                              <1> ; Disk / Diskette media data */
   149 0000008B ??                  <1> fd_last_data_rate	resb	1	; last data rate selected */
   150 0000008C ??                  <1> hd_status_reg	resb	1		; hard disk status register */
   151 0000008D ??                  <1> hd_error_reg	resb	1		; hard disk error register */
   152 0000008E ??                  <1> hd_int_flag	resb	1	; HD interrupt flag */
   153 0000008F ??                  <1> hd_cntrl	resb	1		; HD/FD combo controller bit flag */
   154 00000090 ????                <1> hd_media	resb	2	; media state */
   155 00000092 ????                <1> hd_op_start	resb	2	; operation start state */
   156 00000094 ????                <1> hd_track	resw	1		; HD present cylinder number */
   157                              <1> ; */
   158                              <1> ; Additional Keyboard flags */
   159 00000096 ??                  <1> kbd_flag3	resb	1	; mode state & type flags */
   160 00000097 ??                  <1> kbd_flag2	resb	1	; kbd LED flags */
   161                              <1> ; */
   162                              <1> ; Real Time Clock data area */
   163 00000098 ????????            <1> rtc_user_flag_addr	resd	1	; far address of user's wait flag */
   164 0000009C ????????            <1> rtc_user_wait_flag	resd	1	; user wait flag */
   165 000000A0 ??                  <1> rtc_wait_active	resb	1	; 01=busy, 80=posted, 00=post acknowledge */
   166                              <1> ; */
   167                              <1> ; Miscellaneous */
   168 000000A1 ??????????????      <1> rsvd_network	resb	7	; reserved for network adapters */
   169 000000A8 ????????            <1> ptr_ega_save	resd	1		; far pointer to EGA parameter control block */
   170                              <1> ; */
   171                              <1> ;	byte	rsvd_unused[84];	; reserved for 386EX usage */
   172 000000AC ????                <1> errno	resw	1				; library error flag (errno.h) */
   173 000000AE <res 29h>           <1> rsvd_unused	resb	41	; reserved for 386EX usage */
   174 000000D7 ????????            <1> serial_flags	resb	4	; flags for each serial device**/
   175 000000DB ????                <1> extended_memory	resw	1	; size of Extended Memory in Kilobytes */
   176                              <1> ; this size is stored in CMOS on the PC/AT */
   177 000000DD ????                <1> CPU_freq	resw	1	; CPU frequency in kilohertz */
   178 000000DF ????                <1> ebda_seg_ptr	resw	1		; for EBDA allocations; c.f., memory_size */
   179                              <1> ; */
   180                              <1> ; start of 31 bytes of NVRAM informaiion */
   181 000000E1 ????                <1> nvram_info	resb	2	; 31 bytes of NVRAM information (this may move)*//
   182                              <1> ; starts with 2 bytes of SIO0 params */
   183 000000E3 ????                <1> floppy_tab	resb	2		; floppy disk driver table */
   184 000000E5 ????????????????    <1> disk_tab	resb	8  		; hard disk driver table */
   185 000000ED <res 11h>           <1> nvram_unused	resb	17
   186 000000FE ????                <1> nvram_checksum	resw	1	; 31st byte of the NVRAM info */
   187                              <1> ; end of 31 bytes of NVRAM information */
   188                              <1> ; */
   189 00000100 ??                  <1> AT_status_byte	resb	1	; at 40:100h, 00500h, Print Screen Status byte*//
   190                              <1> ; 00=ready/ok  01=busy  0FF=error	*/
   191 00000101 ??                  <1> SRAM_size	resb	1	; size of SRAM in Kilobytes */
   192                              <1> ; */
   193                              <1> ; Extentsion to BDA during BIOS startup */
   194                              <1> ; */
   195                              <1> endstruc
   195          ******************  <1>  warning: segment attributes specified on redeclaration of segment: ignoring [-w+other]
    55                                  %include "stack.inc"
    56                              <1> XXX
    57                              <1> ; stack.h -- format of the stack formed by				*/
    58                              <1> ; */
    59                              <1> ;	PUSHM	ALL,DS,ES							*/
    60                              <1> ;	MOV	BP,SP									*/
    61                              <1> ; */
    62                              <1> ; */
    63                              <1> ; */
    64                              <1> struc _STD_STACK
    65 00000000 ????                <1> offset_di	resw	1		; PUSHA (all) save*//
    66 00000002 ????                <1> offset_si	resw	1
    67 00000004 ????                <1> offset_bp	resw	1
    68 00000006 ????                <1> offset_sp	resw	1
    69 00000008 ????                <1> offset_bx	resw	1
    70 0000000A ????                <1> offset_dx	resw	1
    71 0000000C ????                <1> offset_cx	resw	1
    72 0000000E ????                <1> offset_ax	resw	1
    73                              <1> ; */
    74 00000010 ????                <1> offset_ds	resw	1		; segment register aave */
    75 00000012 ????                <1> offset_es	resw	1
    76                              <1> ; */
    77 00000014 ????                <1> offset_ip	resw	1
    78 00000016 ????                <1> offset_cs	resw	1		; set for IRET */
    79 00000018 ????                <1> offset_flags	resw	1	; flag.0 is the Crrry */
    80                              <1> endstruc
    80          ******************  <1>  warning: segment attributes specified on redeclaration of segment: ignoring [-w+other]
    81                              <1> ; */
    56                                  %include "error.inc"
    57                              <1> XXX
    58                              <1> ; error.h -- defines for disk-specific error codes */
    59                              <1> ; */
    60                              <1> %define NO_ERROR	0
    61                              <1> %define INVALID_COMMAND		1
    62                              <1> %define ADDRESS_MARK_NOT_FOUND	2	; F */
    63                              <1> %define WRITE_PROTECTED		3	; F, SD */
    64                              <1> %define SECTOR_NOT_FOUND	4
    65                              <1> %define RESET_FAILED	5		; H */
    66                              <1> ; */
    67                              <1> %define DISK_REMOVED	6		; F, SD */
    68                              <1> %define	MEDIA_CHANGED	6
    69                              <1> ; */
    70                              <1> %define BAD_PARAMETER_TABLE	7
    71                              <1> %define DMA_OVERRUN		8		; F, H */
    72                              <1> ; */
    73                              <1> %define DMA_CROSSED_64K_BOUND	9
    74                              <1> %define DMA_BOUNDARY	9
    75                              <1> ; */
    76                              <1> %define BAD_SECTOR_FLAG	0x0A
    77                              <1> %define BAD_TRACK_FLAG	0x0B
    78                              <1> %define MEDIA_TYPE_NOT_FOUND	0x0C	; F */
    79                              <1> %define INVALID_NUMBER_OF_SECTORS	0x0D	; H */
    80                              <1> %define CONTROL_DATA_ADDRESS_MARK_DETECTED	0x0E	; H */
    81                              <1> %define DMA_ARBITRATION_LEVEL_OUT_OF_RANGE	0x0F	; H */
    82                              <1> %define BAD_CRC			0x10	; F */
    83                              <1> %define ECC_CORRECTED_DATA_ERROR	0x11	; H */
    84                              <1> %define CONTROLLER_FAILED		0x20
    85                              <1> %define BAD_SEEK		0x40
    86                              <1> %define TIME_OUT		0x80
    87                              <1> ; */
    88                              <1> %define DRIVE_NOT_READY		0xAA	; SD, H */
    89                              <1> %define UNDEFINED_ERROR		0xBB
    90                              <1> %define WRITE_FAULT		0xCC	; H */
    91                              <1> %define STATUS_REGISTER_ERROR	0xE0	; H */
    92                              <1> %define SENSE_OPERATION_FAILED	0xFF	; H */
    93                              <1> ; */
    94                              <1> ; */
    95                              <1> ; */
    96                              <1> ;---------- DISKETTE ERROR -------------------------------------	*/
    97                              <1> ; TIME_OUT	EQU	080H		; ATTACHMENT FAILED TO RESPOND		*/
    98                              <1> ; BAD_SEEK	EQU	040H		; SEEK OPERATION FAILED		*/
    99                              <1> ; BAD_NEC		EQU	020H		; DISKETTE CONTROLLER HAS FAILED		*/
   100                              <1> ; BAD_CRC		EQU	010H		; BAD CRC ON DISKETTE READ		*/
   101                              <1> ; DMA_BOUNDARY	EQU	009H		; ATTEMPT TO DMA ACROSS 64K BOUNDARY		*/
   102                              <1> ; BAD_DMA		EQU	008H		; DMA OVERRUN ON OPERATION		*/
   103                              <1> ; MEDIA_CHANGE	EQU	006H		; MEDIA REMOVED ON DUAL ATTACH CARD		*/
   104                              <1> ; RECORD_NOT_FND	EQU	004H		; REQUESTED SECTOR NOT FOUND		*/
   105                              <1> ; WRITE_PROTECT	EQU	003H		; WRITE ATTEMPTED ON WRITE PROTECT DISK		*/
   106                              <1> ; BAD_ADDR_MARK	EQU	002H		; ADDRESS MARK NOT FOUND		*/
   107                              <1> ; BAD_CMD		EQU	001H		; BAD COMMAND PASSED TO DISKETTE I/O		*/
   108                              <1> ; */
   109                              <1> ; */
    57                                  
    58                                  	global	int_40h
    59                                  	global	disk_base_360
    60                                  	global	disk_base_1200
    61                                  	global	disk_base_720
    62                                  	global	disk_base_1440
    63                                  	global	fd_param_table
    64                                  
    65                                  	extern	_fd_reset
    66                                  	extern	_fd_rw
    67                                  
    68                                  segment	_TEXT
    69                                  
    70                                  ;;;;;;;;;;;;;;;;;;;;;;;;;;;;;;;;;;;;;;;;;;;;;;;;;;;;;;;;;;;;;;;;;;;;;;;;;;;;;
    71                                  ; Geometry, by the drive type in bda.floppy_tab[].  The order matches the
    72                                  ; FD_ enum in "nvram.h", which is the PC/AT CMOS numbering: 1 is 360Kb,
    73                                  ; 2 is 1.2Mb, 3 is 720Kb, 4 is 1.44Mb.  Those numbers are what INT 13h
    74                                  ; function 15h hands back, and software has recognised them since 1984.
    75                                  ;
    76                                  ;	cylinders, heads, sectors per track
    77                                  ;;;;;;;;;;;;;;;;;;;;;;;;;;;;;;;;;;;;;;;;;;;;;;;;;;;;;;;;;;;;;;;;;;;;;;;;;;;;;
    78                                  	align	2
    79                                  fd_geom:
    80 00000000 000000                  	db	0,  0,  0		; FD_NONE
    81 00000003 280209                  	db	40, 2,  9		; FD_360
    82 00000006 50020F                  	db	80, 2, 15		; FD_1200
    83 00000009 500209                  	db	80, 2,  9		; FD_720
    84 0000000C 500212                  	db	80, 2, 18		; FD_1440
    85                                  FD_TYPES	equ	($-fd_geom)/3
    86                                  
    87                                  ;
    88                                  ; The INT 1Eh disk base tables, one per type.  They differ in the places
    89                                  ; that matter to a reader: sectors per track, the gap lengths, and the
    90                                  ; motor start time.  INT 13h function 08h hands back the one that belongs
    91                                  ; to the drive being asked about.
    92                                  ;
    93 0000000F 90                      	align	2
    94                                  fd_param_table:
    95 00000010 [1A00]                  	dw	disk_base_none
    96 00000012 [3B00]                  	dw	disk_base_360
    97 00000014 [2500]                  	dw	disk_base_1200
    98 00000016 [3000]                  	dw	disk_base_720
    99 00000018 [1A00]                  	dw	disk_base_1440
   100                                  
   101                                  disk_base_none:
   102                                  disk_base_1440:
   103 0000001A DF                      	db	0xDF		; step rate 0Dh, head unload time Fh
   104 0000001B 02                      	db	0x02		; head load time 1, DMA used
   105 0000001C 25                      	db	0x25		; ticks before the motor stops
   106 0000001D 02                      	db	0x02		; bytes per sector, 2 = 512
   107 0000001E 12                      	db	18		; sectors per track
   108 0000001F 1B                      	db	0x1B		; gap length between sectors
   109 00000020 FF                      	db	0xFF		; data length
   110 00000021 54                      	db	0x54		; gap length when formatting
   111 00000022 F6                      	db	0xF6		; fill byte for formatting
   112 00000023 0F                      	db	0x0F		; head settle time, milliseconds
   113 00000024 08                      	db	0x08		; motor start time, eighths of a second
   114                                  
   115                                  disk_base_1200:
   116 00000025 DF022502                	db	0xDF, 0x02, 0x25, 0x02
   117 00000029 0F                      	db	15
   118 0000002A 1BFF54F60F08            	db	0x1B, 0xFF, 0x54, 0xF6, 0x0F, 0x08
   119                                  
   120                                  disk_base_720:
   121 00000030 DF022502                	db	0xDF, 0x02, 0x25, 0x02
   122 00000034 09                      	db	9
   123 00000035 2AFF50F60F08            	db	0x2A, 0xFF, 0x50, 0xF6, 0x0F, 0x08
   124                                  
   125                                  disk_base_360:
   126 0000003B DF022502                	db	0xDF, 0x02, 0x25, 0x02
   127 0000003F 09                      	db	9
   128 00000040 2AFF50F60F08            	db	0x2A, 0xFF, 0x50, 0xF6, 0x0F, 0x08
   129                                  
   130                                  
   131                                  ;;;;;;;;;;;;;;;;;;;;;;;;;;;;;;;;;;;;;;;;;;;;;;;;;;;;;;;;;;;;;;;;;;;;;;;;;;;;;
   132                                  ; fd_type -- the configured type of the drive in DL
   133                                  ;
   134                                  ;    Exit with:
   135                                  ;	AL	the FD_ type, 0 if the drive is not configured or not there
   136                                  ;	SI	its entry in fd_geom
   137                                  ;	Carry set if there is no such drive
   138                                  ;;;;;;;;;;;;;;;;;;;;;;;;;;;;;;;;;;;;;;;;;;;;;;;;;;;;;;;;;;;;;;;;;;;;;;;;;;;;;
   139                                  ; The drive comes from the saved frame, not from the live DL.  rw_common
   140                                  ; uses DX as its sectors-completed counter, so by the time fd_next asks for
   141                                  ; the geometry mid-transfer the live DL is a count, not a drive -- which
   142                                  ; fetched the wrong track layout, stepped the head and cylinder wrongly, and
   143                                  ; seeked somewhere that was not there.  The first sector always worked,
   144                                  ; which is why a DIR of a root directory inside one track never showed it.
   145                                  fd_type:
   146 00000046 53                      	push	bx
   147 00000047 1E                      	push	ds
   148 00000048 6A401F                  	get_bda	DS
   149                                  
   150 0000004B 0FB65E0A                	movzx	bx,byte [bp+offset_dx]	; BP is SS-relative, so this reads the
   151                                  					;  caller's DL whatever DS now is
   152 0000004F 80FB02                  	cmp	bl,2			; two drives is all a PC cable has
   153 00000052 731D                    	jnb	.bad
   154 00000054 8A87E300                	mov	al,[bx+floppy_tab]
   155 00000058 3C05                    	cmp	al,FD_TYPES
   156 0000005A 7315                    	jnb	.bad
   157 0000005C 08C0                    	or	al,al
   158 0000005E 7411                    	jz	.bad
   159                                  
   160 00000060 0FB6F0                  	movzx	si,al			; AL * 3 into the geometry table
   161 00000063 89F3                    	mov	bx,si			; BX is already saved
   162 00000065 01F6                    	add	si,si
   163 00000067 01DE                    	add	si,bx			;  -- and AX may have rubbish in AH,
   164 00000069 81C6[0000]              	add	si,fd_geom		;     which is why BX does the adding
   165 0000006D F8                      	clc
   166                                  .9:
   167 0000006E 1F                      	pop	ds
   168 0000006F 5B                      	pop	bx
   169 00000070 C3                      	ret
   170                                  .bad:
   171 00000071 30C0                    	xor	al,al
   172 00000073 F9                      	stc
   173 00000074 EBF8                    	jmp	short .9
   174                                  
   175                                  
   176                                  ;;;;;;;;;;;;;;;;;;;;;;;;;;;;;;;;;;;;;;;;;;;;;;;;;;;;;;;;;;;;;;;;;;;;;;;;;;;;;
   177                                  ; INT 40h
   178                                  ;;;;;;;;;;;;;;;;;;;;;;;;;;;;;;;;;;;;;;;;;;;;;;;;;;;;;;;;;;;;;;;;;;;;;;;;;;;;;
   179                                  ; This was neutralised for a while behind a FLOPPY_INT13 define, bisecting a
   180                                  ; boot failure that turned out to be a corrupt CF image -- the card would not
   181                                  ; boot on another PC either.  The switch is gone; it was chasing a fault that
   182                                  ; was never in this file.
   183                                  int_40h:
   184 00000076 FB                      	sti
   185 00000077 061E60                  	pushm	all,ds,es
   186 0000007A 89E5                    	mov	bp,sp
   187 0000007C FC                      	cld
   188                                  
   189 0000007D 80FC00                  	cmp	ah,0x00
   190 00000080 744C                    	je	fn00_reset
   191 00000082 80FC01                  	cmp	ah,0x01
   192 00000085 745B                    	je	fn01_status
   193 00000087 80FC02                  	cmp	ah,0x02
   194 0000008A 7472                    	je	fn02_read
   195 0000008C 80FC03                  	cmp	ah,0x03
   196 0000008F 7468                    	je	fn03_write
   197 00000091 80FC04                  	cmp	ah,0x04
   198 00000094 745F                    	je	fn04_verify
   199 00000096 80FC08                  	cmp	ah,0x08
   200 00000099 0F844A01                	je	fn08_params
   201 0000009D 80FC15                  	cmp	ah,0x15
   202 000000A0 0F849601                	je	fn15_type
   203                                  
   204 000000A4 B401                    	mov	ah,INVALID_COMMAND
   205                                  ; fall through
   206                                  
   207                                  ;
   208                                  ; Return paths.  AH carries the status and the Carry says whether it is an
   209                                  ; error, which is what floppy_call propagates when it does its RETF 2.
   210                                  ;
   211                                  fd_error:
   212 000000A6 88660F                  	mov	[bp+offset_ax+1],ah
   213 000000A9 1E                      	push	ds
   214 000000AA 6A401F                  	get_bda	DS
   215 000000AD 88264100                	mov	[fd_status],ah
   216 000000B1 1F                      	pop	ds
   217 000000B2 611F07                  	popm	all,ds,es
   218 000000B5 F9                      	stc
   219 000000B6 CA0200                  	retf	2
   220                                  
   221                                  fd_good:
   222 000000B9 C6460F00                	mov	byte [bp+offset_ax+1],0
   223 000000BD 1E                      	push	ds
   224 000000BE 6A401F                  	get_bda	DS
   225 000000C1 C606410000              	mov	byte [fd_status],0
   226 000000C6 1F                      	pop	ds
   227 000000C7 611F07                  	popm	all,ds,es
   228 000000CA F8                      	clc
   229 000000CB CA0200                  	retf	2
   230                                  
   231                                  
   232                                  ;;;;;;;;;;;;;;;;;;;;;;;;;;;;;;;;;;;;;;;;;;;;;;;;;;;;;;;;;;;;;;;;;;;;;;;;;;;;;
   233                                  ; 00h -- reset.  Pulses the controller's reset line and re-specifies it.
   234                                  ;;;;;;;;;;;;;;;;;;;;;;;;;;;;;;;;;;;;;;;;;;;;;;;;;;;;;;;;;;;;;;;;;;;;;;;;;;;;;
   235                                  fn00_reset:
   236 000000CE 1E                      	push	ds
   237 000000CF B8[ssss]                	mov	ax,DGROUP		; the driver in diskfdc.c reaches the
   238 000000D2 8ED8                    	mov	ds,ax			;  BDA through bda_ptr, which lives in
   239 000000D4 E8(0000)                	call	_fd_reset		;  DGROUP -- and INT 40h arrives with
   240 000000D7 1F                      	pop	ds			;  whatever DS the caller had
   241 000000D8 08C0                    	or	al,al
   242 000000DA 7502                    	jnz	.1
   243 000000DC EBDB                    	jmp	fd_good
   244 000000DE 88C4                    .1:	mov	ah,al
   245 000000E0 EBC4                    	jmp	fd_error
   246                                  
   247                                  
   248                                  ;;;;;;;;;;;;;;;;;;;;;;;;;;;;;;;;;;;;;;;;;;;;;;;;;;;;;;;;;;;;;;;;;;;;;;;;;;;;;
   249                                  ; 01h -- the status of the last operation.  DOS reads this after a failure.
   250                                  ;;;;;;;;;;;;;;;;;;;;;;;;;;;;;;;;;;;;;;;;;;;;;;;;;;;;;;;;;;;;;;;;;;;;;;;;;;;;;
   251                                  fn01_status:
   252 000000E2 1E                      	push	ds
   253 000000E3 6A401F                  	get_bda	DS
   254 000000E6 8A264100                	mov	ah,[fd_status]
   255 000000EA 1F                      	pop	ds
   256 000000EB 88660F                  	mov	[bp+offset_ax+1],ah
   257 000000EE 611F07                  	popm	all,ds,es
   258 000000F1 F8                      	clc
   259 000000F2 CA0200                  	retf	2
   260                                  
   261                                  
   262                                  ;;;;;;;;;;;;;;;;;;;;;;;;;;;;;;;;;;;;;;;;;;;;;;;;;;;;;;;;;;;;;;;;;;;;;;;;;;;;;
   263                                  ; 02h / 03h / 04h -- read, write, verify
   264                                  ;
   265                                  ;  Enter with:
   266                                  ;	AL	sectors to transfer
   267                                  ;	CH	cylinder, CL bits 5:0 sector, bits 7:6 cylinder high
   268                                  ;	DH	head
   269                                  ;	DL	drive
   270                                  ;	ES:BX	buffer
   271                                  ;
   272                                  ;  Exit with:
   273                                  ;	AL	sectors actually transferred
   274                                  ;
   275                                  ; One sector per driver call, stepping the address on afterwards.  Verify
   276                                  ; reads into the same buffer over and over and throws the data away: proving
   277                                  ; the sectors read back is the whole of what verify is for.
   278                                  ;;;;;;;;;;;;;;;;;;;;;;;;;;;;;;;;;;;;;;;;;;;;;;;;;;;;;;;;;;;;;;;;;;;;;;;;;;;;;
   279                                  fn04_verify:
   280 000000F5 31FF                    	xor	di,di			; verify reads; the buffer is not
   281 000000F7 EB07                    	jmp	short rw_common		;  advanced, which is what makes it
   282                                  fn03_write:				;  a verify rather than a read
   283 000000F9 BF0100                  	mov	di,1
   284 000000FC EB02                    	jmp	short rw_common
   285                                  fn02_read:
   286 000000FE 31FF                    	xor	di,di
   287                                  rw_common:
   288 00000100 E843FF                  	call	fd_type
   289 00000103 0F828B00                	jc	.nodrive
   290 00000107 88C7                    	mov	bh,al			; BH = the FD_ type
   291                                  
   292 00000109 0FB64E0E                	movzx	cx,byte [bp+offset_ax]	; sectors wanted
   293 0000010D E36D                    	jcxz	.done			; nothing asked for
   294                                  
   295 0000010F 89CE                    	mov	si,cx			; SI counts down
   296 00000111 31D2                    	xor	dx,dx			; DX counts up: how many worked
   297                                  
   298                                  .loop:
   299 00000113 53525756                	pushm	si,di,dx,bx
   300 00000117 1E                      	push	ds			; restored after the call below
   301                                  
   302                                  ;
   303                                  ; fd_rw(write, drive, fdtype, cyl, head, sec, buf) -- __cdecl, so every
   304                                  ; argument goes on the stack, rightmost first, and the caller takes them
   305                                  ; off again.  Six words and a far pointer is sixteen bytes.
   306                                  ;
   307                                  ; The arguments are read through BP, which is SS-relative, so they can be
   308                                  ; pushed before DS is changed.  DS has to be DGROUP by the time the call
   309                                  ; happens and cannot be changed before the pushes -- a saved DS sitting
   310                                  ; between the arguments and the return address would be read as the first
   311                                  ; argument.
   312                                  ;
   313 00000118 FF7612                  	push	word [bp+offset_es]	; buf: segment first, so the offset
   314 0000011B FF7608                  	push	word [bp+offset_bx]	;  lands at the lower address
   315                                  
   316 0000011E 0FB6460C                	movzx	ax,byte [bp+offset_cx]	; CL: sector in bits 5:0
   317 00000122 83E03F                  	and	ax,0x3F
   318 00000125 50                      	push	ax
   319                                  
   320 00000126 0FB6460B                	movzx	ax,byte [bp+offset_dx+1]	; DH: head
   321 0000012A 50                      	push	ax
   322                                  
   323 0000012B 8A4E0C                  	mov	cl,[bp+offset_cx]	; the cylinder is split: CH is its
   324 0000012E 80E1C0                  	and	cl,0xC0			;  low eight bits and CL bits 7:6
   325 00000131 0FB6C9                  	movzx	cx,cl			;  are bits 9:8
   326 00000134 C1E102                  	shl	cx,2
   327 00000137 0FB6460D                	movzx	ax,byte [bp+offset_cx+1]
   328 0000013B 09C8                    	or	ax,cx
   329 0000013D 50                      	push	ax
   330                                  
   331 0000013E 0FB6C7                  	movzx	ax,bh			; the configured drive type
   332 00000141 50                      	push	ax
   333                                  
   334 00000142 0FB6460A                	movzx	ax,byte [bp+offset_dx]	; DL: drive, 0 or 1
   335 00000146 83E001                  	and	ax,1
   336 00000149 50                      	push	ax
   337                                  
   338 0000014A 57                      	push	di			; write?
   339                                  
   340 0000014B B8[ssss]                	mov	ax,DGROUP
   341 0000014E 8ED8                    	mov	ds,ax
   342 00000150 E8(0000)                	call	_fd_rw
   343 00000153 83C410                  	add	sp,16
   344                                  
   345 00000156 1F                      	pop	ds
   346 00000157 5E5F5A5B                	popm	si,di,dx,bx
   347                                  
   348 0000015B 09C0                    	or	ax,ax
   349 0000015D 7523                    	jnz	.failed
   350                                  
   351 0000015F 42                      	inc	dx			; one more done
   352 00000160 4E                      	dec	si
   353 00000161 7419                    	jz	.done
   354                                  
   355                                  	; step to the next sector, wrapping head then cylinder
   356 00000163 E83500                  	call	fd_next
   357 00000166 7222                    	jc	.badseek
   358                                  
   359                                  	; A verify has no buffer of its own: it reads each sector over the
   360                                  	; last one and throws the data away, which is the whole of what
   361                                  	; verify is.  Everything else advances, carrying across 64K.
   362 00000168 807E0F04                	cmp	byte [bp+offset_ax+1],4
   363 0000016C 74A5                    	je	.loop
   364                                  
   365 0000016E 8146080002              	add	word [bp+offset_bx],512
   366 00000173 739E                    	jnc	.loop
   367 00000175 8146120010              	add	word [bp+offset_es],0x1000
   368 0000017A EB97                    	jmp	.loop
   369                                  
   370                                  .done:
   371 0000017C 88560E                  	mov	[bp+offset_ax],dl	; sectors transferred
   372 0000017F E937FF                  	jmp	fd_good
   373                                  
   374                                  .failed:
   375 00000182 88560E                  	mov	[bp+offset_ax],dl	; how many made it
   376 00000185 88C4                    	mov	ah,al
   377 00000187 E91CFF                  	jmp	fd_error
   378                                  
   379                                  .badseek:
   380 0000018A 88560E                  	mov	[bp+offset_ax],dl
   381 0000018D B404                    	mov	ah,SECTOR_NOT_FOUND
   382 0000018F E914FF                  	jmp	fd_error
   383                                  
   384                                  .nodrive:
   385 00000192 C6460E00                	mov	byte [bp+offset_ax],0
   386 00000196 B480                    	mov	ah,TIME_OUT		; nothing configured there
   387 00000198 E90BFF                  	jmp	fd_error
   388                                  
   389                                  
   390                                  ;;;;;;;;;;;;;;;;;;;;;;;;;;;;;;;;;;;;;;;;;;;;;;;;;;;;;;;;;;;;;;;;;;;;;;;;;;;;;
   391                                  ; fd_next -- step CH/CL/DH on to the next sector
   392                                  ;
   393                                  ; Sectors count from 1 to the track's last, then the head flips, then the
   394                                  ; cylinder steps.  Carry set if that runs off the end of the disk.
   395                                  ;;;;;;;;;;;;;;;;;;;;;;;;;;;;;;;;;;;;;;;;;;;;;;;;;;;;;;;;;;;;;;;;;;;;;;;;;;;;;
   396                                  fd_next:
   397 0000019B 56515350                	pushm	ax,bx,cx,si
   398 0000019F E8A4FE                  	call	fd_type
   399 000001A2 7240                    	jc	.bad
   400                                  
   401 000001A4 2E8A5C02                    cs	mov	bl,[si+2]		; sectors per track
   402 000001A8 2E8A7C01                    cs	mov	bh,[si+1]		; heads
   403 000001AC 2E8A2C                      cs	mov	ch,[si]			; cylinders
   404                                  
   405 000001AF 8A460C                  	mov	al,[bp+offset_cx]
   406 000001B2 88C4                    	mov	ah,al
   407 000001B4 243F                    	and	al,0x3F			; the sector
   408 000001B6 FEC0                    	inc	al
   409 000001B8 38D8                    	cmp	al,bl
   410 000001BA 761A                    	jbe	.putsec
   411                                  
   412 000001BC B001                    	mov	al,1			; wrap to sector 1
   413 000001BE FE460B                  	inc	byte [bp+offset_dx+1]	; next head
   414 000001C1 8A4E0B                  	mov	cl,[bp+offset_dx+1]
   415 000001C4 38F9                    	cmp	cl,bh
   416 000001C6 720E                    	jb	.putsec
   417                                  
   418 000001C8 C6460B00                	mov	byte [bp+offset_dx+1],0	; back to head 0
   419 000001CC FE460D                  	inc	byte [bp+offset_cx+1]	; next cylinder
   420 000001CF 8A4E0D                  	mov	cl,[bp+offset_cx+1]
   421 000001D2 38E9                    	cmp	cl,ch
   422 000001D4 730E                    	jnb	.bad			; off the end of the disk
   423                                  .putsec:
   424 000001D6 80E4C0                  	and	ah,0xC0			; keep the cylinder high bits
   425 000001D9 08C4                    	or	ah,al
   426 000001DB 88660C                  	mov	[bp+offset_cx],ah
   427 000001DE F8                      	clc
   428                                  .9:
   429 000001DF 585B595E                	popm	ax,bx,cx,si
   430 000001E3 C3                      	ret
   431                                  .bad:
   432 000001E4 F9                      	stc
   433 000001E5 EBF8                    	jmp	short .9
   434                                  
   435                                  
   436                                  ;;;;;;;;;;;;;;;;;;;;;;;;;;;;;;;;;;;;;;;;;;;;;;;;;;;;;;;;;;;;;;;;;;;;;;;;;;;;;
   437                                  ; 08h -- get drive parameters
   438                                  ;
   439                                  ;  Exit with:
   440                                  ;	CH	last cylinder, CL bits 5:0 sectors per track
   441                                  ;	DH	last head
   442                                  ;	DL	number of floppy drives configured
   443                                  ;	BL	the drive type
   444                                  ;	ES:DI	the disk base table for it
   445                                  ;;;;;;;;;;;;;;;;;;;;;;;;;;;;;;;;;;;;;;;;;;;;;;;;;;;;;;;;;;;;;;;;;;;;;;;;;;;;;
   446                                  fn08_params:
   447 000001E7 E85CFE                  	call	fd_type
   448 000001EA 7236                    	jc	.nodrive
   449                                  
   450 000001EC 884608                  	mov	[bp+offset_bx],al	; BL = the type
   451 000001EF 0FB6D8                  	movzx	bx,al
   452                                  
   453 000001F2 2E8A24                      cs	mov	ah,[si]			; cylinders
   454 000001F5 FECC                    	dec	ah
   455 000001F7 88660D                  	mov	[bp+offset_cx+1],ah	; CH = last cylinder
   456 000001FA 2E8A4402                    cs	mov	al,[si+2]		; sectors per track
   457 000001FE 88460C                  	mov	[bp+offset_cx],al	; CL, and no cylinder above 255 here
   458 00000201 2E8A4401                    cs	mov	al,[si+1]		; heads
   459 00000205 FEC8                    	dec	al
   460 00000207 88460B                  	mov	[bp+offset_dx+1],al	; DH = last head
   461                                  
   462 0000020A 01DB                    	add	bx,bx
   463 0000020C 2E8BBF[1000]                cs	mov	di,[bx+fd_param_table]
   464 00000211 897E00                  	mov	[bp+offset_di],di
   465 00000214 8CC8                    	mov	ax,cs
   466 00000216 894612                  	mov	[bp+offset_es],ax
   467                                  
   468 00000219 E83100                  	call	fd_count
   469 0000021C 88460A                  	mov	[bp+offset_dx],al
   470 0000021F E997FE                  	jmp	fd_good
   471                                  
   472                                  .nodrive:
   473 00000222 C7460C0000              	mov	word [bp+offset_cx],0
   474 00000227 C6460B00                	mov	byte [bp+offset_dx+1],0
   475 0000022B E81F00                  	call	fd_count
   476 0000022E 88460A                  	mov	[bp+offset_dx],al
   477 00000231 C6460800                	mov	byte [bp+offset_bx],0
   478 00000235 B480                    	mov	ah,TIME_OUT
   479 00000237 E96CFE                  	jmp	fd_error
   480                                  
   481                                  
   482                                  ;;;;;;;;;;;;;;;;;;;;;;;;;;;;;;;;;;;;;;;;;;;;;;;;;;;;;;;;;;;;;;;;;;;;;;;;;;;;;
   483                                  ; 15h -- get disk type
   484                                  ;
   485                                  ;	AH	0 none, 1 no change line, 2 change line supported
   486                                  ;;;;;;;;;;;;;;;;;;;;;;;;;;;;;;;;;;;;;;;;;;;;;;;;;;;;;;;;;;;;;;;;;;;;;;;;;;;;;
   487                                  fn15_type:
   488 0000023A E809FE                  	call	fd_type
   489 0000023D B401                    	mov	ah,1			; a drive with no change line
   490 0000023F 7302                    	jnc	.1
   491 00000241 30E4                    	xor	ah,ah			; nothing configured there
   492                                  .1:
   493 00000243 88660F                  	mov	[bp+offset_ax+1],ah
   494 00000246 611F07                  	popm	all,ds,es
   495 00000249 F8                      	clc
   496 0000024A CA0200                  	retf	2
   497                                  
   498                                  
   499                                  ;;;;;;;;;;;;;;;;;;;;;;;;;;;;;;;;;;;;;;;;;;;;;;;;;;;;;;;;;;;;;;;;;;;;;;;;;;;;;
   500                                  ; fd_count -- how many floppy drives are configured, in AL
   501                                  ;;;;;;;;;;;;;;;;;;;;;;;;;;;;;;;;;;;;;;;;;;;;;;;;;;;;;;;;;;;;;;;;;;;;;;;;;;;;;
   502                                  fd_count:
   503 0000024D 1E                      	push	ds
   504 0000024E 6A401F                  	get_bda	DS
   505 00000251 30C0                    	xor	al,al
   506 00000253 803EE30000              	cmp	byte [floppy_tab],0
   507 00000258 7402                    	je	.1
   508 0000025A FEC0                    	inc	al
   509                                  .1:
   510 0000025C 803EE40000              	cmp	byte [floppy_tab+1],0
   511 00000261 7402                    	je	.2
   512 00000263 FEC0                    	inc	al
   513                                  .2:
   514 00000265 1F                      	pop	ds
   515 00000266 C3                      	ret
