Module: /mnt/fileserver/Vintage/Projects/SBC80386EX/SBC386/bios/diskfdc.c
GROUP: 'DGROUP' CONST,CONST2,_DATA

File contains no line numbers.
Segment: _TEXT BYTE USE16 0000055B bytes
0000                          fd_wait_:
0000    53                        push        bx 
0001    51                        push        cx 
0002    52                        push        dx 
0003    88 C2                     mov         dl,al 
0005    C4 1E 00 00               les         bx,dword ptr _bda_ptr 
0009    26 8B 4F 6C               mov         cx,word ptr es:0x6c[bx] 
000D                          L$1:
000D    B8 36 04                  mov         ax,0x0436 
0010    E8 00 00                  call        inp_ 
0013    89 C3                     mov         bx,ax 
0015    30 E7                     xor         bh,ah 
0017    80 E3 E0                  and         bl,0xe0 
001A    0F B6 C2                  movzx       ax,dl 
001D    39 C3                     cmp         bx,ax 
001F    75 04                     jne         L$2 
0021    31 C0                     xor         ax,ax 
0023    EB 12                     jmp         L$3 
0025                          L$2:
0025    C4 1E 00 00               les         bx,dword ptr _bda_ptr 
0029    26 8B 47 6C               mov         ax,word ptr es:0x6c[bx] 
002D    29 C8                     sub         ax,cx 
002F    3D 24 00                  cmp         ax,0x0024 
0032    72 D9                     jb          L$1 
0034    B8 FF FF                  mov         ax,0xffff 
0037                          L$3:
0037    5A                        pop         dx 
0038    59                        pop         cx 
0039    5B                        pop         bx 
003A    C3                        ret         
003B                          fd_out_:
003B    52                        push        dx 
003C    89 C2                     mov         dx,ax 
003E    B8 80 00                  mov         ax,0x0080 
0041    E8 00 00                  call        fd_wait_ 
0044    85 C0                     test        ax,ax 
0046    74 05                     je          L$4 
0048    B8 FF FF                  mov         ax,0xffff 
004B    5A                        pop         dx 
004C    C3                        ret         
004D                          L$4:
004D    B8 37 04                  mov         ax,0x0437 
0050    30 F6                     xor         dh,dh 
0052    E8 00 00                  call        outp_ 
0055    31 C0                     xor         ax,ax 
0057    5A                        pop         dx 
0058    C3                        ret         
0059                          fd_in_:
0059    53                        push        bx 
005A    89 C3                     mov         bx,ax 
005C    B8 C0 00                  mov         ax,0x00c0 
005F    E8 00 00                  call        fd_wait_ 
0062    85 C0                     test        ax,ax 
0064    74 05                     je          L$5 
0066    B8 FF FF                  mov         ax,0xffff 
0069    5B                        pop         bx 
006A    C3                        ret         
006B                          L$5:
006B    B8 37 04                  mov         ax,0x0437 
006E    E8 00 00                  call        inp_ 
0071    8E C2                     mov         es,dx 
0073    26 88 07                  mov         byte ptr es:[bx],al 
0076    31 C0                     xor         ax,ax 
0078    5B                        pop         bx 
0079    C3                        ret         
007A                          fd_sense_:
007A    56                        push        si 
007B    57                        push        di 
007C    89 C6                     mov         si,ax 
007E    89 D7                     mov         di,dx 
0080    8E C2                     mov         es,dx 
0082    26 C6 04 80               mov         byte ptr es:[si],0x80 
0086    8E C1                     mov         es,cx 
0088    B8 08 00                  mov         ax,0x0008 
008B    26 C6 07 00               mov         byte ptr es:[bx],0x00 
008F    E8 00 00                  call        fd_out_ 
0092    85 C0                     test        ax,ax 
0094    74 06                     je          L$7 
0096                          L$6:
0096    B8 FF FF                  mov         ax,0xffff 
0099    5F                        pop         di 
009A    5E                        pop         si 
009B    C3                        ret         
009C                          L$7:
009C    89 F0                     mov         ax,si 
009E    E8 00 00                  call        fd_in_ 
00A1    85 C0                     test        ax,ax 
00A3    75 F1                     jne         L$6 
00A5    8E C7                     mov         es,di 
00A7    26 80 3C 80               cmp         byte ptr es:[si],0x80 
00AB    74 0B                     je          L$8 
00AD    89 D8                     mov         ax,bx 
00AF    89 CA                     mov         dx,cx 
00B1    E8 00 00                  call        fd_in_ 
00B4    85 C0                     test        ax,ax 
00B6    75 DE                     jne         L$6 
00B8                          L$8:
00B8    5F                        pop         di 
00B9    5E                        pop         si 
00BA    C3                        ret         
00BB                          fd_seek_done_:
00BB    52                        push        dx 
00BC    56                        push        si 
00BD    57                        push        di 
00BE    C8 02 00 00               enter       0x0002,0x00 
00C2    50                        push        ax 
00C3    89 DE                     mov         si,bx 
00C5    89 4E FE                  mov         word ptr -0x2[bp],cx 
00C8    C4 1E 00 00               les         bx,dword ptr _bda_ptr 
00CC    26 8B 7F 6C               mov         di,word ptr es:0x6c[bx] 
00D0                          L$9:
00D0    8B 5E 0A                  mov         bx,word ptr 0xa[bp] 
00D3    8B 4E 0C                  mov         cx,word ptr 0xc[bp] 
00D6    8B 56 FE                  mov         dx,word ptr -0x2[bp] 
00D9    89 F0                     mov         ax,si 
00DB    E8 00 00                  call        fd_sense_ 
00DE    85 C0                     test        ax,ax 
00E0    75 24                     jne         L$11 
00E2    8E 46 FE                  mov         es,word ptr -0x2[bp] 
00E5    26 8A 04                  mov         al,byte ptr es:[si] 
00E8    3C 80                     cmp         al,0x80 
00EA    74 0B                     je          L$10 
00EC    24 03                     and         al,0x03 
00EE    3A 46 FC                  cmp         al,byte ptr -0x4[bp] 
00F1    75 04                     jne         L$10 
00F3    31 C0                     xor         ax,ax 
00F5    EB 12                     jmp         L$12 
00F7                          L$10:
00F7    C4 1E 00 00               les         bx,dword ptr _bda_ptr 
00FB    26 8B 47 6C               mov         ax,word ptr es:0x6c[bx] 
00FF    29 F8                     sub         ax,di 
0101    3D 24 00                  cmp         ax,0x0024 
0104    72 CA                     jb          L$9 
0106                          L$11:
0106    B8 FF FF                  mov         ax,0xffff 
0109                          L$12:
0109    C9                        leave       
010A    5F                        pop         di 
010B    5E                        pop         si 
010C    5A                        pop         dx 
010D    C2 04 00                  ret         0x0004 
0110                          fd_specify_:
0110    B8 03 00                  mov         ax,0x0003 
0113    E8 00 00                  call        fd_out_ 
0116    85 C0                     test        ax,ax 
0118    74 04                     je          L$14 
011A                          L$13:
011A    B8 FF FF                  mov         ax,0xffff 
011D    C3                        ret         
011E                          L$14:
011E    B8 DF 00                  mov         ax,0x00df 
0121    E8 00 00                  call        fd_out_ 
0124    85 C0                     test        ax,ax 
0126    75 F2                     jne         L$13 
0128    B8 03 00                  mov         ax,0x0003 
012B    E8 00 00                  call        fd_out_ 
012E    85 C0                     test        ax,ax 
0130    75 E8                     jne         L$13 
0132    C3                        ret         

Routine Size: 307 bytes,    Routine Base: _TEXT + 0000

0133                          _fd_reset:
0133    56                        push        si 
0134    C8 04 00 00               enter       0x0004,0x00 
0138    C4 1E 00 00               les         bx,dword ptr _bda_ptr 
013C    26 8A 47 3F               mov         al,byte ptr es:0x3f[bx] 
0140    24 7F                     and         al,0x7f 
0142    0F B6 D0                  movzx       dx,al 
0145    26 88 47 3F               mov         byte ptr es:0x3f[bx],al 
0149    B8 38 04                  mov         ax,0x0438 
014C    E8 00 00                  call        outp_ 
014F    31 D2                     xor         dx,dx 
0151                          L$15:
0151    B8 36 04                  mov         ax,0x0436 
0154    42                        inc         dx 
0155    E8 00 00                  call        inp_ 
0158    81 FA C8 00               cmp         dx,0x00c8 
015C    7C F3                     jl          L$15 
015E    C4 1E 00 00               les         bx,dword ptr _bda_ptr 
0162    26 8A 47 3F               mov         al,byte ptr es:0x3f[bx] 
0166    0C 80                     or          al,0x80 
0168    0F B6 D0                  movzx       dx,al 
016B    26 88 47 3F               mov         byte ptr es:0x3f[bx],al 
016F    B8 38 04                  mov         ax,0x0438 
0172    E8 00 00                  call        outp_ 
0175    C4 1E 00 00               les         bx,dword ptr _bda_ptr 
0179    26 8B 77 6C               mov         si,word ptr es:0x6c[bx] 
017D                          L$16:
017D    B8 36 04                  mov         ax,0x0436 
0180    E8 00 00                  call        inp_ 
0183    3D 80 00                  cmp         ax,0x0080 
0186    74 11                     je          L$17 
0188    C4 1E 00 00               les         bx,dword ptr _bda_ptr 
018C    26 8B 47 6C               mov         ax,word ptr es:0x6c[bx] 
0190    29 F0                     sub         ax,si 
0192    3D 24 00                  cmp         ax,0x0024 
0195    72 E6                     jb          L$16 
0197    EB 1F                     jmp         L$21 
0199                          L$17:
0199    31 F6                     xor         si,si 
019B    EB 06                     jmp         L$19 
019D                          L$18:
019D    46                        inc         si 
019E    83 FE 04                  cmp         si,0x0004 
01A1    7D 20                     jge         L$22 
01A3                          L$19:
01A3    8D 5E FC                  lea         bx,-0x4[bp] 
01A6    8D 46 FE                  lea         ax,-0x2[bp] 
01A9    8C D1                     mov         cx,ss 
01AB    8C D2                     mov         dx,ss 
01AD    E8 00 00                  call        fd_sense_ 
01B0    85 C0                     test        ax,ax 
01B2    74 E9                     je          L$18 
01B4                          L$20:
01B4    C4 1E 00 00               les         bx,dword ptr _bda_ptr 
01B8                          L$21:
01B8    B8 20 00                  mov         ax,0x0020 
01BB    26 C6 47 41 20            mov         byte ptr es:0x41[bx],0x20 
01C0    C9                        leave       
01C1    5E                        pop         si 
01C2    C3                        ret         
01C3                          L$22:
01C3    E8 4A FF                  call        fd_specify_ 
01C6    85 C0                     test        ax,ax 
01C8    75 EA                     jne         L$20 
01CA    C4 1E 00 00               les         bx,dword ptr _bda_ptr 
01CE    26 C6 47 3E 0F            mov         byte ptr es:0x3e[bx],0x0f 
01D3    C4 1E 00 00               les         bx,dword ptr _bda_ptr 
01D7    26 C6 47 41 00            mov         byte ptr es:0x41[bx],0x00 
01DC    C9                        leave       
01DD    5E                        pop         si 
01DE    C3                        ret         

Routine Size: 172 bytes,    Routine Base: _TEXT + 0133

01DF                          _fd_rate:
01DF    55                        push        bp 
01E0    89 E5                     mov         bp,sp 
01E2    8B 46 04                  mov         ax,word ptr 0x4[bp] 
01E5    3D 04 00                  cmp         ax,0x0004 
01E8    74 05                     je          L$23 
01EA    3D 02 00                  cmp         ax,0x0002 
01ED    75 04                     jne         L$24 
01EF                          L$23:
01EF    30 C0                     xor         al,al 
01F1    5D                        pop         bp 
01F2    C3                        ret         
01F3                          L$24:
01F3    B0 04                     mov         al,0x04 
01F5    5D                        pop         bp 
01F6    C3                        ret         
01F7                          fd_motor_on_:
01F7    53                        push        bx 
01F8    51                        push        cx 
01F9    52                        push        dx 
01FA    50                        push        ax 
01FB    E8 00 00                  call        _fd_rate 
01FE    C4 1E 00 00               les         bx,dword ptr _bda_ptr 
0202    0C 82                     or          al,0x82 
0204    26 8A 67 3F               mov         ah,byte ptr es:0x3f[bx] 
0208    80 E4 86                  and         ah,0x86 
020B    83 C4 02                  add         sp,0x0002 
020E    38 C4                     cmp         ah,al 
0210    74 2D                     je          L$26 
0212    0F B6 D0                  movzx       dx,al 
0215    26 88 47 3F               mov         byte ptr es:0x3f[bx],al 
0219    B8 38 04                  mov         ax,0x0438 
021C    E8 00 00                  call        outp_ 
021F    C4 1E 00 00               les         bx,dword ptr _bda_ptr 
0223    26 C6 47 40 25            mov         byte ptr es:0x40[bx],0x25 
0228    C4 1E 00 00               les         bx,dword ptr _bda_ptr 
022C    26 8B 57 6C               mov         dx,word ptr es:0x6c[bx] 
0230    C4 1E 00 00               les         bx,dword ptr _bda_ptr 
0234                          L$25:
0234    26 8B 47 6C               mov         ax,word ptr es:0x6c[bx] 
0238    29 D0                     sub         ax,dx 
023A    3D 0A 00                  cmp         ax,0x000a 
023D    72 F5                     jb          L$25 
023F                          L$26:
023F    C4 1E 00 00               les         bx,dword ptr _bda_ptr 
0243    26 C6 47 40 25            mov         byte ptr es:0x40[bx],0x25 
0248    E9 EC FD                  jmp         L$3 
024B                          fd_note_seek_:
024B    53                        push        bx 
024C    88 C6                     mov         dh,al 
024E    31 C0                     xor         ax,ax 
0250                          L$27:
0250    C4 1E 00 00               les         bx,dword ptr _bda_ptr 
0254    01 C3                     add         bx,ax 
0256    40                        inc         ax 
0257    26 C6 47 42 00            mov         byte ptr es:0x42[bx],0x00 
025C    3D 07 00                  cmp         ax,0x0007 
025F    7C EF                     jl          L$27 
0261    C4 1E 00 00               les         bx,dword ptr _bda_ptr 
0265    26 88 77 42               mov         byte ptr es:0x42[bx],dh 
0269    C4 1E 00 00               les         bx,dword ptr _bda_ptr 
026D    26 88 57 45               mov         byte ptr es:0x45[bx],dl 
0271    5B                        pop         bx 
0272    C3                        ret         

Routine Size: 148 bytes,    Routine Base: _TEXT + 01DF

0273                          _fd_seek:
0273    C8 04 00 00               enter       0x0004,0x00 
0277    8A 4E 04                  mov         cl,byte ptr 0x4[bp] 
027A    B8 01 00                  mov         ax,0x0001 
027D    C4 1E 00 00               les         bx,dword ptr _bda_ptr 
0281    D3 E0                     shl         ax,cl 
0283    26 0F B6 57 3E            movzx       dx,byte ptr es:0x3e[bx] 
0288    85 C2                     test        dx,ax 
028A    0F 84 7B 00               je          L$37 
028E    31 D2                     xor         dx,dx 
0290    EB 06                     jmp         L$29 
0292                          L$28:
0292    42                        inc         dx 
0293    83 FA 02                  cmp         dx,0x0002 
0296    7D 40                     jge         L$33 
0298                          L$29:
0298    B8 07 00                  mov         ax,0x0007 
029B    E8 00 00                  call        fd_out_ 
029E    85 C0                     test        ax,ax 
02A0    75 0A                     jne         L$30 
02A2    8B 46 04                  mov         ax,word ptr 0x4[bp] 
02A5    E8 00 00                  call        fd_out_ 
02A8    85 C0                     test        ax,ax 
02AA    74 0C                     je          L$32 
02AC                          L$30:
02AC    31 D2                     xor         dx,dx 
02AE    31 C0                     xor         ax,ax 
02B0    E8 00 00                  call        fd_note_seek_ 
02B3                          L$31:
02B3    B8 80 00                  mov         ax,0x0080 
02B6    C9                        leave       
02B7    C3                        ret         
02B8                          L$32:
02B8    8D 5E FE                  lea         bx,-0x2[bp] 
02BB    8B 46 04                  mov         ax,word ptr 0x4[bp] 
02BE    16                        push        ss 
02BF    8C D1                     mov         cx,ss 
02C1    53                        push        bx 
02C2    8D 5E FC                  lea         bx,-0x4[bp] 
02C5    E8 00 00                  call        fd_seek_done_ 
02C8    85 C0                     test        ax,ax 
02CA    75 E0                     jne         L$30 
02CC    F6 46 FC C0               test        byte ptr -0x4[bp],0xc0 
02D0    75 C0                     jne         L$28 
02D2    80 7E FE 00               cmp         byte ptr -0x2[bp],0x00 
02D6    75 BA                     jne         L$28 
02D8                          L$33:
02D8    F6 46 FC C0               test        byte ptr -0x4[bp],0xc0 
02DC    75 06                     jne         L$34 
02DE    80 7E FE 00               cmp         byte ptr -0x2[bp],0x00 
02E2    74 10                     je          L$36 
02E4                          L$34:
02E4    0F B6 56 FE               movzx       dx,byte ptr -0x2[bp] 
02E8    0F B6 46 FC               movzx       ax,byte ptr -0x4[bp] 
02EC    E8 00 00                  call        fd_note_seek_ 
02EF                          L$35:
02EF    B8 40 00                  mov         ax,0x0040 
02F2    C9                        leave       
02F3    C3                        ret         
02F4                          L$36:
02F4    8A 4E 04                  mov         cl,byte ptr 0x4[bp] 
02F7    B0 01                     mov         al,0x01 
02F9    8B 1E 00 00               mov         bx,word ptr _bda_ptr 
02FD    D2 E0                     shl         al,cl 
02FF    8E 06 02 00               mov         es,word ptr _bda_ptr+0x2 
0303    F6 D0                     not         al 
0305    26 20 47 3E               and         byte ptr es:0x3e[bx],al 
0309                          L$37:
0309    8B 46 08                  mov         ax,word ptr 0x8[bp] 
030C    85 C0                     test        ax,ax 
030E    74 69                     je          L$40 
0310    B8 0F 00                  mov         ax,0x000f 
0313    E8 00 00                  call        fd_out_ 
0316    85 C0                     test        ax,ax 
0318    75 99                     jne         L$31 
031A    8B 46 06                  mov         ax,word ptr 0x6[bp] 
031D    C1 E0 02                  shl         ax,0x02 
0320    0B 46 04                  or          ax,word ptr 0x4[bp] 
0323    E8 00 00                  call        fd_out_ 
0326    85 C0                     test        ax,ax 
0328    75 89                     jne         L$31 
032A    8B 46 08                  mov         ax,word ptr 0x8[bp] 
032D    E8 00 00                  call        fd_out_ 
0330    85 C0                     test        ax,ax 
0332    0F 85 7D FF               jne         L$31 
0336    8D 56 FE                  lea         dx,-0x2[bp] 
0339    8D 5E FC                  lea         bx,-0x4[bp] 
033C    16                        push        ss 
033D    8B 46 04                  mov         ax,word ptr 0x4[bp] 
0340    52                        push        dx 
0341    8C D1                     mov         cx,ss 
0343    E8 00 00                  call        fd_seek_done_ 
0346    85 C0                     test        ax,ax 
0348    0F 85 60 FF               jne         L$30 
034C    F6 46 FC C0               test        byte ptr -0x4[bp],0xc0 
0350    75 08                     jne         L$38 
0352    8A 46 FE                  mov         al,byte ptr -0x2[bp] 
0355    3A 46 08                  cmp         al,byte ptr 0x8[bp] 
0358    74 1D                     je          L$39 
035A                          L$38:
035A    0F B6 56 FE               movzx       dx,byte ptr -0x2[bp] 
035E    0F B6 46 FC               movzx       ax,byte ptr -0x4[bp] 
0362    8A 4E 04                  mov         cl,byte ptr 0x4[bp] 
0365    E8 00 00                  call        fd_note_seek_ 
0368    B0 01                     mov         al,0x01 
036A    C4 1E 00 00               les         bx,dword ptr _bda_ptr 
036E    D2 E0                     shl         al,cl 
0370    26 08 47 3E               or          byte ptr es:0x3e[bx],al 
0374    E9 78 FF                  jmp         L$35 
0377                          L$39:
0377    31 C0                     xor         ax,ax 
0379                          L$40:
0379    C9                        leave       
037A    C3                        ret         
037B                          fd_result_:
037B    53                        push        bx 
037C    52                        push        dx 
037D    31 DB                     xor         bx,bx 
037F    EB 06                     jmp         L$42 
0381                          L$41:
0381    43                        inc         bx 
0382    83 FB 07                  cmp         bx,0x0007 
0385    7D 24                     jge         L$43 
0387                          L$42:
0387    A1 00 00                  mov         ax,word ptr _bda_ptr 
038A    05 42 00                  add         ax,0x0042 
038D    8B 16 02 00               mov         dx,word ptr _bda_ptr+0x2 
0391    01 D8                     add         ax,bx 
0393    E8 00 00                  call        fd_in_ 
0396    85 C0                     test        ax,ax 
0398    74 E7                     je          L$41 
039A    C4 06 00 00               les         ax,dword ptr _bda_ptr 
039E    01 C3                     add         bx,ax 
03A0    B8 80 00                  mov         ax,0x0080 
03A3    26 C6 47 42 00            mov         byte ptr es:0x42[bx],0x00 
03A8    5A                        pop         dx 
03A9    5B                        pop         bx 
03AA    C3                        ret         
03AB                          L$43:
03AB    C4 1E 00 00               les         bx,dword ptr _bda_ptr 
03AF    26 8A 67 42               mov         ah,byte ptr es:0x42[bx] 
03B3    26 8A 47 43               mov         al,byte ptr es:0x43[bx] 
03B7    F6 C4 C0                  test        ah,0xc0 
03BA    75 05                     jne         L$45 
03BC                          L$44:
03BC    31 C0                     xor         ax,ax 
03BE    5A                        pop         dx 
03BF    5B                        pop         bx 
03C0    C3                        ret         
03C1                          L$45:
03C1    3C 80                     cmp         al,0x80 
03C3    75 07                     jne         L$46 
03C5    26 80 7F 44 00            cmp         byte ptr es:0x44[bx],0x00 
03CA    74 F0                     je          L$44 
03CC                          L$46:
03CC    A8 02                     test        al,0x02 
03CE    74 06                     je          L$47 
03D0    B8 03 00                  mov         ax,0x0003 
03D3    5A                        pop         dx 
03D4    5B                        pop         bx 
03D5    C3                        ret         
03D6                          L$47:
03D6    A8 10                     test        al,0x10 
03D8    74 06                     je          L$48 
03DA    B8 08 00                  mov         ax,0x0008 
03DD    5A                        pop         dx 
03DE    5B                        pop         bx 
03DF    C3                        ret         
03E0                          L$48:
03E0    A8 20                     test        al,0x20 
03E2    74 06                     je          L$49 
03E4    B8 10 00                  mov         ax,0x0010 
03E7    5A                        pop         dx 
03E8    5B                        pop         bx 
03E9    C3                        ret         
03EA                          L$49:
03EA    A8 04                     test        al,0x04 
03EC    74 06                     je          L$50 
03EE    B8 04 00                  mov         ax,0x0004 
03F1    5A                        pop         dx 
03F2    5B                        pop         bx 
03F3    C3                        ret         
03F4                          L$50:
03F4    A8 01                     test        al,0x01 
03F6    74 06                     je          L$51 
03F8    B8 02 00                  mov         ax,0x0002 
03FB    5A                        pop         dx 
03FC    5B                        pop         bx 
03FD    C3                        ret         
03FE                          L$51:
03FE    F6 C4 08                  test        ah,0x08 
0401    74 06                     je          L$52 
0403    B8 AA 00                  mov         ax,0x00aa 
0406    5A                        pop         dx 
0407    5B                        pop         bx 
0408    C3                        ret         
0409                          L$52:
0409    B8 40 00                  mov         ax,0x0040 
040C    5A                        pop         dx 
040D    5B                        pop         bx 
040E    C3                        ret         

Routine Size: 412 bytes,    Routine Base: _TEXT + 0273

040F                          _fd_rw:
040F    C8 02 00 00               enter       0x0002,0x00 
0413    8B 46 08                  mov         ax,word ptr 0x8[bp] 
0416    85 C0                     test        ax,ax 
0418    75 10                     jne         L$54 
041A                          L$53:
041A    C4 1E 00 00               les         bx,dword ptr _bda_ptr 
041E    26 C6 47 41 80            mov         byte ptr es:0x41[bx],0x80 
0423    26 8A 47 41               mov         al,byte ptr es:0x41[bx] 
0427    E9 2D 01                  jmp         L$60 
042A                          L$54:
042A    E8 00 00                  call        fd_motor_on_ 
042D    FF 76 0A                  push        word ptr 0xa[bp] 
0430    FF 76 0C                  push        word ptr 0xc[bp] 
0433    FF 76 06                  push        word ptr 0x6[bp] 
0436    E8 00 00                  call        _fd_seek 
0439    83 C4 06                  add         sp,0x0006 
043C    89 46 FE                  mov         word ptr -0x2[bp],ax 
043F    85 C0                     test        ax,ax 
0441    74 0E                     je          L$55 
0443    C4 1E 00 00               les         bx,dword ptr _bda_ptr 
0447    8A 46 FE                  mov         al,byte ptr -0x2[bp] 
044A    26 88 47 41               mov         byte ptr es:0x41[bx],al 
044E    E9 06 01                  jmp         L$60 
0451                          L$55:
0451    E8 BC FC                  call        fd_specify_ 
0454    85 C0                     test        ax,ax 
0456    75 C2                     jne         L$53 
0458    83 7E 04 00               cmp         word ptr 0x4[bp],0x0000 
045C    0F 94 C0                  sete        al 
045F    30 E4                     xor         ah,ah 
0461    05 45 00                  add         ax,0x0045 
0464    E8 00 00                  call        fd_out_ 
0467    85 C0                     test        ax,ax 
0469    75 AF                     jne         L$53 
046B    8B 46 0C                  mov         ax,word ptr 0xc[bp] 
046E    C1 E0 02                  shl         ax,0x02 
0471    0B 46 06                  or          ax,word ptr 0x6[bp] 
0474    E8 00 00                  call        fd_out_ 
0477    85 C0                     test        ax,ax 
0479    75 9F                     jne         L$53 
047B    8B 46 0A                  mov         ax,word ptr 0xa[bp] 
047E    E8 00 00                  call        fd_out_ 
0481    85 C0                     test        ax,ax 
0483    75 95                     jne         L$53 
0485    8B 46 0C                  mov         ax,word ptr 0xc[bp] 
0488    E8 00 00                  call        fd_out_ 
048B    85 C0                     test        ax,ax 
048D    75 8B                     jne         L$53 
048F    8B 46 0E                  mov         ax,word ptr 0xe[bp] 
0492    E8 00 00                  call        fd_out_ 
0495    85 C0                     test        ax,ax 
0497    75 81                     jne         L$53 
0499    B8 02 00                  mov         ax,0x0002 
049C    E8 00 00                  call        fd_out_ 
049F    85 C0                     test        ax,ax 
04A1    0F 85 75 FF               jne         L$53 
04A5    8B 46 0E                  mov         ax,word ptr 0xe[bp] 
04A8    E8 00 00                  call        fd_out_ 
04AB    85 C0                     test        ax,ax 
04AD    0F 85 69 FF               jne         L$53 
04B1    B8 1B 00                  mov         ax,0x001b 
04B4    E8 00 00                  call        fd_out_ 
04B7    85 C0                     test        ax,ax 
04B9    0F 85 5D FF               jne         L$53 
04BD    B8 FF 00                  mov         ax,0x00ff 
04C0    E8 00 00                  call        fd_out_ 
04C3    85 C0                     test        ax,ax 
04C5    0F 85 51 FF               jne         L$53 
04C9    83 7E 04 00               cmp         word ptr 0x4[bp],0x0000 
04CD    74 0F                     je          L$56 
04CF    68 00 02                  push        0x0200 
04D2    66 FF 76 10               push        dword ptr 0x10[bp] 
04D6    68 36 04                  push        0x0436 
04D9    E8 00 00                  call        _fdc_pio_out 
04DC    EB 0D                     jmp         L$57 
04DE                          L$56:
04DE    68 00 02                  push        0x0200 
04E1    66 FF 76 10               push        dword ptr 0x10[bp] 
04E5    68 36 04                  push        0x0436 
04E8    E8 00 00                  call        _fdc_pio_in 
04EB                          L$57:
04EB    83 C4 08                  add         sp,0x0008 
04EE    89 46 FE                  mov         word ptr -0x2[bp],ax 
04F1    C4 1E 00 00               les         bx,dword ptr _bda_ptr 
04F5    26 8A 47 3F               mov         al,byte ptr es:0x3f[bx] 
04F9    0C 01                     or          al,0x01 
04FB    0F B6 D0                  movzx       dx,al 
04FE    26 88 47 3F               mov         byte ptr es:0x3f[bx],al 
0502    B8 38 04                  mov         ax,0x0438 
0505    E8 00 00                  call        outp_ 
0508    C4 1E 00 00               les         bx,dword ptr _bda_ptr 
050C    26 8A 47 3F               mov         al,byte ptr es:0x3f[bx] 
0510    24 FE                     and         al,0xfe 
0512    0F B6 D0                  movzx       dx,al 
0515    26 88 47 3F               mov         byte ptr es:0x3f[bx],al 
0519    B8 38 04                  mov         ax,0x0438 
051C    8A 4E 06                  mov         cl,byte ptr 0x6[bp] 
051F    E8 00 00                  call        outp_ 
0522    B2 01                     mov         dl,0x01 
0524    D2 E2                     shl         dl,cl 
0526    83 7E FE 02               cmp         word ptr -0x2[bp],0x0002 
052A    75 0E                     jne         L$58 
052C    C4 1E 00 00               les         bx,dword ptr _bda_ptr 
0530    26 08 57 3E               or          byte ptr es:0x3e[bx],dl 
0534    E8 00 00                  call        fd_result_ 
0537    E9 E0 FE                  jmp         L$53 
053A                          L$58:
053A    E8 00 00                  call        fd_result_ 
053D    89 46 FE                  mov         word ptr -0x2[bp],ax 
0540    85 C0                     test        ax,ax 
0542    74 08                     je          L$59 
0544    C4 1E 00 00               les         bx,dword ptr _bda_ptr 
0548    26 08 57 3E               or          byte ptr es:0x3e[bx],dl 
054C                          L$59:
054C    C4 1E 00 00               les         bx,dword ptr _bda_ptr 
0550    8A 46 FE                  mov         al,byte ptr -0x2[bp] 
0553    26 88 47 41               mov         byte ptr es:0x41[bx],al 
0557                          L$60:
0557    30 E4                     xor         ah,ah 
0559    C9                        leave       
055A    C3                        ret         

Routine Size: 332 bytes,    Routine Base: _TEXT + 040F

No disassembly errors

Segment: CONST WORD USE16 00000000 bytes

Segment: CONST2 WORD USE16 00000000 bytes

Segment: _DATA WORD USE16 00000000 bytes

