     1                                  ;/*;;;;;;;;;;;;;;;;;;;;;;;;;;;;;;;;;;;;;;;;;;;;;;;;;;;;;;;;;;;;;;;;;;;;;;
     2                                  ; diskide.asm
     3                                  ;;;;;;;;;;;;;;;;;;;;;;;;;;;;;;;;;;;;;;;;;;;;;;;;;;;;;;;;;;;;;;;;;;;;;;;;;
     4                                  ; Copyright (C) 2017,2018 John R. Coffman.  All rights reserved.
     5                                  ; Portions (C) 2018 Dan Werner
     6                                  ;
     7                                  ; Provided for hobbyist use on the RetroBrew SBC-386EX board.
     8                                  ;
     9                                  ; This program is free software: you can redistribute it and/or modify
    10                                  ; it under the terms of the GNU General Public License as published by
    11                                  ; the Free Software Foundation, either version 3 of the License, or
    12                                  ; (at your option) any later version.
    13                                  ;
    14                                  ; This program is distributed in the hope that it will be useful,
    15                                  ; but WITHOUT ANY WARRANTY; without even the implied warranty of
    16                                  ; MERCHANTABILITY or FITNESS FOR A PARTICULAR PURPOSE.  See the
    17                                  ; GNU General Public License for more details.
    18                                  ;
    19                                  ; You should have received a copy of the GNU General Public License
    20                                  ; along with this program in the file COPYING in the topmost source
    21                                  ; directory.  If not, see <http://www.gnu.org/licenses/>.
    22                                  ;
    23                                  ;
    24                                  ; SBC-386 board revisions:
    25                                  ;       SBC386-0   prototype / concept testing
    26                                  ;	SBC-386EX 2.0	production / January 2018
    27                                  ;
    28                                  ; Assembly by NASM 2.08 is preferred
    29                                  ;;;;;;;;;;;;;;;;;;;;;;;;;;;;;;;;;;;;;;;;;;;;;;;;;;;;;;;;;;;;;;;;;;;;;;;;*/
    30                                  ; IDE HARDWARE SPECIFIC VALUES	DEFAULT 01F0h - 01FFh
    31                                  ;
    32                                  ;  -  CONTROLLER I/O PORT
    33                                  ;     > WHEN READ FROM
    34                                  ;	HF_PORT+0 - READ DATA (FROM CONTROLLER TO CPU)
    35                                  ;	HF_PORT+1 - --
    36                                  ;	HF_PORT+2 - GET SECTOR COUNT
    37                                  ;	HF_PORT+3 - GET LBA LOW (7:0)
    38                                  ;	HF_PORT+4 - GET LBA MID {15:8)
    39                                  ;	HF_PORT+5 - GET LBA HIGH (23:16)
    40                                  ;	HF_PORT+6 - GET (1: LBA(1/0) : 1 : MST(0)/SLV(1) : LBA (27 :24)  )
    41                                  ;	HF_PORT+7 - GET STATUS REGISTER
    42                                  ;
    43                                  ;     > WHEN WRITTEN TO:
    44                                  ;	HF_PORT+0 - WRITE DATA (FROM CPU TO CONTROLLER)
    45                                  ;	HF_PORT+1 - SET FEATURES
    46                                  ;	HF_PORT+2 - SET SECTOR COUNT
    47                                  ;	HF_PORT+3 - SET LBA LOW (7:0)
    48                                  ;	HF_PORT+4 - SET LBA MID {15:8)
    49                                  ;	HF_PORT+5 - SET LBA HIGH (23:16)
    50                                  ;	HF_PORT+6 - SET (1: LBA(1/0) : 1 : MST(0)/SLV(1) : LBA (27 :24)  )
    51                                  ;	HF_PORT+7 - SET COMMAND REGISTER
    52                                  ;
    53                                  HF_PORT		EQU		01F0h		; DISK PORT
    54                                  IDEDTA		EQU     HF_PORT+0	; DATA PORT (16 BIT)
    55                                  IDEERR		EQU     HF_PORT+1	; READ: ERROR REGISTER; WRITE: PRECOMP
    56                                  IDESECC		EQU     HF_PORT+2	; SECTOR COUNT
    57                                  IDELBAL		EQU     HF_PORT+3	; SECTOR NUMBER
    58                                  IDELBAM		EQU     HF_PORT+4	; CYLINDER LOW
    59                                  IDELBAH		EQU     HF_PORT+5	; CYLINDER HIGH
    60                                  IDEDRV 		EQU     HF_PORT+6	; DRIVE/HEAD
    61                                  IDESTTS		EQU     HF_PORT+7	; READ: STATUS; WRITE: COMMAND
    62                                  IDEALTS		EQU     HF_PORT+14	; ALTERNATE STATUS(Not IBM Compat)
    63                                  IDEADDR		EQU     HF_PORT+15	; DRIVE ADDRESS   (Not IBM Compat)
    64                                  ;
    65                                  ;
    66                                  ; IDE/ATA COMMANDS
    67                                  ;
    68                                  ;
    69                                  IDE_CMD_RECAL		EQU     010h
    70                                  IDE_CMD_PIO_READ    EQU 	020h
    71                                  IDE_CMD_PIO_WRITE   EQU 	030h
    72                                  IDE_CMD_INIT_PARAM  EQU 	091h
    73                                  IDE_CMD_DMA_READ    EQU 	0C8h
    74                                  IDE_CMD_DMA_WRITE   EQU 	0CAh
    75                                  IDE_CMD_SPINDOWN    EQU 	0E0h
    76                                  IDE_CMD_SPINUP      EQU 	0E1h
    77                                  IDE_CMD_IDENT       EQU 	0ECh
    78                                  IDE_CMD_SET_FEATURE EQU 	0EFh
    79                                  
    80                                  
    81                                  %include "seg_def.inc"
    82                              <1> ; SEG_DEF.inc
    83                              <1> ;
    84                              <1> %ifndef SEG_DEF
    85                              <1> %define SEG_DEF 1
    86                              <1> 
    87                              <1> segment _TEXT	use16 	align=16	class=CODE	public
    88                              <1> 
    89                              <1> segment CONST		align=16	class=DATA	public
    90                              <1> segment CONST2		align=2		class=DATA	public
    91                              <1> segment _DATA		align=16	class=DATA	public
    92                              <1> segment _BSS		align=16	class=DATA	public
    93                              <1> ;group DGROUP CONST2 CONST _DATA _BSS
    94                              <1> 
    95                              <1> group DGROUP  _TEXT CONST2 CONST _DATA _BSS
    96                              <1> 
    97                              <1> 
    98                              <1> segment BOOT at 0xFFFF	align=16	class=BOOT	use16
    99                              <1> 
   100                              <1> %define XXX
   101                              <1> %endif
   102                              <1> ;
   103                              <1> ; end SEG_DEF.inc
    82                                  %include "i386EX.inc"
    83                              <1> ;/*;;;;;;;;;;;;;;;;;;;;;;;;;;;;;;;;;;;;;;;;;;;;;;;;;;;;;;;;;;;;;;;;;;;;;;
    84                              <1> ; i386EX.inc  --  register definitions for the Intel 80386EX processor
    85                              <1> ;;;;;;;;;;;;;;;;;;;;;;;;;;;;;;;;;;;;;;;;;;;;;;;;;;;;;;;;;;;;;;;;;;;;;;;;;
    86                              <1> ;
    87                              <1> ; Copyright (C) 2018 John R. Coffman.  All rights reserved.
    88                              <1> ; Provided for hobbyist use on the RetroBrew SBC-386 board.
    89                              <1> ;
    90                              <1> ; This program is free software: you can redistribute it and/or modify
    91                              <1> ; it under the terms of the GNU General Public License as published by
    92                              <1> ; the Free Software Foundation, either version 3 of the License, or
    93                              <1> ; (at your option) any later version.
    94                              <1> ;
    95                              <1> ; This program is distributed in the hope that it will be useful,
    96                              <1> ; but WITHOUT ANY WARRANTY; without even the implied warranty of
    97                              <1> ; MERCHANTABILITY or FITNESS FOR A PARTICULAR PURPOSE.  See the
    98                              <1> ; GNU General Public License for more details.
    99                              <1> ;
   100                              <1> ; You should have received a copy of the GNU General Public License
   101                              <1> ; along with this program in the file COPYING in the topmost source
   102                              <1> ; directory.  If not, see <http://www.gnu.org/licenses/>.
   103                              <1> ;
   104                              <1> ;
   105                              <1> ; SBC-386 board revisions:
   106                              <1> ;       SBC386-0   prototype / concept testing
   107                              <1> ;	SBC386EX 2.0 production board (Jan 2018, not 2017 as labeled)
   108                              <1> ;
   109                              <1> ; Assembly by NASM 2.08 is preferred
   110                              <1> ;;;;;;;;;;;;;;;;;;;;;;;;;;;;;;;;;;;;;;;;;;;;;;;;;;;;;;;;;;;;;;;;;;;;;;;;*/
   111                              <1> 
   112                              <1> ;/* i386EX.inc  --  register definitions for the Intel 80386EX processor
   113                              <1> ;
   114                              <1> %define defb
   115                              <1> %define defw
   116                              <1> %define defd
   117                              <1> ;*/
   118                              <1> 
   119                              <1> ;/* The Address Configuration register
   120                              <1> ;*/
   121                              <1> defb REMAPCFGH  equ     0x0023
   122                              <1> defb REMAPCFGL  equ     0x0022
   123                              <1> defw REMAPCFG   equ     0x0022
   124                              <1> 
   125                              <1> ;/* The A20gate and fast CPU Reset
   126                              <1> ;*/
   127                              <1> defb PORT92     equ     0xF092
   128                              <1> defb PORT92_AT  equ     0x0092
   129                              <1> 
   130                              <1> ;
   131                              <1> ;/* The DMA Controller and Bus Arbiter
   132                              <1> ;*/
   133                              <1> defb DMA0TAR    equ     0xF000
   134                              <1> defb DMA0TAR_AT equ     0x0000
   135                              <1> defb DMA0BYC    equ     0xF001
   136                              <1> defb DMA0BYC_AT equ     0x0001
   137                              <1> defb DMA1TAR    equ     0xF002
   138                              <1> defb DMA1TAR_AT equ     0x0002
   139                              <1> defb DMA1BYC    equ     0xF003
   140                              <1> defb DMA1BYC_AT equ     0x0003
   141                              <1> defb DMACMD1    equ     0xF008
   142                              <1> defb DMACMD1_AT equ     0x0008
   143                              <1> defb DMASTS     equ     0xF008
   144                              <1> defb DMASTS_AT  equ     0x0008
   145                              <1> defb DMASRR     equ     0xF009
   146                              <1> defb DMASRR_AT  equ     0x0009
   147                              <1> defb DMAMSK     equ     0xF00A
   148                              <1> defb DMAMSK_AT  equ     0x000A
   149                              <1> defb DMAMOD1    equ     0xF00B
   150                              <1> defb DMAMOD1_AT equ     0x000B
   151                              <1> defb DMACLRBP   equ     0xF00C
   152                              <1> defb DMACLRBP_AT equ    0x000C
   153                              <1> defb DMACLR     equ     0xF00D
   154                              <1> defb DMACLR_AT  equ     0x000D
   155                              <1> defb DMACLRMSK  equ     0xF00E
   156                              <1> defb DMACLRMSK_AT equ   0x000E
   157                              <1> defb DMAGRPMSK  equ     0xF00F
   158                              <1> defb DMAGRPMSK_AT equ   0x000F
   159                              <1> defb DMA0REQ0_1 equ     0xF010
   160                              <1> defb DMA0REQ2_3 equ     0xF011
   161                              <1> defb DMA1REQ0_1 equ     0xF012
   162                              <1> defb DMA1REQ2_3 equ     0xF013
   163                              <1> defb DMABSR     equ     0xF018
   164                              <1> defb DMACHR     equ     0xF019
   165                              <1> defb DMAIS      equ     0xF019
   166                              <1> defb DMACMD2    equ     0xF01A
   167                              <1> defb DMAMOD2    equ     0xF01B
   168                              <1> defb DMAIEN     equ     0xF01C
   169                              <1> defb DMAOVFE    equ     0xF01D
   170                              <1> defb DMACLRTC   equ     0xF01E
   171                              <1> ;
   172                              <1> ;/* The DMA Page Registers
   173                              <1> ;*/
   174                              <1> defb DMA1TAR2    equ    0xF083
   175                              <1> defb DMA1TAR2_AT equ    0x0083
   176                              <1> defb DMA1TAR3    equ    0xF085
   177                              <1> defb DMA1TAR3_AT equ    0x0085
   178                              <1> defb DMA0TAR3    equ    0xF086
   179                              <1> defb DMA0TAR3_AT equ    0x0086
   180                              <1> defb DMA0TAR2    equ    0xF087
   181                              <1> defb DMA0TAR2_AT equ    0x0087
   182                              <1> ;
   183                              <1> defb DMA0BYC2   equ     0xF098
   184                              <1> defb DMA1BYC2   equ     0xF099
   185                              <1> 
   186                              <1> ;
   187                              <1> ;/* The Master Interrupt Controller
   188                              <1> ;*/
   189                              <1> defb ICW1M_AT   equ     0x0020
   190                              <1> defb ICW2M_AT   equ     0x0021
   191                              <1> defb ICW3M_AT   equ     0x0021
   192                              <1> defb ICW4M_AT   equ     0x0021
   193                              <1> defb OCW1M_AT   equ     0x0021
   194                              <1> defb OCW2M_AT   equ     0x0020
   195                              <1> defb OCW3M_AT   equ     0x0020
   196                              <1> 
   197                              <1> defb ICW1M      equ     0xF020
   198                              <1> defb ICW2M      equ     0xF021
   199                              <1> defb ICW3M      equ     0xF021
   200                              <1> defb ICW4M      equ     0xF021
   201                              <1> defb OCW1M      equ     0xF021
   202                              <1> defb OCW2M      equ     0xF020
   203                              <1> defb OCW3M      equ     0xF020
   204                              <1> defb IRR_M	equ	0xF020
   205                              <1> 
   206                              <1> ;
   207                              <1> ;/* The Slave Interrupt Controller
   208                              <1> ;*/
   209                              <1> defb ICW1S_AT   equ     0x00A0
   210                              <1> defb ICW2S_AT   equ     0x00A1
   211                              <1> defb ICW3S_AT   equ     0x00A1
   212                              <1> defb ICW4S_AT   equ     0x00A1
   213                              <1> defb OCW1S_AT   equ     0x00A1
   214                              <1> defb OCW2S_AT   equ     0x00A0
   215                              <1> defb OCW3S_AT   equ     0x00A0
   216                              <1> defb IRR_M_AT	equ	0x00A0
   217                              <1> 
   218                              <1> defb ICW1S      equ     0xF0A0
   219                              <1> defb ICW2S      equ     0xF0A1
   220                              <1> defb ICW3S      equ     0xF0A1
   221                              <1> defb ICW4S      equ     0xF0A1
   222                              <1> defb OCW1S      equ     0xF0A1
   223                              <1> defb OCW2S      equ     0xF0A0
   224                              <1> defb OCW3S      equ     0xF0A0
   225                              <1> 
   226                              <1> ;
   227                              <1> ;/* The Timer/Counter Unit
   228                              <1> ;*/
   229                              <1> defb    TMR0    equ     0xF040
   230                              <1> defb    TMR0_AT equ     0x0040
   231                              <1> defb    TMR1    equ     0xF041
   232                              <1> defb    TMR1_AT equ     0x0041
   233                              <1> defb    TMR2    equ     0xF042
   234                              <1> defb    TMR2_AT equ     0x0042
   235                              <1> defb    TMRCON  equ     0xF043
   236                              <1> defb    TMRCON_AT  equ  0x0043
   237                              <1> 
   238                              <1> ;
   239                              <1> ;/* The Chip Select Unit
   240                              <1> ;*/
   241                              <1> defw    CS0ADL  equ     0xF400
   242                              <1> defw    CS0ADH  equ     0xF402
   243                              <1> defw    CS0MSKL equ     0xF404
   244                              <1> defw    CS0MSKH equ     0xF406
   245                              <1> defw    CS1ADL  equ     0xF408
   246                              <1> defw    CS1ADH  equ     0xF40A
   247                              <1> defw    CS1MSKL equ     0xF40C
   248                              <1> defw    CS1MSKH equ     0xF40E
   249                              <1> defw    CS2ADL  equ     0xF410
   250                              <1> defw    CS2ADH  equ     0xF412
   251                              <1> defw    CS2MSKL equ     0xF414
   252                              <1> defw    CS2MSKH equ     0xF416
   253                              <1> defw    CS3ADL  equ     0xF418
   254                              <1> defw    CS3ADH  equ     0xF41A
   255                              <1> defw    CS3MSKL equ     0xF41C
   256                              <1> defw    CS3MSKH equ     0xF41E
   257                              <1> defw    CS4ADL  equ     0xF420
   258                              <1> defw    CS4ADH  equ     0xF422
   259                              <1> defw    CS4MSKL equ     0xF424
   260                              <1> defw    CS4MSKH equ     0xF426
   261                              <1> defw    CS5ADL  equ     0xF428
   262                              <1> defw    CS5ADH  equ     0xF42A
   263                              <1> defw    CS5MSKL equ     0xF42C
   264                              <1> defw    CS5MSKH equ     0xF42E
   265                              <1> defw    CS6ADL  equ     0xF430
   266                              <1> defw    CS6ADH  equ     0xF432
   267                              <1> defw    CS6MSKL equ     0xF434
   268                              <1> defw    CS6MSKH equ     0xF436
   269                              <1> defw    UCSADL  equ     0xF438
   270                              <1> defw    UCSADH  equ     0xF43A
   271                              <1> defw    UCSMSKL equ     0xF43C
   272                              <1> defw    UCSMSKH equ     0xF43E
   273                              <1> 
   274                              <1> ;
   275                              <1> ;/* The Synchronous Serial I/O Unit
   276                              <1> ;*/
   277                              <1> defw    SSIOTBUF equ    0xF480
   278                              <1> defw    SSIORBUF equ    0xF482
   279                              <1> defw    SSIOBAUD equ    0xF484
   280                              <1> defw    SSIOCON1 equ    0xF486
   281                              <1> defw    SSIOCON2 equ    0xF488
   282                              <1> defw    SSIOCTR  equ    0xF48A
   283                              <1> 
   284                              <1> ;
   285                              <1> ;/* The Refresh Control Unit
   286                              <1> ;*/
   287                              <1> defw    RFSBAD  equ     0xF4A0
   288                              <1> defw    RFSCIR  equ     0xF4A2
   289                              <1> defw    RFSCON  equ     0xF4A4
   290                              <1> defw    RFSADD  equ     0xF4A6
   291                              <1> 
   292                              <1> ;
   293                              <1> ;/* The Watchdog Timer Unit
   294                              <1> ;*/
   295                              <1> defw    WDTRLDH equ     0xF4C0
   296                              <1> defw    WDTRLDL equ     0xF4C2
   297                              <1> defw    WDTCNTH equ     0xF4C4
   298                              <1> defw    WDTCNTL equ     0xF4C6
   299                              <1> defw    WDTCLR  equ     0xF4C8
   300                              <1> defb    WDTSTATUS  equ  0xF4CA
   301                              <1> 
   302                              <1> ;
   303                              <1> ;/* Clock Generation and Power Management
   304                              <1> ;*/
   305                              <1> defb    PWRCON  equ     0xF800
   306                              <1> defw    CLKPRS  equ     0xF804
   307                              <1> 
   308                              <1> ;
   309                              <1> ;/* Device Configuration Registers
   310                              <1> ;*/
   311                              <1> defb    P1CFG   equ     0xF820
   312                              <1> defb    P2CFG   equ     0xF822
   313                              <1> defb    P3CFG   equ     0xF824
   314                              <1> defb    PINCFG  equ     0xF826
   315                              <1> defb    DMACFG  equ     0xF830
   316                              <1> defb    INTCFG  equ     0xF832
   317                              <1> defb    TMRCFG  equ     0xF834
   318                              <1> defb    SIOCFG  equ     0xF836
   319                              <1> 
   320                              <1> ;
   321                              <1> ;/* Parallel I/O Ports
   322                              <1> ;*/
   323                              <1> defb    P1PIN   equ     0xF860
   324                              <1> defb    P1LTC   equ     0xF862
   325                              <1> defb    P1DIR   equ     0xF864
   326                              <1> defb    P2PIN   equ     0xF868
   327                              <1> defb    P2LTC   equ     0xF86A
   328                              <1> defb    P2DIR   equ     0xF86C
   329                              <1> defb    P3PIN   equ     0xF870
   330                              <1> defb    P3LTC   equ     0xF872
   331                              <1> defb    P3DIR   equ     0xF874
   332                              <1> 
   333                              <1> 
   334                              <1> ; bits.inc
   335                              <1> ;
   336                              <1> ; assembly language bit definitions
   337                              <1> ;
   338                              <1> defb    BIT0    equ     0x01
   339                              <1> defb    BIT1    equ     0x02
   340                              <1> defb    BIT2    equ     0x04
   341                              <1> defb    BIT3    equ     0x08
   342                              <1> defb    BIT4    equ     0x10
   343                              <1> defb    BIT5    equ     0x20
   344                              <1> defb    BIT6    equ     0x40
   345                              <1> defb    BIT7    equ     0x80
   346                              <1> 
   347                              <1> defw    BIT8    equ     0x0100
   348                              <1> defw    BIT9    equ     0x0200
   349                              <1> defw    BIT10   equ     0x0400
   350                              <1> defw    BIT11   equ     0x0800
   351                              <1> defw    BIT12   equ     0x1000
   352                              <1> defw    BIT13   equ     0x2000
   353                              <1> defw    BIT14   equ     0x4000
   354                              <1> defw    BIT15   equ     0x8000
   355                              <1> 
   356                              <1> defd    BIT16   equ     0x00010000
   357                              <1> defd    BIT31   equ     0x80000000
   358                              <1> 
   359                              <1> defb    ZBIT0    equ     0
   360                              <1> defb    ZBIT1    equ     0
   361                              <1> defb    ZBIT2    equ     0
   362                              <1> defb    ZBIT3    equ     0
   363                              <1> defb    ZBIT4    equ     0
   364                              <1> defb    ZBIT5    equ     0
   365                              <1> defb    ZBIT6    equ     0
   366                              <1> defb    ZBIT7    equ     0
   367                              <1> 
   368                              <1> defw    ZBIT8    equ     0
   369                              <1> defw    ZBIT9    equ     0
   370                              <1> defw    ZBIT10   equ     0
   371                              <1> defw    ZBIT11   equ     0
   372                              <1> defw    ZBIT12   equ     0
   373                              <1> defw    ZBIT13   equ     0
   374                              <1> defw    ZBIT14   equ     0
   375                              <1> defw    ZBIT15   equ     0
   376                              <1> 
   377                              <1> 
   378                              <1> ;
   379                              <1> ;/* Asynchronout Serial I/O channel 0  (COM1)
   380                              <1> ;*/
   381                              <1> defb    RBR0_F4 equ     0xF4F8
   382                              <1> defb    TBR0_F4 equ     0xF4F8
   383                              <1> defb    DLL0_F4 equ     0xF4F8
   384                              <1> defb    DLH0_F4 equ     0xF4F9
   385                              <1> defb    IER0_F4 equ     0xF4F9
   386                              <1> defb    IIR0_F4 equ     0xF4FA
   387                              <1> defb    LCR0_F4 equ     0xF4FB
   388                              <1> defb    MCR0_F4 equ     0xF4FC
   389                              <1> defb    LSR0_F4 equ     0xF4FD
   390                              <1> defb    MSR0_F4 equ     0xF4FE
   391                              <1> defb    SCR0_F4 equ     0xF4FF
   392                              <1> 
   393                              <1> %define MFPIC 0
   394                              <1> %if MFPIC
   395                              <1> defb    RBR0    equ     0x0448
   396                              <1> defb    TBR0    equ     0x0448
   397                              <1> defb    DLL0    equ     0x0448
   398                              <1> defb    DLH0    equ     0x0449
   399                              <1> defb    IER0    equ     0x0449
   400                              <1> defb    IIR0    equ     0x044A
   401                              <1> defb    LCR0    equ     0x044B
   402                              <1> defb    MCR0    equ     0x044C
   403                              <1> defb    LSR0    equ     0x044D
   404                              <1> defb    MSR0    equ     0x044E
   405                              <1> defb    SCR0    equ     0x044F
   406                              <1> %else
   407                              <1> defb    RBR0    equ     0x03F8
   408                              <1> defb    TBR0    equ     0x03F8
   409                              <1> defb    DLL0    equ     0x03F8
   410                              <1> defb    DLH0    equ     0x03F9
   411                              <1> defb    IER0    equ     0x03F9
   412                              <1> defb    IIR0    equ     0x03FA
   413                              <1> defb    LCR0    equ     0x03FB
   414                              <1> defb    MCR0    equ     0x03FC
   415                              <1> defb    LSR0    equ     0x03FD
   416                              <1> defb    MSR0    equ     0x03FE
   417                              <1> defb    SCR0    equ     0x03FF
   418                              <1> %endif
   419                              <1> 
   420                              <1> ;
   421                              <1> ;/* Asynchronout Serial I/O channel 1  (COM2)
   422                              <1> ;*/
   423                              <1> defb    RBR1_F8 equ     0xF8F8
   424                              <1> defb    TBR1_F8 equ     0xF8F8
   425                              <1> defb    DLL1_F8 equ     0xF8F8
   426                              <1> defb    DLH1_F8 equ     0xF8F9
   427                              <1> defb    IER1_F8 equ     0xF8F9
   428                              <1> defb    IIR1_F8 equ     0xF8FA
   429                              <1> defb    LCR1_F8 equ     0xF8FB
   430                              <1> defb    MCR1_F8 equ     0xF8FC
   431                              <1> defb    LSR1_F8 equ     0xF8FD
   432                              <1> defb    MSR1_F8 equ     0xF8FE
   433                              <1> defb    SCR1_F8 equ     0xF8FF
   434                              <1> 
   435                              <1> defb    RBR1    equ     0x02F8
   436                              <1> defb    TBR1    equ     0x02F8
   437                              <1> defb    DLL1    equ     0x02F8
   438                              <1> defb    DLH1    equ     0x02F9
   439                              <1> defb    IER1    equ     0x02F9
   440                              <1> defb    IIR1    equ     0x02FA
   441                              <1> defb    LCR1    equ     0x02FB
   442                              <1> defb    MCR1    equ     0x02FC
   443                              <1> defb    LSR1    equ     0x02FD
   444                              <1> defb    MSR1    equ     0x02FE
   445                              <1> defb    SCR1    equ     0x02FF
   446                              <1> 
   447                              <1> ;/* LSRx bits
   448                              <1> ;*/
   449                              <1> defb    LSR_TE  equ     BIT6
   450                              <1> defb    LSR_TBE equ     BIT5
   451                              <1> defb    LSR_BI  equ     BIT4
   452                              <1> defb    LSR_FE  equ     BIT3
   453                              <1> defb    LSR_PE  equ     BIT2
   454                              <1> defb    LSR_OE  equ     BIT1
   455                              <1> defb    LSR_RBF equ     BIT0
   456                              <1> 
   457                              <1> ;/* MSRx bits
   458                              <1> ;*/
   459                              <1> defb	MSR_DCD	equ	BIT7
   460                              <1> defb	MSR_RI 	equ	BIT6
   461                              <1> defb	MSR_DSR	equ	BIT5
   462                              <1> defb	MSR_CTS	equ	BIT4
   463                              <1> defb	MSR_deltaDCD	equ	BIT3
   464                              <1> defb	MSR_deltaRI	equ	BIT2
   465                              <1> defb	MSR_deltaDSR	equ	BIT1
   466                              <1> defb	MSR_deltaCTS	equ	BIT0
   467                              <1> 
   468                              <1> ;/* Bits in CR0
   469                              <1> ;*/
   470                              <1> defb    CR0_PE  equ     BIT0
   471                              <1> defb    CR0_MP  equ     BIT1
   472                              <1> defb    CR0_EM  equ     BIT2
   473                              <1> defb    CR0_TS  equ     BIT3
   474                              <1> defd    CR0_WP  equ     BIT16
   475                              <1> defd    CR0_PG  equ     BIT31
   476                              <1> 
   477                              <1> ;/* Some ASCII character codes
   478                              <1> ;*/
   479                              <1> defb    ASCII_NUL       equ     0x00
   480                              <1> defb    ASCII_BS        equ     0x08
   481                              <1> defb    ASCII_HT        equ     0x09
   482                              <1> defb    ASCII_LF        equ     0x0A
   483                              <1> defb    ASCII_NL        equ     0x0A
   484                              <1> defb    ASCII_FF        equ     0x0C
   485                              <1> defb    ASCII_CR        equ     0x0D
   486                              <1> defb	ASCII_ESC	equ	0x1B
   487                              <1> defb    ASCII_SP        equ     0x20
   488                              <1> defb    ASCII_DEL       equ     0x7F
   489                              <1> defb	ASCII_RUB	equ	0xFF
   490                              <1> 
   491                              <1> 
   492                              <1> ;/* End of i386EX.inc */
    83                                  %include "macro.inc"
    84                              <1> ;;;;;;;;;;;;;;;;;;;;;;;;;;;;;;;;;;;;;;;;;;;;;;;;;;;;;;;;;;;;;;;;;;;;;;;;;
    85                              <1> ;
    86                              <1> ; some useful macros:
    87                              <1> ;
    88                              <1> ;;;;;;;;;;;;;;;;;;;;;;;;;;;;;;;;;;;;;;;;;;;;;;;;;;;;;;;;;;;;;;;;;;;;;;;;;
    89                              <1> %define NREPEAT 0
    90                              <1> 
    91                              <1> %if NREPEAT
    92                              <1> 
    93                              <1> %macro	rep	1
    94                              <1> %%loop:	%1
    95                              <1> 	dec	cx
    96                              <1> 	jnz	%%loop
    97                              <1> %endm
    98                              <1> 
    99                              <1> %macro	repne	1
   100                              <1> %%loop:	%1
   101                              <1> 	je	%%e
   102                              <1> 	dec	cx
   103                              <1> 	jnz	%%loop
   104                              <1> 	cmp	cx,1
   105                              <1> 	jmp	%%done
   106                              <1> %%e:	dec	cx
   107                              <1> 	cmp	cx,cx
   108                              <1> %%done:
   109                              <1> %endm
   110                              <1> 
   111                              <1> %macro	repe	1
   112                              <1> %%loop:	%1
   113                              <1> 	jne	%%ne
   114                              <1> 	dec	cx
   115                              <1> 	jnz	%%loop
   116                              <1> 	jmp	%%done
   117                              <1> %%ne:	dec	cx
   118                              <1> 	jcxz	%%cxz
   119                              <1> 	jmp	%%done
   120                              <1> %%cxz:	cmp	cx,1
   121                              <1> %%done:
   122                              <1> %endm
   123                              <1> 
   124                              <1> %macro	REP	1
   125                              <1> %%loop:	%1
   126                              <1> 	dec	ecx
   127                              <1> 	jnz	%%loop
   128                              <1> %endm
   129                              <1> 
   130                              <1> %macro	REPNE	1
   131                              <1> %%loop:	%1
   132                              <1> 	je	%%e
   133                              <1> 	dec	ecx
   134                              <1> 	jnz	%%loop
   135                              <1> 	cmp	cl,1
   136                              <1> 	jmp	%%done
   137                              <1> %%e:	dec	ecx
   138                              <1> 	cmp	cl,cl
   139                              <1> %%done:
   140                              <1> %endm
   141                              <1> 
   142                              <1> %macro	REPE	1
   143                              <1> %%loop:	%1
   144                              <1> 	jne	%%ne
   145                              <1> 	dec	ecx
   146                              <1> 	jnz	%%loop
   147                              <1> 	jmp	%%done
   148                              <1> %%ne:	dec	ecx
   149                              <1> 	jecxz	%%cxz
   150                              <1> 	jmp	%%done
   151                              <1> %%cxz:	cmp	cl,1
   152                              <1> %%done:
   153                              <1> %endm
   154                              <1> 
   155                              <1> %endif
   156                              <1> 
   157                              <1> 
   158                              <1> ;
   159                              <1> ; format of the BYTE initialization table:  address, byte
   160                              <1> ;
   161                              <1> %imacro  binit 2
   162                              <1>         dw      %1
   163                              <1>         db      %2
   164                              <1> %endmacro
   165                              <1> ; end with DW -1
   166                              <1> 
   167                              <1> ;
   168                              <1> ; format of the WORD initialization table:  address, word
   169                              <1> ;
   170                              <1> %imacro  winit 2
   171                              <1>         dw      %1
   172                              <1>         dw      %2
   173                              <1> %endmacro
   174                              <1> ; end with DW -1
   175                              <1> 
   176                              <1> 
   177                              <1> ; get the BIOS Data Area segment pointer to a [segment] register
   178                              <1> %imacro get_bda	1.nolist
   179                              <1> 	push	0x0040
   180                              <1> 	pop	%1
   181                              <1> 	cnop
   182                              <1> %endm
   183                              <1> 
   184                              <1> 
   185                              <1> ; get the Location 0 (Interrupt Descriptor Table) pointer to a register
   186                              <1> %imacro	get_loc0 1.nolist
   187                              <1> 	push	0x0000
   188                              <1> 	pop	%1
   189                              <1> 	cnop
   190                              <1> %endm
   191                              <1> 
   192                              <1> 
   193                              <1> 
   194                              <1> %imacro setloc  1.nolist
   195                              <1>  times   (%1-($-$$)) db 0FFh
   196                              <1> %endm
   197                              <1> 
   198                              <1> %imacro db_lo   1
   199                              <1>  db (%1)&255
   200                              <1> %endm
   201                              <1> 
   202                              <1> %imacro cnop    0.nolist
   203                              <1> %ifdef SOFT_DEBUG
   204                              <1> %if SOFT_DEBUG
   205                              <1>         nop
   206                              <1> %endif
   207                              <1> %endif
   208                              <1> %endm
   209                              <1> 
   210                              <1> %imacro popm 1-*.nolist
   211                              <1> %rep %0
   212                              <1> %ifidni %1,ALL
   213                              <1>  popa
   214                              <1> %elifidni %1,F
   215                              <1>  popf
   216                              <1> %else
   217                              <1>  pop %1
   218                              <1> %ifidni %1,DS
   219                              <1>  cnop
   220                              <1> %elifidni %1,ES
   221                              <1>  cnop
   222                              <1> %elifidni %1,FS
   223                              <1>  cnop
   224                              <1> %elifidni %1,GS
   225                              <1>  cnop
   226                              <1> %endif
   227                              <1> %endif
   228                              <1> %rotate 1
   229                              <1> %endrep
   230                              <1> %endm
   231                              <1> 
   232                              <1> %imacro pushm 1-*.nolist
   233                              <1> %rep %0
   234                              <1> %rotate -1
   235                              <1> %ifidni %1,ALL
   236                              <1>  pusha
   237                              <1> %elifidni %1,F
   238                              <1>  pushf
   239                              <1> %else
   240                              <1>  push %1
   241                              <1> %endif
   242                              <1> %endrep
   243                              <1> %endm
   244                              <1> 
   245                              <1> %imacro descr_linear_data 2-3.nolist	; address, size [, E]  E!=0 means expand down
   246                              <1> %assign __size__ (%2-1)	| 0xFF
   247                              <1> %if (__size__ <= 0xFFFF)
   248                              <1> %assign __gran__ 0
   249                              <1> %else
   250                              <1> %assign __gran__ 0xC0			; G B 0 0
   251                              <1> %endif
   252                              <1> %assign __expand__ 0
   253                              <1> %if %0==3
   254                              <1> %if %3
   255                              <1> %assign __expand__ 4
   256                              <1> %endif
   257                              <1> %endif
   258                              <1> dd (((%1)&0xFFFF)<<16)|(__size__&0xFFFF)
   259                              <1> dd (((%1)>>24)&0xFF)|((__gran__|(__size__>>16)&0x0F)<<16)|((0x93|__expand__)<<8)|(((%1)>>16)&0xFF)
   260                              <1> %endm
   261                              <1> 
   262                              <1> %imacro descr_linear_code 2-3.nolist	; address, size [,C]  C!=0 means conforming
   263                              <1> %assign __size__ (%2-1)	| 0xFF
   264                              <1> %if (__size__ <= 0xFFFF)
   265                              <1> %assign __gran__ 0
   266                              <1> %else
   267                              <1> %assign __gran__ 0xC0			; G D 0 0
   268                              <1> %endif
   269                              <1> %assign __conform__ 0
   270                              <1> %if %0==3
   271                              <1> %if %3
   272                              <1> %assign __conform__ 4
   273                              <1> %endif
   274                              <1> %endif
   275                              <1> dd (((%1)&0xFFFF)<<16)|(__size__&0xFFFF)
   276                              <1> dd (((%1)>>24)&0xFF)|((__gran__|(__size__>>16)&0x0F)<<16)|((0x9B|__conform__)<<8)|(((%1)>>16)&0xFF)
   277                              <1> %endm
   278                              <1> 
   279                              <1> ;/* End of macro.inc */
    84                                  %define XXX
    85                                  %include "bda.inc"
    86                              <1> XXX
    87                              <1> ; bda.h -- definitions of the BIOS Data Area at 0040:0000 (0x400)  */
    88                              <1> %define BDA_segment 0x40
    89                              <1> struc _BDA
    90                              <1> ; first items at 0x40:0	*/
    91 00000000 ????????????????    <1> serial_dev	resw	4	; serial port device codes */
    92 00000008 ????????????????    <1> parallel_dev	resw	4	; printer port device codes */
    93 00000010 ????                <1> equip_flag	resw	1		; int 12h equipment flags */
    94 00000012 ??                  <1> mfg_test	resb	1		; initialization flags */
    95 00000013 ????                <1> memory_size	resw	1	; base memory size in Kilowords (1224) */
    96 00000015 ??                  <1> mfg_err_flag	resb	1
    97 00000016 ??                  <1> mfg_err_flag2	resb	1
    98                              <1> ; */
    99                              <1> ; first Keyboard data area */
   100 00000017 ??                  <1> kbd_flag	resb	1	; shift status &c. */
   101 00000018 ??                  <1> kbd_flag1	resb	1	;  mrre  */
   102 00000019 ??                  <1> alt_input	resb	1	; save alternate kbd entry code */
   103 0000001A ????                <1> buffer_head	resw	1
   104 0000001C ????                <1> buffer_tail	resw	1
   105                              <1> ; */
   106 0000001E <res 20h>           <1> kbd_buffer	resw	16	; buffer empty when  head==tail**/
   107                              <1> ; */
   108                              <1> ; Diskette data area */
   109 0000003E ??                  <1> seek_status	resb	1	; drive recalibration status */
   110                              <1> ; bits 3..0 drive must recalibrate before next seek */
   111 0000003F ??                  <1> motor_status	resb	1	; bits 3..0 motor running */
   112                              <1> ; bit 7 current op is write */
   113 00000040 ??                  <1> motor_count	resb	1	; timeout counter for motor turn-off */
   114 00000041 ??                  <1> fd_status	resb	1	; return code status byte */
   115 00000042 ??????????????      <1> fd_ctrl_stat	resb	7	; controller return bytes */
   116                              <1> ; */
   117                              <1> ; Video Display data area -- also used for video emulation */
   118 00000049 ??                  <1> vid_mode	resb	1	; current display mode */
   119 0000004A ????                <1> vid_columns	resw	1	; no. of columns on the screen */
   120 0000004C ????                <1> vid_buf_len	resw	1	; length of video buffer in bytes*//
   121 0000004E ????                <1> vid_start	resw	1	; start address of screen regeneration (in vid buf)*//
   122 00000050 <res 10h>           <1> vid_cursor	resw	8	; cursor postition on up to 8 screens */
   123 00000060 ????                <1> vid_cursor_mode	resw	1
   124 00000062 ??                  <1> vid_active_page	resb	1
   125 00000063 ????                <1> vid_addr_chip	resw	1	; I/O address for the video chip (6845,EGA,VGA)*//
   126 00000065 ??                  <1> vid_crt_mode	resb	1	; current setting of the 3x8 register ???? */
   127 00000066 ??                  <1> vid_palette	resb	1	; current color setting / palette **/
   128                              <1> ; */
   129                              <1> ; POST and ROM data */
   130 00000067 ????????            <1> io_rom_addr	resd	1	; far word to ROM initialization routine */
   131                              <1> %define io_rom_addr_low io_rom_addr
   132                              <1> %define io_rom_addr_seg (io_rom_addr+2)
   133 0000006B ??                  <1> interrupt_flag	resb	1	; indicates an interrupt occurred */
   134                              <1> ; */
   135                              <1> ; Timer data area  18.206602 hz  = ~54.925 ms  */
   136 0000006C ????                <1> timer_count_low	resw	1	; low word of timer count */
   137 0000006E ????                <1> timer_count_high	resw	1
   138                              <1> %define timer_count timer_count_low
   139                              <1> ; use timer_count as the double word timer counter */
   140 00000070 ??                  <1> timer_overflow	resb	1	; timer has rolled over since last read */
   141                              <1> ; */
   142                              <1> ; System & Keboard data area */
   143 00000071 ??                  <1> kbd_break_flag	resb	1	; bit 7 set if Break key is pressed */
   144 00000072 ????                <1> reset_flag	resw	1	; word=0x1234 if Reset is underway (80286) */
   145                              <1> ; */
   146                              <1> ; Fixed (Hard) disk data area */
   147 00000074 ??                  <1> hd_status	resb	1	; status info for hard disk */
   148                              <1> %define disk_status1 hd_status
   149 00000075 ??                  <1> hd_number	resb	1	; number of hard disks (for int 13h, fn 8h) */
   150 00000076 ??                  <1> control_byte	resb	1	; head control ???? */
   151 00000077 ??                  <1> port_offset	resb	1	; obsolete, maybe ???? */
   152                              <1> ; */
   153                              <1> ; Timeout counters */
   154 00000078 ????????            <1> printer_timeout	resb	4	; four bytes for each interaace */
   155 0000007C ????????            <1> serial_timeout	resb	4	; four bytes for each interacce */
   156                              <1> ; */
   157                              <1> ; Keyboard additional data area -- buffer location within segment 40h */
   158 00000080 ????                <1> buffer_start	resw	1	; offset of keyboard buffer start**/
   159 00000082 ????                <1> buffer_end	resw	1		; offset of end of kbd buffer */
   160                              <1> ; */
   161                              <1> ; EGA/PGA? data work area (graphic mode?  probably available) */
   162 00000084 ??                  <1> ega_rows	resb	1		; rows on the active screen (less 1)**/
   163 00000085 ????                <1> ega_points	resw	1		; bytes per charateer	*/
   164 00000087 ??                  <1> ega_info	resb	1		; mode options ????*//
   165 00000088 ??                  <1> ega_info_3	resb	1		; switch settings*//
   166 00000089 ????                <1> ega_rsvd	resb	2	; reserved for adapter mfgrs */
   167                              <1> ; */
   168                              <1> ; Disk / Diskette media data */
   169 0000008B ??                  <1> fd_last_data_rate	resb	1	; last data rate selected */
   170 0000008C ??                  <1> hd_status_reg	resb	1		; hard disk status register */
   171 0000008D ??                  <1> hd_error_reg	resb	1		; hard disk error register */
   172 0000008E ??                  <1> hd_int_flag	resb	1	; HD interrupt flag */
   173 0000008F ??                  <1> hd_cntrl	resb	1		; HD/FD combo controller bit flag */
   174 00000090 ????                <1> hd_media	resb	2	; media state */
   175 00000092 ????                <1> hd_op_start	resb	2	; operation start state */
   176 00000094 ????                <1> hd_track	resw	1		; HD present cylinder number */
   177                              <1> ; */
   178                              <1> ; Additional Keyboard flags */
   179 00000096 ??                  <1> kbd_flag3	resb	1	; mode state & type flags */
   180 00000097 ??                  <1> kbd_flag2	resb	1	; kbd LED flags */
   181                              <1> ; */
   182                              <1> ; Real Time Clock data area */
   183 00000098 ????????            <1> rtc_user_flag_addr	resd	1	; far address of user's wait flag */
   184 0000009C ????????            <1> rtc_user_wait_flag	resd	1	; user wait flag */
   185 000000A0 ??                  <1> rtc_wait_active	resb	1	; 01=busy, 80=posted, 00=post acknowledge */
   186                              <1> ; */
   187                              <1> ; Miscellaneous */
   188 000000A1 ??????????????      <1> rsvd_network	resb	7	; reserved for network adapters */
   189 000000A8 ????????            <1> ptr_ega_save	resd	1		; far pointer to EGA parameter control block */
   190                              <1> ; */
   191                              <1> ;	byte	rsvd_unused[84];	; reserved for 386EX usage */
   192 000000AC ????                <1> errno	resw	1				; library error flag (errno.h) */
   193 000000AE <res 29h>           <1> rsvd_unused	resb	41	; reserved for 386EX usage */
   194 000000D7 ????????            <1> serial_flags	resb	4	; flags for each serial device**/
   195 000000DB ????                <1> extended_memory	resw	1	; size of Extended Memory in Kilobytes */
   196                              <1> ; this size is stored in CMOS on the PC/AT */
   197 000000DD ????                <1> CPU_freq	resw	1	; CPU frequency in kilohertz */
   198 000000DF ????                <1> ebda_seg_ptr	resw	1		; for EBDA allocations; c.f., memory_size */
   199                              <1> ; */
   200                              <1> ; start of 31 bytes of NVRAM informaiion */
   201 000000E1 ????                <1> nvram_info	resb	2	; 31 bytes of NVRAM information (this may move)*//
   202                              <1> ; starts with 2 bytes of SIO0 params */
   203 000000E3 ????                <1> floppy_tab	resb	2		; floppy disk driver table */
   204 000000E5 ????????????????    <1> disk_tab	resb	8  		; hard disk driver table */
   205 000000ED <res 11h>           <1> nvram_unused	resb	17
   206 000000FE ????                <1> nvram_checksum	resw	1	; 31st byte of the NVRAM info */
   207                              <1> ; end of 31 bytes of NVRAM information */
   208                              <1> ; */
   209 00000100 ??                  <1> AT_status_byte	resb	1	; at 40:100h, 00500h, Print Screen Status byte*//
   210                              <1> ; 00=ready/ok  01=busy  0FF=error	*/
   211 00000101 ??                  <1> SRAM_size	resb	1	; size of SRAM in Kilobytes */
   212                              <1> ; */
   213                              <1> ; Extentsion to BDA during BIOS startup */
   214                              <1> ; */
   215                              <1> endstruc
   215          ******************  <1>  warning: segment attributes specified on redeclaration of segment: ignoring [-w+other]
    86                                  %include "error.inc"		; BIOS status codes for ide_error
    87                              <1> XXX
    88                              <1> ; error.h -- defines for disk-specific error codes */
    89                              <1> ; */
    90                              <1> %define NO_ERROR	0
    91                              <1> %define INVALID_COMMAND		1
    92                              <1> %define ADDRESS_MARK_NOT_FOUND	2	; F */
    93                              <1> %define WRITE_PROTECTED		3	; F, SD */
    94                              <1> %define SECTOR_NOT_FOUND	4
    95                              <1> %define RESET_FAILED	5		; H */
    96                              <1> ; */
    97                              <1> %define DISK_REMOVED	6		; F, SD */
    98                              <1> %define	MEDIA_CHANGED	6
    99                              <1> ; */
   100                              <1> %define BAD_PARAMETER_TABLE	7
   101                              <1> %define DMA_OVERRUN		8		; F, H */
   102                              <1> ; */
   103                              <1> %define DMA_CROSSED_64K_BOUND	9
   104                              <1> %define DMA_BOUNDARY	9
   105                              <1> ; */
   106                              <1> %define BAD_SECTOR_FLAG	0x0A
   107                              <1> %define BAD_TRACK_FLAG	0x0B
   108                              <1> %define MEDIA_TYPE_NOT_FOUND	0x0C	; F */
   109                              <1> %define INVALID_NUMBER_OF_SECTORS	0x0D	; H */
   110                              <1> %define CONTROL_DATA_ADDRESS_MARK_DETECTED	0x0E	; H */
   111                              <1> %define DMA_ARBITRATION_LEVEL_OUT_OF_RANGE	0x0F	; H */
   112                              <1> %define BAD_CRC			0x10	; F */
   113                              <1> %define ECC_CORRECTED_DATA_ERROR	0x11	; H */
   114                              <1> %define CONTROLLER_FAILED		0x20
   115                              <1> %define BAD_SEEK		0x40
   116                              <1> %define TIME_OUT		0x80
   117                              <1> ; */
   118                              <1> %define DRIVE_NOT_READY		0xAA	; SD, H */
   119                              <1> %define UNDEFINED_ERROR		0xBB
   120                              <1> %define WRITE_FAULT		0xCC	; H */
   121                              <1> %define STATUS_REGISTER_ERROR	0xE0	; H */
   122                              <1> %define SENSE_OPERATION_FAILED	0xFF	; H */
   123                              <1> ; */
   124                              <1> ; */
   125                              <1> ; */
   126                              <1> ;---------- DISKETTE ERROR -------------------------------------	*/
   127                              <1> ; TIME_OUT	EQU	080H		; ATTACHMENT FAILED TO RESPOND		*/
   128                              <1> ; BAD_SEEK	EQU	040H		; SEEK OPERATION FAILED		*/
   129                              <1> ; BAD_NEC		EQU	020H		; DISKETTE CONTROLLER HAS FAILED		*/
   130                              <1> ; BAD_CRC		EQU	010H		; BAD CRC ON DISKETTE READ		*/
   131                              <1> ; DMA_BOUNDARY	EQU	009H		; ATTEMPT TO DMA ACROSS 64K BOUNDARY		*/
   132                              <1> ; BAD_DMA		EQU	008H		; DMA OVERRUN ON OPERATION		*/
   133                              <1> ; MEDIA_CHANGE	EQU	006H		; MEDIA REMOVED ON DUAL ATTACH CARD		*/
   134                              <1> ; RECORD_NOT_FND	EQU	004H		; REQUESTED SECTOR NOT FOUND		*/
   135                              <1> ; WRITE_PROTECT	EQU	003H		; WRITE ATTEMPTED ON WRITE PROTECT DISK		*/
   136                              <1> ; BAD_ADDR_MARK	EQU	002H		; ADDRESS MARK NOT FOUND		*/
   137                              <1> ; BAD_CMD		EQU	001H		; BAD COMMAND PASSED TO DISKETTE I/O		*/
   138                              <1> ; */
   139                              <1> ; */
    87                                  %undef XXX
    88                                  
    89                                  %define ARG(n) [bp+2+(n)*2]
    90                                  
    91                                  	SEGMENT	_TEXT
    92                                  
    93                                  ; -----------------------------------------------------------------------------
    94                                  ;  IDE_READ_SECTOR
    95                                  ; -----------------------------------------------------------------------------
    96                                  ; read a sector, specified by the 4 bytes in "lba",
    97                                  ; Return, acc is zero on success, non-zero for an error
    98                                  ;
    99                                  ;  int IDE_READ_SECTOR(byte master_slave,byte far *buffer, dword sector_start,byte nsectors);
   100                                  ;
   101                                  ;
   102                                  ;-----------------------------------------------------------------------------
   103                                          global  IDE_READ_SECTOR
   104                                          global  IDE_READ_SECTOR_
   105                                  IDE_READ_SECTOR:
   106                                  IDE_READ_SECTOR_:
   107 00000000 52                      		push 	DX
   108 00000001 53                      		push    BX
   109 00000002 51                      		push 	CX
   110 00000003 55                              push    bp
   111 00000004 89E5                            mov     bp,sp
   112 00000006 06                              push 	ES
   113 00000007 57                              push	DI
   114                                  
   115                                  ; A count of zero has to be caught before the drive is touched.  ATA reads
   116                                  ; a sector count register of 0 as a request for 256 sectors, and the LOOP
   117                                  ; below would run 65536 times -- 32Mb driven through the caller's buffer
   118                                  ; from a drive that is only sending 128Kb.  fn42 and fn43 can deliver one:
   119                                  ; pkt_rw_validate rejects a block count of 128 and above but says nothing
   120                                  ; about zero, and the EDD packet interface both allows it and defines it as
   121                                  ; "transfer nothing".  The CHS path never could -- rwv_common tests its own
   122                                  ; count first -- which is part of why this went unnoticed.
   123 00000008 807E0E00                        cmp     byte ARG(6),0
   124 0000000C 7504                            jne     .1
   125 0000000E 31C0                            xor     ax,ax                   ; nothing asked for, nothing to do
   126 00000010 EB34                            jmp     .9
   127                                  .1:
   128                                  
   129                                  ; Master/slave must be taken out of AL BEFORE the wait below:
   130                                  ;  ide_wait_not_busy returns the drive status in AL, so reading
   131                                  ;  the argument afterwards always yielded 0 -- the master.  BX
   132                                  ;  is preserved across the call.
   133 00000012 88C7                            mov     bh,al                   ; Master/slave INTO BH
   134 00000014 E80D01                  		call	ide_wait_not_busy		; make sure drive is ready
   135 00000017 752A                    		jnz	.2
   136                                  
   137 00000019 8A5E0E                          mov     bl,ARG(6) 				; COUNT OF SECTORS
   138 0000001C 8B560C                          mov     dx,ARG(5)
   139 0000001F 8B460A                          mov     ax,ARG(4)
   140 00000022 E8F701                  		call	wr_lba					; tell it which sector we want
   141                                  
   142 00000025 B020                            mov     al,IDE_CMD_PIO_READ
   143 00000027 BAF701                  		mov		dx,IDESTTS
   144 0000002A EE                      		out		dx,al
   145                                  
   146                                  ; Zero-extended from the same byte wr_lba was handed above.  Read as a word
   147                                  ; -- which is what this was -- the loop count and the count the drive was
   148                                  ; given could disagree the moment anything put rubbish in the high half.
   149 0000002B 0FB64E0E                        movzx   CX,byte ARG(6) 			; COUNT OF SECTORS
   150 0000002F 8E4602                          mov     es,ARG(0) 				; high address INTO es
   151 00000032 8B5E04                          mov     bx,ARG(1)				; low address into bx
   152                                  .4:
   153                                  ; ATA raises DRQ once per sector during a multi-sector PIO transfer, so
   154                                  ; the wait belongs inside this loop.  Polled once before it, the second
   155                                  ; and later sectors ran ahead of the drive and desynchronised.
   156 00000035 E81A01                  		call	ide_wait_drq
   157 00000038 7509                    		jnz	.2
   158 0000003A E8BD01                  		call	read_data				; grab the data
   159 0000003D E2F6                    		loop	.4
   160                                  
   161 0000003F 31C0                            xor     ax,ax
   162 00000041 EB03                    		jmp	.9
   163                                  .2:
   164 00000043 E84401                  		call	ide_error				; real status, not -1
   165                                  .9:
   166 00000046 5F                         		POP 	DI
   167 00000047 07                         		POP 	ES
   168 00000048 C9                              leave
   169 00000049 59                              pop 	CX
   170 0000004A 5B                              pop 	BX
   171 0000004B 5A                              pop 	DX
   172 0000004C C20600                          ret	6	; was 'ret', but Watcom proc must remove args!!!
   173                                  
   174                                  
   175                                  ; -----------------------------------------------------------------------------
   176                                  ;  IDE_WRITE_SECTOR
   177                                  ; -----------------------------------------------------------------------------
   178                                  ; write a sector, specified by the 4 bytes in "lba",
   179                                  ; Return, acc is zero on success, non-zero for an error
   180                                  ;
   181                                  ;  int IDE_WRITE_SECTOR(byte master_slave,byte far *buffer, dword sector_start,byte nsectors);
   182                                  ;
   183                                  ;
   184                                  ;-----------------------------------------------------------------------------
   185                                          global  IDE_WRITE_SECTOR
   186                                          global  IDE_WRITE_SECTOR_
   187                                  IDE_WRITE_SECTOR:
   188                                  IDE_WRITE_SECTOR_:
   189 0000004F 52                      		push 	DX
   190 00000050 53                      		push    BX
   191 00000051 51                      		push 	CX
   192 00000052 55                              push    bp
   193 00000053 89E5                            mov     bp,sp
   194 00000055 1E                              push 	DS
   195 00000056 56                              push	SI
   196                                  
   197                                  ; A count of zero has to be caught before the drive is touched.  ATA reads
   198                                  ; a sector count register of 0 as a request for 256 sectors, and the LOOP
   199                                  ; below would run 65536 times -- 32Mb driven through the caller's buffer
   200                                  ; from a drive that is only sending 128Kb.  fn42 and fn43 can deliver one:
   201                                  ; pkt_rw_validate rejects a block count of 128 and above but says nothing
   202                                  ; about zero, and the EDD packet interface both allows it and defines it as
   203                                  ; "transfer nothing".  The CHS path never could -- rwv_common tests its own
   204                                  ; count first -- which is part of why this went unnoticed.
   205 00000057 807E0E00                        cmp     byte ARG(6),0
   206 0000005B 7504                            jne     .1
   207 0000005D 31C0                            xor     ax,ax                   ; nothing asked for, nothing to do
   208 0000005F EB39                            jmp     .9
   209                                  .1:
   210                                  
   211                                  ; Master/slave must be taken out of AL BEFORE the wait below:
   212                                  ;  ide_wait_not_busy returns the drive status in AL, so reading
   213                                  ;  the argument afterwards always yielded 0 -- the master.  BX
   214                                  ;  is preserved across the call.
   215 00000061 88C7                            mov     bh,al                   ; Master/slave INTO BH
   216 00000063 E8BE00                  		call	ide_wait_not_busy		; make sure drive is ready
   217 00000066 752F                    		jnz	.2
   218                                  
   219 00000068 8A5E0E                          mov     bl,ARG(6) 				; COUNT OF SECTORS
   220 0000006B 8B560C                          mov     dx,ARG(5)
   221 0000006E 8B460A                          mov     ax,ARG(4)
   222 00000071 E8A801                  		call	wr_lba					; tell it which sector we want
   223                                  
   224 00000074 B030                            mov     al,IDE_CMD_PIO_WRITE
   225 00000076 BAF701                  		mov		dx,IDESTTS
   226 00000079 EE                      		out		dx,al
   227                                  
   228                                  ; Zero-extended, for the reason given on the read side.
   229 0000007A 0FB64E0E                        movzx   CX,byte ARG(6) 			; COUNT OF SECTORS
   230 0000007E 8E5E02                          mov     ds,ARG(0) 				; high address INTO ds
   231 00000081 8B5E04                          mov     bx,ARG(1)				; low address into bx
   232                                  .4:
   233                                  ; DRQ is raised once per sector on the way out too, so the wait goes
   234                                  ; inside the loop here for the same reason as the read path.
   235 00000084 E8CB00                  		call	ide_wait_drq
   236 00000087 750E                    		jnz	.2
   237 00000089 E87F01                  		call	write_data				; send the data
   238 0000008C E2F6                    		loop	.4
   239                                  
   240                                  ; The drive is still writing the last sector when the loop ends: wait for
   241                                  ; it to finish so a failure is reported to this caller and not the next.
   242 0000008E E89300                  		call	ide_wait_not_busy
   243 00000091 7504                    		jnz	.2
   244                                  
   245 00000093 31C0                            xor     ax,ax
   246 00000095 EB03                    		jmp	.9
   247                                  .2:
   248 00000097 E8F000                  		call	ide_error				; real status, not -1
   249                                  .9:
   250 0000009A 5E                         		POP 	SI
   251 0000009B 1F                         		POP 	DS
   252 0000009C C9                              leave
   253 0000009D 59                              pop 	CX
   254 0000009E 5B                              pop 	BX
   255 0000009F 5A                              pop 	DX
   256 000000A0 C20600                          ret	6	; was 'ret', but Watcom proc must remove args!!!
   257                                  
   258                                  
   259                                  ; -----------------------------------------------------------------------------
   260                                  ; IDE_READ_ID
   261                                  ; -----------------------------------------------------------------------------
   262                                  ; Read the 512 byte ID information from the attached drive
   263                                  ;
   264                                  ;  int DIDE_READ_ID(byte master_slave, byte far *buffer);
   265                                  ;
   266                                  ;
   267                                  ;-----------------------------------------------------------------------------
   268                                  		global	IDE_READ_ID
   269                                  		global	IDE_READ_ID_
   270                                  IDE_READ_ID:
   271                                  IDE_READ_ID_:
   272 000000A3 52                      		push 	DX
   273 000000A4 53                      		push    BX
   274 000000A5 51                      		push 	CX
   275 000000A6 55                              push    bp
   276 000000A7 89E5                            mov     bp,sp
   277 000000A9 06                              push 	ES
   278 000000AA 57                              push	DI
   279                                  
   280                                  
   281                                  ; Master/slave must be taken out of AL BEFORE the wait below:
   282                                  ;  ide_wait_not_busy returns the drive status in AL, so reading
   283                                  ;  the argument afterwards always yielded 0 -- the master.  BX
   284                                  ;  is preserved across the call.
   285 000000AB 88C7                            mov     bh,al                   ; Master/slave INTO BH
   286 000000AD E87400                  		call	ide_wait_not_busy		; make sure drive is ready
   287 000000B0 7516                    		jnz	.2
   288                                  
   289 000000B2 B300                            mov     bl,0	 				; COUNT OF SECTORS TO READ INTO BL
   290 000000B4 B80000                          mov     ax,0
   291 000000B7 BA0000                          mov     dx,0
   292 000000BA E85F01                  		call	wr_lba					; tell it which sector we want
   293                                  
   294                                  ; GET DRIVE IDENT
   295 000000BD B0EC                    		mov	al,IDE_CMD_IDENT
   296 000000BF BAF701                  		mov	dx,IDESTTS
   297 000000C2 EE                      		out	dx,al
   298                                  
   299 000000C3 E88C00                  		call	ide_wait_drq			;wait until it's got the data
   300 000000C6 7405                    		jz	.3
   301                                  .2:
   302 000000C8 E8BF00                     		call	ide_error				; real status, not -1
   303 000000CB EB0B                    		jmp	.9
   304                                  .3:
   305                                  
   306 000000CD 8E4602                          mov     es,ARG(0) 				; high address INTO ax
   307 000000D0 8B5E04                          mov     bx,ARG(1)				; low address into bx
   308 000000D3 E80D01                  		call	read_dataBE				; grab the data
   309                                  
   310 000000D6 31C0                            xor     ax,ax
   311                                  
   312                                  .9:
   313 000000D8 5F                         		POP 	DI
   314 000000D9 07                         		POP 	ES
   315 000000DA C9                              leave
   316 000000DB 59                              pop 	CX
   317 000000DC 5B                              pop 	BX
   318 000000DD 5A                              pop 	DX
   319 000000DE C3                              ret
   320                                  
   321                                  
   322                                  
   323                                  ; -----------------------------------------------------------------------------
   324                                  ;  IDE_INITIALIZE
   325                                  ; -----------------------------------------------------------------------------
   326                                  ; IDE INITIALIZE DRIVE FOR OPERATION
   327                                  ;
   328                                  ;  int IDE_INITIALIZE(byte master_slave);
   329                                  ;
   330                                  ;
   331                                  ;-----------------------------------------------------------------------------
   332                                   		global 	IDE_INITIALIZE
   333                                   		global 	IDE_INITIALIZE_
   334                                  IDE_INITIALIZE:
   335                                  IDE_INITIALIZE_:
   336 000000DF 5152500653                      pushm   bx,es,ax,dx,cx
   337 000000E4 55                              push    bp
   338 000000E5 89E5                            mov     bp,sp
   339 000000E7 575306                          pushm   es,bx,di
   340                                  
   341                                  
   342                                  
   343 000000EA E83700                  		call	ide_wait_not_busy		; make sure drive is ready
   344 000000ED 7524                    		jnz	.2
   345                                  
   346 000000EF B300                            mov     bl,0	 				; COUNT OF SECTORS TO READ INTO BL
   347 000000F1 8A7E02                          mov     bh,ARG(0) 				; Master/slave INTO BH
   348 000000F4 B80000                          mov     ax,0
   349 000000F7 BA0000                          mov     dx,0
   350 000000FA E81F01                  		call	wr_lba					; tell it which sector we want
   351                                  
   352                                  ; SET 8-BIT MODE
   353 000000FD E82400                  	  	call	ide_wait_not_busy		;make sure drive is ready
   354 00000100 7511                    		jnz	.2
   355                                  
   356 00000102 B001                    		mov	al,01h
   357 00000104 BAF101                  		mov	dx,IDEERR
   358 00000107 EE                      		out	dx,al
   359 00000108 B0EF                    		mov	al,IDE_CMD_SET_FEATURE
   360 0000010A BAF701                  		mov	dx,IDESTTS
   361 0000010D EE                      		out	dx,al
   362 0000010E E81300                  		call	ide_wait_not_busy		;make sure drive is ready
   363 00000111 7405                    		jz	.3
   364                                  .2:
   365 00000113 E87400                  		call	ide_error				; real status, not -1
   366 00000116 EB02                    		jmp	.9
   367                                  .3:
   368 00000118 31C0                            xor     ax,ax
   369                                  .9:
   370 0000011A 075B5F                          popm    es,bx,di
   371 0000011D C9                              leave
   372 0000011E 5B07585A59                      popm    bx,es,ax,dx,cx
   373 00000123 C3                      		ret
   374                                  
   375                                  
   376                                  
   377                                  
   378                                  ;------------------------------------------------------------------------------
   379                                  ; IDE INTERNAL SUBROUTINES
   380                                  ;------------------------------------------------------------------------------
   381                                  ;-----------------------------------------------------------------------------
   382                                  ;  ide_wait_not_busy -- wait for BSY to clear
   383                                  ;
   384                                  ;  Exit with:
   385                                  ;       AL      the status register as read
   386                                  ;       ZF      set on success, clear on timeout
   387                                  ;       All other registers preserved
   388                                  ;
   389                                  ;  The old form of this spun on "mov cx,0FFFFh / loopnz", which is both
   390                                  ;  clock-dependent and far too short -- a few milliseconds at 20mhz, where
   391                                  ;  ATA allows seconds for a reset and a card can take hundreds of
   392                                  ;  milliseconds to come ready.  The 18.2hz BDA tick is used instead: it is
   393                                  ;  the only clock still running after POST, since start_timer0_ in
   394                                  ;  1Ah_time.asm gates counters 1 and 2 off.  A single word read of
   395                                  ;  timer_count_low cannot tear against IRQ0, and the unsigned subtraction
   396                                  ;  rides through the wrap.
   397                                  ;------------------------------------------------------------------------------
   398                                  IDE_TIMEOUT	equ	18*5		; five seconds, in 18.2hz ticks
   399                                  
   400                                  ide_wait_not_busy:
   401 00000124 06525153                        pushm   bx,cx,dx,es
   402 00000128 6A4007                  	get_bda	ES
   403 0000012B 268B1E6C00                  es	mov	bx,[timer_count_low]		; when we started
   404                                  .1:
   405 00000130 BAF701                  	mov	dx,IDESTTS
   406 00000133 EC                      	in	al,dx
   407 00000134 A880                    	test	al,80h				; BSY
   408 00000136 7413                    	jz	.9				; clear: ZF is already set
   409                                  
   410 00000138 268B0E6C00                  es	mov	cx,[timer_count_low]
   411 0000013D 29D9                    	sub	cx,bx
   412 0000013F 83F95A                  	cmp	cx,IDE_TIMEOUT
   413 00000142 72EC                    	jb	.1
   414                                  
   415 00000144 B90100                  	mov	cx,1
   416 00000147 09C9                    	or	cx,cx				; ZF clear -- timed out
   417 00000149 EB02                    	jmp	short .10
   418                                  .9:
   419 0000014B 31C9                    	xor	cx,cx				; ZF set -- ready
   420                                  .10:
   421 0000014D 5B595A07                        popm    bx,cx,dx,es
   422 00000151 C3                      	ret
   423                                  
   424                                  
   425                                  ;------------------------------------------------------------------------------
   426                                  ; ide_wait_drq -- wait for BSY clear and DRQ set
   427                                  ;
   428                                  ;  Exit with:
   429                                  ;       AL      the status register as read
   430                                  ;       ZF      set on success, clear on timeout or drive error
   431                                  ;       All other registers preserved
   432                                  ;
   433                                  ;  ERR is watched for as well as the timeout, so a drive that rejects the
   434                                  ;  command is noticed immediately instead of after five seconds.
   435                                  ;------------------------------------------------------------------------------
   436                                  ide_wait_drq:
   437 00000152 06525153                        pushm   bx,cx,dx,es
   438 00000156 6A4007                  	get_bda	ES
   439 00000159 268B1E6C00                  es	mov	bx,[timer_count_low]
   440                                  .1:
   441 0000015E BAF701                  	mov	dx,IDESTTS
   442 00000161 EC                      	in	al,dx
   443                                  
   444 00000162 A801                    	test	al,01h				; ERR -- do not wait it out
   445 00000164 7516                    	jnz	.8
   446                                  
   447 00000166 88C1                    	mov	cl,al
   448 00000168 80E188                  	and	cl,10001000b			; BSY and DRQ
   449 0000016B 80F908                  	cmp	cl,00001000b			; want BSY=0, DRQ=1
   450 0000016E 7413                    	je	.9
   451                                  
   452 00000170 268B0E6C00                  es	mov	cx,[timer_count_low]
   453 00000175 29D9                    	sub	cx,bx
   454 00000177 83F95A                  	cmp	cx,IDE_TIMEOUT
   455 0000017A 72E2                    	jb	.1
   456                                  .8:
   457 0000017C B90100                  	mov	cx,1
   458 0000017F 09C9                    	or	cx,cx				; ZF clear -- failed
   459 00000181 EB02                    	jmp	short .10
   460                                  .9:
   461 00000183 31C9                    	xor	cx,cx				; ZF set -- data is ready
   462                                  .10:
   463 00000185 5B595A07                        popm    bx,cx,dx,es
   464 00000189 C3                      	ret
   465                                  
   466                                  
   467                                  ;------------------------------------------------------------------------------
   468                                  ; ide_error -- turn the drive's status and error registers into a BIOS
   469                                  ;              status code, and record it where INT 13h fn 01h will find it
   470                                  ;
   471                                  ;  Exit with:
   472                                  ;       AX      the BIOS status code, never zero
   473                                  ;       bda.hd_status set to the same value
   474                                  ;       All other registers preserved
   475                                  ;
   476                                  ;  Every failure used to collapse to AX=-1, which gave INT 13h nothing to
   477                                  ;  report and DOS nothing to base a retry on.
   478                                  ;------------------------------------------------------------------------------
   479                                  ide_error:
   480 0000018A 06525153                	pushm	bx,cx,dx,es
   481                                  
   482 0000018E BAF701                  	mov	dx,IDESTTS
   483 00000191 EC                      	in	al,dx
   484 00000192 88C4                    	mov	ah,al				; keep the status register
   485                                  
   486 00000194 A880                    	test	al,80h				; still busy: it never answered
   487 00000196 7539                    	jnz	.timeout
   488 00000198 A801                    	test	al,01h				; no ERR either: we timed out
   489 0000019A 7435                    	jz	.timeout
   490                                  
   491 0000019C F6C420                  	test	ah,20h				; DF -- device fault
   492 0000019F 7404                    	jz	.decode
   493 000001A1 B3CC                    	mov	bl,WRITE_FAULT
   494 000001A3 EB2E                    	jmp	short .done
   495                                  
   496                                  .decode:
   497 000001A5 BAF101                  	mov	dx,IDEERR
   498 000001A8 EC                      	in	al,dx				; the error register
   499                                  
   500 000001A9 B30A                    	mov	bl,BAD_SECTOR_FLAG
   501 000001AB A880                    	test	al,80h				; BBK  bad block mark
   502 000001AD 7524                    	jnz	.done
   503 000001AF B310                    	mov	bl,BAD_CRC
   504 000001B1 A840                    	test	al,40h				; UNC  uncorrectable data
   505 000001B3 751E                    	jnz	.done
   506 000001B5 B304                    	mov	bl,SECTOR_NOT_FOUND
   507 000001B7 A810                    	test	al,10h				; IDNF sector id not found
   508 000001B9 7518                    	jnz	.done
   509 000001BB B301                    	mov	bl,INVALID_COMMAND
   510 000001BD A804                    	test	al,04h				; ABRT command aborted
   511 000001BF 7512                    	jnz	.done
   512 000001C1 B340                    	mov	bl,BAD_SEEK
   513 000001C3 A802                    	test	al,02h				; TK0NF track 0 not found
   514 000001C5 750C                    	jnz	.done
   515 000001C7 B302                    	mov	bl,ADDRESS_MARK_NOT_FOUND
   516 000001C9 A801                    	test	al,01h				; AMNF
   517 000001CB 7506                    	jnz	.done
   518 000001CD B3BB                    	mov	bl,UNDEFINED_ERROR
   519 000001CF EB02                    	jmp	short .done
   520                                  
   521                                  .timeout:
   522 000001D1 B380                    	mov	bl,TIME_OUT
   523                                  
   524                                  .done:
   525 000001D3 6A4007                  	get_bda	ES
   526 000001D6 26881E7400                  es	mov	[hd_status],bl			; INT 13h fn 01h reads this
   527 000001DB 0FB6C3                  	movzx	ax,bl
   528                                  
   529 000001DE 5B595A07                	popm	bx,cx,dx,es
   530 000001E2 C3                      	ret
   531                                  
   532                                  ; Read a sector of 512 bytes into memory at ES:[BX]
   533                                  ;
   534                                  ;  Call with:
   535                                  ;       ES:BX -- pointer to the data block
   536                                  ;
   537                                  ;  Exit with:
   538                                  ;       AX and DX are destroyed; other registers preserved
   539                                  ;
   540                                  ; "BE" version is for ide id information
   541                                  ;-----------------------------------------------------------------------------
   542                                  read_dataBE:
   543 000001E3 5153                        pushm   bx,cx
   544 000001E5 BAF001                  	mov		dx,IDEDTA
   545                                  
   546 000001E8 87FB                        xchg    di,bx
   547                                  
   548 000001EA B90001                  	mov     cx,256          ; sector size in words
   549                                  rdblk2BE:
   550 000001ED EC                      	in	al,dx
   551 000001EE 88C4                    	mov ah,al
   552 000001F0 EC                      	in	al,dx
   553 000001F1 AA                      	stosb
   554 000001F2 88E0                    	mov al,ah
   555 000001F4 AA                      	stosb
   556 000001F5 E2F6                        loop    rdblk2BE
   557 000001F7 5B59                        popm    bx,cx
   558 000001F9 C3                      	ret
   559                                  
   560                                  read_data:
   561 000001FA 51                          pushm   cx
   562 000001FB BAF001                  	mov		dx,IDEDTA
   563 000001FE 87FB                        xchg    di,bx			; STOSB works through ES:DI, so the buffer
   564                                  					;  offset goes there and comes back in BX
   565                                  					;  advanced by 512 -- which is what carries
   566                                  					;  a multi-sector transfer from one sector
   567                                  					;  to the next
   568 00000200 B90002                  	mov     cx,512          ; sector size in BYTES: this is 8-bit PIO
   569                                  rdblk2:
   570 00000203 EC                      	in	al,dx
   571 00000204 AA                      	stosb
   572 00000205 E2FC                        loop    rdblk2
   573 00000207 87FB                        xchg    di,bx
   574 00000209 59                          popm    cx
   575 0000020A C3                      	ret
   576                                  
   577                                  ;------------------------------------------------------------------------------
   578                                  ; Write a sector of 512 bytes from memory at DS:[BX]
   579                                  ;
   580                                  ; DS, not ES.  LODSB below reads through DS:SI, and IDE_WRITE_SECTOR loads
   581                                  ; the buffer segment into DS for exactly that reason -- the read side is the
   582                                  ; one that uses ES.  This comment said ES for years.
   583                                  ;
   584                                  ;  Call with:
   585                                  ;       DS:BX -- pointer to the data block
   586                                  ;
   587                                  ;  Exit with:
   588                                  ;       AX and DX are destroyed; other registers preserved
   589                                  ;
   590                                  ;-----------------------------------------------------------------------------
   591                                  write_data:
   592 0000020B 51                          pushm   cx
   593 0000020C BAF001                  	mov		dx,IDEDTA
   594 0000020F 87F3                        xchg    si,bx			; as in read_data, but through DS:SI
   595 00000211 B90002                  	mov     cx,512          ; sector size in BYTES: this is 8-bit PIO
   596                                  wtblk2:
   597 00000214 AC                      	lodsb
   598 00000215 EE                      	out	dx,al
   599 00000216 E2FC                        loop    wtblk2
   600 00000218 87F3                        xchg    si,bx
   601 0000021A 59                          popm    cx
   602 0000021B C3                      	ret
   603                                  
   604                                  
   605                                  
   606                                  ;-----------------------------------------------------------------------------
   607                                  ; write the logical block address to the drive's registers
   608                                  ;
   609                                  ;  Call with:
   610                                  ;       DX:AX = logical block address
   611                                  ;		BH = Master/Slave selection in bit 4
   612                                  ;       BL = Sector read count
   613                                  ;
   614                                  ;  Exit with:
   615                                  ;       AX, BX, DX are destroyed
   616                                  ;
   617                                  ;-----------------------------------------------------------------------------
   618                                  wr_lba:
   619 0000021C 51                      		push 	cx
   620 0000021D 50                              push    ax
   621 0000021E 52                              push    dx
   622 0000021F 89D9                            mov 	CX,BX
   623                                  
   624 00000221 B010                            mov     al,10h          ; Master/Slave mask
   625 00000223 20E8                            and     al,ch           ; mask bit
   626 00000225 88F3                            mov     bl,dh           ; high order
   627 00000227 80E30F                          and     bl,00Fh
   628 0000022A 80CBE0                          or      bl,0E0h         ; mark as LBA
   629                                  
   630 0000022D 08D8                    		or		al,bl
   631 0000022F BAF601                  		mov		dx,IDEDRV
   632 00000232 EE                      		out		dx,al			; DRV
   633                                  
   634 00000233 5B                              pop     bx              ; get DL to BL
   635                                  
   636 00000234 88D8                    		mov		al,bl
   637 00000236 4A                      		dec		dx
   638 00000237 EE                      		out		dx,al			; LBA - H
   639                                  
   640 00000238 5B                              pop     bx
   641                                  
   642 00000239 88F8                    		mov		al,bh
   643 0000023B 4A                      		dec		dx
   644 0000023C EE                      		out		dx,al			; LBA - M
   645                                  
   646 0000023D 88D8                    		mov		al,bl
   647 0000023F 4A                      		dec		dx
   648 00000240 EE                      		out		dx,al			; LBA - L
   649                                  
   650 00000241 88C8                    		mov		al,cl
   651 00000243 4A                      		dec		dx
   652 00000244 EE                      		out		dx,al 			; SET SECTOR COUNT
   653                                  
   654 00000245 59                      		POP 	CX
   655 00000246 C3                      		ret
