     1                                  ;;;;;;;;;;;;;;;;;;;;;;;;;;;;;;;;;;;;;;;;;;;;;;;;;;;;;;;;;;;;;;;;;;;;;;;;;;;;;
     2                                  ; errno.asm -- our version of Watcom 16 'errno.h' implementation
     3                                  ;;;;;;;;;;;;;;;;;;;;;;;;;;;;;;;;;;;;;;;;;;;;;;;;;;;;;;;;;;;;;;;;;;;;;;;;;;;;;
     4                                  ;
     5                                  ; Copyright (C) 2018 John R. Coffman.  All rights reserved.
     6                                  ; Provided for hobbyist use on the RetroBrew SBC-386EX board.
     7                                  ;
     8                                  ; This program is free software: you can redistribute it and/or modify
     9                                  ; it under the terms of the GNU General Public License as published by
    10                                  ; the Free Software Foundation, either version 3 of the License, or
    11                                  ; (at your option) any later version.
    12                                  ;
    13                                  ; This program is distributed in the hope that it will be useful,
    14                                  ; but WITHOUT ANY WARRANTY; without even the implied warranty of
    15                                  ; MERCHANTABILITY or FITNESS FOR A PARTICULAR PURPOSE.  See the
    16                                  ; GNU General Public License for more details.
    17                                  ;
    18                                  ; You should have received a copy of the GNU General Public License
    19                                  ; along with this program in the file COPYING in the topmost source
    20                                  ; directory.  If not, see <http://www.gnu.org/licenses/>.
    21                                  ;
    22                                  ;
    23                                  ; SBC-386 board revisions:
    24                                  ;       SBC386-0   prototype / concept testing
    25                                  ;	SBC-386EX 2.0	production / January 2018
    26                                  ;
    27                                  ; Assembly by NASM 2.08 is preferred
    28                                  ;;;;;;;;;;;;;;;;;;;;;;;;;;;;;;;;;;;;;;;;;;;;;;;;;;;;;;;;;;;;;;;;;;;;;;;;;;;;;
    29                                  %include "seg_def.inc"
    30                              <1> ; SEG_DEF.inc
    31                              <1> ;
    32                              <1> %ifndef SEG_DEF
    33                              <1> %define SEG_DEF 1
    34                              <1> 
    35                              <1> segment _TEXT	use16 	align=16	class=CODE	public
    36                              <1> 
    37                              <1> segment CONST		align=16	class=DATA	public
    38                              <1> segment CONST2		align=2		class=DATA	public
    39                              <1> segment _DATA		align=16	class=DATA	public
    40                              <1> segment _BSS		align=16	class=DATA	public
    41                              <1> ;group DGROUP CONST2 CONST _DATA _BSS
    42                              <1> 
    43                              <1> group DGROUP  _TEXT CONST2 CONST _DATA _BSS
    44                              <1> 
    45                              <1> 
    46                              <1> segment BOOT at 0xFFFF	align=16	class=BOOT	use16
    47                              <1> 
    48                              <1> %define XXX
    49                              <1> %endif
    50                              <1> ;
    51                              <1> ; end SEG_DEF.inc
    30                                  %include "i386ex.inc"
    31                              <1> ;/*;;;;;;;;;;;;;;;;;;;;;;;;;;;;;;;;;;;;;;;;;;;;;;;;;;;;;;;;;;;;;;;;;;;;;;
    32                              <1> ; i386EX.inc  --  register definitions for the Intel 80386EX processor
    33                              <1> ;;;;;;;;;;;;;;;;;;;;;;;;;;;;;;;;;;;;;;;;;;;;;;;;;;;;;;;;;;;;;;;;;;;;;;;;;
    34                              <1> ;
    35                              <1> ; Copyright (C) 2018 John R. Coffman.  All rights reserved.
    36                              <1> ; Provided for hobbyist use on the RetroBrew SBC-386 board.
    37                              <1> ;
    38                              <1> ; This program is free software: you can redistribute it and/or modify
    39                              <1> ; it under the terms of the GNU General Public License as published by
    40                              <1> ; the Free Software Foundation, either version 3 of the License, or
    41                              <1> ; (at your option) any later version.
    42                              <1> ;
    43                              <1> ; This program is distributed in the hope that it will be useful,
    44                              <1> ; but WITHOUT ANY WARRANTY; without even the implied warranty of
    45                              <1> ; MERCHANTABILITY or FITNESS FOR A PARTICULAR PURPOSE.  See the
    46                              <1> ; GNU General Public License for more details.
    47                              <1> ;
    48                              <1> ; You should have received a copy of the GNU General Public License
    49                              <1> ; along with this program in the file COPYING in the topmost source
    50                              <1> ; directory.  If not, see <http://www.gnu.org/licenses/>.
    51                              <1> ;
    52                              <1> ;
    53                              <1> ; SBC-386 board revisions:
    54                              <1> ;       SBC386-0   prototype / concept testing
    55                              <1> ;	SBC386EX 2.0 production board (Jan 2018, not 2017 as labeled)
    56                              <1> ;
    57                              <1> ; Assembly by NASM 2.08 is preferred
    58                              <1> ;;;;;;;;;;;;;;;;;;;;;;;;;;;;;;;;;;;;;;;;;;;;;;;;;;;;;;;;;;;;;;;;;;;;;;;;*/
    59                              <1> 
    60                              <1> ;/* i386EX.inc  --  register definitions for the Intel 80386EX processor
    61                              <1> ;
    62                              <1> %define defb
    63                              <1> %define defw
    64                              <1> %define defd
    65                              <1> ;*/
    66                              <1> 
    67                              <1> ;/* The Address Configuration register
    68                              <1> ;*/
    69                              <1> defb REMAPCFGH  equ     0x0023
    70                              <1> defb REMAPCFGL  equ     0x0022
    71                              <1> defw REMAPCFG   equ     0x0022
    72                              <1> 
    73                              <1> ;/* The A20gate and fast CPU Reset
    74                              <1> ;*/
    75                              <1> defb PORT92     equ     0xF092
    76                              <1> defb PORT92_AT  equ     0x0092
    77                              <1> 
    78                              <1> ;
    79                              <1> ;/* The DMA Controller and Bus Arbiter
    80                              <1> ;*/
    81                              <1> defb DMA0TAR    equ     0xF000
    82                              <1> defb DMA0TAR_AT equ     0x0000
    83                              <1> defb DMA0BYC    equ     0xF001
    84                              <1> defb DMA0BYC_AT equ     0x0001
    85                              <1> defb DMA1TAR    equ     0xF002
    86                              <1> defb DMA1TAR_AT equ     0x0002
    87                              <1> defb DMA1BYC    equ     0xF003
    88                              <1> defb DMA1BYC_AT equ     0x0003
    89                              <1> defb DMACMD1    equ     0xF008
    90                              <1> defb DMACMD1_AT equ     0x0008
    91                              <1> defb DMASTS     equ     0xF008
    92                              <1> defb DMASTS_AT  equ     0x0008
    93                              <1> defb DMASRR     equ     0xF009
    94                              <1> defb DMASRR_AT  equ     0x0009
    95                              <1> defb DMAMSK     equ     0xF00A
    96                              <1> defb DMAMSK_AT  equ     0x000A
    97                              <1> defb DMAMOD1    equ     0xF00B
    98                              <1> defb DMAMOD1_AT equ     0x000B
    99                              <1> defb DMACLRBP   equ     0xF00C
   100                              <1> defb DMACLRBP_AT equ    0x000C
   101                              <1> defb DMACLR     equ     0xF00D
   102                              <1> defb DMACLR_AT  equ     0x000D
   103                              <1> defb DMACLRMSK  equ     0xF00E
   104                              <1> defb DMACLRMSK_AT equ   0x000E
   105                              <1> defb DMAGRPMSK  equ     0xF00F
   106                              <1> defb DMAGRPMSK_AT equ   0x000F
   107                              <1> defb DMA0REQ0_1 equ     0xF010
   108                              <1> defb DMA0REQ2_3 equ     0xF011
   109                              <1> defb DMA1REQ0_1 equ     0xF012
   110                              <1> defb DMA1REQ2_3 equ     0xF013
   111                              <1> defb DMABSR     equ     0xF018
   112                              <1> defb DMACHR     equ     0xF019
   113                              <1> defb DMAIS      equ     0xF019
   114                              <1> defb DMACMD2    equ     0xF01A
   115                              <1> defb DMAMOD2    equ     0xF01B
   116                              <1> defb DMAIEN     equ     0xF01C
   117                              <1> defb DMAOVFE    equ     0xF01D
   118                              <1> defb DMACLRTC   equ     0xF01E
   119                              <1> ;
   120                              <1> ;/* The DMA Page Registers
   121                              <1> ;*/
   122                              <1> defb DMA1TAR2    equ    0xF083
   123                              <1> defb DMA1TAR2_AT equ    0x0083
   124                              <1> defb DMA1TAR3    equ    0xF085
   125                              <1> defb DMA1TAR3_AT equ    0x0085
   126                              <1> defb DMA0TAR3    equ    0xF086
   127                              <1> defb DMA0TAR3_AT equ    0x0086
   128                              <1> defb DMA0TAR2    equ    0xF087
   129                              <1> defb DMA0TAR2_AT equ    0x0087
   130                              <1> ;
   131                              <1> defb DMA0BYC2   equ     0xF098
   132                              <1> defb DMA1BYC2   equ     0xF099
   133                              <1> 
   134                              <1> ;
   135                              <1> ;/* The Master Interrupt Controller
   136                              <1> ;*/
   137                              <1> defb ICW1M_AT   equ     0x0020
   138                              <1> defb ICW2M_AT   equ     0x0021
   139                              <1> defb ICW3M_AT   equ     0x0021
   140                              <1> defb ICW4M_AT   equ     0x0021
   141                              <1> defb OCW1M_AT   equ     0x0021
   142                              <1> defb OCW2M_AT   equ     0x0020
   143                              <1> defb OCW3M_AT   equ     0x0020
   144                              <1> 
   145                              <1> defb ICW1M      equ     0xF020
   146                              <1> defb ICW2M      equ     0xF021
   147                              <1> defb ICW3M      equ     0xF021
   148                              <1> defb ICW4M      equ     0xF021
   149                              <1> defb OCW1M      equ     0xF021
   150                              <1> defb OCW2M      equ     0xF020
   151                              <1> defb OCW3M      equ     0xF020
   152                              <1> defb IRR_M	equ	0xF020
   153                              <1> 
   154                              <1> ;
   155                              <1> ;/* The Slave Interrupt Controller
   156                              <1> ;*/
   157                              <1> defb ICW1S_AT   equ     0x00A0
   158                              <1> defb ICW2S_AT   equ     0x00A1
   159                              <1> defb ICW3S_AT   equ     0x00A1
   160                              <1> defb ICW4S_AT   equ     0x00A1
   161                              <1> defb OCW1S_AT   equ     0x00A1
   162                              <1> defb OCW2S_AT   equ     0x00A0
   163                              <1> defb OCW3S_AT   equ     0x00A0
   164                              <1> defb IRR_M_AT	equ	0x00A0
   165                              <1> 
   166                              <1> defb ICW1S      equ     0xF0A0
   167                              <1> defb ICW2S      equ     0xF0A1
   168                              <1> defb ICW3S      equ     0xF0A1
   169                              <1> defb ICW4S      equ     0xF0A1
   170                              <1> defb OCW1S      equ     0xF0A1
   171                              <1> defb OCW2S      equ     0xF0A0
   172                              <1> defb OCW3S      equ     0xF0A0
   173                              <1> 
   174                              <1> ;
   175                              <1> ;/* The Timer/Counter Unit
   176                              <1> ;*/
   177                              <1> defb    TMR0    equ     0xF040
   178                              <1> defb    TMR0_AT equ     0x0040
   179                              <1> defb    TMR1    equ     0xF041
   180                              <1> defb    TMR1_AT equ     0x0041
   181                              <1> defb    TMR2    equ     0xF042
   182                              <1> defb    TMR2_AT equ     0x0042
   183                              <1> defb    TMRCON  equ     0xF043
   184                              <1> defb    TMRCON_AT  equ  0x0043
   185                              <1> 
   186                              <1> ;
   187                              <1> ;/* The Chip Select Unit
   188                              <1> ;*/
   189                              <1> defw    CS0ADL  equ     0xF400
   190                              <1> defw    CS0ADH  equ     0xF402
   191                              <1> defw    CS0MSKL equ     0xF404
   192                              <1> defw    CS0MSKH equ     0xF406
   193                              <1> defw    CS1ADL  equ     0xF408
   194                              <1> defw    CS1ADH  equ     0xF40A
   195                              <1> defw    CS1MSKL equ     0xF40C
   196                              <1> defw    CS1MSKH equ     0xF40E
   197                              <1> defw    CS2ADL  equ     0xF410
   198                              <1> defw    CS2ADH  equ     0xF412
   199                              <1> defw    CS2MSKL equ     0xF414
   200                              <1> defw    CS2MSKH equ     0xF416
   201                              <1> defw    CS3ADL  equ     0xF418
   202                              <1> defw    CS3ADH  equ     0xF41A
   203                              <1> defw    CS3MSKL equ     0xF41C
   204                              <1> defw    CS3MSKH equ     0xF41E
   205                              <1> defw    CS4ADL  equ     0xF420
   206                              <1> defw    CS4ADH  equ     0xF422
   207                              <1> defw    CS4MSKL equ     0xF424
   208                              <1> defw    CS4MSKH equ     0xF426
   209                              <1> defw    CS5ADL  equ     0xF428
   210                              <1> defw    CS5ADH  equ     0xF42A
   211                              <1> defw    CS5MSKL equ     0xF42C
   212                              <1> defw    CS5MSKH equ     0xF42E
   213                              <1> defw    CS6ADL  equ     0xF430
   214                              <1> defw    CS6ADH  equ     0xF432
   215                              <1> defw    CS6MSKL equ     0xF434
   216                              <1> defw    CS6MSKH equ     0xF436
   217                              <1> defw    UCSADL  equ     0xF438
   218                              <1> defw    UCSADH  equ     0xF43A
   219                              <1> defw    UCSMSKL equ     0xF43C
   220                              <1> defw    UCSMSKH equ     0xF43E
   221                              <1> 
   222                              <1> ;
   223                              <1> ;/* The Synchronous Serial I/O Unit
   224                              <1> ;*/
   225                              <1> defw    SSIOTBUF equ    0xF480
   226                              <1> defw    SSIORBUF equ    0xF482
   227                              <1> defw    SSIOBAUD equ    0xF484
   228                              <1> defw    SSIOCON1 equ    0xF486
   229                              <1> defw    SSIOCON2 equ    0xF488
   230                              <1> defw    SSIOCTR  equ    0xF48A
   231                              <1> 
   232                              <1> ;
   233                              <1> ;/* The Refresh Control Unit
   234                              <1> ;*/
   235                              <1> defw    RFSBAD  equ     0xF4A0
   236                              <1> defw    RFSCIR  equ     0xF4A2
   237                              <1> defw    RFSCON  equ     0xF4A4
   238                              <1> defw    RFSADD  equ     0xF4A6
   239                              <1> 
   240                              <1> ;
   241                              <1> ;/* The Watchdog Timer Unit
   242                              <1> ;*/
   243                              <1> defw    WDTRLDH equ     0xF4C0
   244                              <1> defw    WDTRLDL equ     0xF4C2
   245                              <1> defw    WDTCNTH equ     0xF4C4
   246                              <1> defw    WDTCNTL equ     0xF4C6
   247                              <1> defw    WDTCLR  equ     0xF4C8
   248                              <1> defb    WDTSTATUS  equ  0xF4CA
   249                              <1> 
   250                              <1> ;
   251                              <1> ;/* Clock Generation and Power Management
   252                              <1> ;*/
   253                              <1> defb    PWRCON  equ     0xF800
   254                              <1> defw    CLKPRS  equ     0xF804
   255                              <1> 
   256                              <1> ;
   257                              <1> ;/* Device Configuration Registers
   258                              <1> ;*/
   259                              <1> defb    P1CFG   equ     0xF820
   260                              <1> defb    P2CFG   equ     0xF822
   261                              <1> defb    P3CFG   equ     0xF824
   262                              <1> defb    PINCFG  equ     0xF826
   263                              <1> defb    DMACFG  equ     0xF830
   264                              <1> defb    INTCFG  equ     0xF832
   265                              <1> defb    TMRCFG  equ     0xF834
   266                              <1> defb    SIOCFG  equ     0xF836
   267                              <1> 
   268                              <1> ;
   269                              <1> ;/* Parallel I/O Ports
   270                              <1> ;*/
   271                              <1> defb    P1PIN   equ     0xF860
   272                              <1> defb    P1LTC   equ     0xF862
   273                              <1> defb    P1DIR   equ     0xF864
   274                              <1> defb    P2PIN   equ     0xF868
   275                              <1> defb    P2LTC   equ     0xF86A
   276                              <1> defb    P2DIR   equ     0xF86C
   277                              <1> defb    P3PIN   equ     0xF870
   278                              <1> defb    P3LTC   equ     0xF872
   279                              <1> defb    P3DIR   equ     0xF874
   280                              <1> 
   281                              <1> 
   282                              <1> ; bits.inc
   283                              <1> ;
   284                              <1> ; assembly language bit definitions
   285                              <1> ;
   286                              <1> defb    BIT0    equ     0x01
   287                              <1> defb    BIT1    equ     0x02
   288                              <1> defb    BIT2    equ     0x04
   289                              <1> defb    BIT3    equ     0x08
   290                              <1> defb    BIT4    equ     0x10
   291                              <1> defb    BIT5    equ     0x20
   292                              <1> defb    BIT6    equ     0x40
   293                              <1> defb    BIT7    equ     0x80
   294                              <1> 
   295                              <1> defw    BIT8    equ     0x0100
   296                              <1> defw    BIT9    equ     0x0200
   297                              <1> defw    BIT10   equ     0x0400
   298                              <1> defw    BIT11   equ     0x0800
   299                              <1> defw    BIT12   equ     0x1000
   300                              <1> defw    BIT13   equ     0x2000
   301                              <1> defw    BIT14   equ     0x4000
   302                              <1> defw    BIT15   equ     0x8000
   303                              <1> 
   304                              <1> defd    BIT16   equ     0x00010000
   305                              <1> defd    BIT31   equ     0x80000000
   306                              <1> 
   307                              <1> defb    ZBIT0    equ     0
   308                              <1> defb    ZBIT1    equ     0
   309                              <1> defb    ZBIT2    equ     0
   310                              <1> defb    ZBIT3    equ     0
   311                              <1> defb    ZBIT4    equ     0
   312                              <1> defb    ZBIT5    equ     0
   313                              <1> defb    ZBIT6    equ     0
   314                              <1> defb    ZBIT7    equ     0
   315                              <1> 
   316                              <1> defw    ZBIT8    equ     0
   317                              <1> defw    ZBIT9    equ     0
   318                              <1> defw    ZBIT10   equ     0
   319                              <1> defw    ZBIT11   equ     0
   320                              <1> defw    ZBIT12   equ     0
   321                              <1> defw    ZBIT13   equ     0
   322                              <1> defw    ZBIT14   equ     0
   323                              <1> defw    ZBIT15   equ     0
   324                              <1> 
   325                              <1> 
   326                              <1> ;
   327                              <1> ;/* Asynchronout Serial I/O channel 0  (COM1)
   328                              <1> ;*/
   329                              <1> defb    RBR0_F4 equ     0xF4F8
   330                              <1> defb    TBR0_F4 equ     0xF4F8
   331                              <1> defb    DLL0_F4 equ     0xF4F8
   332                              <1> defb    DLH0_F4 equ     0xF4F9
   333                              <1> defb    IER0_F4 equ     0xF4F9
   334                              <1> defb    IIR0_F4 equ     0xF4FA
   335                              <1> defb    LCR0_F4 equ     0xF4FB
   336                              <1> defb    MCR0_F4 equ     0xF4FC
   337                              <1> defb    LSR0_F4 equ     0xF4FD
   338                              <1> defb    MSR0_F4 equ     0xF4FE
   339                              <1> defb    SCR0_F4 equ     0xF4FF
   340                              <1> 
   341                              <1> %define MFPIC 0
   342                              <1> %if MFPIC
   343                              <1> defb    RBR0    equ     0x0448
   344                              <1> defb    TBR0    equ     0x0448
   345                              <1> defb    DLL0    equ     0x0448
   346                              <1> defb    DLH0    equ     0x0449
   347                              <1> defb    IER0    equ     0x0449
   348                              <1> defb    IIR0    equ     0x044A
   349                              <1> defb    LCR0    equ     0x044B
   350                              <1> defb    MCR0    equ     0x044C
   351                              <1> defb    LSR0    equ     0x044D
   352                              <1> defb    MSR0    equ     0x044E
   353                              <1> defb    SCR0    equ     0x044F
   354                              <1> %else
   355                              <1> defb    RBR0    equ     0x03F8
   356                              <1> defb    TBR0    equ     0x03F8
   357                              <1> defb    DLL0    equ     0x03F8
   358                              <1> defb    DLH0    equ     0x03F9
   359                              <1> defb    IER0    equ     0x03F9
   360                              <1> defb    IIR0    equ     0x03FA
   361                              <1> defb    LCR0    equ     0x03FB
   362                              <1> defb    MCR0    equ     0x03FC
   363                              <1> defb    LSR0    equ     0x03FD
   364                              <1> defb    MSR0    equ     0x03FE
   365                              <1> defb    SCR0    equ     0x03FF
   366                              <1> %endif
   367                              <1> 
   368                              <1> ;
   369                              <1> ;/* Asynchronout Serial I/O channel 1  (COM2)
   370                              <1> ;*/
   371                              <1> defb    RBR1_F8 equ     0xF8F8
   372                              <1> defb    TBR1_F8 equ     0xF8F8
   373                              <1> defb    DLL1_F8 equ     0xF8F8
   374                              <1> defb    DLH1_F8 equ     0xF8F9
   375                              <1> defb    IER1_F8 equ     0xF8F9
   376                              <1> defb    IIR1_F8 equ     0xF8FA
   377                              <1> defb    LCR1_F8 equ     0xF8FB
   378                              <1> defb    MCR1_F8 equ     0xF8FC
   379                              <1> defb    LSR1_F8 equ     0xF8FD
   380                              <1> defb    MSR1_F8 equ     0xF8FE
   381                              <1> defb    SCR1_F8 equ     0xF8FF
   382                              <1> 
   383                              <1> defb    RBR1    equ     0x02F8
   384                              <1> defb    TBR1    equ     0x02F8
   385                              <1> defb    DLL1    equ     0x02F8
   386                              <1> defb    DLH1    equ     0x02F9
   387                              <1> defb    IER1    equ     0x02F9
   388                              <1> defb    IIR1    equ     0x02FA
   389                              <1> defb    LCR1    equ     0x02FB
   390                              <1> defb    MCR1    equ     0x02FC
   391                              <1> defb    LSR1    equ     0x02FD
   392                              <1> defb    MSR1    equ     0x02FE
   393                              <1> defb    SCR1    equ     0x02FF
   394                              <1> 
   395                              <1> ;/* LSRx bits
   396                              <1> ;*/
   397                              <1> defb    LSR_TE  equ     BIT6
   398                              <1> defb    LSR_TBE equ     BIT5
   399                              <1> defb    LSR_BI  equ     BIT4
   400                              <1> defb    LSR_FE  equ     BIT3
   401                              <1> defb    LSR_PE  equ     BIT2
   402                              <1> defb    LSR_OE  equ     BIT1
   403                              <1> defb    LSR_RBF equ     BIT0
   404                              <1> 
   405                              <1> ;/* MSRx bits
   406                              <1> ;*/
   407                              <1> defb	MSR_DCD	equ	BIT7
   408                              <1> defb	MSR_RI 	equ	BIT6
   409                              <1> defb	MSR_DSR	equ	BIT5
   410                              <1> defb	MSR_CTS	equ	BIT4
   411                              <1> defb	MSR_deltaDCD	equ	BIT3
   412                              <1> defb	MSR_deltaRI	equ	BIT2
   413                              <1> defb	MSR_deltaDSR	equ	BIT1
   414                              <1> defb	MSR_deltaCTS	equ	BIT0
   415                              <1> 
   416                              <1> ;/* Bits in CR0
   417                              <1> ;*/
   418                              <1> defb    CR0_PE  equ     BIT0
   419                              <1> defb    CR0_MP  equ     BIT1
   420                              <1> defb    CR0_EM  equ     BIT2
   421                              <1> defb    CR0_TS  equ     BIT3
   422                              <1> defd    CR0_WP  equ     BIT16
   423                              <1> defd    CR0_PG  equ     BIT31
   424                              <1> 
   425                              <1> ;/* Some ASCII character codes
   426                              <1> ;*/
   427                              <1> defb    ASCII_NUL       equ     0x00
   428                              <1> defb    ASCII_BS        equ     0x08
   429                              <1> defb    ASCII_HT        equ     0x09
   430                              <1> defb    ASCII_LF        equ     0x0A
   431                              <1> defb    ASCII_NL        equ     0x0A
   432                              <1> defb    ASCII_FF        equ     0x0C
   433                              <1> defb    ASCII_CR        equ     0x0D
   434                              <1> defb	ASCII_ESC	equ	0x1B
   435                              <1> defb    ASCII_SP        equ     0x20
   436                              <1> defb    ASCII_DEL       equ     0x7F
   437                              <1> defb	ASCII_RUB	equ	0xFF
   438                              <1> 
   439                              <1> 
   440                              <1> ;/* End of i386EX.inc */
    31                                  %include "bda.inc"
    32                              <1> XXX
    33                              <1> ; bda.h -- definitions of the BIOS Data Area at 0040:0000 (0x400)  */
    34                              <1> %define BDA_segment 0x40
    35                              <1> struc _BDA
    36                              <1> ; first items at 0x40:0	*/
    37 00000000 ????????????????    <1> serial_dev	resw	4	; serial port device codes */
    38 00000008 ????????????????    <1> parallel_dev	resw	4	; printer port device codes */
    39 00000010 ????                <1> equip_flag	resw	1		; int 12h equipment flags */
    40 00000012 ??                  <1> mfg_test	resb	1		; initialization flags */
    41 00000013 ????                <1> memory_size	resw	1	; base memory size in Kilowords (1224) */
    42 00000015 ??                  <1> mfg_err_flag	resb	1
    43 00000016 ??                  <1> mfg_err_flag2	resb	1
    44                              <1> ; */
    45                              <1> ; first Keyboard data area */
    46 00000017 ??                  <1> kbd_flag	resb	1	; shift status &c. */
    47 00000018 ??                  <1> kbd_flag1	resb	1	;  mrre  */
    48 00000019 ??                  <1> alt_input	resb	1	; save alternate kbd entry code */
    49 0000001A ????                <1> buffer_head	resw	1
    50 0000001C ????                <1> buffer_tail	resw	1
    51                              <1> ; */
    52 0000001E <res 20h>           <1> kbd_buffer	resw	16	; buffer empty when  head==tail**/
    53                              <1> ; */
    54                              <1> ; Diskette data area */
    55 0000003E ??                  <1> seek_status	resb	1	; drive recalibration status */
    56                              <1> ; bits 3..0 drive must recalibrate before next seek */
    57 0000003F ??                  <1> motor_status	resb	1	; bits 3..0 motor running */
    58                              <1> ; bit 7 current op is write */
    59 00000040 ??                  <1> motor_count	resb	1	; timeout counter for motor turn-off */
    60 00000041 ??                  <1> fd_status	resb	1	; return code status byte */
    61 00000042 ??????????????      <1> fd_ctrl_stat	resb	7	; controller return bytes */
    62                              <1> ; */
    63                              <1> ; Video Display data area -- also used for video emulation */
    64 00000049 ??                  <1> vid_mode	resb	1	; current display mode */
    65 0000004A ????                <1> vid_columns	resw	1	; no. of columns on the screen */
    66 0000004C ????                <1> vid_buf_len	resw	1	; length of video buffer in bytes*//
    67 0000004E ????                <1> vid_start	resw	1	; start address of screen regeneration (in vid buf)*//
    68 00000050 <res 10h>           <1> vid_cursor	resw	8	; cursor postition on up to 8 screens */
    69 00000060 ????                <1> vid_cursor_mode	resw	1
    70 00000062 ??                  <1> vid_active_page	resb	1
    71 00000063 ????                <1> vid_addr_chip	resw	1	; I/O address for the video chip (6845,EGA,VGA)*//
    72 00000065 ??                  <1> vid_crt_mode	resb	1	; current setting of the 3x8 register ???? */
    73 00000066 ??                  <1> vid_palette	resb	1	; current color setting / palette **/
    74                              <1> ; */
    75                              <1> ; POST and ROM data */
    76 00000067 ????????            <1> io_rom_addr	resd	1	; far word to ROM initialization routine */
    77                              <1> %define io_rom_addr_low io_rom_addr
    78                              <1> %define io_rom_addr_seg (io_rom_addr+2)
    79 0000006B ??                  <1> interrupt_flag	resb	1	; indicates an interrupt occurred */
    80                              <1> ; */
    81                              <1> ; Timer data area  18.206602 hz  = ~54.925 ms  */
    82 0000006C ????                <1> timer_count_low	resw	1	; low word of timer count */
    83 0000006E ????                <1> timer_count_high	resw	1
    84                              <1> %define timer_count timer_count_low
    85                              <1> ; use timer_count as the double word timer counter */
    86 00000070 ??                  <1> timer_overflow	resb	1	; timer has rolled over since last read */
    87                              <1> ; */
    88                              <1> ; System & Keboard data area */
    89 00000071 ??                  <1> kbd_break_flag	resb	1	; bit 7 set if Break key is pressed */
    90 00000072 ????                <1> reset_flag	resw	1	; word=0x1234 if Reset is underway (80286) */
    91                              <1> ; */
    92                              <1> ; Fixed (Hard) disk data area */
    93 00000074 ??                  <1> hd_status	resb	1	; status info for hard disk */
    94                              <1> %define disk_status1 hd_status
    95 00000075 ??                  <1> hd_number	resb	1	; number of hard disks (for int 13h, fn 8h) */
    96 00000076 ??                  <1> control_byte	resb	1	; head control ???? */
    97 00000077 ??                  <1> port_offset	resb	1	; obsolete, maybe ???? */
    98                              <1> ; */
    99                              <1> ; Timeout counters */
   100 00000078 ????????            <1> printer_timeout	resb	4	; four bytes for each interaace */
   101 0000007C ????????            <1> serial_timeout	resb	4	; four bytes for each interacce */
   102                              <1> ; */
   103                              <1> ; Keyboard additional data area -- buffer location within segment 40h */
   104 00000080 ????                <1> buffer_start	resw	1	; offset of keyboard buffer start**/
   105 00000082 ????                <1> buffer_end	resw	1		; offset of end of kbd buffer */
   106                              <1> ; */
   107                              <1> ; EGA/PGA? data work area (graphic mode?  probably available) */
   108 00000084 ??                  <1> ega_rows	resb	1		; rows on the active screen (less 1)**/
   109 00000085 ????                <1> ega_points	resw	1		; bytes per charateer	*/
   110 00000087 ??                  <1> ega_info	resb	1		; mode options ????*//
   111 00000088 ??                  <1> ega_info_3	resb	1		; switch settings*//
   112 00000089 ????                <1> ega_rsvd	resb	2	; reserved for adapter mfgrs */
   113                              <1> ; */
   114                              <1> ; Disk / Diskette media data */
   115 0000008B ??                  <1> fd_last_data_rate	resb	1	; last data rate selected */
   116 0000008C ??                  <1> hd_status_reg	resb	1		; hard disk status register */
   117 0000008D ??                  <1> hd_error_reg	resb	1		; hard disk error register */
   118 0000008E ??                  <1> hd_int_flag	resb	1	; HD interrupt flag */
   119 0000008F ??                  <1> hd_cntrl	resb	1		; HD/FD combo controller bit flag */
   120 00000090 ????                <1> hd_media	resb	2	; media state */
   121 00000092 ????                <1> hd_op_start	resb	2	; operation start state */
   122 00000094 ????                <1> hd_track	resw	1		; HD present cylinder number */
   123                              <1> ; */
   124                              <1> ; Additional Keyboard flags */
   125 00000096 ??                  <1> kbd_flag3	resb	1	; mode state & type flags */
   126 00000097 ??                  <1> kbd_flag2	resb	1	; kbd LED flags */
   127                              <1> ; */
   128                              <1> ; Real Time Clock data area */
   129 00000098 ????????            <1> rtc_user_flag_addr	resd	1	; far address of user's wait flag */
   130 0000009C ????????            <1> rtc_user_wait_flag	resd	1	; user wait flag */
   131 000000A0 ??                  <1> rtc_wait_active	resb	1	; 01=busy, 80=posted, 00=post acknowledge */
   132                              <1> ; */
   133                              <1> ; Miscellaneous */
   134 000000A1 ??????????????      <1> rsvd_network	resb	7	; reserved for network adapters */
   135 000000A8 ????????            <1> ptr_ega_save	resd	1		; far pointer to EGA parameter control block */
   136                              <1> ; */
   137                              <1> ;	byte	rsvd_unused[84];	; reserved for 386EX usage */
   138 000000AC ????                <1> errno	resw	1				; library error flag (errno.h) */
   139 000000AE <res 29h>           <1> rsvd_unused	resb	41	; reserved for 386EX usage */
   140 000000D7 ????????            <1> serial_flags	resb	4	; flags for each serial device**/
   141 000000DB ????                <1> extended_memory	resw	1	; size of Extended Memory in Kilobytes */
   142                              <1> ; this size is stored in CMOS on the PC/AT */
   143 000000DD ????                <1> CPU_freq	resw	1	; CPU frequency in kilohertz */
   144 000000DF ????                <1> ebda_seg_ptr	resw	1		; for EBDA allocations; c.f., memory_size */
   145                              <1> ; */
   146                              <1> ; start of 31 bytes of NVRAM informaiion */
   147 000000E1 ????                <1> nvram_info	resb	2	; 31 bytes of NVRAM information (this may move)*//
   148                              <1> ; starts with 2 bytes of SIO0 params */
   149 000000E3 ????                <1> floppy_tab	resb	2		; floppy disk driver table */
   150 000000E5 ????????????????    <1> disk_tab	resb	8  		; hard disk driver table */
   151 000000ED <res 11h>           <1> nvram_unused	resb	17
   152 000000FE ????                <1> nvram_checksum	resw	1	; 31st byte of the NVRAM info */
   153                              <1> ; end of 31 bytes of NVRAM information */
   154                              <1> ; */
   155 00000100 ??                  <1> AT_status_byte	resb	1	; at 40:100h, 00500h, Print Screen Status byte*//
   156                              <1> ; 00=ready/ok  01=busy  0FF=error	*/
   157 00000101 ??                  <1> SRAM_size	resb	1	; size of SRAM in Kilobytes */
   158                              <1> ; */
   159                              <1> ; Extentsion to BDA during BIOS startup */
   160                              <1> ; */
   161                              <1> endstruc
   161          ******************  <1>  warning: segment attributes specified on redeclaration of segment: ignoring [-w+other]
    32                                  %include "macro.inc"
    33                              <1> ;;;;;;;;;;;;;;;;;;;;;;;;;;;;;;;;;;;;;;;;;;;;;;;;;;;;;;;;;;;;;;;;;;;;;;;;;
    34                              <1> ;
    35                              <1> ; some useful macros:
    36                              <1> ;
    37                              <1> ;;;;;;;;;;;;;;;;;;;;;;;;;;;;;;;;;;;;;;;;;;;;;;;;;;;;;;;;;;;;;;;;;;;;;;;;;
    38                              <1> %define NREPEAT 0
    39                              <1> 
    40                              <1> %if NREPEAT
    41                              <1> 
    42                              <1> %macro	rep	1
    43                              <1> %%loop:	%1
    44                              <1> 	dec	cx
    45                              <1> 	jnz	%%loop
    46                              <1> %endm
    47                              <1> 
    48                              <1> %macro	repne	1
    49                              <1> %%loop:	%1
    50                              <1> 	je	%%e
    51                              <1> 	dec	cx
    52                              <1> 	jnz	%%loop
    53                              <1> 	cmp	cx,1
    54                              <1> 	jmp	%%done
    55                              <1> %%e:	dec	cx
    56                              <1> 	cmp	cx,cx
    57                              <1> %%done:
    58                              <1> %endm
    59                              <1> 
    60                              <1> %macro	repe	1
    61                              <1> %%loop:	%1
    62                              <1> 	jne	%%ne
    63                              <1> 	dec	cx
    64                              <1> 	jnz	%%loop
    65                              <1> 	jmp	%%done
    66                              <1> %%ne:	dec	cx
    67                              <1> 	jcxz	%%cxz
    68                              <1> 	jmp	%%done
    69                              <1> %%cxz:	cmp	cx,1
    70                              <1> %%done:
    71                              <1> %endm
    72                              <1> 
    73                              <1> %macro	REP	1
    74                              <1> %%loop:	%1
    75                              <1> 	dec	ecx
    76                              <1> 	jnz	%%loop
    77                              <1> %endm
    78                              <1> 
    79                              <1> %macro	REPNE	1
    80                              <1> %%loop:	%1
    81                              <1> 	je	%%e
    82                              <1> 	dec	ecx
    83                              <1> 	jnz	%%loop
    84                              <1> 	cmp	cl,1
    85                              <1> 	jmp	%%done
    86                              <1> %%e:	dec	ecx
    87                              <1> 	cmp	cl,cl
    88                              <1> %%done:
    89                              <1> %endm
    90                              <1> 
    91                              <1> %macro	REPE	1
    92                              <1> %%loop:	%1
    93                              <1> 	jne	%%ne
    94                              <1> 	dec	ecx
    95                              <1> 	jnz	%%loop
    96                              <1> 	jmp	%%done
    97                              <1> %%ne:	dec	ecx
    98                              <1> 	jecxz	%%cxz
    99                              <1> 	jmp	%%done
   100                              <1> %%cxz:	cmp	cl,1
   101                              <1> %%done:
   102                              <1> %endm
   103                              <1> 
   104                              <1> %endif
   105                              <1> 
   106                              <1> 
   107                              <1> ;
   108                              <1> ; format of the BYTE initialization table:  address, byte
   109                              <1> ;
   110                              <1> %imacro  binit 2
   111                              <1>         dw      %1
   112                              <1>         db      %2
   113                              <1> %endmacro
   114                              <1> ; end with DW -1
   115                              <1> 
   116                              <1> ;
   117                              <1> ; format of the WORD initialization table:  address, word
   118                              <1> ;
   119                              <1> %imacro  winit 2
   120                              <1>         dw      %1
   121                              <1>         dw      %2
   122                              <1> %endmacro
   123                              <1> ; end with DW -1
   124                              <1> 
   125                              <1> 
   126                              <1> ; get the BIOS Data Area segment pointer to a [segment] register
   127                              <1> %imacro get_bda	1.nolist
   128                              <1> 	push	0x0040
   129                              <1> 	pop	%1
   130                              <1> 	cnop
   131                              <1> %endm
   132                              <1> 
   133                              <1> 
   134                              <1> ; get the Location 0 (Interrupt Descriptor Table) pointer to a register
   135                              <1> %imacro	get_loc0 1.nolist
   136                              <1> 	push	0x0000
   137                              <1> 	pop	%1
   138                              <1> 	cnop
   139                              <1> %endm
   140                              <1> 
   141                              <1> 
   142                              <1> 
   143                              <1> %imacro setloc  1.nolist
   144                              <1>  times   (%1-($-$$)) db 0FFh
   145                              <1> %endm
   146                              <1> 
   147                              <1> %imacro db_lo   1
   148                              <1>  db (%1)&255
   149                              <1> %endm
   150                              <1> 
   151                              <1> %imacro cnop    0.nolist
   152                              <1> %ifdef SOFT_DEBUG
   153                              <1> %if SOFT_DEBUG
   154                              <1>         nop
   155                              <1> %endif
   156                              <1> %endif
   157                              <1> %endm
   158                              <1> 
   159                              <1> %imacro popm 1-*.nolist
   160                              <1> %rep %0
   161                              <1> %ifidni %1,ALL
   162                              <1>  popa
   163                              <1> %elifidni %1,F
   164                              <1>  popf
   165                              <1> %else
   166                              <1>  pop %1
   167                              <1> %ifidni %1,DS
   168                              <1>  cnop
   169                              <1> %elifidni %1,ES
   170                              <1>  cnop
   171                              <1> %elifidni %1,FS
   172                              <1>  cnop
   173                              <1> %elifidni %1,GS
   174                              <1>  cnop
   175                              <1> %endif
   176                              <1> %endif
   177                              <1> %rotate 1
   178                              <1> %endrep
   179                              <1> %endm
   180                              <1> 
   181                              <1> %imacro pushm 1-*.nolist
   182                              <1> %rep %0
   183                              <1> %rotate -1
   184                              <1> %ifidni %1,ALL
   185                              <1>  pusha
   186                              <1> %elifidni %1,F
   187                              <1>  pushf
   188                              <1> %else
   189                              <1>  push %1
   190                              <1> %endif
   191                              <1> %endrep
   192                              <1> %endm
   193                              <1> 
   194                              <1> %imacro descr_linear_data 2-3.nolist	; address, size [, E]  E!=0 means expand down
   195                              <1> %assign __size__ (%2-1)	| 0xFF
   196                              <1> %if (__size__ <= 0xFFFF)
   197                              <1> %assign __gran__ 0
   198                              <1> %else
   199                              <1> %assign __gran__ 0xC0			; G B 0 0
   200                              <1> %endif
   201                              <1> %assign __expand__ 0
   202                              <1> %if %0==3
   203                              <1> %if %3
   204                              <1> %assign __expand__ 4
   205                              <1> %endif
   206                              <1> %endif
   207                              <1> dd (((%1)&0xFFFF)<<16)|(__size__&0xFFFF)
   208                              <1> dd (((%1)>>24)&0xFF)|((__gran__|(__size__>>16)&0x0F)<<16)|((0x93|__expand__)<<8)|(((%1)>>16)&0xFF)
   209                              <1> %endm
   210                              <1> 
   211                              <1> %imacro descr_linear_code 2-3.nolist	; address, size [,C]  C!=0 means conforming
   212                              <1> %assign __size__ (%2-1)	| 0xFF
   213                              <1> %if (__size__ <= 0xFFFF)
   214                              <1> %assign __gran__ 0
   215                              <1> %else
   216                              <1> %assign __gran__ 0xC0			; G D 0 0
   217                              <1> %endif
   218                              <1> %assign __conform__ 0
   219                              <1> %if %0==3
   220                              <1> %if %3
   221                              <1> %assign __conform__ 4
   222                              <1> %endif
   223                              <1> %endif
   224                              <1> dd (((%1)&0xFFFF)<<16)|(__size__&0xFFFF)
   225                              <1> dd (((%1)>>24)&0xFF)|((__gran__|(__size__>>16)&0x0F)<<16)|((0x9B|__conform__)<<8)|(((%1)>>16)&0xFF)
   226                              <1> %endm
   227                              <1> 
   228                              <1> ;/* End of macro.inc */
    33                                  
    34                                  
    35                                  segment	_TEXT
    36                                  
    37                                  	global	__get_errno_ptr_
    38                                  __get_errno_ptr_:
    39 00000000 6A405A                  	get_bda	DX
    40 00000003 B8AC00                  	mov	ax,errno
    41 00000006 C3                      	ret			; return pointer in DX:AX
