     1                                  ;;;;;;;;;;;;;;;;;;;;;;;;;;;;;;;;;;;;;;;;;;;;;;;;;;;;;;;;;;;;;;;;;;;;;;;;;;;;;
     2                                  ; fdcpio.asm -- the parts of the floppy driver that have to be assembly
     3                                  ;;;;;;;;;;;;;;;;;;;;;;;;;;;;;;;;;;;;;;;;;;;;;;;;;;;;;;;;;;;;;;;;;;;;;;;;;;;;;
     4                                  ;
     5                                  ; Copyright (C) 2026 Dan Werner.  All rights reserved.
     6                                  ; Provided for hobbyist use on the RetroBrew SBC-386EX board.
     7                                  ;
     8                                  ; This program is free software: you can redistribute it and/or modify
     9                                  ; it under the terms of the GNU General Public License as published by
    10                                  ; the Free Software Foundation, either version 3 of the License, or
    11                                  ; (at your option) any later version.
    12                                  ;
    13                                  ; This program is distributed in the hope that it will be useful,
    14                                  ; but WITHOUT ANY WARRANTY; without even the implied warranty of
    15                                  ; MERCHANTABILITY or FITNESS FOR A PARTICULAR PURPOSE.  See the
    16                                  ; GNU General Public License for more details.
    17                                  ;
    18                                  ; You should have received a copy of the GNU General Public License
    19                                  ; along with this program in the file COPYING in the topmost source
    20                                  ; directory.  If not, see <http://www.gnu.org/licenses/>.
    21                                  ;
    22                                  ;
    23                                  ; The floppy controller is an SMC FDC9266 on an ECB Disk I/O V3, reached at
    24                                  ; 0x430-0x43F -- Z80 I/O 30h-3Fh, which the 386EX sees at 0x400 + N.  There
    25                                  ; is no DMA on that board, so every byte of every sector passes through the
    26                                  ; CPU.  Only two things here need to be assembly; the rest of the driver is
    27                                  ; C, in "diskfdc.c".
    28                                  ;
    29                                  ;   the data phase	because a byte not collected within 16 microseconds
    30                                  ;			is an overrun, and a C loop through io_read() has
    31                                  ;			neither the speed nor the control over interrupts
    32                                  ;
    33                                  ;   FDC_stop_motor	because int_irq0 calls it having saved only BX, CX
    34                                  ;			and DS.  Anything it disturbs beyond those three
    35                                  ;			corrupts whatever the tick interrupted.
    36                                  ;
    37                                  ; Assembly by NASM 2.08 is preferred
    38                                  ;;;;;;;;;;;;;;;;;;;;;;;;;;;;;;;;;;;;;;;;;;;;;;;;;;;;;;;;;;;;;;;;;;;;;;;;;;;;;
    39                                  %include "seg_def.inc"
    40                              <1> ; SEG_DEF.inc
    41                              <1> ;
    42                              <1> %ifndef SEG_DEF
    43                              <1> %define SEG_DEF 1
    44                              <1> 
    45                              <1> segment _TEXT	use16 	align=16	class=CODE	public
    46                              <1> 
    47                              <1> segment CONST		align=16	class=DATA	public
    48                              <1> segment CONST2		align=2		class=DATA	public
    49                              <1> segment _DATA		align=16	class=DATA	public
    50                              <1> segment _BSS		align=16	class=DATA	public
    51                              <1> ;group DGROUP CONST2 CONST _DATA _BSS
    52                              <1> 
    53                              <1> group DGROUP  _TEXT CONST2 CONST _DATA _BSS
    54                              <1> 
    55                              <1> 
    56                              <1> segment BOOT at 0xFFFF	align=16	class=BOOT	use16
    57                              <1> 
    58                              <1> %define XXX
    59                              <1> %endif
    60                              <1> ;
    61                              <1> ; end SEG_DEF.inc
    40                                  %include "i386ex.inc"
    41                              <1> ;/*;;;;;;;;;;;;;;;;;;;;;;;;;;;;;;;;;;;;;;;;;;;;;;;;;;;;;;;;;;;;;;;;;;;;;;
    42                              <1> ; i386EX.inc  --  register definitions for the Intel 80386EX processor
    43                              <1> ;;;;;;;;;;;;;;;;;;;;;;;;;;;;;;;;;;;;;;;;;;;;;;;;;;;;;;;;;;;;;;;;;;;;;;;;;
    44                              <1> ;
    45                              <1> ; Copyright (C) 2018 John R. Coffman.  All rights reserved.
    46                              <1> ; Provided for hobbyist use on the RetroBrew SBC-386 board.
    47                              <1> ;
    48                              <1> ; This program is free software: you can redistribute it and/or modify
    49                              <1> ; it under the terms of the GNU General Public License as published by
    50                              <1> ; the Free Software Foundation, either version 3 of the License, or
    51                              <1> ; (at your option) any later version.
    52                              <1> ;
    53                              <1> ; This program is distributed in the hope that it will be useful,
    54                              <1> ; but WITHOUT ANY WARRANTY; without even the implied warranty of
    55                              <1> ; MERCHANTABILITY or FITNESS FOR A PARTICULAR PURPOSE.  See the
    56                              <1> ; GNU General Public License for more details.
    57                              <1> ;
    58                              <1> ; You should have received a copy of the GNU General Public License
    59                              <1> ; along with this program in the file COPYING in the topmost source
    60                              <1> ; directory.  If not, see <http://www.gnu.org/licenses/>.
    61                              <1> ;
    62                              <1> ;
    63                              <1> ; SBC-386 board revisions:
    64                              <1> ;       SBC386-0   prototype / concept testing
    65                              <1> ;	SBC386EX 2.0 production board (Jan 2018, not 2017 as labeled)
    66                              <1> ;
    67                              <1> ; Assembly by NASM 2.08 is preferred
    68                              <1> ;;;;;;;;;;;;;;;;;;;;;;;;;;;;;;;;;;;;;;;;;;;;;;;;;;;;;;;;;;;;;;;;;;;;;;;;*/
    69                              <1> 
    70                              <1> ;/* i386EX.inc  --  register definitions for the Intel 80386EX processor
    71                              <1> ;
    72                              <1> %define defb
    73                              <1> %define defw
    74                              <1> %define defd
    75                              <1> ;*/
    76                              <1> 
    77                              <1> ;/* The component identifier the 386EX leaves in DX after a hardware reset:
    78                              <1> ;*  DH is the device (23h, 386EX) and DL the stepping.  POST tests it as the
    79                              <1> ;*  first thing it does, so anything that restarts the board in software has
    80                              <1> ;*  to present it too -- see reboot_ in 19h_boot.asm, which learned that the
    81                              <1> ;*  hard way.
    82                              <1> ;*/
    83                              <1> defw    DEVICE_ID equ   0x2309
    84                              <1> 
    85                              <1> ;/* The Address Configuration register
    86                              <1> ;*/
    87                              <1> defb REMAPCFGH  equ     0x0023
    88                              <1> defb REMAPCFGL  equ     0x0022
    89                              <1> defw REMAPCFG   equ     0x0022
    90                              <1> 
    91                              <1> ;/* The A20gate and fast CPU Reset
    92                              <1> ;*/
    93                              <1> defb PORT92     equ     0xF092
    94                              <1> defb PORT92_AT  equ     0x0092
    95                              <1> 
    96                              <1> ;
    97                              <1> ;/* The DMA Controller and Bus Arbiter
    98                              <1> ;*/
    99                              <1> defb DMA0TAR    equ     0xF000
   100                              <1> defb DMA0TAR_AT equ     0x0000
   101                              <1> defb DMA0BYC    equ     0xF001
   102                              <1> defb DMA0BYC_AT equ     0x0001
   103                              <1> defb DMA1TAR    equ     0xF002
   104                              <1> defb DMA1TAR_AT equ     0x0002
   105                              <1> defb DMA1BYC    equ     0xF003
   106                              <1> defb DMA1BYC_AT equ     0x0003
   107                              <1> defb DMACMD1    equ     0xF008
   108                              <1> defb DMACMD1_AT equ     0x0008
   109                              <1> defb DMASTS     equ     0xF008
   110                              <1> defb DMASTS_AT  equ     0x0008
   111                              <1> defb DMASRR     equ     0xF009
   112                              <1> defb DMASRR_AT  equ     0x0009
   113                              <1> defb DMAMSK     equ     0xF00A
   114                              <1> defb DMAMSK_AT  equ     0x000A
   115                              <1> defb DMAMOD1    equ     0xF00B
   116                              <1> defb DMAMOD1_AT equ     0x000B
   117                              <1> defb DMACLRBP   equ     0xF00C
   118                              <1> defb DMACLRBP_AT equ    0x000C
   119                              <1> defb DMACLR     equ     0xF00D
   120                              <1> defb DMACLR_AT  equ     0x000D
   121                              <1> defb DMACLRMSK  equ     0xF00E
   122                              <1> defb DMACLRMSK_AT equ   0x000E
   123                              <1> defb DMAGRPMSK  equ     0xF00F
   124                              <1> defb DMAGRPMSK_AT equ   0x000F
   125                              <1> defb DMA0REQ0_1 equ     0xF010
   126                              <1> defb DMA0REQ2_3 equ     0xF011
   127                              <1> defb DMA1REQ0_1 equ     0xF012
   128                              <1> defb DMA1REQ2_3 equ     0xF013
   129                              <1> defb DMABSR     equ     0xF018
   130                              <1> defb DMACHR     equ     0xF019
   131                              <1> defb DMAIS      equ     0xF019
   132                              <1> defb DMACMD2    equ     0xF01A
   133                              <1> defb DMAMOD2    equ     0xF01B
   134                              <1> defb DMAIEN     equ     0xF01C
   135                              <1> defb DMAOVFE    equ     0xF01D
   136                              <1> defb DMACLRTC   equ     0xF01E
   137                              <1> ;
   138                              <1> ;/* The DMA Page Registers
   139                              <1> ;*/
   140                              <1> defb DMA1TAR2    equ    0xF083
   141                              <1> defb DMA1TAR2_AT equ    0x0083
   142                              <1> defb DMA1TAR3    equ    0xF085
   143                              <1> defb DMA1TAR3_AT equ    0x0085
   144                              <1> defb DMA0TAR3    equ    0xF086
   145                              <1> defb DMA0TAR3_AT equ    0x0086
   146                              <1> defb DMA0TAR2    equ    0xF087
   147                              <1> defb DMA0TAR2_AT equ    0x0087
   148                              <1> ;
   149                              <1> defb DMA0BYC2   equ     0xF098
   150                              <1> defb DMA1BYC2   equ     0xF099
   151                              <1> 
   152                              <1> ;
   153                              <1> ;/* The Master Interrupt Controller
   154                              <1> ;*/
   155                              <1> defb ICW1M_AT   equ     0x0020
   156                              <1> defb ICW2M_AT   equ     0x0021
   157                              <1> defb ICW3M_AT   equ     0x0021
   158                              <1> defb ICW4M_AT   equ     0x0021
   159                              <1> defb OCW1M_AT   equ     0x0021
   160                              <1> defb OCW2M_AT   equ     0x0020
   161                              <1> defb OCW3M_AT   equ     0x0020
   162                              <1> 
   163                              <1> defb ICW1M      equ     0xF020
   164                              <1> defb ICW2M      equ     0xF021
   165                              <1> defb ICW3M      equ     0xF021
   166                              <1> defb ICW4M      equ     0xF021
   167                              <1> defb OCW1M      equ     0xF021
   168                              <1> defb OCW2M      equ     0xF020
   169                              <1> defb OCW3M      equ     0xF020
   170                              <1> defb IRR_M	equ	0xF020
   171                              <1> 
   172                              <1> ;
   173                              <1> ;/* The Slave Interrupt Controller
   174                              <1> ;*/
   175                              <1> defb ICW1S_AT   equ     0x00A0
   176                              <1> defb ICW2S_AT   equ     0x00A1
   177                              <1> defb ICW3S_AT   equ     0x00A1
   178                              <1> defb ICW4S_AT   equ     0x00A1
   179                              <1> defb OCW1S_AT   equ     0x00A1
   180                              <1> defb OCW2S_AT   equ     0x00A0
   181                              <1> defb OCW3S_AT   equ     0x00A0
   182                              <1> defb IRR_M_AT	equ	0x00A0
   183                              <1> 
   184                              <1> defb ICW1S      equ     0xF0A0
   185                              <1> defb ICW2S      equ     0xF0A1
   186                              <1> defb ICW3S      equ     0xF0A1
   187                              <1> defb ICW4S      equ     0xF0A1
   188                              <1> defb OCW1S      equ     0xF0A1
   189                              <1> defb OCW2S      equ     0xF0A0
   190                              <1> defb OCW3S      equ     0xF0A0
   191                              <1> 
   192                              <1> ;
   193                              <1> ;/* The Timer/Counter Unit
   194                              <1> ;*/
   195                              <1> defb    TMR0    equ     0xF040
   196                              <1> defb    TMR0_AT equ     0x0040
   197                              <1> defb    TMR1    equ     0xF041
   198                              <1> defb    TMR1_AT equ     0x0041
   199                              <1> defb    TMR2    equ     0xF042
   200                              <1> defb    TMR2_AT equ     0x0042
   201                              <1> defb    TMRCON  equ     0xF043
   202                              <1> defb    TMRCON_AT  equ  0x0043
   203                              <1> 
   204                              <1> ;
   205                              <1> ;/* The Chip Select Unit
   206                              <1> ;*/
   207                              <1> defw    CS0ADL  equ     0xF400
   208                              <1> defw    CS0ADH  equ     0xF402
   209                              <1> defw    CS0MSKL equ     0xF404
   210                              <1> defw    CS0MSKH equ     0xF406
   211                              <1> defw    CS1ADL  equ     0xF408
   212                              <1> defw    CS1ADH  equ     0xF40A
   213                              <1> defw    CS1MSKL equ     0xF40C
   214                              <1> defw    CS1MSKH equ     0xF40E
   215                              <1> defw    CS2ADL  equ     0xF410
   216                              <1> defw    CS2ADH  equ     0xF412
   217                              <1> defw    CS2MSKL equ     0xF414
   218                              <1> defw    CS2MSKH equ     0xF416
   219                              <1> defw    CS3ADL  equ     0xF418
   220                              <1> defw    CS3ADH  equ     0xF41A
   221                              <1> defw    CS3MSKL equ     0xF41C
   222                              <1> defw    CS3MSKH equ     0xF41E
   223                              <1> defw    CS4ADL  equ     0xF420
   224                              <1> defw    CS4ADH  equ     0xF422
   225                              <1> defw    CS4MSKL equ     0xF424
   226                              <1> defw    CS4MSKH equ     0xF426
   227                              <1> defw    CS5ADL  equ     0xF428
   228                              <1> defw    CS5ADH  equ     0xF42A
   229                              <1> defw    CS5MSKL equ     0xF42C
   230                              <1> defw    CS5MSKH equ     0xF42E
   231                              <1> defw    CS6ADL  equ     0xF430
   232                              <1> defw    CS6ADH  equ     0xF432
   233                              <1> defw    CS6MSKL equ     0xF434
   234                              <1> defw    CS6MSKH equ     0xF436
   235                              <1> defw    UCSADL  equ     0xF438
   236                              <1> defw    UCSADH  equ     0xF43A
   237                              <1> defw    UCSMSKL equ     0xF43C
   238                              <1> defw    UCSMSKH equ     0xF43E
   239                              <1> 
   240                              <1> ;
   241                              <1> ;/* The Synchronous Serial I/O Unit
   242                              <1> ;*/
   243                              <1> defw    SSIOTBUF equ    0xF480
   244                              <1> defw    SSIORBUF equ    0xF482
   245                              <1> defw    SSIOBAUD equ    0xF484
   246                              <1> defw    SSIOCON1 equ    0xF486
   247                              <1> defw    SSIOCON2 equ    0xF488
   248                              <1> defw    SSIOCTR  equ    0xF48A
   249                              <1> 
   250                              <1> ;
   251                              <1> ;/* The Refresh Control Unit
   252                              <1> ;*/
   253                              <1> defw    RFSBAD  equ     0xF4A0
   254                              <1> defw    RFSCIR  equ     0xF4A2
   255                              <1> defw    RFSCON  equ     0xF4A4
   256                              <1> defw    RFSADD  equ     0xF4A6
   257                              <1> 
   258                              <1> ;
   259                              <1> ;/* The Watchdog Timer Unit
   260                              <1> ;*/
   261                              <1> defw    WDTRLDH equ     0xF4C0
   262                              <1> defw    WDTRLDL equ     0xF4C2
   263                              <1> defw    WDTCNTH equ     0xF4C4
   264                              <1> defw    WDTCNTL equ     0xF4C6
   265                              <1> defw    WDTCLR  equ     0xF4C8
   266                              <1> defb    WDTSTATUS  equ  0xF4CA
   267                              <1> 
   268                              <1> ;
   269                              <1> ;/* Clock Generation and Power Management
   270                              <1> ;*/
   271                              <1> defb    PWRCON  equ     0xF800
   272                              <1> defw    CLKPRS  equ     0xF804
   273                              <1> 
   274                              <1> ;
   275                              <1> ;/* Device Configuration Registers
   276                              <1> ;*/
   277                              <1> defb    P1CFG   equ     0xF820
   278                              <1> defb    P2CFG   equ     0xF822
   279                              <1> defb    P3CFG   equ     0xF824
   280                              <1> defb    PINCFG  equ     0xF826
   281                              <1> defb    DMACFG  equ     0xF830
   282                              <1> defb    INTCFG  equ     0xF832
   283                              <1> defb    TMRCFG  equ     0xF834
   284                              <1> defb    SIOCFG  equ     0xF836
   285                              <1> 
   286                              <1> ;
   287                              <1> ;/* Parallel I/O Ports
   288                              <1> ;*/
   289                              <1> defb    P1PIN   equ     0xF860
   290                              <1> defb    P1LTC   equ     0xF862
   291                              <1> defb    P1DIR   equ     0xF864
   292                              <1> defb    P2PIN   equ     0xF868
   293                              <1> defb    P2LTC   equ     0xF86A
   294                              <1> defb    P2DIR   equ     0xF86C
   295                              <1> defb    P3PIN   equ     0xF870
   296                              <1> defb    P3LTC   equ     0xF872
   297                              <1> defb    P3DIR   equ     0xF874
   298                              <1> 
   299                              <1> 
   300                              <1> ; bits.inc
   301                              <1> ;
   302                              <1> ; assembly language bit definitions
   303                              <1> ;
   304                              <1> defb    BIT0    equ     0x01
   305                              <1> defb    BIT1    equ     0x02
   306                              <1> defb    BIT2    equ     0x04
   307                              <1> defb    BIT3    equ     0x08
   308                              <1> defb    BIT4    equ     0x10
   309                              <1> defb    BIT5    equ     0x20
   310                              <1> defb    BIT6    equ     0x40
   311                              <1> defb    BIT7    equ     0x80
   312                              <1> 
   313                              <1> defw    BIT8    equ     0x0100
   314                              <1> defw    BIT9    equ     0x0200
   315                              <1> defw    BIT10   equ     0x0400
   316                              <1> defw    BIT11   equ     0x0800
   317                              <1> defw    BIT12   equ     0x1000
   318                              <1> defw    BIT13   equ     0x2000
   319                              <1> defw    BIT14   equ     0x4000
   320                              <1> defw    BIT15   equ     0x8000
   321                              <1> 
   322                              <1> defd    BIT16   equ     0x00010000
   323                              <1> defd    BIT31   equ     0x80000000
   324                              <1> 
   325                              <1> defb    ZBIT0    equ     0
   326                              <1> defb    ZBIT1    equ     0
   327                              <1> defb    ZBIT2    equ     0
   328                              <1> defb    ZBIT3    equ     0
   329                              <1> defb    ZBIT4    equ     0
   330                              <1> defb    ZBIT5    equ     0
   331                              <1> defb    ZBIT6    equ     0
   332                              <1> defb    ZBIT7    equ     0
   333                              <1> 
   334                              <1> defw    ZBIT8    equ     0
   335                              <1> defw    ZBIT9    equ     0
   336                              <1> defw    ZBIT10   equ     0
   337                              <1> defw    ZBIT11   equ     0
   338                              <1> defw    ZBIT12   equ     0
   339                              <1> defw    ZBIT13   equ     0
   340                              <1> defw    ZBIT14   equ     0
   341                              <1> defw    ZBIT15   equ     0
   342                              <1> 
   343                              <1> 
   344                              <1> ;
   345                              <1> ;/* Asynchronout Serial I/O channel 0  (COM1)
   346                              <1> ;*/
   347                              <1> defb    RBR0_F4 equ     0xF4F8
   348                              <1> defb    TBR0_F4 equ     0xF4F8
   349                              <1> defb    DLL0_F4 equ     0xF4F8
   350                              <1> defb    DLH0_F4 equ     0xF4F9
   351                              <1> defb    IER0_F4 equ     0xF4F9
   352                              <1> defb    IIR0_F4 equ     0xF4FA
   353                              <1> defb    LCR0_F4 equ     0xF4FB
   354                              <1> defb    MCR0_F4 equ     0xF4FC
   355                              <1> defb    LSR0_F4 equ     0xF4FD
   356                              <1> defb    MSR0_F4 equ     0xF4FE
   357                              <1> defb    SCR0_F4 equ     0xF4FF
   358                              <1> 
   359                              <1> %define MFPIC 0
   360                              <1> %if MFPIC
   361                              <1> defb    RBR0    equ     0x0448
   362                              <1> defb    TBR0    equ     0x0448
   363                              <1> defb    DLL0    equ     0x0448
   364                              <1> defb    DLH0    equ     0x0449
   365                              <1> defb    IER0    equ     0x0449
   366                              <1> defb    IIR0    equ     0x044A
   367                              <1> defb    LCR0    equ     0x044B
   368                              <1> defb    MCR0    equ     0x044C
   369                              <1> defb    LSR0    equ     0x044D
   370                              <1> defb    MSR0    equ     0x044E
   371                              <1> defb    SCR0    equ     0x044F
   372                              <1> %else
   373                              <1> defb    RBR0    equ     0x03F8
   374                              <1> defb    TBR0    equ     0x03F8
   375                              <1> defb    DLL0    equ     0x03F8
   376                              <1> defb    DLH0    equ     0x03F9
   377                              <1> defb    IER0    equ     0x03F9
   378                              <1> defb    IIR0    equ     0x03FA
   379                              <1> defb    LCR0    equ     0x03FB
   380                              <1> defb    MCR0    equ     0x03FC
   381                              <1> defb    LSR0    equ     0x03FD
   382                              <1> defb    MSR0    equ     0x03FE
   383                              <1> defb    SCR0    equ     0x03FF
   384                              <1> %endif
   385                              <1> 
   386                              <1> ;
   387                              <1> ;/* Asynchronout Serial I/O channel 1  (COM2)
   388                              <1> ;*/
   389                              <1> defb    RBR1_F8 equ     0xF8F8
   390                              <1> defb    TBR1_F8 equ     0xF8F8
   391                              <1> defb    DLL1_F8 equ     0xF8F8
   392                              <1> defb    DLH1_F8 equ     0xF8F9
   393                              <1> defb    IER1_F8 equ     0xF8F9
   394                              <1> defb    IIR1_F8 equ     0xF8FA
   395                              <1> defb    LCR1_F8 equ     0xF8FB
   396                              <1> defb    MCR1_F8 equ     0xF8FC
   397                              <1> defb    LSR1_F8 equ     0xF8FD
   398                              <1> defb    MSR1_F8 equ     0xF8FE
   399                              <1> defb    SCR1_F8 equ     0xF8FF
   400                              <1> 
   401                              <1> defb    RBR1    equ     0x02F8
   402                              <1> defb    TBR1    equ     0x02F8
   403                              <1> defb    DLL1    equ     0x02F8
   404                              <1> defb    DLH1    equ     0x02F9
   405                              <1> defb    IER1    equ     0x02F9
   406                              <1> defb    IIR1    equ     0x02FA
   407                              <1> defb    LCR1    equ     0x02FB
   408                              <1> defb    MCR1    equ     0x02FC
   409                              <1> defb    LSR1    equ     0x02FD
   410                              <1> defb    MSR1    equ     0x02FE
   411                              <1> defb    SCR1    equ     0x02FF
   412                              <1> 
   413                              <1> ;/* LSRx bits
   414                              <1> ;*/
   415                              <1> defb    LSR_TE  equ     BIT6
   416                              <1> defb    LSR_TBE equ     BIT5
   417                              <1> defb    LSR_BI  equ     BIT4
   418                              <1> defb    LSR_FE  equ     BIT3
   419                              <1> defb    LSR_PE  equ     BIT2
   420                              <1> defb    LSR_OE  equ     BIT1
   421                              <1> defb    LSR_RBF equ     BIT0
   422                              <1> 
   423                              <1> ;/* MSRx bits
   424                              <1> ;*/
   425                              <1> defb	MSR_DCD	equ	BIT7
   426                              <1> defb	MSR_RI 	equ	BIT6
   427                              <1> defb	MSR_DSR	equ	BIT5
   428                              <1> defb	MSR_CTS	equ	BIT4
   429                              <1> defb	MSR_deltaDCD	equ	BIT3
   430                              <1> defb	MSR_deltaRI	equ	BIT2
   431                              <1> defb	MSR_deltaDSR	equ	BIT1
   432                              <1> defb	MSR_deltaCTS	equ	BIT0
   433                              <1> 
   434                              <1> ;/* Bits in CR0
   435                              <1> ;*/
   436                              <1> defb    CR0_PE  equ     BIT0
   437                              <1> defb    CR0_MP  equ     BIT1
   438                              <1> defb    CR0_EM  equ     BIT2
   439                              <1> defb    CR0_TS  equ     BIT3
   440                              <1> defd    CR0_WP  equ     BIT16
   441                              <1> defd    CR0_PG  equ     BIT31
   442                              <1> 
   443                              <1> ;/* Some ASCII character codes
   444                              <1> ;*/
   445                              <1> defb    ASCII_NUL       equ     0x00
   446                              <1> defb    ASCII_BS        equ     0x08
   447                              <1> defb    ASCII_HT        equ     0x09
   448                              <1> defb    ASCII_LF        equ     0x0A
   449                              <1> defb    ASCII_NL        equ     0x0A
   450                              <1> defb    ASCII_FF        equ     0x0C
   451                              <1> defb    ASCII_CR        equ     0x0D
   452                              <1> defb	ASCII_ESC	equ	0x1B
   453                              <1> defb    ASCII_SP        equ     0x20
   454                              <1> defb    ASCII_DEL       equ     0x7F
   455                              <1> defb	ASCII_RUB	equ	0xFF
   456                              <1> 
   457                              <1> 
   458                              <1> ;/* End of i386EX.inc */
    41                                  %include "macro.inc"
    42                              <1> ;;;;;;;;;;;;;;;;;;;;;;;;;;;;;;;;;;;;;;;;;;;;;;;;;;;;;;;;;;;;;;;;;;;;;;;;;
    43                              <1> ;
    44                              <1> ; some useful macros:
    45                              <1> ;
    46                              <1> ;;;;;;;;;;;;;;;;;;;;;;;;;;;;;;;;;;;;;;;;;;;;;;;;;;;;;;;;;;;;;;;;;;;;;;;;;
    47                              <1> %define NREPEAT 0
    48                              <1> 
    49                              <1> %if NREPEAT
    50                              <1> 
    51                              <1> %macro	rep	1
    52                              <1> %%loop:	%1
    53                              <1> 	dec	cx
    54                              <1> 	jnz	%%loop
    55                              <1> %endm
    56                              <1> 
    57                              <1> %macro	repne	1
    58                              <1> %%loop:	%1
    59                              <1> 	je	%%e
    60                              <1> 	dec	cx
    61                              <1> 	jnz	%%loop
    62                              <1> 	cmp	cx,1
    63                              <1> 	jmp	%%done
    64                              <1> %%e:	dec	cx
    65                              <1> 	cmp	cx,cx
    66                              <1> %%done:
    67                              <1> %endm
    68                              <1> 
    69                              <1> %macro	repe	1
    70                              <1> %%loop:	%1
    71                              <1> 	jne	%%ne
    72                              <1> 	dec	cx
    73                              <1> 	jnz	%%loop
    74                              <1> 	jmp	%%done
    75                              <1> %%ne:	dec	cx
    76                              <1> 	jcxz	%%cxz
    77                              <1> 	jmp	%%done
    78                              <1> %%cxz:	cmp	cx,1
    79                              <1> %%done:
    80                              <1> %endm
    81                              <1> 
    82                              <1> %macro	REP	1
    83                              <1> %%loop:	%1
    84                              <1> 	dec	ecx
    85                              <1> 	jnz	%%loop
    86                              <1> %endm
    87                              <1> 
    88                              <1> %macro	REPNE	1
    89                              <1> %%loop:	%1
    90                              <1> 	je	%%e
    91                              <1> 	dec	ecx
    92                              <1> 	jnz	%%loop
    93                              <1> 	cmp	cl,1
    94                              <1> 	jmp	%%done
    95                              <1> %%e:	dec	ecx
    96                              <1> 	cmp	cl,cl
    97                              <1> %%done:
    98                              <1> %endm
    99                              <1> 
   100                              <1> %macro	REPE	1
   101                              <1> %%loop:	%1
   102                              <1> 	jne	%%ne
   103                              <1> 	dec	ecx
   104                              <1> 	jnz	%%loop
   105                              <1> 	jmp	%%done
   106                              <1> %%ne:	dec	ecx
   107                              <1> 	jecxz	%%cxz
   108                              <1> 	jmp	%%done
   109                              <1> %%cxz:	cmp	cl,1
   110                              <1> %%done:
   111                              <1> %endm
   112                              <1> 
   113                              <1> %endif
   114                              <1> 
   115                              <1> 
   116                              <1> ;
   117                              <1> ; format of the BYTE initialization table:  address, byte
   118                              <1> ;
   119                              <1> %imacro  binit 2
   120                              <1>         dw      %1
   121                              <1>         db      %2
   122                              <1> %endmacro
   123                              <1> ; end with DW -1
   124                              <1> 
   125                              <1> ;
   126                              <1> ; format of the WORD initialization table:  address, word
   127                              <1> ;
   128                              <1> %imacro  winit 2
   129                              <1>         dw      %1
   130                              <1>         dw      %2
   131                              <1> %endmacro
   132                              <1> ; end with DW -1
   133                              <1> 
   134                              <1> 
   135                              <1> ; get the BIOS Data Area segment pointer to a [segment] register
   136                              <1> %imacro get_bda	1.nolist
   137                              <1> 	push	0x0040
   138                              <1> 	pop	%1
   139                              <1> 	cnop
   140                              <1> %endm
   141                              <1> 
   142                              <1> 
   143                              <1> ; get the Location 0 (Interrupt Descriptor Table) pointer to a register
   144                              <1> %imacro	get_loc0 1.nolist
   145                              <1> 	push	0x0000
   146                              <1> 	pop	%1
   147                              <1> 	cnop
   148                              <1> %endm
   149                              <1> 
   150                              <1> 
   151                              <1> 
   152                              <1> %imacro setloc  1.nolist
   153                              <1>  times   (%1-($-$$)) db 0FFh
   154                              <1> %endm
   155                              <1> 
   156                              <1> %imacro db_lo   1
   157                              <1>  db (%1)&255
   158                              <1> %endm
   159                              <1> 
   160                              <1> %imacro cnop    0.nolist
   161                              <1> %ifdef SOFT_DEBUG
   162                              <1> %if SOFT_DEBUG
   163                              <1>         nop
   164                              <1> %endif
   165                              <1> %endif
   166                              <1> %endm
   167                              <1> 
   168                              <1> %imacro popm 1-*.nolist
   169                              <1> %rep %0
   170                              <1> %ifidni %1,ALL
   171                              <1>  popa
   172                              <1> %elifidni %1,F
   173                              <1>  popf
   174                              <1> %else
   175                              <1>  pop %1
   176                              <1> %ifidni %1,DS
   177                              <1>  cnop
   178                              <1> %elifidni %1,ES
   179                              <1>  cnop
   180                              <1> %elifidni %1,FS
   181                              <1>  cnop
   182                              <1> %elifidni %1,GS
   183                              <1>  cnop
   184                              <1> %endif
   185                              <1> %endif
   186                              <1> %rotate 1
   187                              <1> %endrep
   188                              <1> %endm
   189                              <1> 
   190                              <1> %imacro pushm 1-*.nolist
   191                              <1> %rep %0
   192                              <1> %rotate -1
   193                              <1> %ifidni %1,ALL
   194                              <1>  pusha
   195                              <1> %elifidni %1,F
   196                              <1>  pushf
   197                              <1> %else
   198                              <1>  push %1
   199                              <1> %endif
   200                              <1> %endrep
   201                              <1> %endm
   202                              <1> 
   203                              <1> %imacro descr_linear_data 2-3.nolist	; address, size [, E]  E!=0 means expand down
   204                              <1> %assign __size__ (%2-1)	| 0xFF
   205                              <1> %if (__size__ <= 0xFFFF)
   206                              <1> %assign __gran__ 0
   207                              <1> %else
   208                              <1> %assign __gran__ 0xC0			; G B 0 0
   209                              <1> %endif
   210                              <1> %assign __expand__ 0
   211                              <1> %if %0==3
   212                              <1> %if %3
   213                              <1> %assign __expand__ 4
   214                              <1> %endif
   215                              <1> %endif
   216                              <1> dd (((%1)&0xFFFF)<<16)|(__size__&0xFFFF)
   217                              <1> dd (((%1)>>24)&0xFF)|((__gran__|(__size__>>16)&0x0F)<<16)|((0x93|__expand__)<<8)|(((%1)>>16)&0xFF)
   218                              <1> %endm
   219                              <1> 
   220                              <1> %imacro descr_linear_code 2-3.nolist	; address, size [,C]  C!=0 means conforming
   221                              <1> %assign __size__ (%2-1)	| 0xFF
   222                              <1> %if (__size__ <= 0xFFFF)
   223                              <1> %assign __gran__ 0
   224                              <1> %else
   225                              <1> %assign __gran__ 0xC0			; G D 0 0
   226                              <1> %endif
   227                              <1> %assign __conform__ 0
   228                              <1> %if %0==3
   229                              <1> %if %3
   230                              <1> %assign __conform__ 4
   231                              <1> %endif
   232                              <1> %endif
   233                              <1> dd (((%1)&0xFFFF)<<16)|(__size__&0xFFFF)
   234                              <1> dd (((%1)>>24)&0xFF)|((__gran__|(__size__>>16)&0x0F)<<16)|((0x9B|__conform__)<<8)|(((%1)>>16)&0xFF)
   235                              <1> %endm
   236                              <1> 
   237                              <1> ;/* End of macro.inc */
    42                                  %include "bda.inc"
    43                              <1> XXX
    44                              <1> ; bda.h -- definitions of the BIOS Data Area at 0040:0000 (0x400)  */
    45                              <1> %define BDA_segment 0x40
    46                              <1> struc _BDA
    47                              <1> ; first items at 0x40:0	*/
    48 00000000 ????????????????    <1> serial_dev	resw	4	; serial port device codes */
    49 00000008 ????????????????    <1> parallel_dev	resw	4	; printer port device codes */
    50 00000010 ????                <1> equip_flag	resw	1		; int 12h equipment flags */
    51 00000012 ??                  <1> mfg_test	resb	1		; initialization flags */
    52                              <1> ; */
    53                              <1> ; POST writes what it decided here, after the test of segment 0 has */
    54                              <1> ; zeroed the area, so the answer survives to be reported.  Nothing else */
    55                              <1> ; in this BIOS writes mfg_test.                                        */
    56                              <1> %define WARM_POST 0x01	; warm start: the memory march was skipped */
    57 00000013 ????                <1> memory_size	resw	1	; base memory size in Kilowords (1224) */
    58 00000015 ??                  <1> mfg_err_flag	resb	1
    59 00000016 ??                  <1> mfg_err_flag2	resb	1
    60                              <1> ; */
    61                              <1> ; first Keyboard data area */
    62 00000017 ??                  <1> kbd_flag	resb	1	; shift status &c. */
    63 00000018 ??                  <1> kbd_flag1	resb	1	;  mrre  */
    64 00000019 ??                  <1> alt_input	resb	1	; save alternate kbd entry code */
    65 0000001A ????                <1> buffer_head	resw	1
    66 0000001C ????                <1> buffer_tail	resw	1
    67                              <1> ; */
    68 0000001E <res 20h>           <1> kbd_buffer	resw	16	; buffer empty when  head==tail**/
    69                              <1> ; */
    70                              <1> ; Diskette data area */
    71 0000003E ??                  <1> seek_status	resb	1	; drive recalibration status */
    72                              <1> ; bits 3..0 drive must recalibrate before next seek */
    73 0000003F ??                  <1> motor_status	resb	1	; bits 3..0 motor running */
    74                              <1> ; bit 7 current op is write */
    75 00000040 ??                  <1> motor_count	resb	1	; timeout counter for motor turn-off */
    76 00000041 ??                  <1> fd_status	resb	1	; return code status byte */
    77 00000042 ??????????????      <1> fd_ctrl_stat	resb	7	; controller return bytes */
    78                              <1> ; */
    79                              <1> ; Video Display data area -- also used for video emulation */
    80 00000049 ??                  <1> vid_mode	resb	1	; current display mode */
    81 0000004A ????                <1> vid_columns	resw	1	; no. of columns on the screen */
    82 0000004C ????                <1> vid_buf_len	resw	1	; length of video buffer in bytes*//
    83 0000004E ????                <1> vid_start	resw	1	; start address of screen regeneration (in vid buf)*//
    84 00000050 <res 10h>           <1> vid_cursor	resw	8	; cursor postition on up to 8 screens */
    85 00000060 ????                <1> vid_cursor_mode	resw	1
    86 00000062 ??                  <1> vid_active_page	resb	1
    87 00000063 ????                <1> vid_addr_chip	resw	1	; I/O address for the video chip (6845,EGA,VGA)*//
    88 00000065 ??                  <1> vid_crt_mode	resb	1	; current setting of the 3x8 register ???? */
    89 00000066 ??                  <1> vid_palette	resb	1	; current color setting / palette **/
    90                              <1> ; */
    91                              <1> ; POST and ROM data */
    92 00000067 ????????            <1> io_rom_addr	resd	1	; far word to ROM initialization routine */
    93                              <1> %define io_rom_addr_low io_rom_addr
    94                              <1> %define io_rom_addr_seg (io_rom_addr+2)
    95 0000006B ??                  <1> interrupt_flag	resb	1	; indicates an interrupt occurred */
    96                              <1> ; */
    97                              <1> ; Timer data area  18.206602 hz  = ~54.925 ms  */
    98 0000006C ????                <1> timer_count_low	resw	1	; low word of timer count */
    99 0000006E ????                <1> timer_count_high	resw	1
   100                              <1> %define timer_count timer_count_low
   101                              <1> ; use timer_count as the double word timer counter */
   102 00000070 ??                  <1> timer_overflow	resb	1	; timer has rolled over since last read */
   103                              <1> ; */
   104                              <1> ; System & Keboard data area */
   105 00000071 ??                  <1> kbd_break_flag	resb	1	; bit 7 set if Break key is pressed */
   106 00000072 ????                <1> reset_flag	resw	1	; word=0x1234 if Reset is underway (80286) */
   107                              <1> ; */
   108                              <1> ; reboot() writes WARM_BOOT here before restarting the board, and POST */
   109                              <1> ; reads it to decide whether the memory march can be skipped.  Any       */
   110                              <1> ; program can set it and jump to FFFF:0000 -- that is the PC convention  */
   111                              <1> ; and this BIOS honours it.                                             */
   112                              <1> %define WARM_BOOT 0x1234
   113                              <1> ; */
   114                              <1> ; Fixed (Hard) disk data area */
   115 00000074 ??                  <1> hd_status	resb	1	; status info for hard disk */
   116                              <1> %define disk_status1 hd_status
   117 00000075 ??                  <1> hd_number	resb	1	; number of hard disks (for int 13h, fn 8h) */
   118 00000076 ??                  <1> control_byte	resb	1	; head control ???? */
   119 00000077 ??                  <1> port_offset	resb	1	; obsolete, maybe ???? */
   120                              <1> ; */
   121                              <1> ; Timeout counters */
   122 00000078 ????????            <1> printer_timeout	resb	4	; four bytes for each interaace */
   123 0000007C ????????            <1> serial_timeout	resb	4	; four bytes for each interacce */
   124                              <1> ; */
   125                              <1> ; Keyboard additional data area -- buffer location within segment 40h */
   126 00000080 ????                <1> buffer_start	resw	1	; offset of keyboard buffer start**/
   127 00000082 ????                <1> buffer_end	resw	1		; offset of end of kbd buffer */
   128                              <1> ; */
   129                              <1> ; EGA/PGA? data work area (graphic mode?  probably available) */
   130 00000084 ??                  <1> ega_rows	resb	1		; rows on the active screen (less 1)**/
   131 00000085 ????                <1> ega_points	resw	1		; bytes per charateer	*/
   132 00000087 ??                  <1> ega_info	resb	1		; mode options ????*//
   133 00000088 ??                  <1> ega_info_3	resb	1		; switch settings*//
   134 00000089 ????                <1> ega_rsvd	resb	2	; reserved for adapter mfgrs */
   135                              <1> ; */
   136                              <1> ; Disk / Diskette media data */
   137 0000008B ??                  <1> fd_last_data_rate	resb	1	; last data rate selected */
   138 0000008C ??                  <1> hd_status_reg	resb	1		; hard disk status register */
   139 0000008D ??                  <1> hd_error_reg	resb	1		; hard disk error register */
   140 0000008E ??                  <1> hd_int_flag	resb	1	; HD interrupt flag */
   141 0000008F ??                  <1> hd_cntrl	resb	1		; HD/FD combo controller bit flag */
   142 00000090 ????                <1> hd_media	resb	2	; media state */
   143 00000092 ????                <1> hd_op_start	resb	2	; operation start state */
   144 00000094 ????                <1> hd_track	resw	1		; HD present cylinder number */
   145                              <1> ; */
   146                              <1> ; Additional Keyboard flags */
   147 00000096 ??                  <1> kbd_flag3	resb	1	; mode state & type flags */
   148 00000097 ??                  <1> kbd_flag2	resb	1	; kbd LED flags */
   149                              <1> ; */
   150                              <1> ; Real Time Clock data area */
   151 00000098 ????????            <1> rtc_user_flag_addr	resd	1	; far address of user's wait flag */
   152 0000009C ????????            <1> rtc_user_wait_flag	resd	1	; user wait flag */
   153 000000A0 ??                  <1> rtc_wait_active	resb	1	; 01=busy, 80=posted, 00=post acknowledge */
   154                              <1> ; */
   155                              <1> ; Miscellaneous */
   156 000000A1 ??????????????      <1> rsvd_network	resb	7	; reserved for network adapters */
   157 000000A8 ????????            <1> ptr_ega_save	resd	1		; far pointer to EGA parameter control block */
   158                              <1> ; */
   159                              <1> ;	byte	rsvd_unused[84];	; reserved for 386EX usage */
   160 000000AC ????                <1> errno	resw	1				; library error flag (errno.h) */
   161 000000AE <res 29h>           <1> rsvd_unused	resb	41	; reserved for 386EX usage */
   162 000000D7 ????????            <1> serial_flags	resb	4	; flags for each serial device**/
   163 000000DB ????                <1> extended_memory	resw	1	; size of Extended Memory in Kilobytes */
   164                              <1> ; this size is stored in CMOS on the PC/AT */
   165 000000DD ????                <1> CPU_freq	resw	1	; CPU frequency in kilohertz */
   166 000000DF ????                <1> ebda_seg_ptr	resw	1		; for EBDA allocations; c.f., memory_size */
   167                              <1> ; */
   168                              <1> ; start of 31 bytes of NVRAM informaiion */
   169 000000E1 ????                <1> nvram_info	resb	2	; 31 bytes of NVRAM information (this may move)*//
   170                              <1> ; starts with 2 bytes of SIO0 params */
   171 000000E3 ????                <1> floppy_tab	resb	2		; floppy disk driver table */
   172 000000E5 ????????????????    <1> disk_tab	resb	8  		; hard disk driver table */
   173 000000ED ??                  <1> boot_order	resb	1		; which device INT 19h tries, and in what order */
   174 000000EE <res 10h>           <1> nvram_unused	resb	16
   175 000000FE ????                <1> nvram_checksum	resw	1	; 31st byte of the NVRAM info */
   176                              <1> ; end of 31 bytes of NVRAM information */
   177                              <1> ; */
   178 00000100 ??                  <1> AT_status_byte	resb	1	; at 40:100h, 00500h, Print Screen Status byte*//
   179                              <1> ; 00=ready/ok  01=busy  0FF=error	*/
   180 00000101 ??                  <1> SRAM_size	resb	1	; size of SRAM in Kilobytes */
   181                              <1> ; */
   182                              <1> ; Extentsion to BDA during BIOS startup */
   183                              <1> ; */
   184                              <1> endstruc
   184          ******************  <1>  warning: segment attributes specified on redeclaration of segment: ignoring [-w+other]
    43                                  
    44                                  FDC_LATCH	equ	0x438		; the 74LS273, write only
    45                                  FDC_MOTOR	equ	0x02		; its motor bit
    46                                  
    47                                  	global	_fdc_pio_in
    48                                  	global	_fdc_pio_out
    49                                  	global	FDC_stop_motor
    50                                  	global	FDC_stop_motor_
    51                                  
    52                                  segment	_TEXT
    53                                  
    54                                  ;;;;;;;;;;;;;;;;;;;;;;;;;;;;;;;;;;;;;;;;;;;;;;;;;;;;;;;;;;;;;;;;;;;;;;;;;;;;;
    55                                  ; fdc_pio_in -- the data phase of a read
    56                                  ; fdc_pio_out -- the data phase of a write
    57                                  ;
    58                                  ;	int fdc_pio_in (word base, byte far *buf, word count);
    59                                  ;	int fdc_pio_out(word base, byte far *buf, word count);
    60                                  ;
    61                                  ;	0	all of it moved
    62                                  ;	1	the controller stopped asking before the count ran out
    63                                  ;	2	it stopped answering altogether
    64                                  ;
    65                                  ; At 500 kbps a byte arrives every 16 microseconds, and one not collected
    66                                  ; before the next arrives is an overrun -- a silently corrupt sector, which
    67                                  ; reads as bad media rather than as bad timing.  On the way out an underrun
    68                                  ; is worse still: it damages what is on the disk, and no amount of re-reading
    69                                  ; recovers it.  So the burst runs with interrupts off.  The IRQ4 console
    70                                  ; handler saves nine registers, reads two ports, runs kbd_stuff and drains
    71                                  ; again if a second character is waiting -- plausibly 8 to 15 microseconds
    72                                  ; for one and past the budget for two.  It cannot land inside a sector.
    73                                  ;
    74                                  ; But only the burst, not the wait before it.  After the command is accepted
    75                                  ; the controller sits out the rotational latency until the wanted sector
    76                                  ; comes round, and that is up to a full revolution: 200ms at 300 rpm.
    77                                  ; Interrupts off for that long would cost the 18.2hz tick several counts,
    78                                  ; because a latched IRQ0 collapses however many periods it was held through
    79                                  ; into one interrupt, and the clock would lose time on every access.  The
    80                                  ; first byte is therefore waited for with interrupts as the caller left them,
    81                                  ; and CLI happens only once that byte is sitting in the data register.  The
    82                                  ; one exposure left -- an interrupt taken between seeing RQM and reaching
    83                                  ; CLI -- has the same 16 microseconds of slack to be absorbed in.
    84                                  ;
    85                                  ; MSR is matched three bits at a time, and EXEC belongs in the mask:
    86                                  ;
    87                                  ;	E0	RQM, DIO set, EXEC	the read data phase wants collecting
    88                                  ;	A0	RQM, DIO clear, EXEC	the write data phase wants feeding
    89                                  ;	C0	RQM, DIO set, no EXEC	the result phase: the command ended
    90                                  ;	80	RQM, DIO clear, no EXEC	the command phase, not yet handed over
    91                                  ;
    92                                  ; 80 and C0 are the pair that must not be confused with each other or with
    93                                  ; the data phases.  Testing EXEC alone cannot tell "not started" from
    94                                  ; "finished", and masking it away entirely lets a result-phase read pull
    95                                  ; sector data out of the data register and call it status.  Both of those
    96                                  ; were real, and both looked like hardware faults.
    97                                  ;;;;;;;;;;;;;;;;;;;;;;;;;;;;;;;;;;;;;;;;;;;;;;;;;;;;;;;;;;;;;;;;;;;;;;;;;;;;;
    98                                  
    99                                  _fdc_pio_in:
   100 00000000 55                      	push	bp
   101 00000001 89E5                    	mov	bp,sp
   102 00000003 83EC02                  	sub	sp,2			; [bp-2] is the result
   103 00000006 061E5756525153          	pushm	bx,cx,dx,si,di,ds,es
   104                                  
   105 0000000D C746FE0200              	mov	word [bp-2],2		; assume it never answers
   106 00000012 8B5604                  	mov	dx,[bp+4]		; the main status register
   107 00000015 C47E06                  	les	di,[bp+6]		; ES:DI -> the caller's buffer
   108 00000018 8B4E0A                  	mov	cx,[bp+10]
   109 0000001B FC                      	cld
   110 0000001C E34E                    	jcxz	.ok
   111                                  
   112 0000001E 66BB40420F00            	mov	ebx,1000000		; about a second: a revolution is 200ms
   113                                  .wait1:
   114 00000024 EC                      	in	al,dx
   115 00000025 24E0                    	and	al,0xE0
   116 00000027 3CE0                    	cmp	al,0xE0			; a byte to collect
   117 00000029 740A                    	je	.burst
   118 0000002B 3CC0                    	cmp	al,0xC0			; result phase: ended without data
   119 0000002D 7436                    	je	.short
   120 0000002F 664B                    	dec	ebx
   121 00000031 75F1                    	jnz	.wait1
   122 00000033 EB3C                    	jmp	.9
   123                                  
   124                                  .burst:
   125 00000035 9C                      	pushf
   126 00000036 FA                      	cli
   127                                  .next:
   128 00000037 42                      	inc	dx
   129 00000038 EC                      	in	al,dx
   130 00000039 4A                      	dec	dx
   131 0000003A AA                      	stosb
   132 0000003B 49                      	dec	cx
   133 0000003C 741F                    	jz	.done
   134                                  
   135 0000003E BB0000                  	mov	bx,0			; ~65k tries, far longer than 16us
   136                                  .wait:
   137 00000041 EC                      	in	al,dx
   138 00000042 24E0                    	and	al,0xE0
   139 00000044 3CE0                    	cmp	al,0xE0
   140 00000046 74EF                    	je	.next
   141 00000048 3CC0                    	cmp	al,0xC0
   142 0000004A 740A                    	je	.cut
   143 0000004C 4B                      	dec	bx
   144 0000004D 75F2                    	jnz	.wait
   145 0000004F C746FE0200              	mov	word [bp-2],2
   146 00000054 EB0C                    	jmp	short .out
   147                                  .cut:
   148 00000056 C746FE0100              	mov	word [bp-2],1
   149 0000005B EB05                    	jmp	short .out
   150                                  .done:
   151 0000005D C746FE0000              	mov	word [bp-2],0
   152                                  .out:
   153 00000062 9D                      	popf
   154 00000063 EB0C                    	jmp	short .9
   155                                  .short:
   156 00000065 C746FE0100              	mov	word [bp-2],1
   157 0000006A EB05                    	jmp	short .9
   158                                  .ok:
   159 0000006C C746FE0000              	mov	word [bp-2],0
   160                                  .9:
   161 00000071 5B595A5E5F1F07          	popm	bx,cx,dx,si,di,ds,es
   162 00000078 8B46FE                  	mov	ax,[bp-2]
   163 0000007B 89EC                    	mov	sp,bp
   164 0000007D 5D                      	pop	bp
   165 0000007E C3                      	ret
   166                                  
   167                                  
   168                                  _fdc_pio_out:
   169 0000007F 55                      	push	bp
   170 00000080 89E5                    	mov	bp,sp
   171 00000082 83EC02                  	sub	sp,2
   172 00000085 061E5756525153          	pushm	bx,cx,dx,si,di,ds,es
   173                                  
   174 0000008C C746FE0200              	mov	word [bp-2],2
   175 00000091 8B5604                  	mov	dx,[bp+4]
   176 00000094 C57606                  	lds	si,[bp+6]		; DS:SI -> the caller's buffer.  DS,
   177                                  					;  not ES: the direction differs and
   178                                  					;  so does the segment register
   179 00000097 8B4E0A                  	mov	cx,[bp+10]
   180 0000009A FC                      	cld
   181 0000009B E34E                    	jcxz	.ok
   182                                  
   183 0000009D 66BB40420F00            	mov	ebx,1000000
   184                                  .wait1:
   185 000000A3 EC                      	in	al,dx
   186 000000A4 24E0                    	and	al,0xE0
   187 000000A6 3CA0                    	cmp	al,0xA0			; wants a byte fed to it
   188 000000A8 740A                    	je	.burst
   189 000000AA 3CC0                    	cmp	al,0xC0
   190 000000AC 7436                    	je	.short
   191 000000AE 664B                    	dec	ebx
   192 000000B0 75F1                    	jnz	.wait1
   193 000000B2 EB3C                    	jmp	.9
   194                                  
   195                                  .burst:
   196 000000B4 9C                      	pushf
   197 000000B5 FA                      	cli
   198                                  .next:
   199 000000B6 AC                      	lodsb
   200 000000B7 42                      	inc	dx
   201 000000B8 EE                      	out	dx,al
   202 000000B9 4A                      	dec	dx
   203 000000BA 49                      	dec	cx
   204 000000BB 741F                    	jz	.done
   205                                  
   206 000000BD BB0000                  	mov	bx,0
   207                                  .wait:
   208 000000C0 EC                      	in	al,dx
   209 000000C1 24E0                    	and	al,0xE0
   210 000000C3 3CA0                    	cmp	al,0xA0
   211 000000C5 74EF                    	je	.next
   212 000000C7 3CC0                    	cmp	al,0xC0
   213 000000C9 740A                    	je	.cut
   214 000000CB 4B                      	dec	bx
   215 000000CC 75F2                    	jnz	.wait
   216 000000CE C746FE0200              	mov	word [bp-2],2
   217 000000D3 EB0C                    	jmp	short .out
   218                                  .cut:
   219 000000D5 C746FE0100              	mov	word [bp-2],1
   220 000000DA EB05                    	jmp	short .out
   221                                  .done:
   222 000000DC C746FE0000              	mov	word [bp-2],0
   223                                  .out:
   224 000000E1 9D                      	popf
   225 000000E2 EB0C                    	jmp	short .9
   226                                  .short:
   227 000000E4 C746FE0100              	mov	word [bp-2],1
   228 000000E9 EB05                    	jmp	short .9
   229                                  .ok:
   230 000000EB C746FE0000              	mov	word [bp-2],0
   231                                  .9:
   232 000000F0 5B595A5E5F1F07          	popm	bx,cx,dx,si,di,ds,es
   233 000000F7 8B46FE                  	mov	ax,[bp-2]
   234 000000FA 89EC                    	mov	sp,bp
   235 000000FC 5D                      	pop	bp
   236 000000FD C3                      	ret
   237                                  
   238                                  
   239                                  ;;;;;;;;;;;;;;;;;;;;;;;;;;;;;;;;;;;;;;;;;;;;;;;;;;;;;;;;;;;;;;;;;;;;;;;;;;;;;
   240                                  ; FDC_stop_motor -- the motor timeout, called from the 18.2hz tick
   241                                  ;
   242                                  ; int_irq0 counts bda.motor_count down and calls this when it reaches zero.
   243                                  ; That call arrives having saved only BX, CX and DS, so everything else this
   244                                  ; touches has to be put back -- a driver that quietly corrupted DX or ES here
   245                                  ; would break whatever the tick happened to interrupt, which is to say
   246                                  ; anything at all, intermittently.
   247                                  ;
   248                                  ; The latch is a 74LS273 and cannot be read, so the motor bit is cleared in
   249                                  ; the shadow at bda.motor_status and the whole byte written back.  Losing
   250                                  ; track of that shadow means losing the drive select, the data rate and the
   251                                  ; reset line along with the motor.
   252                                  ;;;;;;;;;;;;;;;;;;;;;;;;;;;;;;;;;;;;;;;;;;;;;;;;;;;;;;;;;;;;;;;;;;;;;;;;;;;;;
   253                                  FDC_stop_motor:
   254                                  FDC_stop_motor_:
   255 000000FE 1E5250                  	pushm	ax,dx,ds
   256 00000101 9C                      	pushf
   257                                  
   258 00000102 6A401F                  	get_bda	DS
   259 00000105 A03F00                  	mov	al,[motor_status]
   260 00000108 24FD                    	and	al,~FDC_MOTOR		; motor off, everything else kept
   261 0000010A A23F00                  	mov	[motor_status],al
   262                                  
   263 0000010D BA3804                  	mov	dx,FDC_LATCH
   264 00000110 EE                      	out	dx,al
   265                                  
   266 00000111 9D                      	popf
   267 00000112 585A1F                  	popm	ax,dx,ds
   268 00000115 C3                      	ret
