Module: /mnt/fileserver/Vintage/Projects/SBC80386EX/SBC386/bios/hdinit.c
GROUP: 'DGROUP' CONST,CONST2,_DATA

File contains no line numbers.
Segment: _TEXT BYTE USE16 0000079F bytes
0000                          pin_:
0000    53                        push        bx 
0001    51                        push        cx 
0002    52                        push        dx 
0003    56                        push        si 
0004    57                        push        di 
0005    C8 02 00 00               enter       0x0002,0x00 
0009    50                        push        ax 
000A    8B 96 FC FF               mov         dx,word ptr -0x4[bp] 
000E    EC                        in          al,dx 
000F    32 E4                     xor         ah,ah 
0011    89 86 FE FF               mov         word ptr -0x2[bp],ax 
0015    8A 46 FE                  mov         al,byte ptr -0x2[bp] 
0018                          L$1:
0018    C9                        leave       
0019    5F                        pop         di 
001A    5E                        pop         si 
001B                          L$2:
001B    5A                        pop         dx 
001C    59                        pop         cx 
001D    5B                        pop         bx 
001E    C3                        ret         
001F                          pout_:
001F    53                        push        bx 
0020    51                        push        cx 
0021    56                        push        si 
0022    57                        push        di 
0023    55                        push        bp 
0024    89 E5                     mov         bp,sp 
0026    50                        push        ax 
0027    52                        push        dx 
0028    8B 96 FE FF               mov         dx,word ptr -0x2[bp] 
002C    8B 86 FC FF               mov         ax,word ptr -0x4[bp] 
0030    EE                        out         dx,al 
0031                          L$3:
0031    C9                        leave       
0032    5F                        pop         di 
0033    5E                        pop         si 
0034    59                        pop         cx 
0035    5B                        pop         bx 
0036    C3                        ret         
0037                          short_delay_:
0037    52                        push        dx 
0038    89 C2                     mov         dx,ax 
003A                          L$4:
003A    89 D0                     mov         ax,dx 
003C    4A                        dec         dx 
003D    85 C0                     test        ax,ax 
003F    7E 08                     jle         L$5 
0041    B8 FE 01                  mov         ax,0x01fe 
0044    E8 00 00                  call        pin_ 
0047    EB F1                     jmp         L$4 
0049                          L$5:
0049    5A                        pop         dx 
004A    C3                        ret         
004B                          wait_not_busy_:
004B    53                        push        bx 
004C    51                        push        cx 
004D    52                        push        dx 
004E    89 C2                     mov         dx,ax 
0050    C4 1E 00 00               les         bx,dword ptr _bda_ptr 
0054    26 8B 4F 6C               mov         cx,word ptr es:0x6c[bx] 
0058                          L$6:
0058    B8 FE 01                  mov         ax,0x01fe 
005B    E8 00 00                  call        pin_ 
005E    A8 80                     test        al,0x80 
0060    75 04                     jne         L$7 
0062    31 C0                     xor         ax,ax 
0064    EB B5                     jmp         L$2 
0066                          L$7:
0066    C4 1E 00 00               les         bx,dword ptr _bda_ptr 
006A    26 8B 47 6C               mov         ax,word ptr es:0x6c[bx] 
006E    29 C8                     sub         ax,cx 
0070    39 D0                     cmp         ax,dx 
0072    76 E4                     jbe         L$6 
0074    B8 FF FF                  mov         ax,0xffff 
0077    EB A2                     jmp         L$2 
0079                          select_drive_:
0079    52                        push        dx 
007A    85 C0                     test        ax,ax 
007C    74 05                     je          L$8 
007E    BA 10 00                  mov         dx,0x0010 
0081    EB 02                     jmp         L$9 
0083                          L$8:
0083    31 D2                     xor         dx,dx 
0085                          L$9:
0085    B8 F6 01                  mov         ax,0x01f6 
0088    80 CA E0                  or          dl,0xe0 
008B    E8 00 00                  call        pout_ 
008E    B8 04 00                  mov         ax,0x0004 
0091    E8 00 00                  call        short_delay_ 
0094    5A                        pop         dx 
0095    C3                        ret         

Routine Size: 150 bytes,    Routine Base: _TEXT + 0000

0096                          id_word_:
0096    8E C2                     mov         es,dx 
0098    01 DB                     add         bx,bx 
009A    01 C3                     add         bx,ax 
009C    26 0F B6 07               movzx       ax,byte ptr es:[bx] 
00A0    C1 E0 08                  shl         ax,0x08 
00A3    26 0F B6 5F 01            movzx       bx,byte ptr es:0x1[bx] 
00A8    09 D8                     or          ax,bx 
00AA    C3                        ret         

Routine Size: 21 bytes,    Routine Base: _TEXT + 0096

00AB                          id_dword_:
00AB    51                        push        cx 
00AC    56                        push        si 
00AD    57                        push        di 
00AE    C8 02 00 00               enter       0x0002,0x00 
00B2    89 C1                     mov         cx,ax 
00B4    89 D6                     mov         si,dx 
00B6    89 DF                     mov         di,bx 
00B8    43                        inc         bx 
00B9    E8 00 00                  call        id_word_ 
00BC    89 46 FE                  mov         word ptr -0x2[bp],ax 
00BF    89 FB                     mov         bx,di 
00C1    89 F2                     mov         dx,si 
00C3    89 C8                     mov         ax,cx 
00C5    E8 00 00                  call        id_word_ 
00C8    8B 56 FE                  mov         dx,word ptr -0x2[bp] 
00CB                          L$10:
00CB    C9                        leave       
00CC    5F                        pop         di 
00CD    5E                        pop         si 
00CE    59                        pop         cx 
00CF    C3                        ret         

Routine Size: 37 bytes,    Routine Base: _TEXT + 00AB

00D0                          hd_reset_:
00D0    52                        push        dx 
00D1    BA 06 00                  mov         dx,0x0006 
00D4    B8 FE 01                  mov         ax,0x01fe 
00D7    E8 00 00                  call        pout_ 
00DA    B8 28 00                  mov         ax,0x0028 
00DD    BA 02 00                  mov         dx,0x0002 
00E0    E8 00 00                  call        short_delay_ 
00E3    B8 FE 01                  mov         ax,0x01fe 
00E6    E8 00 00                  call        pout_ 
00E9    B8 28 00                  mov         ax,0x0028 
00EC    E8 00 00                  call        short_delay_ 
00EF    31 C0                     xor         ax,ax 
00F1    E8 00 00                  call        select_drive_ 
00F4    B8 6C 00                  mov         ax,0x006c 
00F7    E8 00 00                  call        wait_not_busy_ 
00FA    85 C0                     test        ax,ax 
00FC    74 13                     je          L$11 
00FE    B8 01 00                  mov         ax,0x0001 
0101    E8 00 00                  call        select_drive_ 
0104    B8 6C 00                  mov         ax,0x006c 
0107    E8 00 00                  call        wait_not_busy_ 
010A    85 C0                     test        ax,ax 
010C    74 03                     je          L$11 
010E    B8 FF FF                  mov         ax,0xffff 
0111                          L$11:
0111    5A                        pop         dx 
0112    C3                        ret         

Routine Size: 67 bytes,    Routine Base: _TEXT + 00D0

0113                          hd_set_8bit_:
0113    52                        push        dx 
0114    E8 00 00                  call        select_drive_ 
0117    B8 12 00                  mov         ax,0x0012 
011A    E8 00 00                  call        wait_not_busy_ 
011D    85 C0                     test        ax,ax 
011F    74 05                     je          L$13 
0121                          L$12:
0121    B8 FF FF                  mov         ax,0xffff 
0124    5A                        pop         dx 
0125    C3                        ret         
0126                          L$13:
0126    BA 01 00                  mov         dx,0x0001 
0129    B8 F1 01                  mov         ax,0x01f1 
012C    E8 00 00                  call        pout_ 
012F    BA EF 00                  mov         dx,0x00ef 
0132    B8 F7 01                  mov         ax,0x01f7 
0135    E8 00 00                  call        pout_ 
0138    B8 12 00                  mov         ax,0x0012 
013B    E8 00 00                  call        wait_not_busy_ 
013E    85 C0                     test        ax,ax 
0140    75 DF                     jne         L$12 
0142    B8 F7 01                  mov         ax,0x01f7 
0145    E8 00 00                  call        pin_ 
0148    A8 01                     test        al,0x01 
014A    0F 94 C0                  sete        al 
014D    30 E4                     xor         ah,ah 
014F    48                        dec         ax 
0150    5A                        pop         dx 
0151    C3                        ret         

Routine Size: 63 bytes,    Routine Base: _TEXT + 0113

0152                          hd_present_:
0152    52                        push        dx 
0153    E8 00 00                  call        select_drive_ 
0156    B8 12 00                  mov         ax,0x0012 
0159    E8 00 00                  call        wait_not_busy_ 
015C    85 C0                     test        ax,ax 
015E    75 4F                     jne         L$14 
0160    BA 55 00                  mov         dx,0x0055 
0163    B8 F2 01                  mov         ax,0x01f2 
0166    E8 00 00                  call        pout_ 
0169    BA AA 00                  mov         dx,0x00aa 
016C    B8 F3 01                  mov         ax,0x01f3 
016F    E8 00 00                  call        pout_ 
0172    BA AA 00                  mov         dx,0x00aa 
0175    B8 F2 01                  mov         ax,0x01f2 
0178    E8 00 00                  call        pout_ 
017B    BA 55 00                  mov         dx,0x0055 
017E    B8 F3 01                  mov         ax,0x01f3 
0181    E8 00 00                  call        pout_ 
0184    BA 55 00                  mov         dx,0x0055 
0187    B8 F2 01                  mov         ax,0x01f2 
018A    E8 00 00                  call        pout_ 
018D    BA AA 00                  mov         dx,0x00aa 
0190    B8 F3 01                  mov         ax,0x01f3 
0193    E8 00 00                  call        pout_ 
0196    B8 F2 01                  mov         ax,0x01f2 
0199    E8 00 00                  call        pin_ 
019C    3C 55                     cmp         al,0x55 
019E    75 0F                     jne         L$14 
01A0    B8 F3 01                  mov         ax,0x01f3 
01A3    E8 00 00                  call        pin_ 
01A6    3C AA                     cmp         al,0xaa 
01A8    75 05                     jne         L$14 
01AA    B8 01 00                  mov         ax,0x0001 
01AD    5A                        pop         dx 
01AE    C3                        ret         
01AF                          L$14:
01AF    31 C0                     xor         ax,ax 
01B1    5A                        pop         dx 
01B2    C3                        ret         

Routine Size: 97 bytes,    Routine Base: _TEXT + 0152

01B3                          hd_probe_:
01B3    53                        push        bx 
01B4    52                        push        dx 
01B5    E8 00 00                  call        select_drive_ 
01B8    B8 12 00                  mov         ax,0x0012 
01BB    E8 00 00                  call        wait_not_busy_ 
01BE    85 C0                     test        ax,ax 
01C0    74 05                     je          L$16 
01C2                          L$15:
01C2    31 C0                     xor         ax,ax 
01C4    5A                        pop         dx 
01C5    5B                        pop         bx 
01C6    C3                        ret         
01C7                          L$16:
01C7    B8 FE 01                  mov         ax,0x01fe 
01CA    E8 00 00                  call        pin_ 
01CD    88 C2                     mov         dl,al 
01CF    B8 F4 01                  mov         ax,0x01f4 
01D2    E8 00 00                  call        pin_ 
01D5    88 C6                     mov         dh,al 
01D7    88 C3                     mov         bl,al 
01D9    B8 F5 01                  mov         ax,0x01f5 
01DC    E8 00 00                  call        pin_ 
01DF    88 C4                     mov         ah,al 
01E1    84 D2                     test        dl,dl 
01E3    74 DD                     je          L$15 
01E5    80 FA FF                  cmp         dl,0xff 
01E8    74 D8                     je          L$15 
01EA    84 F6                     test        dh,dh 
01EC    75 0A                     jne         L$17 
01EE    84 C0                     test        al,al 
01F0    75 06                     jne         L$17 
01F2    B8 01 00                  mov         ax,0x0001 
01F5    5A                        pop         dx 
01F6    5B                        pop         bx 
01F7    C3                        ret         
01F8                          L$17:
01F8    80 FB 14                  cmp         bl,0x14 
01FB    75 0B                     jne         L$18 
01FD    80 FC EB                  cmp         ah,0xeb 
0200    75 06                     jne         L$18 
0202    B8 02 00                  mov         ax,0x0002 
0205    5A                        pop         dx 
0206    5B                        pop         bx 
0207    C3                        ret         
0208                          L$18:
0208    B8 03 00                  mov         ax,0x0003 
020B    5A                        pop         dx 
020C    5B                        pop         bx 
020D    C3                        ret         
020E                          hd_translate_:
020E    53                        push        bx 
020F    51                        push        cx 
0210    56                        push        si 
0211    57                        push        di 
0212    C8 04 00 00               enter       0x0004,0x00 
0216    89 C6                     mov         si,ax 
0218    89 56 FE                  mov         word ptr -0x2[bp],dx 
021B    8E C2                     mov         es,dx 
021D    26 8B 44 0A               mov         ax,word ptr es:0xa[si] 
0221    8B 1E 00 00               mov         bx,word ptr _bda_ptr 
0225    89 46 FC                  mov         word ptr -0x4[bp],ax 
0228    26 0F B6 44 07            movzx       ax,byte ptr es:0x7[si] 
022D    26 8B 7C 0C               mov         di,word ptr es:0xc[si] 
0231    01 C0                     add         ax,ax 
0233    8E 06 02 00               mov         es,word ptr _bda_ptr+0x2 
0237    01 C3                     add         bx,ax 
0239    26 0F B6 87 EF 00         movzx       ax,byte ptr es:0xef[bx] 
023F    26 0F B6 9F F0 00         movzx       bx,byte ptr es:0xf0[bx] 
0245    3D 01 00                  cmp         ax,0x0001 
0248    72 47                     jb          L$20 
024A    3D FF 00                  cmp         ax,0x00ff 
024D    77 42                     ja          L$20 
024F    83 FB 01                  cmp         bx,0x0001 
0252    72 3D                     jb          L$20 
0254    83 FB 3F                  cmp         bx,0x003f 
0257    77 38                     ja          L$20 
0259    8B 4E FC                  mov         cx,word ptr -0x4[bp] 
025C    09 F9                     or          cx,di 
025E    74 31                     je          L$20 
0260    8E C2                     mov         es,dx 
0262    31 C9                     xor         cx,cx 
0264    26 88 44 02               mov         byte ptr es:0x2[si],al 
0268    31 D2                     xor         dx,dx 
026A    26 88 5C 0E               mov         byte ptr es:0xe[si],bl 
026E    E8 00 00                  call        __U4M 
0271    89 C3                     mov         bx,ax 
0273    89 D1                     mov         cx,dx 
0275    8B 46 FC                  mov         ax,word ptr -0x4[bp] 
0278    89 FA                     mov         dx,di 
027A    E8 00 00                  call        __U4D 
027D    89 46 FC                  mov         word ptr -0x4[bp],ax 
0280    85 D2                     test        dx,dx 
0282    75 07                     jne         L$19 
0284    3D 00 04                  cmp         ax,0x0400 
0287    0F 86 CB 00               jbe         L$32 
028B                          L$19:
028B    B8 00 04                  mov         ax,0x0400 
028E    E9 C5 00                  jmp         L$32 
0291                          L$20:
0291    8E 46 FE                  mov         es,word ptr -0x2[bp] 
0294    26 8B 44 10               mov         ax,word ptr es:0x10[si] 
0298    3D 01 00                  cmp         ax,0x0001 
029B    72 32                     jb          L$21 
029D    3D 00 04                  cmp         ax,0x0400 
02A0    77 2D                     ja          L$21 
02A2    26 80 7C 12 01            cmp         byte ptr es:0x12[si],0x01 
02A7    72 26                     jb          L$21 
02A9    26 8A 44 13               mov         al,byte ptr es:0x13[si] 
02AD    3C 01                     cmp         al,0x01 
02AF    72 1E                     jb          L$21 
02B1    3C 3F                     cmp         al,0x3f 
02B3    77 1A                     ja          L$21 
02B5    26 8B 44 10               mov         ax,word ptr es:0x10[si] 
02B9    26 89 04                  mov         word ptr es:[si],ax 
02BC    26 8A 44 12               mov         al,byte ptr es:0x12[si] 
02C0    26 88 44 02               mov         byte ptr es:0x2[si],al 
02C4    26 8A 44 13               mov         al,byte ptr es:0x13[si] 
02C8    26 88 44 0E               mov         byte ptr es:0xe[si],al 
02CC    E9 62 FD                  jmp         L$3 
02CF                          L$21:
02CF    8B 46 FC                  mov         ax,word ptr -0x4[bp] 
02D2    09 F8                     or          ax,di 
02D4    0F 84 59 FD               je          L$3 
02D8    83 FF 0F                  cmp         di,0x000f 
02DB    72 09                     jb          L$22 
02DD    75 0C                     jne         L$23 
02DF    81 7E FC 00 C0            cmp         word ptr -0x4[bp],0xc000 
02E4    77 05                     ja          L$23 
02E6                          L$22:
02E6    B8 10 00                  mov         ax,0x0010 
02E9    EB 3A                     jmp         L$30 
02EB                          L$23:
02EB    83 FF 1F                  cmp         di,0x001f 
02EE    72 09                     jb          L$24 
02F0    75 0C                     jne         L$25 
02F2    81 7E FC 00 80            cmp         word ptr -0x4[bp],0x8000 
02F7    77 05                     ja          L$25 
02F9                          L$24:
02F9    B8 20 00                  mov         ax,0x0020 
02FC    EB 27                     jmp         L$30 
02FE                          L$25:
02FE    83 FF 3F                  cmp         di,0x003f 
0301    72 08                     jb          L$26 
0303    75 0B                     jne         L$27 
0305    83 7E FC 00               cmp         word ptr -0x4[bp],0x0000 
0309    77 05                     ja          L$27 
030B                          L$26:
030B    B8 40 00                  mov         ax,0x0040 
030E    EB 15                     jmp         L$30 
0310                          L$27:
0310    83 FF 7E                  cmp         di,0x007e 
0313    72 08                     jb          L$28 
0315    75 0B                     jne         L$29 
0317    83 7E FC 00               cmp         word ptr -0x4[bp],0x0000 
031B    77 05                     ja          L$29 
031D                          L$28:
031D    B8 80 00                  mov         ax,0x0080 
0320    EB 03                     jmp         L$30 
0322                          L$29:
0322    B8 FF 00                  mov         ax,0x00ff 
0325                          L$30:
0325    8E 46 FE                  mov         es,word ptr -0x2[bp] 
0328    BB 3F 00                  mov         bx,0x003f 
032B    31 D2                     xor         dx,dx 
032D    26 C6 44 0E 3F            mov         byte ptr es:0xe[si],0x3f 
0332    31 C9                     xor         cx,cx 
0334    26 88 44 02               mov         byte ptr es:0x2[si],al 
0338    E8 00 00                  call        __U4M 
033B    89 C3                     mov         bx,ax 
033D    89 D1                     mov         cx,dx 
033F    8B 46 FC                  mov         ax,word ptr -0x4[bp] 
0342    89 FA                     mov         dx,di 
0344    E8 00 00                  call        __U4D 
0347    89 46 FC                  mov         word ptr -0x4[bp],ax 
034A    85 D2                     test        dx,dx 
034C    75 05                     jne         L$31 
034E    3D 00 04                  cmp         ax,0x0400 
0351    76 03                     jbe         L$32 
0353                          L$31:
0353    B8 00 04                  mov         ax,0x0400 
0356                          L$32:
0356    8E 46 FE                  mov         es,word ptr -0x2[bp] 
0359    26 89 04                  mov         word ptr es:[si],ax 
035C    E9 D2 FC                  jmp         L$3 

Routine Size: 428 bytes,    Routine Base: _TEXT + 01B3

035F                          hd_identify_:
035F    52                        push        dx 
0360    56                        push        si 
0361    57                        push        di 
0362    C8 0C 00 00               enter       0x000c,0x00 
0366    50                        push        ax 
0367    89 DE                     mov         si,bx 
0369    89 4E FE                  mov         word ptr -0x2[bp],cx 
036C    A1 00 00                  mov         ax,word ptr _SecBuffer 
036F    8B 3E 02 00               mov         di,word ptr _SecBuffer+0x2 
0373    89 5E F8                  mov         word ptr -0x8[bp],bx 
0376    89 CA                     mov         dx,cx 
0378    89 46 FC                  mov         word ptr -0x4[bp],ax 
037B    89 C3                     mov         bx,ax 
037D    8B 46 F2                  mov         ax,word ptr -0xe[bp] 
0380    89 F9                     mov         cx,di 
0382    85 C0                     test        ax,ax 
0384    74 03                     je          L$33 
0386    B8 10 00                  mov         ax,0x0010 
0389                          L$33:
0389    30 E4                     xor         ah,ah 
038B    E8 00 00                  call        IDE_READ_ID_ 
038E    85 C0                     test        ax,ax 
0390    74 06                     je          L$34 
0392    B8 FF FF                  mov         ax,0xffff 
0395    E9 DD 00                  jmp         L$43 
0398                          L$34:
0398    8B 5E F8                  mov         bx,word ptr -0x8[bp] 
039B    8E C2                     mov         es,dx 
039D    31 C9                     xor         cx,cx 
039F                          L$35:
039F    41                        inc         cx 
03A0    26 C6 07 00               mov         byte ptr es:[bx],0x00 
03A4    43                        inc         bx 
03A5    83 F9 14                  cmp         cx,0x0014 
03A8    72 F5                     jb          L$35 
03AA    BB 31 00                  mov         bx,0x0031 
03AD    8B 46 FC                  mov         ax,word ptr -0x4[bp] 
03B0    89 FA                     mov         dx,di 
03B2    E8 00 00                  call        id_word_ 
03B5    BB 01 00                  mov         bx,0x0001 
03B8    89 46 F6                  mov         word ptr -0xa[bp],ax 
03BB    89 FA                     mov         dx,di 
03BD    8B 46 FC                  mov         ax,word ptr -0x4[bp] 
03C0    E8 00 00                  call        id_word_ 
03C3    BB 03 00                  mov         bx,0x0003 
03C6    89 46 F4                  mov         word ptr -0xc[bp],ax 
03C9    89 FA                     mov         dx,di 
03CB    8B 46 FC                  mov         ax,word ptr -0x4[bp] 
03CE    E8 00 00                  call        id_word_ 
03D1    BB 06 00                  mov         bx,0x0006 
03D4    89 C1                     mov         cx,ax 
03D6    89 46 FA                  mov         word ptr -0x6[bp],ax 
03D9    89 FA                     mov         dx,di 
03DB    8B 46 FC                  mov         ax,word ptr -0x4[bp] 
03DE    E8 00 00                  call        id_word_ 
03E1    8E 46 FE                  mov         es,word ptr -0x2[bp] 
03E4    89 C3                     mov         bx,ax 
03E6    8B 46 F4                  mov         ax,word ptr -0xc[bp] 
03E9    26 89 44 10               mov         word ptr es:0x10[si],ax 
03ED    83 F9 01                  cmp         cx,0x0001 
03F0    72 0C                     jb          L$36 
03F2    81 F9 FF 00               cmp         cx,0x00ff 
03F6    77 06                     ja          L$36 
03F8    0F B6 46 FA               movzx       ax,byte ptr -0x6[bp] 
03FC    EB 02                     jmp         L$37 
03FE                          L$36:
03FE    31 C0                     xor         ax,ax 
0400                          L$37:
0400    8E 46 FE                  mov         es,word ptr -0x2[bp] 
0403    26 88 44 12               mov         byte ptr es:0x12[si],al 
0407    83 FB 01                  cmp         bx,0x0001 
040A    72 0A                     jb          L$38 
040C    83 FB 3F                  cmp         bx,0x003f 
040F    77 05                     ja          L$38 
0411    0F B6 C3                  movzx       ax,bl 
0414    EB 02                     jmp         L$39 
0416                          L$38:
0416    31 C0                     xor         ax,ax 
0418                          L$39:
0418    8E 46 FE                  mov         es,word ptr -0x2[bp] 
041B    BB 3C 00                  mov         bx,0x003c 
041E    89 FA                     mov         dx,di 
0420    26 88 44 13               mov         byte ptr es:0x13[si],al 
0424    8B 46 FC                  mov         ax,word ptr -0x4[bp] 
0427    E8 00 00                  call        id_dword_ 
042A    8E 46 FE                  mov         es,word ptr -0x2[bp] 
042D    26 89 44 0A               mov         word ptr es:0xa[si],ax 
0431    26 89 54 0C               mov         word ptr es:0xc[si],dx 
0435    8A 46 F2                  mov         al,byte ptr -0xe[bp] 
0438    8C C2                     mov         dx,es 
043A    26 88 44 07               mov         byte ptr es:0x7[si],al 
043E    89 F0                     mov         ax,si 
0440    E8 00 00                  call        hd_translate_ 
0443    8E 46 FE                  mov         es,word ptr -0x2[bp] 
0446    26 80 7C 02 08            cmp         byte ptr es:0x2[si],0x08 
044B    76 05                     jbe         L$40 
044D    26 C6 44 08 08            mov         byte ptr es:0x8[si],0x08 
0452                          L$40:
0452    8E 46 FE                  mov         es,word ptr -0x2[bp] 
0455    26 C6 44 0F 09            mov         byte ptr es:0xf[si],0x09 
045A    F6 46 F7 02               test        byte ptr -0x9[bp],0x02 
045E    74 05                     je          L$41 
0460    26 80 4C 0F 02            or          byte ptr es:0xf[si],0x02 
0465                          L$41:
0465    F6 46 F7 01               test        byte ptr -0x9[bp],0x01 
0469    74 08                     je          L$42 
046B    8E 46 FE                  mov         es,word ptr -0x2[bp] 
046E    26 80 4C 0F 04            or          byte ptr es:0xf[si],0x04 
0473                          L$42:
0473    31 C0                     xor         ax,ax 
0475                          L$43:
0475    C9                        leave       
0476    5F                        pop         di 
0477    5E                        pop         si 
0478    5A                        pop         dx 
0479    C3                        ret         

Routine Size: 283 bytes,    Routine Base: _TEXT + 035F

047A                          hdinit_:
047A    51                        push        cx 
047B    56                        push        si 
047C    57                        push        di 
047D    C8 0C 00 00               enter       0x000c,0x00 
0481    89 C1                     mov         cx,ax 
0483    89 5E FA                  mov         word ptr -0x6[bp],bx 
0486    E8 00 00                  call        hd_reset_ 
0489    C7 46 FE 00 00            mov         word ptr -0x2[bp],0x0000 
048E    85 C0                     test        ax,ax 
0490    74 0F                     je          L$44 
0492    1E                        push        ds 
0493    68 00 00                  push        offset DGROUP:L$79 
0496    E8 00 00                  call        _cprintf 
0499    83 C4 04                  add         sp,0x0004 
049C    31 C0                     xor         ax,ax 
049E    E9 2A FC                  jmp         L$10 
04A1                          L$44:
04A1    31 FF                     xor         di,di 
04A3    31 F6                     xor         si,si 
04A5                          L$45:
04A5    89 F8                     mov         ax,di 
04A7    E8 00 00                  call        hd_probe_ 
04AA    46                        inc         si 
04AB    46                        inc         si 
04AC    47                        inc         di 
04AD    89 42 F2                  mov         word ptr -0xe[bp+si],ax 
04B0    83 FF 02                  cmp         di,0x0002 
04B3    7C F0                     jl          L$45 
04B5    31 FF                     xor         di,di 
04B7    31 F6                     xor         si,si 
04B9    EB 08                     jmp         L$47 
04BB                          L$46:
04BB    47                        inc         di 
04BC    46                        inc         si 
04BD    46                        inc         si 
04BE    83 FF 02                  cmp         di,0x0002 
04C1    7D 14                     jge         L$48 
04C3                          L$47:
04C3    83 7A F4 01               cmp         word ptr -0xc[bp+si],0x0001 
04C7    75 F2                     jne         L$46 
04C9    89 F8                     mov         ax,di 
04CB    E8 00 00                  call        hd_present_ 
04CE    85 C0                     test        ax,ax 
04D0    75 E9                     jne         L$46 
04D2    89 42 F4                  mov         word ptr -0xc[bp+si],ax 
04D5    EB E4                     jmp         L$46 
04D7                          L$48:
04D7    6B 46 FE 14               imul        ax,word ptr -0x2[bp],0x0014 
04DB    89 56 F8                  mov         word ptr -0x8[bp],dx 
04DE    31 F6                     xor         si,si 
04E0    01 C8                     add         ax,cx 
04E2    31 FF                     xor         di,di 
04E4    89 46 FC                  mov         word ptr -0x4[bp],ax 
04E7    EB 1B                     jmp         L$53 
04E9                          L$49:
04E9    B9 27 00                  mov         cx,offset DGROUP:L$81 
04EC                          L$50:
04EC    8C D8                     mov         ax,ds 
04EE    50                        push        ax 
04EF    51                        push        cx 
04F0    1E                        push        ds 
04F1    68 2E 00                  push        offset DGROUP:L$82 
04F4                          L$51:
04F4    E8 00 00                  call        _cprintf 
04F7    83 C4 08                  add         sp,0x0008 
04FA                          L$52:
04FA    46                        inc         si 
04FB    47                        inc         di 
04FC    47                        inc         di 
04FD    83 FE 02                  cmp         si,0x0002 
0500    0F 8D 6B 00               jge         L$61 
0504                          L$53:
0504    8B 46 FE                  mov         ax,word ptr -0x2[bp] 
0507    3B 46 FA                  cmp         ax,word ptr -0x6[bp] 
050A    7D 63                     jge         L$61 
050C    8B 43 F4                  mov         ax,word ptr -0xc[bp+di] 
050F    3D 02 00                  cmp         ax,0x0002 
0512    75 09                     jne         L$54 
0514    85 F6                     test        si,si 
0516    74 D1                     je          L$49 
0518    B9 20 00                  mov         cx,offset DGROUP:L$80 
051B    EB CF                     jmp         L$50 
051D                          L$54:
051D    3D 01 00                  cmp         ax,0x0001 
0520    75 D8                     jne         L$52 
0522    89 F0                     mov         ax,si 
0524    E8 00 00                  call        hd_set_8bit_ 
0527    85 C0                     test        ax,ax 
0529    74 16                     je          L$57 
052B    85 F6                     test        si,si 
052D    74 05                     je          L$55 
052F    B9 20 00                  mov         cx,offset DGROUP:L$80 
0532    EB 03                     jmp         L$56 
0534                          L$55:
0534    B9 27 00                  mov         cx,offset DGROUP:L$81 
0537                          L$56:
0537    8C D8                     mov         ax,ds 
0539    50                        push        ax 
053A    51                        push        cx 
053B    1E                        push        ds 
053C    68 56 00                  push        offset DGROUP:L$83 
053F    EB B3                     jmp         L$51 
0541                          L$57:
0541    8B 5E FC                  mov         bx,word ptr -0x4[bp] 
0544    8B 4E F8                  mov         cx,word ptr -0x8[bp] 
0547    89 F0                     mov         ax,si 
0549    E8 00 00                  call        hd_identify_ 
054C    85 C0                     test        ax,ax 
054E    75 09                     jne         L$58 
0550    83 46 FC 14               add         word ptr -0x4[bp],0x0014 
0554    FF 46 FE                  inc         word ptr -0x2[bp] 
0557    EB A1                     jmp         L$52 
0559                          L$58:
0559    85 F6                     test        si,si 
055B    74 05                     je          L$59 
055D    B9 20 00                  mov         cx,offset DGROUP:L$80 
0560    EB 03                     jmp         L$60 
0562                          L$59:
0562    B9 27 00                  mov         cx,offset DGROUP:L$81 
0565                          L$60:
0565    8C D8                     mov         ax,ds 
0567    50                        push        ax 
0568    51                        push        cx 
0569    1E                        push        ds 
056A    68 7E 00                  push        offset DGROUP:L$84 
056D    EB 85                     jmp         L$51 
056F                          L$61:
056F    8B 46 FE                  mov         ax,word ptr -0x2[bp] 
0572    E9 56 FB                  jmp         L$10 

Routine Size: 251 bytes,    Routine Base: _TEXT + 047A

0575                          hd_report_:
0575    51                        push        cx 
0576    56                        push        si 
0577    57                        push        di 
0578    C8 06 00 00               enter       0x0006,0x00 
057C    50                        push        ax 
057D    52                        push        dx 
057E    53                        push        bx 
057F    85 DB                     test        bx,bx 
0581    75 07                     jne         L$62 
0583    1E                        push        ds 
0584    68 97 00                  push        offset DGROUP:L$85 
0587    E9 0C 01                  jmp         L$73 
058A                          L$62:
058A    C7 46 FA 00 00            mov         word ptr -0x6[bp],0x0000 
058F    89 C7                     mov         di,ax 
0591    89 56 FC                  mov         word ptr -0x4[bp],dx 
0594                          L$63:
0594    8B 46 FA                  mov         ax,word ptr -0x6[bp] 
0597    3B 46 F4                  cmp         ax,word ptr -0xc[bp] 
059A    0F 8D C2 00               jge         L$72 
059E    8B 46 FC                  mov         ax,word ptr -0x4[bp] 
05A1    8E C0                     mov         es,ax 
05A3    89 46 FE                  mov         word ptr -0x2[bp],ax 
05A6    26 0F B6 45 0F            movzx       ax,byte ptr es:0xf[di] 
05AB    26 8B 55 0C               mov         dx,word ptr es:0xc[di] 
05AF    50                        push        ax 
05B0    26 8B 45 0A               mov         ax,word ptr es:0xa[di] 
05B4    B9 0B 00                  mov         cx,0x000b 
05B7                          L$64:
05B7    D1 EA                     shr         dx,0x01 
05B9    D1 D8                     rcr         ax,0x01 
05BB    E2 FA                     loop        L$64 
05BD    52                        push        dx 
05BE    50                        push        ax 
05BF    26 FF 75 0C               push        word ptr es:0xc[di] 
05C3    89 FE                     mov         si,di 
05C5    26 FF 75 0A               push        word ptr es:0xa[di] 
05C9    26 80 7D 07 00            cmp         byte ptr es:0x7[di],0x00 
05CE    74 05                     je          L$65 
05D0    BA 20 00                  mov         dx,offset DGROUP:L$80 
05D3    EB 03                     jmp         L$66 
05D5                          L$65:
05D5    BA 27 00                  mov         dx,offset DGROUP:L$81 
05D8                          L$66:
05D8    8C D8                     mov         ax,ds 
05DA    50                        push        ax 
05DB    52                        push        dx 
05DC    1E                        push        ds 
05DD    68 AD 00                  push        offset DGROUP:L$86 
05E0    E8 00 00                  call        _cprintf 
05E3    8E 46 FE                  mov         es,word ptr -0x2[bp] 
05E6    83 C4 12                  add         sp,0x0012 
05E9    26 83 3C 00               cmp         word ptr es:[si],0x0000 
05ED    74 0E                     je          L$67 
05EF    26 80 7C 02 00            cmp         byte ptr es:0x2[si],0x00 
05F4    74 07                     je          L$67 
05F6    26 80 7C 0E 00            cmp         byte ptr es:0xe[si],0x00 
05FB    75 05                     jne         L$68 
05FD                          L$67:
05FD    BA D3 00                  mov         dx,offset DGROUP:L$87 
0600    EB 25                     jmp         L$71 
0602                          L$68:
0602    26 8B 04                  mov         ax,word ptr es:[si] 
0605    26 3B 44 10               cmp         ax,word ptr es:0x10[si] 
0609    75 14                     jne         L$69 
060B    26 8A 44 02               mov         al,byte ptr es:0x2[si] 
060F    26 3A 44 12               cmp         al,byte ptr es:0x12[si] 
0613    75 0A                     jne         L$69 
0615    26 8A 44 0E               mov         al,byte ptr es:0xe[si] 
0619    26 3A 44 13               cmp         al,byte ptr es:0x13[si] 
061D    74 05                     je          L$70 
061F                          L$69:
061F    BA EB 00                  mov         dx,offset DGROUP:L$88 
0622    EB 03                     jmp         L$71 
0624                          L$70:
0624    BA FB 00                  mov         dx,offset DGROUP:L$89 
0627                          L$71:
0627    8C D8                     mov         ax,ds 
0629    50                        push        ax 
062A    8E 46 FE                  mov         es,word ptr -0x2[bp] 
062D    52                        push        dx 
062E    26 0F B6 44 0E            movzx       ax,byte ptr es:0xe[si] 
0633    50                        push        ax 
0634    26 0F B6 44 02            movzx       ax,byte ptr es:0x2[si] 
0639    50                        push        ax 
063A    26 FF 34                  push        word ptr es:[si] 
063D    26 0F B6 44 13            movzx       ax,byte ptr es:0x13[si] 
0642    50                        push        ax 
0643    26 0F B6 44 12            movzx       ax,byte ptr es:0x12[si] 
0648    50                        push        ax 
0649    26 FF 74 10               push        word ptr es:0x10[si] 
064D    1E                        push        ds 
064E    FF 46 FA                  inc         word ptr -0x6[bp] 
0651    68 FC 00                  push        offset DGROUP:L$90 
0654    83 C7 14                  add         di,0x0014 
0657    E8 00 00                  call        _cprintf 
065A    83 C4 14                  add         sp,0x0014 
065D    E9 34 FF                  jmp         L$63 
0660                          L$72:
0660    83 7E F4 02               cmp         word ptr -0xc[bp],0x0002 
0664    0F 85 63 FA               jne         L$10 
0668    8E 46 F6                  mov         es,word ptr -0xa[bp] 
066B    8B 76 F8                  mov         si,word ptr -0x8[bp] 
066E    26 8B 44 0C               mov         ax,word ptr es:0xc[si] 
0672    26 8B 54 0A               mov         dx,word ptr es:0xa[si] 
0676    26 3B 44 20               cmp         ax,word ptr es:0x20[si] 
067A    0F 85 4D FA               jne         L$10 
067E    26 3B 54 1E               cmp         dx,word ptr es:0x1e[si] 
0682    0F 85 45 FA               jne         L$10 
0686    26 8B 44 10               mov         ax,word ptr es:0x10[si] 
068A    26 3B 44 24               cmp         ax,word ptr es:0x24[si] 
068E    0F 85 39 FA               jne         L$10 
0692    1E                        push        ds 
0693    68 2D 01                  push        offset DGROUP:L$91 
0696                          L$73:
0696    E8 00 00                  call        _cprintf 
0699    83 C4 04                  add         sp,0x0004 
069C    E9 2C FA                  jmp         L$10 
069F                          get_vector_:
069F    53                        push        bx 
06A0    C8 04 00 00               enter       0x0004,0x00 
06A4    C1 E0 02                  shl         ax,0x02 
06A7    89 46 FC                  mov         word ptr -0x4[bp],ax 
06AA    31 C0                     xor         ax,ax 
06AC    8B 5E FC                  mov         bx,word ptr -0x4[bp] 
06AF    8E C0                     mov         es,ax 
06B1    89 46 FE                  mov         word ptr -0x2[bp],ax 
06B4    26 8B 07                  mov         ax,word ptr es:[bx] 
06B7    26 8B 57 02               mov         dx,word ptr es:0x2[bx] 
06BB    C9                        leave       
06BC    5B                        pop         bx 
06BD    C3                        ret         
06BE                          set_vector_:
06BE    56                        push        si 
06BF    C8 04 00 00               enter       0x0004,0x00 
06C3    C1 E0 02                  shl         ax,0x02 
06C6    89 46 FC                  mov         word ptr -0x4[bp],ax 
06C9    31 C0                     xor         ax,ax 
06CB    8B 76 FC                  mov         si,word ptr -0x4[bp] 
06CE    8E C0                     mov         es,ax 
06D0    26 89 1C                  mov         word ptr es:[si],bx 
06D3    89 F3                     mov         bx,si 
06D5    89 46 FE                  mov         word ptr -0x2[bp],ax 
06D8    26 89 4F 02               mov         word ptr es:0x2[bx],cx 
06DC    C9                        leave       
06DD    5E                        pop         si 
06DE    C3                        ret         

Routine Size: 362 bytes,    Routine Base: _TEXT + 0575

06DF                          hd_enumerate_:
06DF    53                        push        bx 
06E0    51                        push        cx 
06E1    52                        push        dx 
06E2    56                        push        si 
06E3    57                        push        di 
06E4    C8 04 00 00               enter       0x0004,0x00 
06E8    BB 02 00                  mov         bx,0x0002 
06EB    8B 36 00 00               mov         si,word ptr _bda_ptr 
06EF    8B 0E 02 00               mov         cx,word ptr _bda_ptr+0x2 
06F3    81 C6 AE 00               add         si,0x00ae 
06F7    89 CA                     mov         dx,cx 
06F9    89 F0                     mov         ax,si 
06FB    E8 00 00                  call        hdinit_ 
06FE    89 46 FE                  mov         word ptr -0x2[bp],ax 
0701    89 C3                     mov         bx,ax 
0703    89 CA                     mov         dx,cx 
0705    89 F0                     mov         ax,si 
0707    89 CF                     mov         di,cx 
0709    E8 00 00                  call        hd_report_ 
070C    8A 46 FE                  mov         al,byte ptr -0x2[bp] 
070F    C4 1E 00 00               les         bx,dword ptr _bda_ptr 
0713    31 C9                     xor         cx,cx 
0715    26 88 47 75               mov         byte ptr es:0x75[bx],al 
0719                          L$74:
0719    C4 1E 00 00               les         bx,dword ptr _bda_ptr 
071D    01 CB                     add         bx,cx 
071F    41                        inc         cx 
0720    26 C6 87 E5 00 00         mov         byte ptr es:0xe5[bx],0x00 
0726    83 F9 08                  cmp         cx,0x0008 
0729    72 EE                     jb          L$74 
072B    89 F1                     mov         cx,si 
072D    89 7E FC                  mov         word ptr -0x4[bp],di 
0730    31 C0                     xor         ax,ax 
0732                          L$75:
0732    3B 46 FE                  cmp         ax,word ptr -0x2[bp] 
0735    7D 27                     jge         L$76 
0737    8E 46 FC                  mov         es,word ptr -0x4[bp] 
073A    89 CB                     mov         bx,cx 
073C    26 80 7F 07 00            cmp         byte ptr es:0x7[bx],0x00 
0741    0F 95 C2                  setne       dl 
0744    8B 1E 00 00               mov         bx,word ptr _bda_ptr 
0748    83 C1 14                  add         cx,0x0014 
074B    30 F6                     xor         dh,dh 
074D    8E 06 02 00               mov         es,word ptr _bda_ptr+0x2 
0751    83 C2 04                  add         dx,0x0004 
0754    01 C3                     add         bx,ax 
0756    40                        inc         ax 
0757    26 88 97 E5 00            mov         byte ptr es:0xe5[bx],dl 
075C    EB D4                     jmp         L$75 
075E                          L$76:
075E    83 7E FE 00               cmp         word ptr -0x2[bp],0x0000 
0762    7E 0A                     jle         L$77 
0764    B8 41 00                  mov         ax,0x0041 
0767    89 F3                     mov         bx,si 
0769    89 F9                     mov         cx,di 
076B    E8 00 00                  call        set_vector_ 
076E                          L$77:
076E    83 7E FE 01               cmp         word ptr -0x2[bp],0x0001 
0772    7E 0B                     jle         L$78 
0774    B8 46 00                  mov         ax,0x0046 
0777    8D 5C 14                  lea         bx,0x14[si] 
077A    89 F9                     mov         cx,di 
077C    E8 00 00                  call        set_vector_ 
077F                          L$78:
077F    83 7E FE 00               cmp         word ptr -0x2[bp],0x0000 
0783    0F 84 91 F8               je          L$1 
0787    B8 41 00                  mov         ax,0x0041 
078A    E8 00 00                  call        get_vector_ 
078D    50                        push        ax 
078E    52                        push        dx 
078F    FF 76 FE                  push        word ptr -0x2[bp] 
0792    1E                        push        ds 
0793    68 B0 01                  push        offset DGROUP:L$92 
0796    E8 00 00                  call        _cprintf 
0799    83 C4 0A                  add         sp,0x000a 
079C    E9 79 F8                  jmp         L$1 

Routine Size: 192 bytes,    Routine Base: _TEXT + 06DF

No disassembly errors

Segment: CONST WORD USE16 000001E3 bytes
0000                          L$79:
0000    49 44 45 3A 20 6E 6F 20 72 65 73 70 6F 6E 73 65 IDE: no response
0010    20 74 6F 20 73 6F 66 74 20 72 65 73 65 74 0A 00  to soft reset..
0020                          L$80:
0020    73 6C 61 76 65 20 00                            slave .
0027                          L$81:
0027    6D 61 73 74 65 72 00                            master.
002E                          L$82:
002E    49 44 45 20 25 73 3A 20 41 54 41 50 49 20 64 65 IDE %s: ATAPI de
003E    76 69 63 65 2C 20 6E 6F 74 20 61 20 66 69 78 65 vice, not a fixe
004E    64 20 64 69 73 6B 0A 00                         d disk..
0056                          L$83:
0056    49 44 45 20 25 73 3A 20 77 69 6C 6C 20 6E 6F 74 IDE %s: will not
0066    20 61 63 63 65 70 74 20 38 2D 62 69 74 20 50 49  accept 8-bit PI
0076    4F 20 6D 6F 64 65 0A 00                         O mode..
007E                          L$84:
007E    49 44 45 20 25 73 3A 20 49 44 45 4E 54 49 46 59 IDE %s: IDENTIFY
008E    20 66 61 69 6C 65 64 0A 00                       failed..
0097                          L$85:
0097    49 44 45 3A 20 6E 6F 20 64 72 69 76 65 73 20 66 IDE: no drives f
00A7    6F 75 6E 64 0A 00                               ound..
00AD                          L$86:
00AD    49 44 45 20 25 73 20 20 4C 42 41 20 25 6C 75 20 IDE %s  LBA %lu 
00BD    3D 20 25 6C 75 20 4D 62 20 20 66 6C 61 67 73 20 = %lu Mb  flags 
00CD    25 30 32 58 0A 00                               %02X..
00D3                          L$87:
00D3    20 20 20 28 6E 6F 20 75 73 61 62 6C 65 20 67 65    (no usable ge
00E3    6F 6D 65 74 72 79 29 00                         ometry).
00EB                          L$88:
00EB    20 20 20 28 74 72 61 6E 73 6C 61 74 65 64 29 00    (translated).
00FB                          L$89:
00FB    00                                              .
00FC                          L$90:
00FC    20 20 20 20 20 20 20 20 20 20 20 20 64 72 69 76             driv
010C    65 20 25 75 2F 25 75 2F 25 75 20 20 20 49 4E 54 e %u/%u/%u   INT
011C    20 31 33 68 20 25 75 2F 25 75 2F 25 75 25 73 0A  13h %u/%u/%u%s.
012C    00                                              .
012D                          L$91:
012D    49 44 45 3A 20 62 6F 74 68 20 75 6E 69 74 73 20 IDE: both units 
013D    72 65 70 6F 72 74 20 69 64 65 6E 74 69 63 61 6C report identical
014D    20 67 65 6F 6D 65 74 72 79 20 2D 2D 20 63 68 65  geometry -- che
015D    63 6B 20 74 68 65 20 73 6C 61 76 65 20 6A 75 6D ck the slave jum
016D    70 65 72 2F 73 74 72 61 70 0A 00 49 44 45 3A 20 per/strap..IDE: 
017D    70 61 72 61 6D 65 74 65 72 20 74 61 62 6C 65 73 parameter tables
018D    20 64 6F 20 6E 6F 74 20 66 69 74 20 74 68 65 20  do not fit the 
019D    72 65 73 65 72 76 65 64 20 42 44 41 20 61 72 65 reserved BDA are
01AD    61 0A 00                                        a..
01B0                          L$92:
01B0    49 44 45 3A 20 25 64 20 64 72 69 76 65 28 73 29 IDE: %d drive(s)
01C0    20 72 65 67 69 73 74 65 72 65 64 2C 20 49 4E 54  registered, INT
01D0    20 34 31 68 20 2D 3E 20 25 30 34 58 3A 25 30 34  41h -> %04X:%04
01E0    58 0A 00                                        X..

Segment: CONST2 WORD USE16 00000000 bytes

Segment: _DATA WORD USE16 00000000 bytes

