Module: /mnt/fileserver/Vintage/Projects/SBC80386EX/SBC386/bios/main.c
GROUP: 'DGROUP' CONST,CONST2,_DATA

File contains no line numbers.
Segment: _TEXT BYTE USE16 00000295 bytes
0000                          install_serial_console_:
0000    53                        push        bx 
0001    51                        push        cx 
0002    52                        push        dx 
0003    56                        push        si 
0004    57                        push        di 
0005    C8 06 00 00               enter       0x0006,0x00 
0009    C4 1E 00 00               les         bx,dword ptr _bda_ptr 
000D    81 C3 E1 00               add         bx,0x00e1 
0011    26 8B 07                  mov         ax,word ptr es:[bx] 
0014    C1 E8 02                  shr         ax,0x02 
0017    25 01 00                  and         ax,0x0001 
001A    89 46 FC                  mov         word ptr -0x4[bp],ax 
001D    26 8B 07                  mov         ax,word ptr es:[bx] 
0020    C1 E8 05                  shr         ax,0x05 
0023    30 E4                     xor         ah,ah 
0025    24 1F                     and         al,0x1f 
0027    80 CC 03                  or          ah,0x03 
002A    89 46 FE                  mov         word ptr -0x2[bp],ax 
002D    B8 00 04                  mov         ax,0x0400 
0030    8B 9E FC FF               mov         bx,word ptr -0x4[bp] 
0034    8B 8E FE FF               mov         cx,word ptr -0x2[bp] 
0038    33 D2                     xor         dx,dx 
003A    CD 14                     int         0x14 
003C    89 86 FA FF               mov         word ptr -0x6[bp],ax 
0040    8B 46 FA                  mov         ax,word ptr -0x6[bp] 
0043    30 E4                     xor         ah,ah 
0045    50                        push        ax 
0046    8B 46 FA                  mov         ax,word ptr -0x6[bp] 
0049    C1 E8 08                  shr         ax,0x08 
004C    50                        push        ax 
004D    1E                        push        ds 
004E    68 00 00                  push        offset DGROUP:L$19 
0051    E8 00 00                  call        _cprintf 
0054    83 C4 08                  add         sp,0x0008 
0057                          L$1:
0057    C9                        leave       
0058    5F                        pop         di 
0059    5E                        pop         si 
005A    5A                        pop         dx 
005B    59                        pop         cx 
005C    5B                        pop         bx 
005D    C3                        ret         

Routine Size: 94 bytes,    Routine Base: _TEXT + 0000

005E                          _serial_port_status:
005E    56                        push        si 
005F    57                        push        di 
0060    C8 02 00 00               enter       0x0002,0x00 
0064    8B 96 08 00               mov         dx,word ptr 0x8[bp] 
0068    B4 03                     mov         ah,0x03 
006A    CD 14                     int         0x14 
006C    89 86 FE FF               mov         word ptr -0x2[bp],ax 
0070    8B 46 FE                  mov         ax,word ptr -0x2[bp] 
0073    C9                        leave       
0074    5F                        pop         di 
0075    5E                        pop         si 
0076    C3                        ret         

Routine Size: 25 bytes,    Routine Base: _TEXT + 005E

0077                          delay_:
0077    53                        push        bx 
0078    51                        push        cx 
0079    52                        push        dx 
007A    56                        push        si 
007B    57                        push        di 
007C    C8 04 00 00               enter       0x0004,0x00 
0080    BB A0 86                  mov         bx,0x86a0 
0083    B9 01 00                  mov         cx,0x0001 
0086    31 D2                     xor         dx,dx 
0088    E8 00 00                  call        __U4M 
008B    89 46 FC                  mov         word ptr -0x4[bp],ax 
008E    89 56 FE                  mov         word ptr -0x2[bp],dx 
0091    B4 86                     mov         ah,0x86 
0093    8B 96 FC FF               mov         dx,word ptr -0x4[bp] 
0097    8B 8E FE FF               mov         cx,word ptr -0x2[bp] 
009B    CD 15                     int         0x15 
009D    EB B8                     jmp         L$1 

Routine Size: 40 bytes,    Routine Base: _TEXT + 0077

009F                          _main__:
009F    53                        push        bx 
00A0    51                        push        cx 
00A1    52                        push        dx 
00A2    56                        push        si 
00A3    57                        push        di 
00A4    C8 04 00 00               enter       0x0004,0x00 
00A8    50                        push        ax 
00A9    C4 1E 00 00               les         bx,dword ptr _bda_ptr 
00AD    26 C6 87 89 00 01         mov         byte ptr es:0x89[bx],0x01 
00B3    E8 00 00                  call        jleds_ 
00B6    B8 F8 03                  mov         ax,0x03f8 
00B9    E8 00 00                  call        install_SIO0_ 
00BC    85 C0                     test        ax,ax 
00BE    75 97                     jne         L$1 
00C0    E8 00 00                  call        install_serial_console_ 
00C3    E8 00 00                  call        vga3_init_ 
00C6    B8 83 00                  mov         ax,0x0083 
00C9    CD 10                     int         0x10 
00CB    C4 1E 00 00               les         bx,dword ptr _bda_ptr 
00CF    26 8B 47 10               mov         ax,word ptr es:0x10[bx] 
00D3    24 CF                     and         al,0xcf 
00D5    0C 20                     or          al,0x20 
00D7    26 89 47 10               mov         word ptr es:0x10[bx],ax 
00DB    C4 1E 00 00               les         bx,dword ptr _bda_ptr 
00DF    31 C0                     xor         ax,ax 
00E1    26 80 BF E3 00 00         cmp         byte ptr es:0xe3[bx],0x00 
00E7    74 03                     je          L$2 
00E9    B8 01 00                  mov         ax,0x0001 
00EC                          L$2:
00EC    C4 1E 00 00               les         bx,dword ptr _bda_ptr 
00F0    26 80 BF E4 00 00         cmp         byte ptr es:0xe4[bx],0x00 
00F6    74 01                     je          L$3 
00F8    40                        inc         ax 
00F9                          L$3:
00F9    C4 1E 00 00               les         bx,dword ptr _bda_ptr 
00FD    26 80 67 10 3E            and         byte ptr es:0x10[bx],0x3e 
0102    85 C0                     test        ax,ax 
0104    74 17                     je          L$4 
0106    89 C2                     mov         dx,ax 
0108    C1 E2 06                  shl         dx,0x06 
010B    8B 1E 00 00               mov         bx,word ptr _bda_ptr 
010F    83 EA 40                  sub         dx,0x0040 
0112    8E 06 02 00               mov         es,word ptr _bda_ptr+0x2 
0116    80 CA 01                  or          dl,0x01 
0119    26 09 57 10               or          word ptr es:0x10[bx],dx 
011D                          L$4:
011D    85 C0                     test        ax,ax 
011F    74 06                     je          L$5 
0121    E8 00 00                  call        _fd_reset 
0124    E8 00 00                  call        fd_set_1E_ 
0127                          L$5:
0127    E8 00 00                  call        kbd_init_ 
012A    31 C0                     xor         ax,ax 
012C    E8 00 00                  call        unmask_interrupt_ 
012F    E8 00 00                  call        pr_lic_ 
0132    83 7E FA 00               cmp         word ptr -0x6[bp],0x0000 
0136    75 0A                     jne         L$6 
0138    1E                        push        ds 
0139    68 49 00                  push        offset DGROUP:L$20 
013C    E8 00 00                  call        _cprintf 
013F    83 C4 04                  add         sp,0x0004 
0142                          L$6:
0142    B8 17 00                  mov         ax,0x0017 
0145    E8 00 00                  call        delay_ 
0148    31 C0                     xor         ax,ax 
014A    E8 00 00                  call        lites_ 
014D    C4 1E 00 00               les         bx,dword ptr _bda_ptr 
0151    26 0F B6 87 01 01         movzx       ax,byte ptr es:0x101[bx] 
0157    50                        push        ax 
0158    26 8B 87 DB 00            mov         ax,word ptr es:0xdb[bx] 
015D    31 D2                     xor         dx,dx 
015F    C1 E8 0A                  shr         ax,0x0a 
0162    26 8B 8F DD 00            mov         cx,word ptr es:0xdd[bx] 
0167    50                        push        ax 
0168    83 C1 05                  add         cx,0x0005 
016B    26 FF 77 13               push        word ptr es:0x13[bx] 
016F    89 C8                     mov         ax,cx 
0171    26 FF 77 10               push        word ptr es:0x10[bx] 
0175    BB 0A 00                  mov         bx,0x000a 
0178    F7 F3                     div         bx 
017A    BB 64 00                  mov         bx,0x0064 
017D    31 D2                     xor         dx,dx 
017F    F7 F3                     div         bx 
0181    BB E8 03                  mov         bx,0x03e8 
0184    52                        push        dx 
0185    89 C8                     mov         ax,cx 
0187    31 D2                     xor         dx,dx 
0189    F7 F3                     div         bx 
018B    50                        push        ax 
018C    1E                        push        ds 
018D    68 80 00                  push        offset DGROUP:L$21 
0190    E8 00 00                  call        _cprintf 
0193    83 C4 10                  add         sp,0x0010 
0196    BA 3C F4                  mov         dx,0xf43c 
0199    ED                        in          ax,dx 
019A    89 86 FC FF               mov         word ptr -0x4[bp],ax 
019E    8B 46 FC                  mov         ax,word ptr -0x4[bp] 
01A1    A8 01                     test        al,0x01 
01A3    74 05                     je          L$7 
01A5    BB CB 00                  mov         bx,offset DGROUP:L$22 
01A8    EB 03                     jmp         L$8 
01AA                          L$7:
01AA    BB E9 00                  mov         bx,offset DGROUP:L$23 
01AD                          L$8:
01AD    8C D8                     mov         ax,ds 
01AF    50                        push        ax 
01B0    53                        push        bx 
01B1    1E                        push        ds 
01B2    68 12 01                  push        offset DGROUP:L$24 
01B5    E8 00 00                  call        _cprintf 
01B8    C4 1E 00 00               les         bx,dword ptr _bda_ptr 
01BC    83 C4 08                  add         sp,0x0008 
01BF    26 F6 47 12 01            test        byte ptr es:0x12[bx],0x01 
01C4    74 05                     je          L$9 
01C6    BB 28 01                  mov         bx,offset DGROUP:L$25 
01C9    EB 03                     jmp         L$10 
01CB                          L$9:
01CB    BB 5B 01                  mov         bx,offset DGROUP:L$26 
01CE                          L$10:
01CE    8C D8                     mov         ax,ds 
01D0    50                        push        ax 
01D1    53                        push        bx 
01D2    1E                        push        ds 
01D3    68 6D 01                  push        offset DGROUP:L$27 
01D6    E8 00 00                  call        _cprintf 
01D9    83 C4 08                  add         sp,0x0008 
01DC    1E                        push        ds 
01DD    68 7E 01                  push        offset DGROUP:L$28 
01E0    E8 00 00                  call        _cprintf 
01E3    83 C4 04                  add         sp,0x0004 
01E6    B8 8F 00                  mov         ax,0x008f 
01E9    E8 00 00                  call        ds_read_reg_ 
01EC    50                        push        ax 
01ED    1E                        push        ds 
01EE    68 80 01                  push        offset DGROUP:L$29 
01F1    E8 00 00                  call        _cprintf 
01F4    83 C4 06                  add         sp,0x0006 
01F7    F6 46 FA 01               test        byte ptr -0x6[bp],0x01 
01FB    74 0A                     je          L$11 
01FD    1E                        push        ds 
01FE    68 90 01                  push        offset DGROUP:L$30 
0201    E8 00 00                  call        _cprintf 
0204    83 C4 04                  add         sp,0x0004 
0207                          L$11:
0207    F6 46 FA 02               test        byte ptr -0x6[bp],0x02 
020B    74 0A                     je          L$12 
020D    1E                        push        ds 
020E    68 B2 01                  push        offset DGROUP:L$31 
0211    E8 00 00                  call        _cprintf 
0214    83 C4 04                  add         sp,0x0004 
0217                          L$12:
0217    1E                        push        ds 
0218    68 C9 01                  push        offset DGROUP:L$32 
021B    E8 00 00                  call        _cprintf 
021E    83 C4 04                  add         sp,0x0004 
0221    F6 46 FA 04               test        byte ptr -0x6[bp],0x04 
0225    74 06                     je          L$13 
0227    1E                        push        ds 
0228    68 F6 01                  push        offset DGROUP:L$33 
022B    EB 04                     jmp         L$14 
022D                          L$13:
022D    1E                        push        ds 
022E    68 FA 01                  push        offset DGROUP:L$34 
0231                          L$14:
0231    E8 00 00                  call        _cprintf 
0234    83 C4 04                  add         sp,0x0004 
0237    1E                        push        ds 
0238    68 FD 01                  push        offset DGROUP:L$35 
023B    E8 00 00                  call        _cprintf 
023E    83 C4 04                  add         sp,0x0004 
0241    E8 00 00                  call        hd_enumerate_ 
0244    C7 46 FE 00 00            mov         word ptr -0x2[bp],0x0000 
0249    B4 01                     mov         ah,0x01 
024B    CD 16                     int         0x16 
024D    0F 84 06 00               je          L$15 
0251    C7 86 FE FF 01 00         mov         word ptr -0x2[bp],0x0001 
0257                          L$15:
0257    83 7E FE 00               cmp         word ptr -0x2[bp],0x0000 
025B    74 11                     je          L$16 
025D    E8 00 00                  call        KBD_getchar_ 
0260    1E                        push        ds 
0261    68 05 02                  push        offset DGROUP:L$36 
0264    80 4E FA 10               or          byte ptr -0x6[bp],0x10 
0268    E8 00 00                  call        _cprintf 
026B    83 C4 04                  add         sp,0x0004 
026E                          L$16:
026E    8B 46 FA                  mov         ax,word ptr -0x6[bp] 
0271    85 C0                     test        ax,ax 
0273    74 08                     je          L$17 
0275    24 EF                     and         al,0xef 
0277    50                        push        ax 
0278    E8 00 00                  call        SET_TOP 
027B    EB 06                     jmp         L$18 
027D                          L$17:
027D    B8 14 00                  mov         ax,0x0014 
0280    E8 00 00                  call        delay_ 
0283                          L$18:
0283    CD 19                     int         0x19 
0285    1E                        push        ds 
0286    68 16 02                  push        offset DGROUP:L$37 
0289    E8 00 00                  call        _cprintf 
028C    B8 08 00                  mov         ax,0x0008 
028F    83 C4 04                  add         sp,0x0004 
0292    E9 C2 FD                  jmp         L$1 

Routine Size: 502 bytes,    Routine Base: _TEXT + 009F

No disassembly errors

Segment: CONST WORD USE16 0000023D bytes
0000                          L$19:
0000    70 6F 72 74 20 73 74 61 74 75 73 20 30 78 25 30 port status 0x%0
0010    32 78 20 20 20 6D 6F 64 65 6D 20 73 74 61 74 75 2x   modem statu
0020    73 20 30 78 25 30 32 78 0A 00 22 62 64 61 2E 68 s 0x%02x.."bda.h
0030    22 20 69 73 20 74 68 65 20 77 72 6F 6E 67 20 73 " is the wrong s
0040    69 7A 65 3A 20 25 64 0A 00                      ize: %d..
0049                          L$20:
0049    48 69 74 20 61 6E 79 20 6B 65 79 20 64 75 72 69 Hit any key duri
0059    6E 67 20 74 65 78 74 20 64 69 73 70 6C 61 79 2F ng text display/
0069    73 63 72 6F 6C 6C 20 74 6F 20 65 6E 74 65 72 20 scroll to enter 
0079    53 45 54 55 50 0A 00                            SETUP..
0080                          L$21:
0080    43 50 55 5F 63 6C 6B 20 25 64 2E 25 30 32 75 6D CPU_clk %d.%02um
0090    68 7A 20 20 45 71 75 69 70 46 6C 61 67 20 25 30 hz  EquipFlag %0
00A0    34 78 68 20 20 43 6F 6E 76 4D 65 6D 20 25 64 4B 4xh  ConvMem %dK
00B0    62 20 20 45 78 74 4D 65 6D 20 25 75 4D 62 20 20 b  ExtMem %uMb  
00C0    53 52 41 4D 20 25 75 4B 62 0A 00                SRAM %uKb..
00CB                          L$22:
00CB    45 50 52 4F 4D 2C 20 38 2D 62 69 74 20 61 74 20 EPROM, 8-bit at 
00DB    35 20 77 61 69 74 20 73 74 61 74 65 73 00       5 wait states.
00E9                          L$23:
00E9    44 52 41 4D 2C 20 31 36 2D 62 69 74 20 61 74 20 DRAM, 16-bit at 
00F9    32 20 77 61 69 74 20 73 74 61 74 65 73 20 28 73 2 wait states (s
0109    68 61 64 6F 77 65 64 29 00                      hadowed).
0112                          L$24:
0112    42 49 4F 53 20 72 75 6E 6E 69 6E 67 20 66 72 6F BIOS running fro
0122    6D 20 25 73 0A 00                               m %s..
0128                          L$25:
0128    73 6B 69 70 70 65 64 20 2D 2D 20 77 61 72 6D 20 skipped -- warm 
0138    73 74 61 72 74 2C 20 66 6C 61 67 20 31 32 33 34 start, flag 1234
0148    68 20 77 61 73 20 73 65 74 20 61 74 20 34 30 3A h was set at 40:
0158    37 32 00                                        72.
015B                          L$26:
015B    72 61 6E 20 2D 2D 20 63 6F 6C 64 20 73 74 61 72 ran -- cold star
016B    74 00                                           t.
016D                          L$27:
016D    4D 65 6D 6F 72 79 20 6D 61 72 63 68 20 25 73 0A Memory march %s.
017D    00                                              .
017E                          L$28:
017E    0A 00                                           ..
0180                          L$29:
0180    57 50 20 62 69 74 20 3D 20 25 30 32 78 68 0A 00 WP bit = %02xh..
0190                          L$30:
0190    54 68 65 20 4E 56 52 41 4D 20 63 68 65 63 6B 73 The NVRAM checks
01A0    75 6D 20 69 73 20 6E 6F 74 20 76 61 6C 69 64 2E um is not valid.
01B0    0A 00                                           ..
01B2                          L$31:
01B2    54 68 65 20 63 6C 6F 63 6B 20 69 73 20 73 74 6F The clock is sto
01C2    70 70 65 64 2E 0A 00                            pped...
01C9                          L$32:
01C9    44 53 31 33 30 32 20 52 54 43 2F 4E 56 52 41 4D DS1302 RTC/NVRAM
01D9    20 62 61 63 6B 75 70 20 62 61 74 74 65 72 79 20  backup battery 
01E9    63 68 61 72 67 69 6E 67 20 69 73 20 00          charging is .
01F6                          L$33:
01F6    64 69 73 00                                     dis.
01FA                          L$34:
01FA    65 6E 00                                        en.
01FD                          L$35:
01FD    61 62 6C 65 64 2E 0A 00                         abled...
0205                          L$36:
0205    67 6F 74 20 61 20 63 68 61 72 61 63 74 65 72 0A got a character.
0215    00                                              .
0216                          L$37:
0216    0A 49 4E 54 20 31 39 68 20 72 65 74 75 72 6E 65 .INT 19h returne
0226    64 20 2D 2D 20 6E 6F 74 68 69 6E 67 20 74 6F 20 d -- nothing to 
0236    62 6F 6F 74 2E 0A 00                            boot...

Segment: CONST2 WORD USE16 00000000 bytes

Segment: _DATA WORD USE16 00000000 bytes

