Module: /mnt/fileserver/Vintage/Projects/SBC80386EX/SBC386/bios/set1302.c
GROUP: 'DGROUP' CONST,CONST2,_DATA

File contains no line numbers.
Segment: _TEXT BYTE USE16 00000856 bytes
0000                          option_get_:
0000    56                        push        si 
0001    57                        push        di 
0002    C8 04 00 00               enter       0x0004,0x00 
0006    50                        push        ax 
0007    52                        push        dx 
0008    53                        push        bx 
0009    51                        push        cx 
000A                          L$1:
000A    31 F6                     xor         si,si 
000C                          L$2:
000C    FF 76 F8                  push        word ptr -0x8[bp] 
000F    FF 76 FA                  push        word ptr -0x6[bp] 
0012    1E                        push        ds 
0013    68 CE 01                  push        offset DGROUP:L$120 
0016    8B 7E F6                  mov         di,word ptr -0xa[bp] 
0019    E8 00 00                  call        _cprintf 
001C    8B 5E F4                  mov         bx,word ptr -0xc[bp] 
001F    83 C4 08                  add         sp,0x0008 
0022    31 C0                     xor         ax,ax 
0024    89 5E FE                  mov         word ptr -0x2[bp],bx 
0027                          L$3:
0027    3B 46 08                  cmp         ax,word ptr 0x8[bp] 
002A    73 26                     jae         L$5 
002C    8E 46 FE                  mov         es,word ptr -0x2[bp] 
002F    66 26 FF 35               push        dword ptr es:[di] 
0033    40                        inc         ax 
0034    50                        push        ax 
0035    1E                        push        ds 
0036    89 46 FC                  mov         word ptr -0x4[bp],ax 
0039    68 D4 01                  push        offset DGROUP:L$121 
003C    83 C7 04                  add         di,0x0004 
003F    E8 00 00                  call        _cprintf 
0042    8B 46 FC                  mov         ax,word ptr -0x4[bp] 
0045    83 C4 0A                  add         sp,0x000a 
0048    EB DD                     jmp         L$3 
004A                          L$4:
004A    85 F6                     test        si,si 
004C    0F 85 71 00               jne         L$8 
0050    EB BA                     jmp         L$2 
0052                          L$5:
0052    1E                        push        ds 
0053    68 DD 01                  push        offset DGROUP:L$122 
0056    E8 00 00                  call        _cprintf 
0059    83 C4 04                  add         sp,0x0004 
005C    E8 00 00                  call        KBD_getchar_ 
005F    89 C7                     mov         di,ax 
0061    E8 00 00                  call        is_print_ 
0064    85 C0                     test        ax,ax 
0066    74 34                     je          L$6 
0068    8D 75 D0                  lea         si,-0x30[di] 
006B    BA 07 00                  mov         dx,0x0007 
006E    89 F8                     mov         ax,di 
0070    E8 00 00                  call        VIDEO_putchar_ 
0073    83 7E 08 09               cmp         word ptr 0x8[bp],0x0009 
0077    76 2F                     jbe         L$7 
0079    83 FE 01                  cmp         si,0x0001 
007C    75 2A                     jne         L$7 
007E    E8 00 00                  call        KBD_getchar_ 
0081    89 C7                     mov         di,ax 
0083    E8 00 00                  call        is_print_ 
0086    85 C0                     test        ax,ax 
0088    74 1E                     je          L$7 
008A    6B F6 0A                  imul        si,0x000a 
008D    8D 5D D0                  lea         bx,-0x30[di] 
0090    BA 07 00                  mov         dx,0x0007 
0093    89 F8                     mov         ax,di 
0095    E8 00 00                  call        VIDEO_putchar_ 
0098    01 DE                     add         si,bx 
009A    EB 0C                     jmp         L$7 
009C                          L$6:
009C    1E                        push        ds 
009D    68 E6 01                  push        offset DGROUP:L$123 
00A0    E8 00 00                  call        _cprintf 
00A3    83 C4 04                  add         sp,0x0004 
00A6    EB 19                     jmp         L$8 
00A8                          L$7:
00A8    1E                        push        ds 
00A9    68 E6 01                  push        offset DGROUP:L$123 
00AC    E8 00 00                  call        _cprintf 
00AF    83 C4 04                  add         sp,0x0004 
00B2    83 FE 01                  cmp         si,0x0001 
00B5    0F 8C 51 FF               jl          L$1 
00B9    3B 76 08                  cmp         si,word ptr 0x8[bp] 
00BC    76 8C                     jbe         L$4 
00BE    E9 49 FF                  jmp         L$1 
00C1                          L$8:
00C1    89 F0                     mov         ax,si 
00C3    C9                        leave       
00C4                          L$9:
00C4    5F                        pop         di 
00C5    5E                        pop         si 
00C6    C2 02 00                  ret         0x0002 

Routine Size: 201 bytes,    Routine Base: _TEXT + 0000

00C9                          SET_CHG:
00C9    56                        push        si 
00CA    57                        push        di 
00CB    C8 04 00 00               enter       0x0004,0x00 
00CF    B4 24                     mov         ah,0x24 
00D1    CD 1A                     int         0x1a 
00D3    88 86 FE FF               mov         byte ptr -0x2[bp],al 
00D7    C7 46 FC 00 00            mov         word ptr -0x4[bp],0x0000 
00DC                          L$10:
00DC    83 7E FC 03               cmp         word ptr -0x4[bp],0x0003 
00E0    73 11                     jae         L$11 
00E2    8B 5E FC                  mov         bx,word ptr -0x4[bp] 
00E5    8A 87 00 00               mov         al,byte ptr _value[bx] 
00E9    3A 46 FE                  cmp         al,byte ptr -0x2[bp] 
00EC    74 05                     je          L$11 
00EE    FF 46 FC                  inc         word ptr -0x4[bp] 
00F1    EB E9                     jmp         L$10 
00F3                          L$11:
00F3    1E                        push        ds 
00F4    68 E8 01                  push        offset DGROUP:L$124 
00F7    E8 00 00                  call        _cprintf 
00FA    83 C4 04                  add         sp,0x0004 
00FD    83 7E FC 03               cmp         word ptr -0x4[bp],0x0003 
0101    72 06                     jb          L$12 
0103    1E                        push        ds 
0104    68 F6 01                  push        offset DGROUP:L$125 
0107    EB 0B                     jmp         L$13 
0109                          L$12:
0109    8B 5E FC                  mov         bx,word ptr -0x4[bp] 
010C    C1 E3 02                  shl         bx,0x02 
010F    66 FF B7 00 00            push        dword ptr _name[bx] 
0114                          L$13:
0114    E8 00 00                  call        _cprintf 
0117    83 C4 04                  add         sp,0x0004 
011A    6A 03                     push        0x0003 
011C    BB 00 00                  mov         bx,offset _name 
011F    B8 00 02                  mov         ax,offset DGROUP:L$126 
0122    8C D9                     mov         cx,ds 
0124    8C DA                     mov         dx,ds 
0126    E8 00 00                  call        option_get_ 
0129    89 46 FC                  mov         word ptr -0x4[bp],ax 
012C    83 7E FC 00               cmp         word ptr -0x4[bp],0x0000 
0130    74 1D                     je          L$14 
0132    8B 5E FC                  mov         bx,word ptr -0x4[bp] 
0135    0F B6 9F FF FF            movzx       bx,byte ptr _value-0x1[bx] 
013A    89 5E FC                  mov         word ptr -0x4[bp],bx 
013D    B8 00 22                  mov         ax,0x2200 
0140    CD 1A                     int         0x1a 
0142    8B 86 FC FF               mov         ax,word ptr -0x4[bp] 
0146    B4 23                     mov         ah,0x23 
0148    CD 1A                     int         0x1a 
014A    B8 80 22                  mov         ax,0x2280 
014D    CD 1A                     int         0x1a 
014F                          L$14:
014F    C9                        leave       
0150    5F                        pop         di 
0151    5E                        pop         si 
0152    C3                        ret         
0153                          L$15:
0153    8D 01                                           DW	offset L$17
0155    94 01                                           DW	offset L$19
0157    99 01                                           DW	offset L$20
0159    9E 01                                           DW	offset L$21
015B    A3 01                                           DW	offset L$22
015D    A8 01                                           DW	offset L$23

Routine Size: 150 bytes,    Routine Base: _TEXT + 00C9

015F                          SET_TOP:
015F    56                        push        si 
0160    57                        push        di 
0161    55                        push        bp 
0162    89 E5                     mov         bp,sp 
0164    8B 76 08                  mov         si,word ptr 0x8[bp] 
0167    B8 1D 00                  mov         ax,0x001d 
016A    E8 00 00                  call        get_nvram_crc_ 
016D                          L$16:
016D    6A 06                     push        0x0006 
016F    BB 00 00                  mov         bx,offset _top_name 
0172    B8 16 02                  mov         ax,offset DGROUP:L$127 
0175    8C D9                     mov         cx,ds 
0177    8C DA                     mov         dx,ds 
0179    E8 00 00                  call        option_get_ 
017C    89 C7                     mov         di,ax 
017E    48                        dec         ax 
017F    3D 05 00                  cmp         ax,0x0005 
0182    77 27                     ja          L$24 
0184    89 C3                     mov         bx,ax 
0186    01 C3                     add         bx,ax 
0188    2E FF A7 53 01            jmp         word ptr cs:L$15[bx] 
018D                          L$17:
018D    E8 00 00                  call        set_fixed_ 
0190                          L$18:
0190    09 C6                     or          si,ax 
0192    EB 17                     jmp         L$24 
0194                          L$19:
0194    E8 00 00                  call        set_floppy_ 
0197    EB F7                     jmp         L$18 
0199                          L$20:
0199    E8 00 00                  call        set_serial_ 
019C    EB F2                     jmp         L$18 
019E                          L$21:
019E    E8 00 00                  call        SET_CLOCK 
01A1    EB 08                     jmp         L$24 
01A3                          L$22:
01A3    E8 00 00                  call        debugmon_ 
01A6    EB 03                     jmp         L$24 
01A8                          L$23:
01A8    E8 00 00                  call        testmain_ 
01AB                          L$24:
01AB    85 FF                     test        di,di 
01AD    75 BE                     jne         L$16 
01AF    85 F6                     test        si,si 
01B1    74 25                     je          L$25 
01B3    B8 1D 00                  mov         ax,0x001d 
01B6    E8 00 00                  call        get_nvram_crc_ 
01B9    C4 1E 00 00               les         bx,dword ptr _bda_ptr 
01BD    26 89 87 FE 00            mov         word ptr es:0xfe[bx],ax 
01C2    E8 00 00                  call        put_nvram_info_ 
01C5    B8 1F 00                  mov         ax,0x001f 
01C8    E8 00 00                  call        get_nvram_crc_ 
01CB    1E                        push        ds 
01CC    68 2D 02                  push        offset DGROUP:L$128 
01CF    E8 00 00                  call        _cprintf 
01D2    83 C4 04                  add         sp,0x0004 
01D5    E8 00 00                  call        reboot_ 
01D8                          L$25:
01D8    5D                        pop         bp 
01D9    E9 E8 FE                  jmp         L$9 
01DC                          get_dec_:
01DC    56                        push        si 
01DD    57                        push        di 
01DE    C8 10 00 00               enter       0x0010,0x00 
01E2    89 CF                     mov         di,cx 
01E4    53                        push        bx 
01E5    52                        push        dx 
01E6    50                        push        ax 
01E7    1E                        push        ds 
01E8    68 4F 02                  push        offset DGROUP:L$129 
01EB    E8 00 00                  call        _cprintf 
01EE    BB 10 00                  mov         bx,0x0010 
01F1    8D 46 F0                  lea         ax,-0x10[bp] 
01F4    83 C4 0A                  add         sp,0x000a 
01F7    8C D2                     mov         dx,ss 
01F9    E8 00 00                  call        getline_ 
01FC    85 C0                     test        ax,ax 
01FE    74 31                     je          L$28 
0200    31 C0                     xor         ax,ax 
0202    31 F6                     xor         si,si 
0204                          L$26:
0204    80 7A F0 00               cmp         byte ptr -0x10[bp+si],0x00 
0208    74 21                     je          L$27 
020A    80 7A F0 30               cmp         byte ptr -0x10[bp+si],0x30 
020E    72 21                     jb          L$28 
0210    80 7A F0 39               cmp         byte ptr -0x10[bp+si],0x39 
0214    77 1B                     ja          L$28 
0216    6B D8 0A                  imul        bx,ax,0x000a 
0219    0F B6 52 F0               movzx       dx,byte ptr -0x10[bp+si] 
021D    89 D0                     mov         ax,dx 
021F    2D 30 00                  sub         ax,0x0030 
0222    01 D8                     add         ax,bx 
0224    39 F8                     cmp         ax,di 
0226    7F 09                     jg          L$28 
0228    46                        inc         si 
0229    EB D9                     jmp         L$26 
022B                          L$27:
022B    85 F6                     test        si,si 
022D    0F 85 1E FF               jne         L$14 
0231                          L$28:
0231    B8 FF FF                  mov         ax,0xffff 
0234    E9 18 FF                  jmp         L$14 

Routine Size: 216 bytes,    Routine Base: _TEXT + 015F

0237                          set_fixed_:
0237    53                        push        bx 
0238    51                        push        cx 
0239    52                        push        dx 
023A    56                        push        si 
023B    57                        push        di 
023C    C8 08 00 00               enter       0x0008,0x00 
0240    1E                        push        ds 
0241    68 59 02                  push        offset DGROUP:L$130 
0244    E8 00 00                  call        _cprintf 
0247    83 C4 04                  add         sp,0x0004 
024A    1E                        push        ds 
024B    68 6F 02                  push        offset DGROUP:L$131 
024E    E8 00 00                  call        _cprintf 
0251    83 C4 04                  add         sp,0x0004 
0254    1E                        push        ds 
0255    68 A9 02                  push        offset DGROUP:L$132 
0258    E8 00 00                  call        _cprintf 
025B    83 C4 04                  add         sp,0x0004 
025E    31 FF                     xor         di,di 
0260    1E                        push        ds 
0261    31 F6                     xor         si,si 
0263    68 E1 02                  push        offset DGROUP:L$133 
0266    89 7E FE                  mov         word ptr -0x2[bp],di 
0269    E8 00 00                  call        _cprintf 
026C    83 C4 04                  add         sp,0x0004 
026F    EB 68                     jmp         L$33 
0271                          L$29:
0271    B8 1F 03                  mov         ax,offset DGROUP:L$135 
0274                          L$30:
0274    8C DB                     mov         bx,ds 
0276    53                        push        bx 
0277    50                        push        ax 
0278    1E                        push        ds 
0279    68 26 03                  push        offset DGROUP:L$136 
027C    E8 00 00                  call        _cprintf 
027F    B9 FF 00                  mov         cx,0x00ff 
0282    8B 5E F8                  mov         bx,word ptr -0x8[bp] 
0285    B8 2B 03                  mov         ax,offset DGROUP:L$137 
0288    83 C4 08                  add         sp,0x0008 
028B    8C DA                     mov         dx,ds 
028D    E8 00 00                  call        get_dec_ 
0290    89 46 FC                  mov         word ptr -0x4[bp],ax 
0293    85 C0                     test        ax,ax 
0295    7C 11                     jl          L$31 
0297    8A 46 FC                  mov         al,byte ptr -0x4[bp] 
029A    C4 1E 00 00               les         bx,dword ptr _bda_ptr 
029E    01 F3                     add         bx,si 
02A0    BF 01 00                  mov         di,0x0001 
02A3    26 88 87 ED 00            mov         byte ptr es:0xed[bx],al 
02A8                          L$31:
02A8    B9 3F 00                  mov         cx,0x003f 
02AB    8B 5E FA                  mov         bx,word ptr -0x6[bp] 
02AE    B8 35 03                  mov         ax,offset DGROUP:L$138 
02B1    8C DA                     mov         dx,ds 
02B3    E8 00 00                  call        get_dec_ 
02B6    89 46 FC                  mov         word ptr -0x4[bp],ax 
02B9    85 C0                     test        ax,ax 
02BB    7C 11                     jl          L$32 
02BD    8A 46 FC                  mov         al,byte ptr -0x4[bp] 
02C0    C4 1E 00 00               les         bx,dword ptr _bda_ptr 
02C4    01 F3                     add         bx,si 
02C6    BF 01 00                  mov         di,0x0001 
02C9    26 88 87 EE 00            mov         byte ptr es:0xee[bx],al 
02CE                          L$32:
02CE    FF 46 FE                  inc         word ptr -0x2[bp] 
02D1    46                        inc         si 
02D2    46                        inc         si 
02D3    83 7E FE 02               cmp         word ptr -0x2[bp],0x0002 
02D7    7D 26                     jge         L$34 
02D9                          L$33:
02D9    C4 1E 00 00               les         bx,dword ptr _bda_ptr 
02DD    01 F3                     add         bx,si 
02DF    26 0F B6 87 ED 00         movzx       ax,byte ptr es:0xed[bx] 
02E5    89 46 F8                  mov         word ptr -0x8[bp],ax 
02E8    26 0F B6 87 EE 00         movzx       ax,byte ptr es:0xee[bx] 
02EE    89 46 FA                  mov         word ptr -0x6[bp],ax 
02F1    83 7E FE 00               cmp         word ptr -0x2[bp],0x0000 
02F5    0F 84 78 FF               je          L$29 
02F9    B8 19 03                  mov         ax,offset DGROUP:L$134 
02FC    E9 75 FF                  jmp         L$30 
02FF                          L$34:
02FF    85 FF                     test        di,di 
0301    74 0A                     je          L$35 
0303    1E                        push        ds 
0304    68 3F 03                  push        offset DGROUP:L$139 
0307    E8 00 00                  call        _cprintf 
030A    83 C4 04                  add         sp,0x0004 
030D                          L$35:
030D    89 F8                     mov         ax,di 
030F                          L$36:
030F    C9                        leave       
0310    5F                        pop         di 
0311    5E                        pop         si 
0312                          L$37:
0312    5A                        pop         dx 
0313    59                        pop         cx 
0314    5B                        pop         bx 
0315    C3                        ret         

Routine Size: 223 bytes,    Routine Base: _TEXT + 0237

0316                          set_floppy_:
0316    53                        push        bx 
0317    51                        push        cx 
0318    52                        push        dx 
0319    1E                        push        ds 
031A    68 7A 03                  push        offset DGROUP:L$140 
031D    E8 00 00                  call        _cprintf 
0320    83 C4 04                  add         sp,0x0004 
0323    31 C0                     xor         ax,ax 
0325    EB EB                     jmp         L$37 

Routine Size: 17 bytes,    Routine Base: _TEXT + 0316

0327                          SET_CLOCK:
0327    56                        push        si 
0328                          L$38:
0328    6A 03                     push        0x0003 
032A    BB 00 00                  mov         bx,offset _clock_name 
032D    B8 57 00                  mov         ax,offset DGROUP:L$79 
0330    8C D9                     mov         cx,ds 
0332    8C DA                     mov         dx,ds 
0334    E8 00 00                  call        option_get_ 
0337    89 C6                     mov         si,ax 
0339    3D 03 00                  cmp         ax,0x0003 
033C    74 14                     je          L$40 
033E    3D 02 00                  cmp         ax,0x0002 
0341    74 0A                     je          L$39 
0343    3D 01 00                  cmp         ax,0x0001 
0346    75 0D                     jne         L$41 
0348    E8 00 00                  call        SET_DATE 
034B    EB 08                     jmp         L$41 
034D                          L$39:
034D    E8 00 00                  call        SET_TIME 
0350    EB 03                     jmp         L$41 
0352                          L$40:
0352    E8 00 00                  call        SET_CHG 
0355                          L$41:
0355    85 F6                     test        si,si 
0357    75 CF                     jne         L$38 
0359    5E                        pop         si 
035A    C3                        ret         

Routine Size: 52 bytes,    Routine Base: _TEXT + 0327

035B                          SET_DATE:
035B    56                        push        si 
035C    57                        push        di 
035D    C8 3A 00 00               enter       0x003a,0x00 
0361    B4 04                     mov         ah,0x04 
0363    CD 1A                     int         0x1a 
0365    88 AE F4 FF               mov         byte ptr -0xc[bp],ch 
0369    88 8E FA FF               mov         byte ptr -0x6[bp],cl 
036D    88 B6 F6 FF               mov         byte ptr -0xa[bp],dh 
0371    88 96 F8 FF               mov         byte ptr -0x8[bp],dl 
0375    FE C8                     dec         al 
0377    88 86 FC FF               mov         byte ptr -0x4[bp],al 
037B    E8 00 00                  call        day_of_week_ 
037E    88 86 FE FF               mov         byte ptr -0x2[bp],al 
0382    0F B6 5E FE               movzx       bx,byte ptr -0x2[bp] 
0386    C1 E3 02                  shl         bx,0x02 
0389    66 FF B7 00 00            push        dword ptr _Day[bx] 
038E    1E                        push        ds 
038F    68 A1 03                  push        offset DGROUP:L$141 
0392    E8 00 00                  call        _cprintf 
0395    83 C4 08                  add         sp,0x0008 
0398    0F B6 46 FC               movzx       ax,byte ptr -0x4[bp] 
039C    50                        push        ax 
039D    0F B6 46 FE               movzx       ax,byte ptr -0x2[bp] 
03A1    50                        push        ax 
03A2    0F B6 46 FA               movzx       ax,byte ptr -0x6[bp] 
03A6    50                        push        ax 
03A7    0F B6 46 F4               movzx       ax,byte ptr -0xc[bp] 
03AB    50                        push        ax 
03AC    0F B6 46 F8               movzx       ax,byte ptr -0x8[bp] 
03B0    50                        push        ax 
03B1    0F B6 46 F6               movzx       ax,byte ptr -0xa[bp] 
03B5    50                        push        ax 
03B6    1E                        push        ds 
03B7    68 B1 03                  push        offset DGROUP:L$142 
03BA    E8 00 00                  call        _cprintf 
03BD    83 C4 10                  add         sp,0x0010 
03C0                          L$42:
03C0    1E                        push        ds 
03C1    68 D8 03                  push        offset DGROUP:L$143 
03C4    C6 46 FE 63               mov         byte ptr -0x2[bp],0x63 
03C8    E8 00 00                  call        _cprintf 
03CB    BB 28 00                  mov         bx,0x0028 
03CE    8D 46 C6                  lea         ax,-0x3a[bp] 
03D1    83 C4 04                  add         sp,0x0004 
03D4    8C D2                     mov         dx,ss 
03D6    E8 00 00                  call        getline_ 
03D9    85 C0                     test        ax,ax 
03DB    0F 84 70 FD               je          L$14 
03DF    8D 56 C6                  lea         dx,-0x3a[bp] 
03E2    8D 5E EE                  lea         bx,-0x12[bp] 
03E5    8D 46 C6                  lea         ax,-0x3a[bp] 
03E8    8C D1                     mov         cx,ss 
03EA    89 56 EE                  mov         word ptr -0x12[bp],dx 
03ED    8C D2                     mov         dx,ss 
03EF    8C 56 F0                  mov         word ptr -0x10[bp],ss 
03F2    E8 00 00                  call        strtobcd_ 
03F5    89 46 F2                  mov         word ptr -0xe[bp],ax 
03F8    85 C0                     test        ax,ax 
03FA    0F 84 09 01               je          L$47 
03FE    3D 13 00                  cmp         ax,0x0013 
0401    0F 8D 02 01               jge         L$47 
0405    8A 46 F2                  mov         al,byte ptr -0xe[bp] 
0408    88 46 F6                  mov         byte ptr -0xa[bp],al 
040B    FF 46 EE                  inc         word ptr -0x12[bp] 
040E    8D 5E EE                  lea         bx,-0x12[bp] 
0411    8B 56 F0                  mov         dx,word ptr -0x10[bp] 
0414    8C D1                     mov         cx,ss 
0416    8B 46 EE                  mov         ax,word ptr -0x12[bp] 
0419    E8 00 00                  call        strtobcd_ 
041C    89 46 F2                  mov         word ptr -0xe[bp],ax 
041F    85 C0                     test        ax,ax 
0421    0F 84 E2 00               je          L$47 
0425    3D 32 00                  cmp         ax,0x0032 
0428    0F 8D DB 00               jge         L$47 
042C    8A 46 F2                  mov         al,byte ptr -0xe[bp] 
042F    88 46 F8                  mov         byte ptr -0x8[bp],al 
0432    FF 46 EE                  inc         word ptr -0x12[bp] 
0435    8D 5E EE                  lea         bx,-0x12[bp] 
0438    8B 56 F0                  mov         dx,word ptr -0x10[bp] 
043B    8C D1                     mov         cx,ss 
043D    8B 46 EE                  mov         ax,word ptr -0x12[bp] 
0440    E8 00 00                  call        strtobcd_ 
0443    89 46 F2                  mov         word ptr -0xe[bp],ax 
0446    85 C0                     test        ax,ax 
0448    0F 84 BB 00               je          L$47 
044C    3D 70 19                  cmp         ax,0x1970 
044F    0F 8C B4 00               jl          L$47 
0453    3D 70 20                  cmp         ax,0x2070 
0456    0F 8D AD 00               jge         L$47 
045A    8A 56 F2                  mov         dl,byte ptr -0xe[bp] 
045D    88 56 FA                  mov         byte ptr -0x6[bp],dl 
0460    C1 F8 08                  sar         ax,0x08 
0463    88 46 F4                  mov         byte ptr -0xc[bp],al 
0466    0F B6 46 FA               movzx       ax,byte ptr -0x6[bp] 
046A    E8 00 00                  call        bcd2int_ 
046D    89 C3                     mov         bx,ax 
046F    0F B6 46 F6               movzx       ax,byte ptr -0xa[bp] 
0473    E8 00 00                  call        bcd2int_ 
0476    89 C2                     mov         dx,ax 
0478    0F B6 46 F8               movzx       ax,byte ptr -0x8[bp] 
047C    E8 00 00                  call        bcd2int_ 
047F    89 D8                     mov         ax,bx 
0481    C1 F8 0F                  sar         ax,0x0f 
0484    31 C3                     xor         bx,ax 
0486    29 C3                     sub         bx,ax 
0488    83 E3 03                  and         bx,0x0003 
048B    31 C3                     xor         bx,ax 
048D    C7 46 F2 28 00            mov         word ptr -0xe[bp],0x0028 
0492    29 C3                     sub         bx,ax 
0494    75 05                     jne         L$43 
0496    C7 46 F2 29 00            mov         word ptr -0xe[bp],0x0029 
049B                          L$43:
049B    83 FA 02                  cmp         dx,0x0002 
049E    75 09                     jne         L$44 
04A0    0F B6 46 F8               movzx       ax,byte ptr -0x8[bp] 
04A4    3B 46 F2                  cmp         ax,word ptr -0xe[bp] 
04A7    7F 5E                     jg          L$47 
04A9                          L$44:
04A9    83 EA 03                  sub         dx,0x0003 
04AC    C7 46 F2 31 00            mov         word ptr -0xe[bp],0x0031 
04B1    85 D2                     test        dx,dx 
04B3    7D 03                     jge         L$45 
04B5    83 C2 0C                  add         dx,0x000c 
04B8                          L$45:
04B8    89 D0                     mov         ax,dx 
04BA    BB 05 00                  mov         bx,0x0005 
04BD    99                        cwd         
04BE    F7 FB                     idiv        bx 
04C0    F6 C2 01                  test        dl,0x01 
04C3    74 03                     je          L$46 
04C5    FF 4E F2                  dec         word ptr -0xe[bp] 
04C8                          L$46:
04C8    0F B6 46 F8               movzx       ax,byte ptr -0x8[bp] 
04CC    3B 46 F2                  cmp         ax,word ptr -0xe[bp] 
04CF    7F 36                     jg          L$47 
04D1    C6 46 FE 01               mov         byte ptr -0x2[bp],0x01 
04D5    0F B6 46 FA               movzx       ax,byte ptr -0x6[bp] 
04D9    50                        push        ax 
04DA    0F B6 46 F4               movzx       ax,byte ptr -0xc[bp] 
04DE    50                        push        ax 
04DF    0F B6 46 F8               movzx       ax,byte ptr -0x8[bp] 
04E3    50                        push        ax 
04E4    0F B6 46 F6               movzx       ax,byte ptr -0xa[bp] 
04E8    50                        push        ax 
04E9    1E                        push        ds 
04EA    68 EE 03                  push        offset DGROUP:L$144 
04ED    E8 00 00                  call        _cprintf 
04F0    83 C4 0C                  add         sp,0x000c 
04F3    B4 05                     mov         ah,0x05 
04F5    8A AE F4 FF               mov         ch,byte ptr -0xc[bp] 
04F9    8A 8E FA FF               mov         cl,byte ptr -0x6[bp] 
04FD    8A B6 F6 FF               mov         dh,byte ptr -0xa[bp] 
0501    8A 96 F8 FF               mov         dl,byte ptr -0x8[bp] 
0505    CD 1A                     int         0x1a 
0507                          L$47:
0507    80 7E FE 07               cmp         byte ptr -0x2[bp],0x07 
050B    0F 83 B1 FE               jae         L$42 
050F    E9 3D FC                  jmp         L$14 

Routine Size: 439 bytes,    Routine Base: _TEXT + 035B

0512                          SET_TIME:
0512    56                        push        si 
0513    57                        push        di 
0514    C8 36 00 00               enter       0x0036,0x00 
0518    B4 02                     mov         ah,0x02 
051A    CD 1A                     int         0x1a 
051C    88 AE FA FF               mov         byte ptr -0x6[bp],ch 
0520    88 8E FC FF               mov         byte ptr -0x4[bp],cl 
0524    88 B6 FE FF               mov         byte ptr -0x2[bp],dh 
0528    9F                        lahf        
0529    80 E4 01                  and         ah,0x01 
052C    88 A6 F8 FF               mov         byte ptr -0x8[bp],ah 
0530    0F B6 46 FE               movzx       ax,byte ptr -0x2[bp] 
0534    50                        push        ax 
0535    0F B6 46 FC               movzx       ax,byte ptr -0x4[bp] 
0539    50                        push        ax 
053A    0F B6 46 FA               movzx       ax,byte ptr -0x6[bp] 
053E    50                        push        ax 
053F    1E                        push        ds 
0540    68 03 04                  push        offset DGROUP:L$145 
0543    E8 00 00                  call        _cprintf 
0546    83 C4 0A                  add         sp,0x000a 
0549    80 7E F8 00               cmp         byte ptr -0x8[bp],0x00 
054D    74 06                     je          L$48 
054F    1E                        push        ds 
0550    68 31 04                  push        offset DGROUP:L$146 
0553    EB 04                     jmp         L$49 
0555                          L$48:
0555    1E                        push        ds 
0556    68 3A 04                  push        offset DGROUP:L$147 
0559                          L$49:
0559    E8 00 00                  call        _cprintf 
055C    83 C4 04                  add         sp,0x0004 
055F                          L$50:
055F    1E                        push        ds 
0560    68 43 04                  push        offset DGROUP:L$148 
0563    E8 00 00                  call        _cprintf 
0566    BB 28 00                  mov         bx,0x0028 
0569    8D 46 CA                  lea         ax,-0x36[bp] 
056C    83 C4 04                  add         sp,0x0004 
056F    8C D2                     mov         dx,ss 
0571    E8 00 00                  call        getline_ 
0574    85 C0                     test        ax,ax 
0576    0F 84 D5 FB               je          L$14 
057A    8D 5E CA                  lea         bx,-0x36[bp] 
057D    8D 46 CA                  lea         ax,-0x36[bp] 
0580    8C D1                     mov         cx,ss 
0582    8C D2                     mov         dx,ss 
0584    89 5E F2                  mov         word ptr -0xe[bp],bx 
0587    8D 5E F2                  lea         bx,-0xe[bp] 
058A    8C 56 F4                  mov         word ptr -0xc[bp],ss 
058D    E8 00 00                  call        strtobcd_ 
0590    89 46 F6                  mov         word ptr -0xa[bp],ax 
0593    3D 24 00                  cmp         ax,0x0024 
0596    7D 71                     jge         L$53 
0598    8A 46 F6                  mov         al,byte ptr -0xa[bp] 
059B    88 46 FA                  mov         byte ptr -0x6[bp],al 
059E    C4 5E F2                  les         bx,dword ptr -0xe[bp] 
05A1    26 80 3F 3A               cmp         byte ptr es:[bx],0x3a 
05A5    75 62                     jne         L$53 
05A7    FF 46 F2                  inc         word ptr -0xe[bp] 
05AA    8D 5E F2                  lea         bx,-0xe[bp] 
05AD    8C D1                     mov         cx,ss 
05AF    8C C2                     mov         dx,es 
05B1    8B 46 F2                  mov         ax,word ptr -0xe[bp] 
05B4    E8 00 00                  call        strtobcd_ 
05B7    89 46 F6                  mov         word ptr -0xa[bp],ax 
05BA    3D 60 00                  cmp         ax,0x0060 
05BD    7D 4A                     jge         L$53 
05BF    8A 46 F6                  mov         al,byte ptr -0xa[bp] 
05C2    88 46 FC                  mov         byte ptr -0x4[bp],al 
05C5    C4 5E F2                  les         bx,dword ptr -0xe[bp] 
05C8    26 80 3F 3A               cmp         byte ptr es:[bx],0x3a 
05CC    74 07                     je          L$51 
05CE    C7 46 F6 00 00            mov         word ptr -0xa[bp],0x0000 
05D3    EB 18                     jmp         L$52 
05D5                          L$51:
05D5    FF 46 F2                  inc         word ptr -0xe[bp] 
05D8    8D 5E F2                  lea         bx,-0xe[bp] 
05DB    8C D1                     mov         cx,ss 
05DD    8C C2                     mov         dx,es 
05DF    8B 46 F2                  mov         ax,word ptr -0xe[bp] 
05E2    E8 00 00                  call        strtobcd_ 
05E5    89 46 F6                  mov         word ptr -0xa[bp],ax 
05E8    3D 60 00                  cmp         ax,0x0060 
05EB    7D 1C                     jge         L$53 
05ED                          L$52:
05ED    8A 46 F6                  mov         al,byte ptr -0xa[bp] 
05F0    88 46 FE                  mov         byte ptr -0x2[bp],al 
05F3    B4 03                     mov         ah,0x03 
05F5    8A AE FA FF               mov         ch,byte ptr -0x6[bp] 
05F9    8A 8E FC FF               mov         cl,byte ptr -0x4[bp] 
05FD    8A B6 FE FF               mov         dh,byte ptr -0x2[bp] 
0601    B2 00                     mov         dl,0x00 
0603    CD 1A                     int         0x1a 
0605    C6 46 F8 02               mov         byte ptr -0x8[bp],0x02 
0609                          L$53:
0609    80 7E F8 02               cmp         byte ptr -0x8[bp],0x02 
060D    0F 82 4E FF               jb          L$50 
0611    E9 3B FB                  jmp         L$14 

Routine Size: 258 bytes,    Routine Base: _TEXT + 0512

0614                          set_line_speed_:
0614    53                        push        bx 
0615    51                        push        cx 
0616    56                        push        si 
0617    57                        push        di 
0618    C8 04 00 00               enter       0x0004,0x00 
061C    89 C6                     mov         si,ax 
061E    89 56 FE                  mov         word ptr -0x2[bp],dx 
0621    C7 46 FC 0E 00            mov         word ptr -0x4[bp],0x000e 
0626    8E C2                     mov         es,dx 
0628    31 FF                     xor         di,di 
062A    26 F6 44 01 20            test        byte ptr es:0x1[si],0x20 
062F    75 05                     jne         L$54 
0631    C7 46 FC 0C 00            mov         word ptr -0x4[bp],0x000c 
0636                          L$54:
0636    8E 46 FE                  mov         es,word ptr -0x2[bp] 
0639    26 8B 1C                  mov         bx,word ptr es:[si] 
063C    B8 00 00                  mov         ax,seg _sio_divisors 
063F    C1 EB 05                  shr         bx,0x05 
0642    BA 07 00                  mov         dx,0x0007 
0645    30 FF                     xor         bh,bh 
0647    31 C9                     xor         cx,cx 
0649    80 E3 1F                  and         bl,0x1f 
064C    8E C0                     mov         es,ax 
064E    01 DB                     add         bx,bx 
0650    B8 00 08                  mov         ax,0x0800 
0653    26 8B 9F 00 00            mov         bx,word ptr es:_sio_divisors[bx] 
0658    E8 00 00                  call        __U4D 
065B    52                        push        dx 
065C    50                        push        ax 
065D    1E                        push        ds 
065E    68 59 04                  push        offset DGROUP:L$149 
0661    E8 00 00                  call        _cprintf 
0664    BB 00 00                  mov         bx,offset _speeds 
0667    B8 70 04                  mov         ax,offset DGROUP:L$150 
066A    83 C4 08                  add         sp,0x0008 
066D    8C D9                     mov         cx,ds 
066F    FF 76 FC                  push        word ptr -0x4[bp] 
0672    8C DA                     mov         dx,ds 
0674    E8 00 00                  call        option_get_ 
0677    89 C2                     mov         dx,ax 
0679    3D 01 00                  cmp         ax,0x0001 
067C    7C 43                     jl          L$55 
067E    3B 46 FC                  cmp         ax,word ptr -0x4[bp] 
0681    7F 3E                     jg          L$55 
0683    8E 46 FE                  mov         es,word ptr -0x2[bp] 
0686    4A                        dec         dx 
0687    89 C3                     mov         bx,ax 
0689    31 C9                     xor         cx,cx 
068B    30 F6                     xor         dh,dh 
068D    01 C3                     add         bx,ax 
068F    80 E2 1F                  and         dl,0x1f 
0692    26 81 24 1F FC            and         word ptr es:[si],0xfc1f 
0697    C1 E2 05                  shl         dx,0x05 
069A    B8 00 00                  mov         ax,seg _sio_divisors 
069D    26 09 14                  or          word ptr es:[si],dx 
06A0    BA 07 00                  mov         dx,0x0007 
06A3    8E C0                     mov         es,ax 
06A5    B8 00 08                  mov         ax,0x0800 
06A8    26 8B 9F FE FF            mov         bx,word ptr es:_sio_divisors-0x2[bx] 
06AD    E8 00 00                  call        __U4D 
06B0    52                        push        dx 
06B1    50                        push        ax 
06B2    1E                        push        ds 
06B3    68 88 04                  push        offset DGROUP:L$151 
06B6    BF 01 00                  mov         di,0x0001 
06B9    E8 00 00                  call        _cprintf 
06BC    83 C4 08                  add         sp,0x0008 
06BF    EB 5E                     jmp         L$58 
06C1                          L$55:
06C1    85 D2                     test        dx,dx 
06C3    0F 85 6F FF               jne         L$54 
06C7    EB 56                     jmp         L$58 

Routine Size: 181 bytes,    Routine Base: _TEXT + 0614

06C9                          set_stop_bits_:
06C9    53                        push        bx 
06CA    51                        push        cx 
06CB    56                        push        si 
06CC    57                        push        di 
06CD    C8 02 00 00               enter       0x0002,0x00 
06D1    89 C6                     mov         si,ax 
06D3    89 56 FE                  mov         word ptr -0x2[bp],dx 
06D6    31 FF                     xor         di,di 
06D8                          L$56:
06D8    8E 46 FE                  mov         es,word ptr -0x2[bp] 
06DB    26 8B 04                  mov         ax,word ptr es:[si] 
06DE    C1 E8 02                  shr         ax,0x02 
06E1    25 01 00                  and         ax,0x0001 
06E4    40                        inc         ax 
06E5    50                        push        ax 
06E6    1E                        push        ds 
06E7    68 9B 04                  push        offset DGROUP:L$152 
06EA    E8 00 00                  call        _cprintf 
06ED    BB 00 00                  mov         bx,offset _stop_bits 
06F0    B8 B3 04                  mov         ax,offset DGROUP:L$153 
06F3    83 C4 06                  add         sp,0x0006 
06F6    8C D9                     mov         cx,ds 
06F8    6A 02                     push        0x0002 
06FA    8C DA                     mov         dx,ds 
06FC    E8 00 00                  call        option_get_ 
06FF    89 C2                     mov         dx,ax 
0701    85 C0                     test        ax,ax 
0703    7E 22                     jle         L$59 
0705    3D 02 00                  cmp         ax,0x0002 
0708    7F 1D                     jg          L$59 
070A    48                        dec         ax 
070B    30 E4                     xor         ah,ah 
070D    8E 46 FE                  mov         es,word ptr -0x2[bp] 
0710    24 01                     and         al,0x01 
0712    26 80 24 FB               and         byte ptr es:[si],0xfb 
0716    C1 E0 02                  shl         ax,0x02 
0719    BF 01 00                  mov         di,0x0001 
071C                          L$57:
071C    26 09 04                  or          word ptr es:[si],ax 
071F                          L$58:
071F    89 F8                     mov         ax,di 
0721    C9                        leave       
0722    5F                        pop         di 
0723    5E                        pop         si 
0724    59                        pop         cx 
0725    5B                        pop         bx 
0726    C3                        ret         
0727                          L$59:
0727    85 D2                     test        dx,dx 
0729    75 AD                     jne         L$56 
072B    EB F2                     jmp         L$58 

Routine Size: 100 bytes,    Routine Base: _TEXT + 06C9

072D                          set_char_format_:
072D    53                        push        bx 
072E    51                        push        cx 
072F    56                        push        si 
0730    57                        push        di 
0731    C8 06 00 00               enter       0x0006,0x00 
0735    89 C6                     mov         si,ax 
0737    89 56 FC                  mov         word ptr -0x4[bp],dx 
073A    8E C2                     mov         es,dx 
073C    26 8B 04                  mov         ax,word ptr es:[si] 
073F    89 C2                     mov         dx,ax 
0741    31 FF                     xor         di,di 
0743    30 E6                     xor         dh,ah 
0745    C1 E8 03                  shr         ax,0x03 
0748    80 E2 03                  and         dl,0x03 
074B    30 E4                     xor         ah,ah 
074D    83 C2 05                  add         dx,0x0005 
0750    24 03                     and         al,0x03 
0752    89 56 FA                  mov         word ptr -0x6[bp],dx 
0755    89 46 FE                  mov         word ptr -0x2[bp],ax 
0758                          L$60:
0758    8B 46 FE                  mov         ax,word ptr -0x2[bp] 
075B    85 C0                     test        ax,ax 
075D    75 05                     jne         L$61 
075F    BA C7 04                  mov         dx,offset DGROUP:L$154 
0762    EB 0D                     jmp         L$63 
0764                          L$61:
0764    3D 01 00                  cmp         ax,0x0001 
0767    75 05                     jne         L$62 
0769    BA CA 04                  mov         dx,offset DGROUP:L$155 
076C    EB 03                     jmp         L$63 
076E                          L$62:
076E    BA CE 04                  mov         dx,offset DGROUP:L$156 
0771                          L$63:
0771    8C D8                     mov         ax,ds 
0773    50                        push        ax 
0774    52                        push        dx 
0775    FF 76 FA                  push        word ptr -0x6[bp] 
0778    1E                        push        ds 
0779    68 D3 04                  push        offset DGROUP:L$157 
077C    E8 00 00                  call        _cprintf 
077F    BB 00 00                  mov         bx,offset _char_char 
0782    B8 F2 04                  mov         ax,offset DGROUP:L$158 
0785    83 C4 0A                  add         sp,0x000a 
0788    8C D9                     mov         cx,ds 
078A    6A 03                     push        0x0003 
078C    8C DA                     mov         dx,ds 
078E    E8 00 00                  call        option_get_ 
0791    89 C2                     mov         dx,ax 
0793    3D 03 00                  cmp         ax,0x0003 
0796    74 25                     je          L$65 
0798    3D 02 00                  cmp         ax,0x0002 
079B    74 13                     je          L$64 
079D    3D 01 00                  cmp         ax,0x0001 
07A0    75 28                     jne         L$66 
07A2    C7 46 FE 00 00            mov         word ptr -0x2[bp],0x0000 
07A7    C7 46 FA 03 00            mov         word ptr -0x6[bp],0x0003 
07AC    89 C7                     mov         di,ax 
07AE    EB 1A                     jmp         L$66 
07B0                          L$64:
07B0    C7 46 FE 03 00            mov         word ptr -0x2[bp],0x0003 
07B5    BF 01 00                  mov         di,0x0001 
07B8    89 46 FA                  mov         word ptr -0x6[bp],ax 
07BB    EB 0D                     jmp         L$66 
07BD                          L$65:
07BD    C7 46 FE 01 00            mov         word ptr -0x2[bp],0x0001 
07C2    C7 46 FA 02 00            mov         word ptr -0x6[bp],0x0002 
07C7    BF 01 00                  mov         di,0x0001 
07CA                          L$66:
07CA    85 D2                     test        dx,dx 
07CC    74 04                     je          L$67 
07CE    85 FF                     test        di,di 
07D0    74 86                     je          L$60 
07D2                          L$67:
07D2    85 FF                     test        di,di 
07D4    0F 84 47 FF               je          L$58 
07D8    C4 46 FA                  les         ax,dword ptr -0x6[bp] 
07DB    30 E4                     xor         ah,ah 
07DD    26 80 24 FC               and         byte ptr es:[si],0xfc 
07E1    24 03                     and         al,0x03 
07E3    26 09 04                  or          word ptr es:[si],ax 
07E6    8B 46 FE                  mov         ax,word ptr -0x2[bp] 
07E9    25 03 00                  and         ax,0x0003 
07EC    26 80 24 E7               and         byte ptr es:[si],0xe7 
07F0    C1 E0 03                  shl         ax,0x03 
07F3    E9 26 FF                  jmp         L$57 

Routine Size: 201 bytes,    Routine Base: _TEXT + 072D

07F6                          set_serial_:
07F6    53                        push        bx 
07F7    51                        push        cx 
07F8    52                        push        dx 
07F9    56                        push        si 
07FA    57                        push        di 
07FB    C8 02 00 00               enter       0x0002,0x00 
07FF    8B 3E 00 00               mov         di,word ptr _bda_ptr 
0803    A1 02 00                  mov         ax,word ptr _bda_ptr+0x2 
0806    31 F6                     xor         si,si 
0808    89 46 FE                  mov         word ptr -0x2[bp],ax 
080B    81 C7 E1 00               add         di,0x00e1 
080F                          L$68:
080F    6A 03                     push        0x0003 
0811    BB 00 00                  mov         bx,offset _serial 
0814    B8 03 05                  mov         ax,offset DGROUP:L$159 
0817    8C D9                     mov         cx,ds 
0819    8C DA                     mov         dx,ds 
081B    E8 00 00                  call        option_get_ 
081E    89 C3                     mov         bx,ax 
0820    3D 03 00                  cmp         ax,0x0003 
0823    74 1E                     je          L$70 
0825    3D 02 00                  cmp         ax,0x0002 
0828    74 0F                     je          L$69 
082A    3D 01 00                  cmp         ax,0x0001 
082D    75 1E                     jne         L$72 
082F    8B 56 FE                  mov         dx,word ptr -0x2[bp] 
0832    89 F8                     mov         ax,di 
0834    E8 00 00                  call        set_line_speed_ 
0837    EB 12                     jmp         L$71 
0839                          L$69:
0839    8B 56 FE                  mov         dx,word ptr -0x2[bp] 
083C    89 F8                     mov         ax,di 
083E    E8 00 00                  call        set_stop_bits_ 
0841    EB 08                     jmp         L$71 
0843                          L$70:
0843    8B 56 FE                  mov         dx,word ptr -0x2[bp] 
0846    89 F8                     mov         ax,di 
0848    E8 00 00                  call        set_char_format_ 
084B                          L$71:
084B    09 C6                     or          si,ax 
084D                          L$72:
084D    85 DB                     test        bx,bx 
084F    75 BE                     jne         L$68 
0851    89 F0                     mov         ax,si 
0853    E9 B9 FA                  jmp         L$36 

Routine Size: 96 bytes,    Routine Base: _TEXT + 07F6

No disassembly errors

Segment: CONST WORD USE16 00000510 bytes
0000                          L$73:
0000    4E 6F 6E 2D 72 65 63 68 61 72 67 65 61 62 6C 65 Non-rechargeable
0010    00                                              .
0011                          L$74:
0011    53 75 70 65 72 2D 43 61 70 20 34 2E 33 76 00    Super-Cap 4.3v.
0020                          L$75:
0020    4E 69 43 61 64 2F 4E 69 4D 48 20 33 2E 36 76 00 NiCad/NiMH 3.6v.
0030                          L$76:
0030    46 69 78 65 64 20 44 69 73 6B 73 00             Fixed Disks.
003C                          L$77:
003C    46 6C 6F 70 70 79 20 44 69 73 6B 73 00          Floppy Disks.
0049                          L$78:
0049    52 53 2D 32 33 32 20 53 65 72 69 61 6C 00       RS-232 Serial.
0057                          L$79:
0057    44 61 74 65 2F 54 69 6D 65 2F 42 61 74 74 65 72 Date/Time/Batter
0067    79 00                                           y.
0069                          L$80:
0069    44 65 62 75 67 20 4D 6F 6E 69 74 6F 72 00       Debug Monitor.
0077                          L$81:
0077    53 65 6C 66 20 74 65 73 74 00                   Self test.
0081                          L$82:
0081    4E 6F 6E 65 00                                  None.
0086                          L$83:
0086    6D 69 63 72 6F 20 53 44 20 63 61 72 64 00       micro SD card.
0094                          L$84:
0094    64 75 61 6C 20 53 44 20 73 6C 6F 74 20 30 00    dual SD slot 0.
00A3                          L$85:
00A3    64 75 61 6C 20 53 44 20 73 6C 6F 74 20 31 00    dual SD slot 1.
00B2                          L$86:
00B2    6C 6F 63 61 6C 20 49 44 45 20 6D 61 73 74 65 72 local IDE master
00C2    00                                              .
00C3                          L$87:
00C3    6C 6F 63 61 6C 20 49 44 45 20 73 6C 61 76 65 00 local IDE slave.
00D3                          L$88:
00D3    53 65 74 20 44 61 74 65 00                      Set Date.
00DC                          L$89:
00DC    53 65 74 20 54 69 6D 65 00                      Set Time.
00E5                          L$90:
00E5    53 65 74 20 42 61 74 74 65 72 79 20 43 68 61 72 Set Battery Char
00F5    67 65 72 00                                     ger.
00F9                          L$91:
00F9    53 75 6E 00                                     Sun.
00FD                          L$92:
00FD    4D 6F 6E 00                                     Mon.
0101                          L$93:
0101    54 75 65 00                                     Tue.
0105                          L$94:
0105    57 65 64 00                                     Wed.
0109                          L$95:
0109    54 68 75 00                                     Thu.
010D                          L$96:
010D    46 72 69 00                                     Fri.
0111                          L$97:
0111    53 61 74 00                                     Sat.
0115                          L$98:
0115    31 31 30 00                                     110.
0119                          L$99:
0119    31 35 30 00                                     150.
011D                          L$100:
011D    33 30 30 00                                     300.
0121                          L$101:
0121    36 30 30 00                                     600.
0125                          L$102:
0125    31 32 30 30 00                                  1200.
012A                          L$103:
012A    32 34 30 30 00                                  2400.
012F                          L$104:
012F    34 38 30 30 00                                  4800.
0134                          L$105:
0134    39 36 30 30 00                                  9600.
0139                          L$106:
0139    31 39 32 30 30 00                               19200.
013F                          L$107:
013F    33 38 34 30 30 00                               38400.
0145                          L$108:
0145    35 36 30 30 30 2F 35 37 36 30 30 00             56000/57600.
0151                          L$109:
0151    31 31 35 32 30 30 00                            115200.
0158                          L$110:
0158    32 33 30 34 30 30 00                            230400.
015F                          L$111:
015F    34 36 30 38 30 30 00                            460800.
0166                          L$112:
0166    31 20 62 69 74 00                               1 bit.
016C                          L$113:
016C    32 20 62 69 74 73 00                            2 bits.
0173                          L$114:
0173    38 20 62 69 74 73 2C 20 6E 6F 20 70 61 72 69 74 8 bits, no parit
0183    79 00                                           y.
0185                          L$115:
0185    37 20 62 69 74 73 2C 20 65 76 65 6E 20 70 61 72 7 bits, even par
0195    69 74 79 00                                     ity.
0199                          L$116:
0199    37 20 62 69 74 73 2C 20 6F 64 64 20 70 61 72 69 7 bits, odd pari
01A9    74 79 00                                        ty.
01AC                          L$117:
01AC    4C 69 6E 65 20 53 70 65 65 64 00                Line Speed.
01B7                          L$118:
01B7    53 74 6F 70 20 42 69 74 73 00                   Stop Bits.
01C1                          L$119:
01C1    23 42 69 74 73 2F 50 61 72 69 74 79 00          #Bits/Parity.
01CE                          L$120:
01CE    0A 25 73 3A 0A 00                               .%s:..
01D4                          L$121:
01D4    25 35 64 2E 20 25 73 0A 00                      %5d. %s..
01DD                          L$122:
01DD    43 68 6F 69 63 65 3A 20 00                      Choice: .
01E6                          L$123:
01E6    0A 00                                           ..
01E8                          L$124:
01E8    0A 43 75 72 72 65 6E 74 6C 79 3A 20 20 00       .Currently:  .
01F6                          L$125:
01F6    3C 75 6E 6B 6E 6F 77 6E 3E 00                   <unknown>.
0200                          L$126:
0200    44 53 31 33 30 32 20 62 61 74 74 65 72 79 20 62 DS1302 battery b
0210    61 63 6B 75 70 00                               ackup.
0216                          L$127:
0216    53 42 43 2D 33 38 36 45 58 20 73 79 73 74 65 6D SBC-386EX system
0226    20 73 65 74 75 70 00                             setup.
022D                          L$128:
022D    0A 53 65 74 74 69 6E 67 73 20 73 74 6F 72 65 64 .Settings stored
023D    2E 20 20 52 65 62 6F 6F 74 69 6E 67 20 2E 2E 2E .  Rebooting ...
024D    0A 00                                           ..
024F                          L$129:
024F    25 73 20 5B 25 64 5D 3A 20 00                   %s [%d]: .
0259                          L$130:
0259    0A 46 69 78 65 64 20 64 69 73 6B 20 67 65 6F 6D .Fixed disk geom
0269    65 74 72 79 0A 00                               etry..
026F                          L$131:
026F    0A 54 68 65 73 65 20 6D 75 73 74 20 6D 61 74 63 .These must matc
027F    68 20 74 68 65 20 6D 61 63 68 69 6E 65 20 74 68 h the machine th
028F    61 74 20 70 61 72 74 69 74 69 6F 6E 65 64 20 74 at partitioned t
029F    68 65 20 63 61 72 64 2C 0A 00                   he card,..
02A9                          L$132:
02A9    6E 6F 74 20 6E 65 63 65 73 73 61 72 69 6C 79 20 not necessarily 
02B9    77 68 61 74 20 74 68 65 20 63 61 72 64 20 72 65 what the card re
02C9    70 6F 72 74 73 2E 20 20 5A 65 72 6F 20 3D 20 75 ports.  Zero = u
02D9    73 65 20 74 68 65 0A 00                         se the..
02E1                          L$133:
02E1    63 61 72 64 27 73 20 6F 77 6E 20 67 65 6F 6D 65 card's own geome
02F1    74 72 79 2E 20 20 45 6D 70 74 79 20 6C 69 6E 65 try.  Empty line
0301    20 6C 65 61 76 65 73 20 61 20 76 61 6C 75 65 20  leaves a value 
0311    61 6C 6F 6E 65 2E 0A 00                         alone...
0319                          L$134:
0319    53 6C 61 76 65 00                               Slave.
031F                          L$135:
031F    4D 61 73 74 65 72 00                            Master.
0326                          L$136:
0326    0A 25 73 0A 00                                  .%s..
032B                          L$137:
032B    20 20 68 65 61 64 73 20 20 00                     heads  .
0335                          L$138:
0335    20 20 73 65 63 74 6F 72 73 00                     sectors.
033F                          L$139:
033F    0A 53 74 6F 72 65 64 2E 20 20 54 68 65 20 6E 65 .Stored.  The ne
034F    77 20 67 65 6F 6D 65 74 72 79 20 74 61 6B 65 73 w geometry takes
035F    20 65 66 66 65 63 74 20 61 74 20 74 68 65 20 6E  effect at the n
036F    65 78 74 20 62 6F 6F 74 2E 0A 00                ext boot...
037A                          L$140:
037A    0A 46 6C 6F 70 70 79 20 64 69 73 6B 20 73 65 74 .Floppy disk set
038A    75 70 20 69 73 20 6E 6F 74 20 69 6D 70 6C 65 6D up is not implem
039A    65 6E 74 65 64 0A 00                            ented..
03A1                          L$141:
03A1    0A 43 75 72 72 65 6E 74 6C 79 3A 20 20 25 73 00 .Currently:  %s.
03B1                          L$142:
03B1    20 25 30 32 78 2F 25 30 32 78 2F 25 30 32 78 25  %02x/%02x/%02x%
03C1    30 32 78 20 44 4F 57 3D 25 64 20 20 63 6C 6B 44 02x DOW=%d  clkD
03D1    4F 57 3D 25 64 0A 00                            OW=%d..
03D8                          L$143:
03D8    55 70 64 61 74 65 20 5B 6D 6D 2F 64 64 2F 79 79 Update [mm/dd/yy
03E8    79 79 5D 3A 20 00                               yy]: .
03EE                          L$144:
03EE    20 25 30 32 78 2F 25 30 32 78 2F 25 30 32 78 25  %02x/%02x/%02x%
03FE    30 32 78 0A 00                                  02x..
0403                          L$145:
0403    0A 43 75 72 72 65 6E 74 20 74 69 6D 65 3A 20 20 .Current time:  
0413    25 78 3A 25 30 32 78 3A 25 30 32 78 20 20 20 20 %x:%02x:%02x    
0423    54 68 65 20 63 6C 6F 63 6B 20 69 73 20 00       The clock is .
0431                          L$146:
0431    73 74 6F 70 70 65 64 0A 00                      stopped..
043A                          L$147:
043A    72 75 6E 6E 69 6E 67 0A 00                      running..
0443                          L$148:
0443    55 70 64 61 74 65 20 5B 68 68 3A 6D 6D 5B 3A 73 Update [hh:mm[:s
0453    73 5D 5D 3A 20 00                               s]]: .
0459                          L$149:
0459    0A 43 75 72 72 65 6E 74 20 73 70 65 65 64 20 25 .Current speed %
0469    6C 75 20 62 70 73 00                            lu bps.
0470                          L$150:
0470    53 65 72 69 61 6C 20 4C 69 6E 65 20 62 69 74 73 Serial Line bits
0480    2F 73 65 63 6F 6E 64 00                         /second.
0488                          L$151:
0488    53 65 74 20 73 70 65 65 64 20 25 6C 75 20 62 70 Set speed %lu bp
0498    73 0A 00                                        s..
049B                          L$152:
049B    0A 43 75 72 72 65 6E 74 20 73 74 6F 70 20 62 69 .Current stop bi
04AB    74 73 20 3D 20 25 64 00                         ts = %d.
04B3                          L$153:
04B3    4E 75 6D 62 65 72 20 6F 66 20 53 74 6F 70 20 42 Number of Stop B
04C3    69 74 73 00                                     its.
04C7                          L$154:
04C7    6E 6F 00                                        no.
04CA                          L$155:
04CA    6F 64 64 00                                     odd.
04CE                          L$156:
04CE    65 76 65 6E 00                                  even.
04D3                          L$157:
04D3    0A 43 75 72 72 65 6E 74 6C 79 3A 20 25 75 20 62 .Currently: %u b
04E3    69 74 73 2C 20 25 73 20 70 61 72 69 74 79 00    its, %s parity.
04F2                          L$158:
04F2    43 68 61 72 61 63 74 65 72 20 4D 61 6B 65 75 70 Character Makeup
0502    00                                              .
0503                          L$159:
0503    53 65 72 69 61 6C 20 53 65 74 75 70 00          Serial Setup.

Segment: CONST2 WORD USE16 000000BF bytes
0000                          _name:
0000    00 00 00 00                                     DD	DGROUP:L$73
0004    11 00 00 00                                     DD	DGROUP:L$74
0008    20 00 00 00                                     DD	DGROUP:L$75
000C                          _value:
000C    00 A5 AA                                        ...
000F                          _top_name:
000F    30 00 00 00                                     DD	DGROUP:L$76
0013    3C 00 00 00                                     DD	DGROUP:L$77
0017    49 00 00 00                                     DD	DGROUP:L$78
001B    57 00 00 00                                     DD	DGROUP:L$79
001F    69 00 00 00                                     DD	DGROUP:L$80
0023    77 00 00 00                                     DD	DGROUP:L$81
0027                          _fixed_disks:
0027    81 00 00 00                                     DD	DGROUP:L$82
002B    86 00 00 00                                     DD	DGROUP:L$83
002F    94 00 00 00                                     DD	DGROUP:L$84
0033    A3 00 00 00                                     DD	DGROUP:L$85
0037    B2 00 00 00                                     DD	DGROUP:L$86
003B    C3 00 00 00                                     DD	DGROUP:L$87
003F                          _clock_name:
003F    D3 00 00 00                                     DD	DGROUP:L$88
0043    DC 00 00 00                                     DD	DGROUP:L$89
0047    E5 00 00 00                                     DD	DGROUP:L$90
004B                          _Day:
004B    F9 00 00 00                                     DD	DGROUP:L$91
004F    FD 00 00 00                                     DD	DGROUP:L$92
0053    01 01 00 00                                     DD	DGROUP:L$93
0057    05 01 00 00                                     DD	DGROUP:L$94
005B    09 01 00 00                                     DD	DGROUP:L$95
005F    0D 01 00 00                                     DD	DGROUP:L$96
0063    11 01 00 00                                     DD	DGROUP:L$97
0067                          _speeds:
0067    15 01 00 00                                     DD	DGROUP:L$98
006B    19 01 00 00                                     DD	DGROUP:L$99
006F    1D 01 00 00                                     DD	DGROUP:L$100
0073    21 01 00 00                                     DD	DGROUP:L$101
0077    25 01 00 00                                     DD	DGROUP:L$102
007B    2A 01 00 00                                     DD	DGROUP:L$103
007F    2F 01 00 00                                     DD	DGROUP:L$104
0083    34 01 00 00                                     DD	DGROUP:L$105
0087    39 01 00 00                                     DD	DGROUP:L$106
008B    3F 01 00 00                                     DD	DGROUP:L$107
008F    45 01 00 00                                     DD	DGROUP:L$108
0093    51 01 00 00                                     DD	DGROUP:L$109
0097    58 01 00 00                                     DD	DGROUP:L$110
009B    5F 01 00 00                                     DD	DGROUP:L$111
009F                          _stop_bits:
009F    66 01 00 00                                     DD	DGROUP:L$112
00A3    6C 01 00 00                                     DD	DGROUP:L$113
00A7                          _char_char:
00A7    73 01 00 00                                     DD	DGROUP:L$114
00AB    85 01 00 00                                     DD	DGROUP:L$115
00AF    99 01 00 00                                     DD	DGROUP:L$116
00B3                          _serial:
00B3    AC 01 00 00                                     DD	DGROUP:L$117
00B7    B7 01 00 00                                     DD	DGROUP:L$118
00BB    C1 01 00 00                                     DD	DGROUP:L$119

Segment: _DATA WORD USE16 00000000 bytes

