     1                                  ;;;;;;;;;;;;;;;;;;;;;;;;;;;;;;;;;;;;;;;;;;;;;;;;;;;;;;;;;;;;;;;;;;;;;;;;;;;;;
     2                                  ; stub.asm -- quiet the linker on all the undefineds
     3                                  ;;;;;;;;;;;;;;;;;;;;;;;;;;;;;;;;;;;;;;;;;;;;;;;;;;;;;;;;;;;;;;;;;;;;;;;;;;;;;
     4                                  ;
     5                                  ; Copyright (C) 2018 John R. Coffman.  All rights reserved.
     6                                  ; Provided for hobbyist use on the RetroBrew SBC-386EX board.
     7                                  ;
     8                                  ; This program is free software: you can redistribute it and/or modify
     9                                  ; it under the terms of the GNU General Public License as published by
    10                                  ; the Free Software Foundation, either version 3 of the License, or
    11                                  ; (at your option) any later version.
    12                                  ;
    13                                  ; This program is distributed in the hope that it will be useful,
    14                                  ; but WITHOUT ANY WARRANTY; without even the implied warranty of
    15                                  ; MERCHANTABILITY or FITNESS FOR A PARTICULAR PURPOSE.  See the
    16                                  ; GNU General Public License for more details.
    17                                  ;
    18                                  ; You should have received a copy of the GNU General Public License
    19                                  ; along with this program in the file COPYING in the topmost source
    20                                  ; directory.  If not, see <http://www.gnu.org/licenses/>.
    21                                  ;
    22                                  ;
    23                                  ; SBC-386 board revisions:
    24                                  ;       SBC386-0   prototype / concept testing
    25                                  ;	SBC-386EX 2.0	production / January 2017
    26                                  ;
    27                                  ; Assembly by NASM 2.08 is preferred
    28                                  ;;;;;;;;;;;;;;;;;;;;;;;;;;;;;;;;;;;;;;;;;;;;;;;;;;;;;;;;;;;;;;;;;;;;;;;;;;;;;
    29                                  %include "seg_def.inc"
    30                              <1> ; SEG_DEF.inc
    31                              <1> ;
    32                              <1> %ifndef SEG_DEF
    33                              <1> %define SEG_DEF 1
    34                              <1> 
    35                              <1> segment _TEXT	use16 	align=16	class=CODE	public
    36                              <1> 
    37                              <1> segment CONST		align=16	class=DATA	public
    38                              <1> segment CONST2		align=2		class=DATA	public
    39                              <1> segment _DATA		align=16	class=DATA	public
    40                              <1> segment _BSS		align=16	class=DATA	public
    41                              <1> ;group DGROUP CONST2 CONST _DATA _BSS
    42                              <1> 
    43                              <1> group DGROUP  _TEXT CONST2 CONST _DATA _BSS
    44                              <1> 
    45                              <1> 
    46                              <1> segment BOOT at 0xFFFF	align=16	class=BOOT	use16
    47                              <1> 
    48                              <1> %define XXX
    49                              <1> %endif
    50                              <1> ;
    51                              <1> ; end SEG_DEF.inc
    30                                  %include "i386EX.inc"
    31                              <1> ;/*;;;;;;;;;;;;;;;;;;;;;;;;;;;;;;;;;;;;;;;;;;;;;;;;;;;;;;;;;;;;;;;;;;;;;;
    32                              <1> ; i386EX.inc  --  register definitions for the Intel 80386EX processor
    33                              <1> ;;;;;;;;;;;;;;;;;;;;;;;;;;;;;;;;;;;;;;;;;;;;;;;;;;;;;;;;;;;;;;;;;;;;;;;;;
    34                              <1> ;
    35                              <1> ; Copyright (C) 2018 John R. Coffman.  All rights reserved.
    36                              <1> ; Provided for hobbyist use on the RetroBrew SBC-386 board.
    37                              <1> ;
    38                              <1> ; This program is free software: you can redistribute it and/or modify
    39                              <1> ; it under the terms of the GNU General Public License as published by
    40                              <1> ; the Free Software Foundation, either version 3 of the License, or
    41                              <1> ; (at your option) any later version.
    42                              <1> ;
    43                              <1> ; This program is distributed in the hope that it will be useful,
    44                              <1> ; but WITHOUT ANY WARRANTY; without even the implied warranty of
    45                              <1> ; MERCHANTABILITY or FITNESS FOR A PARTICULAR PURPOSE.  See the
    46                              <1> ; GNU General Public License for more details.
    47                              <1> ;
    48                              <1> ; You should have received a copy of the GNU General Public License
    49                              <1> ; along with this program in the file COPYING in the topmost source
    50                              <1> ; directory.  If not, see <http://www.gnu.org/licenses/>.
    51                              <1> ;
    52                              <1> ;
    53                              <1> ; SBC-386 board revisions:
    54                              <1> ;       SBC386-0   prototype / concept testing
    55                              <1> ;	SBC386EX 2.0 production board (Jan 2018, not 2017 as labeled)
    56                              <1> ;
    57                              <1> ; Assembly by NASM 2.08 is preferred
    58                              <1> ;;;;;;;;;;;;;;;;;;;;;;;;;;;;;;;;;;;;;;;;;;;;;;;;;;;;;;;;;;;;;;;;;;;;;;;;*/
    59                              <1> 
    60                              <1> ;/* i386EX.inc  --  register definitions for the Intel 80386EX processor
    61                              <1> ;
    62                              <1> %define defb
    63                              <1> %define defw
    64                              <1> %define defd
    65                              <1> ;*/
    66                              <1> 
    67                              <1> ;/* The Address Configuration register
    68                              <1> ;*/
    69                              <1> defb REMAPCFGH  equ     0x0023
    70                              <1> defb REMAPCFGL  equ     0x0022
    71                              <1> defw REMAPCFG   equ     0x0022
    72                              <1> 
    73                              <1> ;/* The A20gate and fast CPU Reset
    74                              <1> ;*/
    75                              <1> defb PORT92     equ     0xF092
    76                              <1> defb PORT92_AT  equ     0x0092
    77                              <1> 
    78                              <1> ;
    79                              <1> ;/* The DMA Controller and Bus Arbiter
    80                              <1> ;*/
    81                              <1> defb DMA0TAR    equ     0xF000
    82                              <1> defb DMA0TAR_AT equ     0x0000
    83                              <1> defb DMA0BYC    equ     0xF001
    84                              <1> defb DMA0BYC_AT equ     0x0001
    85                              <1> defb DMA1TAR    equ     0xF002
    86                              <1> defb DMA1TAR_AT equ     0x0002
    87                              <1> defb DMA1BYC    equ     0xF003
    88                              <1> defb DMA1BYC_AT equ     0x0003
    89                              <1> defb DMACMD1    equ     0xF008
    90                              <1> defb DMACMD1_AT equ     0x0008
    91                              <1> defb DMASTS     equ     0xF008
    92                              <1> defb DMASTS_AT  equ     0x0008
    93                              <1> defb DMASRR     equ     0xF009
    94                              <1> defb DMASRR_AT  equ     0x0009
    95                              <1> defb DMAMSK     equ     0xF00A
    96                              <1> defb DMAMSK_AT  equ     0x000A
    97                              <1> defb DMAMOD1    equ     0xF00B
    98                              <1> defb DMAMOD1_AT equ     0x000B
    99                              <1> defb DMACLRBP   equ     0xF00C
   100                              <1> defb DMACLRBP_AT equ    0x000C
   101                              <1> defb DMACLR     equ     0xF00D
   102                              <1> defb DMACLR_AT  equ     0x000D
   103                              <1> defb DMACLRMSK  equ     0xF00E
   104                              <1> defb DMACLRMSK_AT equ   0x000E
   105                              <1> defb DMAGRPMSK  equ     0xF00F
   106                              <1> defb DMAGRPMSK_AT equ   0x000F
   107                              <1> defb DMA0REQ0_1 equ     0xF010
   108                              <1> defb DMA0REQ2_3 equ     0xF011
   109                              <1> defb DMA1REQ0_1 equ     0xF012
   110                              <1> defb DMA1REQ2_3 equ     0xF013
   111                              <1> defb DMABSR     equ     0xF018
   112                              <1> defb DMACHR     equ     0xF019
   113                              <1> defb DMAIS      equ     0xF019
   114                              <1> defb DMACMD2    equ     0xF01A
   115                              <1> defb DMAMOD2    equ     0xF01B
   116                              <1> defb DMAIEN     equ     0xF01C
   117                              <1> defb DMAOVFE    equ     0xF01D
   118                              <1> defb DMACLRTC   equ     0xF01E
   119                              <1> ;
   120                              <1> ;/* The DMA Page Registers
   121                              <1> ;*/
   122                              <1> defb DMA1TAR2    equ    0xF083
   123                              <1> defb DMA1TAR2_AT equ    0x0083
   124                              <1> defb DMA1TAR3    equ    0xF085
   125                              <1> defb DMA1TAR3_AT equ    0x0085
   126                              <1> defb DMA0TAR3    equ    0xF086
   127                              <1> defb DMA0TAR3_AT equ    0x0086
   128                              <1> defb DMA0TAR2    equ    0xF087
   129                              <1> defb DMA0TAR2_AT equ    0x0087
   130                              <1> ;
   131                              <1> defb DMA0BYC2   equ     0xF098
   132                              <1> defb DMA1BYC2   equ     0xF099
   133                              <1> 
   134                              <1> ;
   135                              <1> ;/* The Master Interrupt Controller
   136                              <1> ;*/
   137                              <1> defb ICW1M_AT   equ     0x0020
   138                              <1> defb ICW2M_AT   equ     0x0021
   139                              <1> defb ICW3M_AT   equ     0x0021
   140                              <1> defb ICW4M_AT   equ     0x0021
   141                              <1> defb OCW1M_AT   equ     0x0021
   142                              <1> defb OCW2M_AT   equ     0x0020
   143                              <1> defb OCW3M_AT   equ     0x0020
   144                              <1> 
   145                              <1> defb ICW1M      equ     0xF020
   146                              <1> defb ICW2M      equ     0xF021
   147                              <1> defb ICW3M      equ     0xF021
   148                              <1> defb ICW4M      equ     0xF021
   149                              <1> defb OCW1M      equ     0xF021
   150                              <1> defb OCW2M      equ     0xF020
   151                              <1> defb OCW3M      equ     0xF020
   152                              <1> defb IRR_M	equ	0xF020
   153                              <1> 
   154                              <1> ;
   155                              <1> ;/* The Slave Interrupt Controller
   156                              <1> ;*/
   157                              <1> defb ICW1S_AT   equ     0x00A0
   158                              <1> defb ICW2S_AT   equ     0x00A1
   159                              <1> defb ICW3S_AT   equ     0x00A1
   160                              <1> defb ICW4S_AT   equ     0x00A1
   161                              <1> defb OCW1S_AT   equ     0x00A1
   162                              <1> defb OCW2S_AT   equ     0x00A0
   163                              <1> defb OCW3S_AT   equ     0x00A0
   164                              <1> defb IRR_M_AT	equ	0x00A0
   165                              <1> 
   166                              <1> defb ICW1S      equ     0xF0A0
   167                              <1> defb ICW2S      equ     0xF0A1
   168                              <1> defb ICW3S      equ     0xF0A1
   169                              <1> defb ICW4S      equ     0xF0A1
   170                              <1> defb OCW1S      equ     0xF0A1
   171                              <1> defb OCW2S      equ     0xF0A0
   172                              <1> defb OCW3S      equ     0xF0A0
   173                              <1> 
   174                              <1> ;
   175                              <1> ;/* The Timer/Counter Unit
   176                              <1> ;*/
   177                              <1> defb    TMR0    equ     0xF040
   178                              <1> defb    TMR0_AT equ     0x0040
   179                              <1> defb    TMR1    equ     0xF041
   180                              <1> defb    TMR1_AT equ     0x0041
   181                              <1> defb    TMR2    equ     0xF042
   182                              <1> defb    TMR2_AT equ     0x0042
   183                              <1> defb    TMRCON  equ     0xF043
   184                              <1> defb    TMRCON_AT  equ  0x0043
   185                              <1> 
   186                              <1> ;
   187                              <1> ;/* The Chip Select Unit
   188                              <1> ;*/
   189                              <1> defw    CS0ADL  equ     0xF400
   190                              <1> defw    CS0ADH  equ     0xF402
   191                              <1> defw    CS0MSKL equ     0xF404
   192                              <1> defw    CS0MSKH equ     0xF406
   193                              <1> defw    CS1ADL  equ     0xF408
   194                              <1> defw    CS1ADH  equ     0xF40A
   195                              <1> defw    CS1MSKL equ     0xF40C
   196                              <1> defw    CS1MSKH equ     0xF40E
   197                              <1> defw    CS2ADL  equ     0xF410
   198                              <1> defw    CS2ADH  equ     0xF412
   199                              <1> defw    CS2MSKL equ     0xF414
   200                              <1> defw    CS2MSKH equ     0xF416
   201                              <1> defw    CS3ADL  equ     0xF418
   202                              <1> defw    CS3ADH  equ     0xF41A
   203                              <1> defw    CS3MSKL equ     0xF41C
   204                              <1> defw    CS3MSKH equ     0xF41E
   205                              <1> defw    CS4ADL  equ     0xF420
   206                              <1> defw    CS4ADH  equ     0xF422
   207                              <1> defw    CS4MSKL equ     0xF424
   208                              <1> defw    CS4MSKH equ     0xF426
   209                              <1> defw    CS5ADL  equ     0xF428
   210                              <1> defw    CS5ADH  equ     0xF42A
   211                              <1> defw    CS5MSKL equ     0xF42C
   212                              <1> defw    CS5MSKH equ     0xF42E
   213                              <1> defw    CS6ADL  equ     0xF430
   214                              <1> defw    CS6ADH  equ     0xF432
   215                              <1> defw    CS6MSKL equ     0xF434
   216                              <1> defw    CS6MSKH equ     0xF436
   217                              <1> defw    UCSADL  equ     0xF438
   218                              <1> defw    UCSADH  equ     0xF43A
   219                              <1> defw    UCSMSKL equ     0xF43C
   220                              <1> defw    UCSMSKH equ     0xF43E
   221                              <1> 
   222                              <1> ;
   223                              <1> ;/* The Synchronous Serial I/O Unit
   224                              <1> ;*/
   225                              <1> defw    SSIOTBUF equ    0xF480
   226                              <1> defw    SSIORBUF equ    0xF482
   227                              <1> defw    SSIOBAUD equ    0xF484
   228                              <1> defw    SSIOCON1 equ    0xF486
   229                              <1> defw    SSIOCON2 equ    0xF488
   230                              <1> defw    SSIOCTR  equ    0xF48A
   231                              <1> 
   232                              <1> ;
   233                              <1> ;/* The Refresh Control Unit
   234                              <1> ;*/
   235                              <1> defw    RFSBAD  equ     0xF4A0
   236                              <1> defw    RFSCIR  equ     0xF4A2
   237                              <1> defw    RFSCON  equ     0xF4A4
   238                              <1> defw    RFSADD  equ     0xF4A6
   239                              <1> 
   240                              <1> ;
   241                              <1> ;/* The Watchdog Timer Unit
   242                              <1> ;*/
   243                              <1> defw    WDTRLDH equ     0xF4C0
   244                              <1> defw    WDTRLDL equ     0xF4C2
   245                              <1> defw    WDTCNTH equ     0xF4C4
   246                              <1> defw    WDTCNTL equ     0xF4C6
   247                              <1> defw    WDTCLR  equ     0xF4C8
   248                              <1> defb    WDTSTATUS  equ  0xF4CA
   249                              <1> 
   250                              <1> ;
   251                              <1> ;/* Clock Generation and Power Management
   252                              <1> ;*/
   253                              <1> defb    PWRCON  equ     0xF800
   254                              <1> defw    CLKPRS  equ     0xF804
   255                              <1> 
   256                              <1> ;
   257                              <1> ;/* Device Configuration Registers
   258                              <1> ;*/
   259                              <1> defb    P1CFG   equ     0xF820
   260                              <1> defb    P2CFG   equ     0xF822
   261                              <1> defb    P3CFG   equ     0xF824
   262                              <1> defb    PINCFG  equ     0xF826
   263                              <1> defb    DMACFG  equ     0xF830
   264                              <1> defb    INTCFG  equ     0xF832
   265                              <1> defb    TMRCFG  equ     0xF834
   266                              <1> defb    SIOCFG  equ     0xF836
   267                              <1> 
   268                              <1> ;
   269                              <1> ;/* Parallel I/O Ports
   270                              <1> ;*/
   271                              <1> defb    P1PIN   equ     0xF860
   272                              <1> defb    P1LTC   equ     0xF862
   273                              <1> defb    P1DIR   equ     0xF864
   274                              <1> defb    P2PIN   equ     0xF868
   275                              <1> defb    P2LTC   equ     0xF86A
   276                              <1> defb    P2DIR   equ     0xF86C
   277                              <1> defb    P3PIN   equ     0xF870
   278                              <1> defb    P3LTC   equ     0xF872
   279                              <1> defb    P3DIR   equ     0xF874
   280                              <1> 
   281                              <1> 
   282                              <1> ; bits.inc
   283                              <1> ;
   284                              <1> ; assembly language bit definitions
   285                              <1> ;
   286                              <1> defb    BIT0    equ     0x01
   287                              <1> defb    BIT1    equ     0x02
   288                              <1> defb    BIT2    equ     0x04
   289                              <1> defb    BIT3    equ     0x08
   290                              <1> defb    BIT4    equ     0x10
   291                              <1> defb    BIT5    equ     0x20
   292                              <1> defb    BIT6    equ     0x40
   293                              <1> defb    BIT7    equ     0x80
   294                              <1> 
   295                              <1> defw    BIT8    equ     0x0100
   296                              <1> defw    BIT9    equ     0x0200
   297                              <1> defw    BIT10   equ     0x0400
   298                              <1> defw    BIT11   equ     0x0800
   299                              <1> defw    BIT12   equ     0x1000
   300                              <1> defw    BIT13   equ     0x2000
   301                              <1> defw    BIT14   equ     0x4000
   302                              <1> defw    BIT15   equ     0x8000
   303                              <1> 
   304                              <1> defd    BIT16   equ     0x00010000
   305                              <1> defd    BIT31   equ     0x80000000
   306                              <1> 
   307                              <1> defb    ZBIT0    equ     0
   308                              <1> defb    ZBIT1    equ     0
   309                              <1> defb    ZBIT2    equ     0
   310                              <1> defb    ZBIT3    equ     0
   311                              <1> defb    ZBIT4    equ     0
   312                              <1> defb    ZBIT5    equ     0
   313                              <1> defb    ZBIT6    equ     0
   314                              <1> defb    ZBIT7    equ     0
   315                              <1> 
   316                              <1> defw    ZBIT8    equ     0
   317                              <1> defw    ZBIT9    equ     0
   318                              <1> defw    ZBIT10   equ     0
   319                              <1> defw    ZBIT11   equ     0
   320                              <1> defw    ZBIT12   equ     0
   321                              <1> defw    ZBIT13   equ     0
   322                              <1> defw    ZBIT14   equ     0
   323                              <1> defw    ZBIT15   equ     0
   324                              <1> 
   325                              <1> 
   326                              <1> ;
   327                              <1> ;/* Asynchronout Serial I/O channel 0  (COM1)
   328                              <1> ;*/
   329                              <1> defb    RBR0_F4 equ     0xF4F8
   330                              <1> defb    TBR0_F4 equ     0xF4F8
   331                              <1> defb    DLL0_F4 equ     0xF4F8
   332                              <1> defb    DLH0_F4 equ     0xF4F9
   333                              <1> defb    IER0_F4 equ     0xF4F9
   334                              <1> defb    IIR0_F4 equ     0xF4FA
   335                              <1> defb    LCR0_F4 equ     0xF4FB
   336                              <1> defb    MCR0_F4 equ     0xF4FC
   337                              <1> defb    LSR0_F4 equ     0xF4FD
   338                              <1> defb    MSR0_F4 equ     0xF4FE
   339                              <1> defb    SCR0_F4 equ     0xF4FF
   340                              <1> 
   341                              <1> %define MFPIC 0
   342                              <1> %if MFPIC
   343                              <1> defb    RBR0    equ     0x0448
   344                              <1> defb    TBR0    equ     0x0448
   345                              <1> defb    DLL0    equ     0x0448
   346                              <1> defb    DLH0    equ     0x0449
   347                              <1> defb    IER0    equ     0x0449
   348                              <1> defb    IIR0    equ     0x044A
   349                              <1> defb    LCR0    equ     0x044B
   350                              <1> defb    MCR0    equ     0x044C
   351                              <1> defb    LSR0    equ     0x044D
   352                              <1> defb    MSR0    equ     0x044E
   353                              <1> defb    SCR0    equ     0x044F
   354                              <1> %else
   355                              <1> defb    RBR0    equ     0x03F8
   356                              <1> defb    TBR0    equ     0x03F8
   357                              <1> defb    DLL0    equ     0x03F8
   358                              <1> defb    DLH0    equ     0x03F9
   359                              <1> defb    IER0    equ     0x03F9
   360                              <1> defb    IIR0    equ     0x03FA
   361                              <1> defb    LCR0    equ     0x03FB
   362                              <1> defb    MCR0    equ     0x03FC
   363                              <1> defb    LSR0    equ     0x03FD
   364                              <1> defb    MSR0    equ     0x03FE
   365                              <1> defb    SCR0    equ     0x03FF
   366                              <1> %endif
   367                              <1> 
   368                              <1> ;
   369                              <1> ;/* Asynchronout Serial I/O channel 1  (COM2)
   370                              <1> ;*/
   371                              <1> defb    RBR1_F8 equ     0xF8F8
   372                              <1> defb    TBR1_F8 equ     0xF8F8
   373                              <1> defb    DLL1_F8 equ     0xF8F8
   374                              <1> defb    DLH1_F8 equ     0xF8F9
   375                              <1> defb    IER1_F8 equ     0xF8F9
   376                              <1> defb    IIR1_F8 equ     0xF8FA
   377                              <1> defb    LCR1_F8 equ     0xF8FB
   378                              <1> defb    MCR1_F8 equ     0xF8FC
   379                              <1> defb    LSR1_F8 equ     0xF8FD
   380                              <1> defb    MSR1_F8 equ     0xF8FE
   381                              <1> defb    SCR1_F8 equ     0xF8FF
   382                              <1> 
   383                              <1> defb    RBR1    equ     0x02F8
   384                              <1> defb    TBR1    equ     0x02F8
   385                              <1> defb    DLL1    equ     0x02F8
   386                              <1> defb    DLH1    equ     0x02F9
   387                              <1> defb    IER1    equ     0x02F9
   388                              <1> defb    IIR1    equ     0x02FA
   389                              <1> defb    LCR1    equ     0x02FB
   390                              <1> defb    MCR1    equ     0x02FC
   391                              <1> defb    LSR1    equ     0x02FD
   392                              <1> defb    MSR1    equ     0x02FE
   393                              <1> defb    SCR1    equ     0x02FF
   394                              <1> 
   395                              <1> ;/* LSRx bits
   396                              <1> ;*/
   397                              <1> defb    LSR_TE  equ     BIT6
   398                              <1> defb    LSR_TBE equ     BIT5
   399                              <1> defb    LSR_BI  equ     BIT4
   400                              <1> defb    LSR_FE  equ     BIT3
   401                              <1> defb    LSR_PE  equ     BIT2
   402                              <1> defb    LSR_OE  equ     BIT1
   403                              <1> defb    LSR_RBF equ     BIT0
   404                              <1> 
   405                              <1> ;/* MSRx bits
   406                              <1> ;*/
   407                              <1> defb	MSR_DCD	equ	BIT7
   408                              <1> defb	MSR_RI 	equ	BIT6
   409                              <1> defb	MSR_DSR	equ	BIT5
   410                              <1> defb	MSR_CTS	equ	BIT4
   411                              <1> defb	MSR_deltaDCD	equ	BIT3
   412                              <1> defb	MSR_deltaRI	equ	BIT2
   413                              <1> defb	MSR_deltaDSR	equ	BIT1
   414                              <1> defb	MSR_deltaCTS	equ	BIT0
   415                              <1> 
   416                              <1> ;/* Bits in CR0
   417                              <1> ;*/
   418                              <1> defb    CR0_PE  equ     BIT0
   419                              <1> defb    CR0_MP  equ     BIT1
   420                              <1> defb    CR0_EM  equ     BIT2
   421                              <1> defb    CR0_TS  equ     BIT3
   422                              <1> defd    CR0_WP  equ     BIT16
   423                              <1> defd    CR0_PG  equ     BIT31
   424                              <1> 
   425                              <1> ;/* Some ASCII character codes
   426                              <1> ;*/
   427                              <1> defb    ASCII_NUL       equ     0x00
   428                              <1> defb    ASCII_BS        equ     0x08
   429                              <1> defb    ASCII_HT        equ     0x09
   430                              <1> defb    ASCII_LF        equ     0x0A
   431                              <1> defb    ASCII_NL        equ     0x0A
   432                              <1> defb    ASCII_FF        equ     0x0C
   433                              <1> defb    ASCII_CR        equ     0x0D
   434                              <1> defb	ASCII_ESC	equ	0x1B
   435                              <1> defb    ASCII_SP        equ     0x20
   436                              <1> defb    ASCII_DEL       equ     0x7F
   437                              <1> defb	ASCII_RUB	equ	0xFF
   438                              <1> 
   439                              <1> 
   440                              <1> ;/* End of i386EX.inc */
    31                                  
    32                                  segment	_TEXT
    33                                  
    34                                  global	int_nop			; filler
    35                                  
    36                                  global	int_zero_divide		; 0
    37                                  global	int_single_step		; 1
    38                                  global	int_NMI_interrupt	; 2
    39                                  global	int_breakpoint		; 3  trap on INT3
    40                                  global	int_overflow		; 4
    41                                  global	int_bounds_check	; 5
    42                                  global	int_invalid_opcode	; 6
    43                                  global	int_FPU_escape		; 7
    44                                  
    45                                  ;;global	int_irq0	; (timer 0)	int_double_fault
    46                                  global	int_irq1	; (keyboard)	int_FPU_seg_overrun
    47                                  global	int_irq2	; (IRQ cascade)	int_invalid_TSS
    48                                  global	int_irq3	;		int_seg_not_present
    49                                  global	int_irq4	; (COM1)	int_stack_fault
    50                                  global	int_irq5	;		int_gen_prot_fault
    51                                  global	int_irq6	; (FDC)		int_page_fault
    52                                  global	int_irq7	;
    53                                  
    54                                  global	clear_irq0	; (timer 0)	int_double_fault
    55                                  global	clear_irq1	; (keyboard)	int_FPU_seg_overrun
    56                                  global	clear_irq2	; (IRQ cascade)	int_invalid_TSS
    57                                  global	clear_irq3	;		int_seg_not_present
    58                                  global	clear_irq4	; (COM1)	int_stack_fault
    59                                  global	clear_irq5	;		int_gen_prot_fault
    60                                  global	clear_irq6	; (FDC)		int_page_fault
    61                                  global	clear_irq7	;
    62                                  
    63                                  global	int_10h		; (video)	int_FPU_error
    64                                  ;;global	int_11h		; (equip. config)  see "11h_12h.asm"
    65                                  ;;global	int_12h		; (conv. memory size)   ditto
    66                                  ;;global	int_13h		; (disk I/O)
    67                                  ;;global	int_14h		; (serial I/O)	see "14h_sio0.asm"
    68                                  ;;global	int_15h		; (cassette I/O + much more)
    69                                  global	int_16h		; (keyboard)
    70                                  global	int_17h		; (parallel port)
    71                                  
    72                                  global	int_18h		; (ROM Basic)
    73                                  ; int_19h now lives in 19h_boot.asm
    74                                  ;;global	int_1Ah		; (CMOS clock)
    75                                  global	int_1Bh		; (ctrl-Break)
    76                                  global	int_1Ch		; (timer tick)
    77                                  global	int_1Dh		; (video parameter table)
    78                                  global	int_1Eh		; (floppy disk params)
    79                                  global	int_1Fh		; (font 80h..0FFh)
    80                                  ;
    81                                  ;  MSDOS reserved	20h .. 3Fh
    82                                  ;
    83                                  global	int_msdos
    84                                  ;
    85                                  global	int_40h		; Floppy disk driver
    86                                  global	param_hd0	; fixed disk parameters
    87                                  global	int_42h		; Video driver
    88                                  global	param_VGA	; VGA/EGA character table
    89                                  global	param_font	; PCjr chars 00h..7Fh
    90                                  global	int_nop		; unused
    91                                  global	param_hd1	; fixed disk parameters
    92                                  ; times 3  dw	int_nop		; IRET
    93                                  global	int_4Ah		; BIOS alarm handler
    94                                  ; times 15h dw	int_nop		; IRET
    95                                  
    96                                  ; times 6  dw	int_nop		; User interrupts
    97                                  global	int_EMM		; LIM EMS driver
    98                                  ; times 8  dw	int_nop		; User interrupts
    99                                  
   100                                  global	int_irq8	; (1024hz clock)
   101                                  global	int_irq9	; (irq2 redirect)
   102                                  global	int_irq10
   103                                  global	int_irq11
   104                                  global	int_irq12
   105                                  global	int_irq13
   106                                  global	int_irq14	; (IDE interrupt)
   107                                  global	int_irq15	; (Watchdog Timer)
   108                                  
   109                                  global	clear_irq8	; (1024hz clock)
   110                                  global	clear_irq9	; (irq2 redirect)
   111                                  global	clear_irq10
   112                                  global	clear_irq11
   113                                  global	clear_irq12
   114                                  global	clear_irq13
   115                                  global	clear_irq14	; (IDE interrupt)
   116                                  global	clear_irq15	; (Watchdog Timer)
   117                                  
   118                                  ;
   119                                  ;  Reserved locations INT 80h..0F0h for Basic
   120                                  ;  Locations 0F1h..0FFh not assigned
   121                                  
   122                                  int_zero_divide:
   123                                  int_single_step:
   124                                  int_NMI_interrupt:
   125                                  int_breakpoint:
   126                                  int_overflow:
   127                                  int_bounds_check:
   128                                  int_invalid_opcode:
   129                                  int_FPU_escape:
   130                                  
   131 00000000 CF                      int_nop:	iret
   132                                  
   133                                  
   134                                  
   135                                  ; Non-specific EOI (End of Interrupt) command
   136                                  ;
   137                                  NS_EOI	equ	0x20
   138                                  
   139                                  int_irq0:
   140                                  int_irq1:
   141                                  int_irq2:
   142                                  int_irq3:
   143                                  int_irq4:
   144                                  int_irq5:
   145                                  int_irq6:
   146                                  int_irq7:
   147                                  
   148                                  clear_irq0:
   149                                  clear_irq1:
   150                                  ;;clear_irq2:	;cascade (see below)
   151                                  clear_irq3:
   152                                  clear_irq4:
   153                                  clear_irq5:
   154                                  clear_irq6:
   155                                  clear_irq7:
   156 00000001 50                      	push	ax
   157 00000002 B020                    	mov	al,NS_EOI
   158 00000004 E620                    	out	OCW2M_AT,al
   159 00000006 58                      	pop	ax
   160 00000007 CF                      	iret
   161                                  
   162                                  
   163                                  
   164                                  int_10h:
   165                                  ;;int_11h:
   166                                  ;;int_12h:
   167                                  ;;int_13h:
   168                                  ;;int_14h:
   169                                  ;;int_15h:
   170                                  int_16h:
   171                                  int_17h:
   172                                  
   173                                  int_18h:
   174                                  int_1Ah:
   175                                  int_1Bh:
   176                                  int_1Ch		equ	int_nop	; streamlined return
   177                                  int_1Dh:
   178                                  int_1Eh:
   179                                  int_1Fh:
   180                                  
   181                                  
   182                                  %define INVALID_COMMAND		1
   183                                  int_EMM:
   184                                  int_msdos:
   185                                  int_40h:	; floppy disk handler
   186 00000008 FB                      	sti
   187 00000009 B401                    	mov	ah,INVALID_COMMAND
   188 0000000B F9                      	stc
   189 0000000C CA0200                  	retf	2
   190                                  
   191                                  
   192                                  param_hd0:
   193                                  int_42h:
   194                                  param_VGA:
   195                                  param_font:
   196                                  param_hd1:
   197                                  int_4Ah:
   198 0000000F CF                      	iret
   199                                  
   200                                  int_irq8:
   201                                  int_irq9:
   202                                  int_irq10:
   203                                  int_irq11:
   204                                  int_irq12:
   205                                  int_irq13:
   206                                  int_irq14:
   207                                  int_irq15:
   208                                  
   209                                  clear_irq8:
   210                                  clear_irq9:
   211                                  clear_irq10:
   212                                  clear_irq11:
   213                                  clear_irq12:
   214                                  clear_irq13:
   215                                  clear_irq14:
   216                                  clear_irq15:
   217 00000010 50                      	push	ax
   218 00000011 B020                    	mov	al,NS_EOI
   219 00000013 E6A0                    	out	OCW2S_AT,al
   220 00000015 EB01                    	jmp	$+3
   221                                  clear_irq2:
   222 00000017 50                      	push	ax
   223                                  ; jmp $+3 comes here
   224 00000018 B062                    	mov	al,0x62		; specific EOI to irq2 on Master
   225 0000001A E620                    	out	OCW2M_AT,al
   226 0000001C 58                      	pop	ax
   227 0000001D CF                      	iret
   228                                  
   229                                  ;
   230                                  ;  Reserved locations INT 80h..0F0h for Basic
   231                                  ;  Locations 0F1h..0FFh not assigned
   232                                  
   233                                  
   234                                  ; do this to shut up WATCOM 1.9
   235                                  	global	_small_code_
   236                                  	global	VIDEO_putchar_
   237                                  	global	@VIDEO_putchar
   238                                  	global	@CVDU_putchar
   239                                  _small_code_:
   240 0000001E 90                      	nop
   241 0000001F C3                      	ret
   242                                  ;/* this is just a stub for the moment */
   243                                  VIDEO_putchar_:
   244                                  @VIDEO_putchar:
   245                                  @CVDU_putchar:
   246                                  %define VSHOW 0
   247                                  %if VSHOW
   248                                  	mov	dx,0x4ff
   249                                  	out	dx,al
   250                                  %endif
   251 00000020 B401                    	mov	ah,1		; write to serial line
   252 00000022 BA0000                  	mov	dx,0		; COM1
   253 00000025 CD14                    	int	0x14		; SIO0 write
   254                                  %if VSHOW
   255                                  	mov	al,ah
   256                                  	mov	dx,0x4ff
   257                                  	out	dx,al
   258                                  %endif
   259 00000027 C3                      	ret
   260                                  
   261                                  
   262                                  
   263                                  	global	KBD_getchar_
   264                                  	global	@KBD_getchar
   265                                  
   266                                  KBD_getchar_:
   267                                  @KBD_getchar:
   268                                  .1:
   269 00000028 B402                    	mov	ah,2		; read from serial line
   270 0000002A BA0000                  	mov	dx,0		; COM1
   271 0000002D CD14                    	int	0x14		; SIO0 write
   272                                  %if VSHOW
   273                                  ;;	xchg	al,ah
   274                                  	mov	dx,0x4ff
   275                                  	out	dx,al
   276                                  ;;	xchg	al,ah
   277                                  %endif
   278 0000002F F6C4FF                  	test	ah,0xFF		; any error bit set?
   279 00000032 75F4                    	jnz	.1
   280 00000034 247F                    	and	al,0x7F		; mask to 7 bits
   281 00000036 C3                      	ret
   282                                  
   283                                  
   284                                  	global	FDC_stop_motor
   285                                  	global	FDC_stop_motor_
   286                                  FDC_stop_motor_:
   287                                  FDC_stop_motor:
   288                                  ; totally a dummy routine
   289 00000037 C3                      	ret
